<?xml version="1.0" encoding="utf-8"?><testsuites><testsuite name="pytest" errors="101" failures="1" skipped="0" tests="104" time="189.059" timestamp="2026-09-03T09:14:17.531223" hostname="DESKTOP-HJPEURH"><testcase classname="tests.test_api_store_webhooks.TestAPI" name="test_api_info_supports_envelope" time="1.692"><error message="failed on setup with &quot;sqlalchemy.exc.OperationalError: (sqlite3.OperationalError) unable to open database file&#10;(Background on this error at: https://sqlalche.me/e/20/e3q8)&quot;">self = &lt;sqlalchemy.engine.base.Connection object at 0x0000018E101DD010&gt;
engine = Engine(sqlite:///C:\Users\LENOVO~1\AppData\Local\Temp\tmpqj5tk3s2), connection = None, _has_events = None
_allow_revalidate = True, _allow_autobegin = True

    def __init__(
        self,
        engine: Engine,
        connection: Optional[PoolProxiedConnection] = None,
        _has_events: Optional[bool] = None,
        _allow_revalidate: bool = True,
        _allow_autobegin: bool = True,
    ):
        """Construct a new Connection."""
        self.engine = engine
        self.dialect = dialect = engine.dialect
    
        if connection is None:
            try:
&gt;               self._dbapi_connection = engine.raw_connection()

venv\Lib\site-packages\sqlalchemy\engine\base.py:143: 
_ _ _ _ _ _ _ _ _ _ _ _ _ _ _ _ _ _ _ _ _ _ _ _ _ _ _ _ _ _ _ _ _ _ _ _ _ _ _ _ _ _ _ _ _ _ _ _ _ _ _ _ _ _ _ _ _ _ _ _
venv\Lib\site-packages\sqlalchemy\engine\base.py:3309: in raw_connection
    return self.pool.connect()
venv\Lib\site-packages\sqlalchemy\pool\base.py:447: in connect
    return _ConnectionFairy._checkout(self)
venv\Lib\site-packages\sqlalchemy\pool\base.py:1264: in _checkout
    fairy = _ConnectionRecord.checkout(pool)
venv\Lib\site-packages\sqlalchemy\pool\base.py:711: in checkout
    rec = pool._do_get()
venv\Lib\site-packages\sqlalchemy\pool\impl.py:177: in _do_get
    with util.safe_reraise():
venv\Lib\site-packages\sqlalchemy\util\langhelpers.py:224: in __exit__
    raise exc_value.with_traceback(exc_tb)
venv\Lib\site-packages\sqlalchemy\pool\impl.py:175: in _do_get
    return self._create_connection()
venv\Lib\site-packages\sqlalchemy\pool\base.py:388: in _create_connection
    return _ConnectionRecord(self)
venv\Lib\site-packages\sqlalchemy\pool\base.py:673: in __init__
    self.__connect()
venv\Lib\site-packages\sqlalchemy\pool\base.py:899: in __connect
    with util.safe_reraise():
venv\Lib\site-packages\sqlalchemy\util\langhelpers.py:224: in __exit__
    raise exc_value.with_traceback(exc_tb)
venv\Lib\site-packages\sqlalchemy\pool\base.py:895: in __connect
    self.dbapi_connection = connection = pool._invoke_creator(self)
venv\Lib\site-packages\sqlalchemy\engine\create.py:661: in connect
    return dialect.connect(*cargs, **cparams)
_ _ _ _ _ _ _ _ _ _ _ _ _ _ _ _ _ _ _ _ _ _ _ _ _ _ _ _ _ _ _ _ _ _ _ _ _ _ _ _ _ _ _ _ _ _ _ _ _ _ _ _ _ _ _ _ _ _ _ _

self = &lt;sqlalchemy.dialects.sqlite.pysqlite.SQLiteDialect_pysqlite object at 0x0000018E100D97F0&gt;
cargs = ('C:\\Users\\LENOVO~1\\AppData\\Local\\Temp\\tmpqj5tk3s2',), cparams = {'check_same_thread': False}

    def connect(self, *cargs: Any, **cparams: Any) -&gt; DBAPIConnection:
        # inherits the docstring from interfaces.Dialect.connect
&gt;       return self.loaded_dbapi.connect(*cargs, **cparams)  # type: ignore[no-any-return]  # NOQA: E501
E       sqlite3.OperationalError: unable to open database file

venv\Lib\site-packages\sqlalchemy\engine\default.py:630: OperationalError

The above exception was the direct cause of the following exception:

request = &lt;SubRequest 'testapp' for &lt;Function test_api_info_supports_envelope&gt;&gt;

    @pytest.fixture()
    def testapp(request):
        app = create_app('appname.settings.TestConfig')
        client = app.test_client()
    
        db.app = app
        app_ctx = app.app_context()
        app_ctx.push()
&gt;       db.create_all()

tests\conftest.py:19: 
_ _ _ _ _ _ _ _ _ _ _ _ _ _ _ _ _ _ _ _ _ _ _ _ _ _ _ _ _ _ _ _ _ _ _ _ _ _ _ _ _ _ _ _ _ _ _ _ _ _ _ _ _ _ _ _ _ _ _ _
venv\Lib\site-packages\flask_sqlalchemy\extension.py:900: in create_all
    self._call_for_binds(bind_key, "create_all")
venv\Lib\site-packages\flask_sqlalchemy\extension.py:881: in _call_for_binds
    getattr(metadata, op_name)(bind=engine)
venv\Lib\site-packages\sqlalchemy\sql\schema.py:5928: in create_all
    bind._run_ddl_visitor(
venv\Lib\site-packages\sqlalchemy\engine\base.py:3259: in _run_ddl_visitor
    with self.begin() as conn:
C:\Python314\Lib\contextlib.py:141: in __enter__
    return next(self.gen)
venv\Lib\site-packages\sqlalchemy\engine\base.py:3249: in begin
    with self.connect() as conn:
venv\Lib\site-packages\sqlalchemy\engine\base.py:3285: in connect
    return self._connection_cls(self)
venv\Lib\site-packages\sqlalchemy\engine\base.py:145: in __init__
    Connection._handle_dbapi_exception_noconnection(
venv\Lib\site-packages\sqlalchemy\engine\base.py:2448: in _handle_dbapi_exception_noconnection
    raise sqlalchemy_exception.with_traceback(exc_info[2]) from e
venv\Lib\site-packages\sqlalchemy\engine\base.py:143: in __init__
    self._dbapi_connection = engine.raw_connection()
venv\Lib\site-packages\sqlalchemy\engine\base.py:3309: in raw_connection
    return self.pool.connect()
venv\Lib\site-packages\sqlalchemy\pool\base.py:447: in connect
    return _ConnectionFairy._checkout(self)
venv\Lib\site-packages\sqlalchemy\pool\base.py:1264: in _checkout
    fairy = _ConnectionRecord.checkout(pool)
venv\Lib\site-packages\sqlalchemy\pool\base.py:711: in checkout
    rec = pool._do_get()
venv\Lib\site-packages\sqlalchemy\pool\impl.py:177: in _do_get
    with util.safe_reraise():
venv\Lib\site-packages\sqlalchemy\util\langhelpers.py:224: in __exit__
    raise exc_value.with_traceback(exc_tb)
venv\Lib\site-packages\sqlalchemy\pool\impl.py:175: in _do_get
    return self._create_connection()
venv\Lib\site-packages\sqlalchemy\pool\base.py:388: in _create_connection
    return _ConnectionRecord(self)
venv\Lib\site-packages\sqlalchemy\pool\base.py:673: in __init__
    self.__connect()
venv\Lib\site-packages\sqlalchemy\pool\base.py:899: in __connect
    with util.safe_reraise():
venv\Lib\site-packages\sqlalchemy\util\langhelpers.py:224: in __exit__
    raise exc_value.with_traceback(exc_tb)
venv\Lib\site-packages\sqlalchemy\pool\base.py:895: in __connect
    self.dbapi_connection = connection = pool._invoke_creator(self)
venv\Lib\site-packages\sqlalchemy\engine\create.py:661: in connect
    return dialect.connect(*cargs, **cparams)
_ _ _ _ _ _ _ _ _ _ _ _ _ _ _ _ _ _ _ _ _ _ _ _ _ _ _ _ _ _ _ _ _ _ _ _ _ _ _ _ _ _ _ _ _ _ _ _ _ _ _ _ _ _ _ _ _ _ _ _

self = &lt;sqlalchemy.dialects.sqlite.pysqlite.SQLiteDialect_pysqlite object at 0x0000018E100D97F0&gt;
cargs = ('C:\\Users\\LENOVO~1\\AppData\\Local\\Temp\\tmpqj5tk3s2',), cparams = {'check_same_thread': False}

    def connect(self, *cargs: Any, **cparams: Any) -&gt; DBAPIConnection:
        # inherits the docstring from interfaces.Dialect.connect
&gt;       return self.loaded_dbapi.connect(*cargs, **cparams)  # type: ignore[no-any-return]  # NOQA: E501
E       sqlalchemy.exc.OperationalError: (sqlite3.OperationalError) unable to open database file
E       (Background on this error at: https://sqlalche.me/e/20/e3q8)

venv\Lib\site-packages\sqlalchemy\engine\default.py:630: OperationalError</error></testcase><testcase classname="tests.test_api_store_webhooks.TestAPI" name="test_api_current_user_requires_auth" time="1.496"><error message="failed on setup with &quot;sqlalchemy.exc.OperationalError: (sqlite3.OperationalError) unable to open database file&#10;(Background on this error at: https://sqlalche.me/e/20/e3q8)&quot;">self = &lt;sqlalchemy.engine.base.Connection object at 0x0000018E104B0910&gt;
engine = Engine(sqlite:///C:\Users\LENOVO~1\AppData\Local\Temp\tmpqj5tk3s2), connection = None, _has_events = None
_allow_revalidate = True, _allow_autobegin = True

    def __init__(
        self,
        engine: Engine,
        connection: Optional[PoolProxiedConnection] = None,
        _has_events: Optional[bool] = None,
        _allow_revalidate: bool = True,
        _allow_autobegin: bool = True,
    ):
        """Construct a new Connection."""
        self.engine = engine
        self.dialect = dialect = engine.dialect
    
        if connection is None:
            try:
&gt;               self._dbapi_connection = engine.raw_connection()

venv\Lib\site-packages\sqlalchemy\engine\base.py:143: 
_ _ _ _ _ _ _ _ _ _ _ _ _ _ _ _ _ _ _ _ _ _ _ _ _ _ _ _ _ _ _ _ _ _ _ _ _ _ _ _ _ _ _ _ _ _ _ _ _ _ _ _ _ _ _ _ _ _ _ _
venv\Lib\site-packages\sqlalchemy\engine\base.py:3309: in raw_connection
    return self.pool.connect()
venv\Lib\site-packages\sqlalchemy\pool\base.py:447: in connect
    return _ConnectionFairy._checkout(self)
venv\Lib\site-packages\sqlalchemy\pool\base.py:1264: in _checkout
    fairy = _ConnectionRecord.checkout(pool)
venv\Lib\site-packages\sqlalchemy\pool\base.py:711: in checkout
    rec = pool._do_get()
venv\Lib\site-packages\sqlalchemy\pool\impl.py:177: in _do_get
    with util.safe_reraise():
venv\Lib\site-packages\sqlalchemy\util\langhelpers.py:224: in __exit__
    raise exc_value.with_traceback(exc_tb)
venv\Lib\site-packages\sqlalchemy\pool\impl.py:175: in _do_get
    return self._create_connection()
venv\Lib\site-packages\sqlalchemy\pool\base.py:388: in _create_connection
    return _ConnectionRecord(self)
venv\Lib\site-packages\sqlalchemy\pool\base.py:673: in __init__
    self.__connect()
venv\Lib\site-packages\sqlalchemy\pool\base.py:899: in __connect
    with util.safe_reraise():
venv\Lib\site-packages\sqlalchemy\util\langhelpers.py:224: in __exit__
    raise exc_value.with_traceback(exc_tb)
venv\Lib\site-packages\sqlalchemy\pool\base.py:895: in __connect
    self.dbapi_connection = connection = pool._invoke_creator(self)
venv\Lib\site-packages\sqlalchemy\engine\create.py:661: in connect
    return dialect.connect(*cargs, **cparams)
_ _ _ _ _ _ _ _ _ _ _ _ _ _ _ _ _ _ _ _ _ _ _ _ _ _ _ _ _ _ _ _ _ _ _ _ _ _ _ _ _ _ _ _ _ _ _ _ _ _ _ _ _ _ _ _ _ _ _ _

self = &lt;sqlalchemy.dialects.sqlite.pysqlite.SQLiteDialect_pysqlite object at 0x0000018E10219BD0&gt;
cargs = ('C:\\Users\\LENOVO~1\\AppData\\Local\\Temp\\tmpqj5tk3s2',), cparams = {'check_same_thread': False}

    def connect(self, *cargs: Any, **cparams: Any) -&gt; DBAPIConnection:
        # inherits the docstring from interfaces.Dialect.connect
&gt;       return self.loaded_dbapi.connect(*cargs, **cparams)  # type: ignore[no-any-return]  # NOQA: E501
E       sqlite3.OperationalError: unable to open database file

venv\Lib\site-packages\sqlalchemy\engine\default.py:630: OperationalError

The above exception was the direct cause of the following exception:

request = &lt;SubRequest 'testapp' for &lt;Function test_api_current_user_requires_auth&gt;&gt;

    @pytest.fixture()
    def testapp(request):
        app = create_app('appname.settings.TestConfig')
        client = app.test_client()
    
        db.app = app
        app_ctx = app.app_context()
        app_ctx.push()
&gt;       db.create_all()

tests\conftest.py:19: 
_ _ _ _ _ _ _ _ _ _ _ _ _ _ _ _ _ _ _ _ _ _ _ _ _ _ _ _ _ _ _ _ _ _ _ _ _ _ _ _ _ _ _ _ _ _ _ _ _ _ _ _ _ _ _ _ _ _ _ _
venv\Lib\site-packages\flask_sqlalchemy\extension.py:900: in create_all
    self._call_for_binds(bind_key, "create_all")
venv\Lib\site-packages\flask_sqlalchemy\extension.py:881: in _call_for_binds
    getattr(metadata, op_name)(bind=engine)
venv\Lib\site-packages\sqlalchemy\sql\schema.py:5928: in create_all
    bind._run_ddl_visitor(
venv\Lib\site-packages\sqlalchemy\engine\base.py:3259: in _run_ddl_visitor
    with self.begin() as conn:
C:\Python314\Lib\contextlib.py:141: in __enter__
    return next(self.gen)
venv\Lib\site-packages\sqlalchemy\engine\base.py:3249: in begin
    with self.connect() as conn:
venv\Lib\site-packages\sqlalchemy\engine\base.py:3285: in connect
    return self._connection_cls(self)
venv\Lib\site-packages\sqlalchemy\engine\base.py:145: in __init__
    Connection._handle_dbapi_exception_noconnection(
venv\Lib\site-packages\sqlalchemy\engine\base.py:2448: in _handle_dbapi_exception_noconnection
    raise sqlalchemy_exception.with_traceback(exc_info[2]) from e
venv\Lib\site-packages\sqlalchemy\engine\base.py:143: in __init__
    self._dbapi_connection = engine.raw_connection()
venv\Lib\site-packages\sqlalchemy\engine\base.py:3309: in raw_connection
    return self.pool.connect()
venv\Lib\site-packages\sqlalchemy\pool\base.py:447: in connect
    return _ConnectionFairy._checkout(self)
venv\Lib\site-packages\sqlalchemy\pool\base.py:1264: in _checkout
    fairy = _ConnectionRecord.checkout(pool)
venv\Lib\site-packages\sqlalchemy\pool\base.py:711: in checkout
    rec = pool._do_get()
venv\Lib\site-packages\sqlalchemy\pool\impl.py:177: in _do_get
    with util.safe_reraise():
venv\Lib\site-packages\sqlalchemy\util\langhelpers.py:224: in __exit__
    raise exc_value.with_traceback(exc_tb)
venv\Lib\site-packages\sqlalchemy\pool\impl.py:175: in _do_get
    return self._create_connection()
venv\Lib\site-packages\sqlalchemy\pool\base.py:388: in _create_connection
    return _ConnectionRecord(self)
venv\Lib\site-packages\sqlalchemy\pool\base.py:673: in __init__
    self.__connect()
venv\Lib\site-packages\sqlalchemy\pool\base.py:899: in __connect
    with util.safe_reraise():
venv\Lib\site-packages\sqlalchemy\util\langhelpers.py:224: in __exit__
    raise exc_value.with_traceback(exc_tb)
venv\Lib\site-packages\sqlalchemy\pool\base.py:895: in __connect
    self.dbapi_connection = connection = pool._invoke_creator(self)
venv\Lib\site-packages\sqlalchemy\engine\create.py:661: in connect
    return dialect.connect(*cargs, **cparams)
_ _ _ _ _ _ _ _ _ _ _ _ _ _ _ _ _ _ _ _ _ _ _ _ _ _ _ _ _ _ _ _ _ _ _ _ _ _ _ _ _ _ _ _ _ _ _ _ _ _ _ _ _ _ _ _ _ _ _ _

self = &lt;sqlalchemy.dialects.sqlite.pysqlite.SQLiteDialect_pysqlite object at 0x0000018E10219BD0&gt;
cargs = ('C:\\Users\\LENOVO~1\\AppData\\Local\\Temp\\tmpqj5tk3s2',), cparams = {'check_same_thread': False}

    def connect(self, *cargs: Any, **cparams: Any) -&gt; DBAPIConnection:
        # inherits the docstring from interfaces.Dialect.connect
&gt;       return self.loaded_dbapi.connect(*cargs, **cparams)  # type: ignore[no-any-return]  # NOQA: E501
E       sqlalchemy.exc.OperationalError: (sqlite3.OperationalError) unable to open database file
E       (Background on this error at: https://sqlalche.me/e/20/e3q8)

venv\Lib\site-packages\sqlalchemy\engine\default.py:630: OperationalError</error></testcase><testcase classname="tests.test_api_store_webhooks.TestAPI" name="test_api_current_user_accepts_valid_api_key" time="1.494"><error message="failed on setup with &quot;sqlalchemy.exc.OperationalError: (sqlite3.OperationalError) unable to open database file&#10;(Background on this error at: https://sqlalche.me/e/20/e3q8)&quot;">self = &lt;sqlalchemy.engine.base.Connection object at 0x0000018E104B3890&gt;
engine = Engine(sqlite:///C:\Users\LENOVO~1\AppData\Local\Temp\tmpqj5tk3s2), connection = None, _has_events = None
_allow_revalidate = True, _allow_autobegin = True

    def __init__(
        self,
        engine: Engine,
        connection: Optional[PoolProxiedConnection] = None,
        _has_events: Optional[bool] = None,
        _allow_revalidate: bool = True,
        _allow_autobegin: bool = True,
    ):
        """Construct a new Connection."""
        self.engine = engine
        self.dialect = dialect = engine.dialect
    
        if connection is None:
            try:
&gt;               self._dbapi_connection = engine.raw_connection()

venv\Lib\site-packages\sqlalchemy\engine\base.py:143: 
_ _ _ _ _ _ _ _ _ _ _ _ _ _ _ _ _ _ _ _ _ _ _ _ _ _ _ _ _ _ _ _ _ _ _ _ _ _ _ _ _ _ _ _ _ _ _ _ _ _ _ _ _ _ _ _ _ _ _ _
venv\Lib\site-packages\sqlalchemy\engine\base.py:3309: in raw_connection
    return self.pool.connect()
venv\Lib\site-packages\sqlalchemy\pool\base.py:447: in connect
    return _ConnectionFairy._checkout(self)
venv\Lib\site-packages\sqlalchemy\pool\base.py:1264: in _checkout
    fairy = _ConnectionRecord.checkout(pool)
venv\Lib\site-packages\sqlalchemy\pool\base.py:711: in checkout
    rec = pool._do_get()
venv\Lib\site-packages\sqlalchemy\pool\impl.py:177: in _do_get
    with util.safe_reraise():
venv\Lib\site-packages\sqlalchemy\util\langhelpers.py:224: in __exit__
    raise exc_value.with_traceback(exc_tb)
venv\Lib\site-packages\sqlalchemy\pool\impl.py:175: in _do_get
    return self._create_connection()
venv\Lib\site-packages\sqlalchemy\pool\base.py:388: in _create_connection
    return _ConnectionRecord(self)
venv\Lib\site-packages\sqlalchemy\pool\base.py:673: in __init__
    self.__connect()
venv\Lib\site-packages\sqlalchemy\pool\base.py:899: in __connect
    with util.safe_reraise():
venv\Lib\site-packages\sqlalchemy\util\langhelpers.py:224: in __exit__
    raise exc_value.with_traceback(exc_tb)
venv\Lib\site-packages\sqlalchemy\pool\base.py:895: in __connect
    self.dbapi_connection = connection = pool._invoke_creator(self)
venv\Lib\site-packages\sqlalchemy\engine\create.py:661: in connect
    return dialect.connect(*cargs, **cparams)
_ _ _ _ _ _ _ _ _ _ _ _ _ _ _ _ _ _ _ _ _ _ _ _ _ _ _ _ _ _ _ _ _ _ _ _ _ _ _ _ _ _ _ _ _ _ _ _ _ _ _ _ _ _ _ _ _ _ _ _

self = &lt;sqlalchemy.dialects.sqlite.pysqlite.SQLiteDialect_pysqlite object at 0x0000018E104B1810&gt;
cargs = ('C:\\Users\\LENOVO~1\\AppData\\Local\\Temp\\tmpqj5tk3s2',), cparams = {'check_same_thread': False}

    def connect(self, *cargs: Any, **cparams: Any) -&gt; DBAPIConnection:
        # inherits the docstring from interfaces.Dialect.connect
&gt;       return self.loaded_dbapi.connect(*cargs, **cparams)  # type: ignore[no-any-return]  # NOQA: E501
E       sqlite3.OperationalError: unable to open database file

venv\Lib\site-packages\sqlalchemy\engine\default.py:630: OperationalError

The above exception was the direct cause of the following exception:

request = &lt;SubRequest 'testapp' for &lt;Function test_api_current_user_accepts_valid_api_key&gt;&gt;

    @pytest.fixture()
    def testapp(request):
        app = create_app('appname.settings.TestConfig')
        client = app.test_client()
    
        db.app = app
        app_ctx = app.app_context()
        app_ctx.push()
&gt;       db.create_all()

tests\conftest.py:19: 
_ _ _ _ _ _ _ _ _ _ _ _ _ _ _ _ _ _ _ _ _ _ _ _ _ _ _ _ _ _ _ _ _ _ _ _ _ _ _ _ _ _ _ _ _ _ _ _ _ _ _ _ _ _ _ _ _ _ _ _
venv\Lib\site-packages\flask_sqlalchemy\extension.py:900: in create_all
    self._call_for_binds(bind_key, "create_all")
venv\Lib\site-packages\flask_sqlalchemy\extension.py:881: in _call_for_binds
    getattr(metadata, op_name)(bind=engine)
venv\Lib\site-packages\sqlalchemy\sql\schema.py:5928: in create_all
    bind._run_ddl_visitor(
venv\Lib\site-packages\sqlalchemy\engine\base.py:3259: in _run_ddl_visitor
    with self.begin() as conn:
C:\Python314\Lib\contextlib.py:141: in __enter__
    return next(self.gen)
venv\Lib\site-packages\sqlalchemy\engine\base.py:3249: in begin
    with self.connect() as conn:
venv\Lib\site-packages\sqlalchemy\engine\base.py:3285: in connect
    return self._connection_cls(self)
venv\Lib\site-packages\sqlalchemy\engine\base.py:145: in __init__
    Connection._handle_dbapi_exception_noconnection(
venv\Lib\site-packages\sqlalchemy\engine\base.py:2448: in _handle_dbapi_exception_noconnection
    raise sqlalchemy_exception.with_traceback(exc_info[2]) from e
venv\Lib\site-packages\sqlalchemy\engine\base.py:143: in __init__
    self._dbapi_connection = engine.raw_connection()
venv\Lib\site-packages\sqlalchemy\engine\base.py:3309: in raw_connection
    return self.pool.connect()
venv\Lib\site-packages\sqlalchemy\pool\base.py:447: in connect
    return _ConnectionFairy._checkout(self)
venv\Lib\site-packages\sqlalchemy\pool\base.py:1264: in _checkout
    fairy = _ConnectionRecord.checkout(pool)
venv\Lib\site-packages\sqlalchemy\pool\base.py:711: in checkout
    rec = pool._do_get()
venv\Lib\site-packages\sqlalchemy\pool\impl.py:177: in _do_get
    with util.safe_reraise():
venv\Lib\site-packages\sqlalchemy\util\langhelpers.py:224: in __exit__
    raise exc_value.with_traceback(exc_tb)
venv\Lib\site-packages\sqlalchemy\pool\impl.py:175: in _do_get
    return self._create_connection()
venv\Lib\site-packages\sqlalchemy\pool\base.py:388: in _create_connection
    return _ConnectionRecord(self)
venv\Lib\site-packages\sqlalchemy\pool\base.py:673: in __init__
    self.__connect()
venv\Lib\site-packages\sqlalchemy\pool\base.py:899: in __connect
    with util.safe_reraise():
venv\Lib\site-packages\sqlalchemy\util\langhelpers.py:224: in __exit__
    raise exc_value.with_traceback(exc_tb)
venv\Lib\site-packages\sqlalchemy\pool\base.py:895: in __connect
    self.dbapi_connection = connection = pool._invoke_creator(self)
venv\Lib\site-packages\sqlalchemy\engine\create.py:661: in connect
    return dialect.connect(*cargs, **cparams)
_ _ _ _ _ _ _ _ _ _ _ _ _ _ _ _ _ _ _ _ _ _ _ _ _ _ _ _ _ _ _ _ _ _ _ _ _ _ _ _ _ _ _ _ _ _ _ _ _ _ _ _ _ _ _ _ _ _ _ _

self = &lt;sqlalchemy.dialects.sqlite.pysqlite.SQLiteDialect_pysqlite object at 0x0000018E104B1810&gt;
cargs = ('C:\\Users\\LENOVO~1\\AppData\\Local\\Temp\\tmpqj5tk3s2',), cparams = {'check_same_thread': False}

    def connect(self, *cargs: Any, **cparams: Any) -&gt; DBAPIConnection:
        # inherits the docstring from interfaces.Dialect.connect
&gt;       return self.loaded_dbapi.connect(*cargs, **cparams)  # type: ignore[no-any-return]  # NOQA: E501
E       sqlalchemy.exc.OperationalError: (sqlite3.OperationalError) unable to open database file
E       (Background on this error at: https://sqlalche.me/e/20/e3q8)

venv\Lib\site-packages\sqlalchemy\engine\default.py:630: OperationalError</error></testcase><testcase classname="tests.test_api_store_webhooks.TestAPI" name="test_api_unknown_route_returns_json_404" time="1.512"><error message="failed on setup with &quot;sqlalchemy.exc.OperationalError: (sqlite3.OperationalError) unable to open database file&#10;(Background on this error at: https://sqlalche.me/e/20/e3q8)&quot;">self = &lt;sqlalchemy.engine.base.Connection object at 0x0000018E1034F230&gt;
engine = Engine(sqlite:///C:\Users\LENOVO~1\AppData\Local\Temp\tmpqj5tk3s2), connection = None, _has_events = None
_allow_revalidate = True, _allow_autobegin = True

    def __init__(
        self,
        engine: Engine,
        connection: Optional[PoolProxiedConnection] = None,
        _has_events: Optional[bool] = None,
        _allow_revalidate: bool = True,
        _allow_autobegin: bool = True,
    ):
        """Construct a new Connection."""
        self.engine = engine
        self.dialect = dialect = engine.dialect
    
        if connection is None:
            try:
&gt;               self._dbapi_connection = engine.raw_connection()

venv\Lib\site-packages\sqlalchemy\engine\base.py:143: 
_ _ _ _ _ _ _ _ _ _ _ _ _ _ _ _ _ _ _ _ _ _ _ _ _ _ _ _ _ _ _ _ _ _ _ _ _ _ _ _ _ _ _ _ _ _ _ _ _ _ _ _ _ _ _ _ _ _ _ _
venv\Lib\site-packages\sqlalchemy\engine\base.py:3309: in raw_connection
    return self.pool.connect()
venv\Lib\site-packages\sqlalchemy\pool\base.py:447: in connect
    return _ConnectionFairy._checkout(self)
venv\Lib\site-packages\sqlalchemy\pool\base.py:1264: in _checkout
    fairy = _ConnectionRecord.checkout(pool)
venv\Lib\site-packages\sqlalchemy\pool\base.py:711: in checkout
    rec = pool._do_get()
venv\Lib\site-packages\sqlalchemy\pool\impl.py:177: in _do_get
    with util.safe_reraise():
venv\Lib\site-packages\sqlalchemy\util\langhelpers.py:224: in __exit__
    raise exc_value.with_traceback(exc_tb)
venv\Lib\site-packages\sqlalchemy\pool\impl.py:175: in _do_get
    return self._create_connection()
venv\Lib\site-packages\sqlalchemy\pool\base.py:388: in _create_connection
    return _ConnectionRecord(self)
venv\Lib\site-packages\sqlalchemy\pool\base.py:673: in __init__
    self.__connect()
venv\Lib\site-packages\sqlalchemy\pool\base.py:899: in __connect
    with util.safe_reraise():
venv\Lib\site-packages\sqlalchemy\util\langhelpers.py:224: in __exit__
    raise exc_value.with_traceback(exc_tb)
venv\Lib\site-packages\sqlalchemy\pool\base.py:895: in __connect
    self.dbapi_connection = connection = pool._invoke_creator(self)
venv\Lib\site-packages\sqlalchemy\engine\create.py:661: in connect
    return dialect.connect(*cargs, **cparams)
_ _ _ _ _ _ _ _ _ _ _ _ _ _ _ _ _ _ _ _ _ _ _ _ _ _ _ _ _ _ _ _ _ _ _ _ _ _ _ _ _ _ _ _ _ _ _ _ _ _ _ _ _ _ _ _ _ _ _ _

self = &lt;sqlalchemy.dialects.sqlite.pysqlite.SQLiteDialect_pysqlite object at 0x0000018E1037A2C0&gt;
cargs = ('C:\\Users\\LENOVO~1\\AppData\\Local\\Temp\\tmpqj5tk3s2',), cparams = {'check_same_thread': False}

    def connect(self, *cargs: Any, **cparams: Any) -&gt; DBAPIConnection:
        # inherits the docstring from interfaces.Dialect.connect
&gt;       return self.loaded_dbapi.connect(*cargs, **cparams)  # type: ignore[no-any-return]  # NOQA: E501
E       sqlite3.OperationalError: unable to open database file

venv\Lib\site-packages\sqlalchemy\engine\default.py:630: OperationalError

The above exception was the direct cause of the following exception:

request = &lt;SubRequest 'testapp' for &lt;Function test_api_unknown_route_returns_json_404&gt;&gt;

    @pytest.fixture()
    def testapp(request):
        app = create_app('appname.settings.TestConfig')
        client = app.test_client()
    
        db.app = app
        app_ctx = app.app_context()
        app_ctx.push()
&gt;       db.create_all()

tests\conftest.py:19: 
_ _ _ _ _ _ _ _ _ _ _ _ _ _ _ _ _ _ _ _ _ _ _ _ _ _ _ _ _ _ _ _ _ _ _ _ _ _ _ _ _ _ _ _ _ _ _ _ _ _ _ _ _ _ _ _ _ _ _ _
venv\Lib\site-packages\flask_sqlalchemy\extension.py:900: in create_all
    self._call_for_binds(bind_key, "create_all")
venv\Lib\site-packages\flask_sqlalchemy\extension.py:881: in _call_for_binds
    getattr(metadata, op_name)(bind=engine)
venv\Lib\site-packages\sqlalchemy\sql\schema.py:5928: in create_all
    bind._run_ddl_visitor(
venv\Lib\site-packages\sqlalchemy\engine\base.py:3259: in _run_ddl_visitor
    with self.begin() as conn:
C:\Python314\Lib\contextlib.py:141: in __enter__
    return next(self.gen)
venv\Lib\site-packages\sqlalchemy\engine\base.py:3249: in begin
    with self.connect() as conn:
venv\Lib\site-packages\sqlalchemy\engine\base.py:3285: in connect
    return self._connection_cls(self)
venv\Lib\site-packages\sqlalchemy\engine\base.py:145: in __init__
    Connection._handle_dbapi_exception_noconnection(
venv\Lib\site-packages\sqlalchemy\engine\base.py:2448: in _handle_dbapi_exception_noconnection
    raise sqlalchemy_exception.with_traceback(exc_info[2]) from e
venv\Lib\site-packages\sqlalchemy\engine\base.py:143: in __init__
    self._dbapi_connection = engine.raw_connection()
venv\Lib\site-packages\sqlalchemy\engine\base.py:3309: in raw_connection
    return self.pool.connect()
venv\Lib\site-packages\sqlalchemy\pool\base.py:447: in connect
    return _ConnectionFairy._checkout(self)
venv\Lib\site-packages\sqlalchemy\pool\base.py:1264: in _checkout
    fairy = _ConnectionRecord.checkout(pool)
venv\Lib\site-packages\sqlalchemy\pool\base.py:711: in checkout
    rec = pool._do_get()
venv\Lib\site-packages\sqlalchemy\pool\impl.py:177: in _do_get
    with util.safe_reraise():
venv\Lib\site-packages\sqlalchemy\util\langhelpers.py:224: in __exit__
    raise exc_value.with_traceback(exc_tb)
venv\Lib\site-packages\sqlalchemy\pool\impl.py:175: in _do_get
    return self._create_connection()
venv\Lib\site-packages\sqlalchemy\pool\base.py:388: in _create_connection
    return _ConnectionRecord(self)
venv\Lib\site-packages\sqlalchemy\pool\base.py:673: in __init__
    self.__connect()
venv\Lib\site-packages\sqlalchemy\pool\base.py:899: in __connect
    with util.safe_reraise():
venv\Lib\site-packages\sqlalchemy\util\langhelpers.py:224: in __exit__
    raise exc_value.with_traceback(exc_tb)
venv\Lib\site-packages\sqlalchemy\pool\base.py:895: in __connect
    self.dbapi_connection = connection = pool._invoke_creator(self)
venv\Lib\site-packages\sqlalchemy\engine\create.py:661: in connect
    return dialect.connect(*cargs, **cparams)
_ _ _ _ _ _ _ _ _ _ _ _ _ _ _ _ _ _ _ _ _ _ _ _ _ _ _ _ _ _ _ _ _ _ _ _ _ _ _ _ _ _ _ _ _ _ _ _ _ _ _ _ _ _ _ _ _ _ _ _

self = &lt;sqlalchemy.dialects.sqlite.pysqlite.SQLiteDialect_pysqlite object at 0x0000018E1037A2C0&gt;
cargs = ('C:\\Users\\LENOVO~1\\AppData\\Local\\Temp\\tmpqj5tk3s2',), cparams = {'check_same_thread': False}

    def connect(self, *cargs: Any, **cparams: Any) -&gt; DBAPIConnection:
        # inherits the docstring from interfaces.Dialect.connect
&gt;       return self.loaded_dbapi.connect(*cargs, **cparams)  # type: ignore[no-any-return]  # NOQA: E501
E       sqlalchemy.exc.OperationalError: (sqlite3.OperationalError) unable to open database file
E       (Background on this error at: https://sqlalche.me/e/20/e3q8)

venv\Lib\site-packages\sqlalchemy\engine\default.py:630: OperationalError</error></testcase><testcase classname="tests.test_api_store_webhooks.TestStore" name="test_store_home_loads" time="1.492"><error message="failed on setup with &quot;sqlalchemy.exc.OperationalError: (sqlite3.OperationalError) unable to open database file&#10;(Background on this error at: https://sqlalche.me/e/20/e3q8)&quot;">self = &lt;sqlalchemy.engine.base.Connection object at 0x0000018E10E50FC0&gt;
engine = Engine(sqlite:///C:\Users\LENOVO~1\AppData\Local\Temp\tmpqj5tk3s2), connection = None, _has_events = None
_allow_revalidate = True, _allow_autobegin = True

    def __init__(
        self,
        engine: Engine,
        connection: Optional[PoolProxiedConnection] = None,
        _has_events: Optional[bool] = None,
        _allow_revalidate: bool = True,
        _allow_autobegin: bool = True,
    ):
        """Construct a new Connection."""
        self.engine = engine
        self.dialect = dialect = engine.dialect
    
        if connection is None:
            try:
&gt;               self._dbapi_connection = engine.raw_connection()

venv\Lib\site-packages\sqlalchemy\engine\base.py:143: 
_ _ _ _ _ _ _ _ _ _ _ _ _ _ _ _ _ _ _ _ _ _ _ _ _ _ _ _ _ _ _ _ _ _ _ _ _ _ _ _ _ _ _ _ _ _ _ _ _ _ _ _ _ _ _ _ _ _ _ _
venv\Lib\site-packages\sqlalchemy\engine\base.py:3309: in raw_connection
    return self.pool.connect()
venv\Lib\site-packages\sqlalchemy\pool\base.py:447: in connect
    return _ConnectionFairy._checkout(self)
venv\Lib\site-packages\sqlalchemy\pool\base.py:1264: in _checkout
    fairy = _ConnectionRecord.checkout(pool)
venv\Lib\site-packages\sqlalchemy\pool\base.py:711: in checkout
    rec = pool._do_get()
venv\Lib\site-packages\sqlalchemy\pool\impl.py:177: in _do_get
    with util.safe_reraise():
venv\Lib\site-packages\sqlalchemy\util\langhelpers.py:224: in __exit__
    raise exc_value.with_traceback(exc_tb)
venv\Lib\site-packages\sqlalchemy\pool\impl.py:175: in _do_get
    return self._create_connection()
venv\Lib\site-packages\sqlalchemy\pool\base.py:388: in _create_connection
    return _ConnectionRecord(self)
venv\Lib\site-packages\sqlalchemy\pool\base.py:673: in __init__
    self.__connect()
venv\Lib\site-packages\sqlalchemy\pool\base.py:899: in __connect
    with util.safe_reraise():
venv\Lib\site-packages\sqlalchemy\util\langhelpers.py:224: in __exit__
    raise exc_value.with_traceback(exc_tb)
venv\Lib\site-packages\sqlalchemy\pool\base.py:895: in __connect
    self.dbapi_connection = connection = pool._invoke_creator(self)
venv\Lib\site-packages\sqlalchemy\engine\create.py:661: in connect
    return dialect.connect(*cargs, **cparams)
_ _ _ _ _ _ _ _ _ _ _ _ _ _ _ _ _ _ _ _ _ _ _ _ _ _ _ _ _ _ _ _ _ _ _ _ _ _ _ _ _ _ _ _ _ _ _ _ _ _ _ _ _ _ _ _ _ _ _ _

self = &lt;sqlalchemy.dialects.sqlite.pysqlite.SQLiteDialect_pysqlite object at 0x0000018E113D0510&gt;
cargs = ('C:\\Users\\LENOVO~1\\AppData\\Local\\Temp\\tmpqj5tk3s2',), cparams = {'check_same_thread': False}

    def connect(self, *cargs: Any, **cparams: Any) -&gt; DBAPIConnection:
        # inherits the docstring from interfaces.Dialect.connect
&gt;       return self.loaded_dbapi.connect(*cargs, **cparams)  # type: ignore[no-any-return]  # NOQA: E501
E       sqlite3.OperationalError: unable to open database file

venv\Lib\site-packages\sqlalchemy\engine\default.py:630: OperationalError

The above exception was the direct cause of the following exception:

request = &lt;SubRequest 'testapp' for &lt;Function test_store_home_loads&gt;&gt;

    @pytest.fixture()
    def testapp(request):
        app = create_app('appname.settings.TestConfig')
        client = app.test_client()
    
        db.app = app
        app_ctx = app.app_context()
        app_ctx.push()
&gt;       db.create_all()

tests\conftest.py:19: 
_ _ _ _ _ _ _ _ _ _ _ _ _ _ _ _ _ _ _ _ _ _ _ _ _ _ _ _ _ _ _ _ _ _ _ _ _ _ _ _ _ _ _ _ _ _ _ _ _ _ _ _ _ _ _ _ _ _ _ _
venv\Lib\site-packages\flask_sqlalchemy\extension.py:900: in create_all
    self._call_for_binds(bind_key, "create_all")
venv\Lib\site-packages\flask_sqlalchemy\extension.py:881: in _call_for_binds
    getattr(metadata, op_name)(bind=engine)
venv\Lib\site-packages\sqlalchemy\sql\schema.py:5928: in create_all
    bind._run_ddl_visitor(
venv\Lib\site-packages\sqlalchemy\engine\base.py:3259: in _run_ddl_visitor
    with self.begin() as conn:
C:\Python314\Lib\contextlib.py:141: in __enter__
    return next(self.gen)
venv\Lib\site-packages\sqlalchemy\engine\base.py:3249: in begin
    with self.connect() as conn:
venv\Lib\site-packages\sqlalchemy\engine\base.py:3285: in connect
    return self._connection_cls(self)
venv\Lib\site-packages\sqlalchemy\engine\base.py:145: in __init__
    Connection._handle_dbapi_exception_noconnection(
venv\Lib\site-packages\sqlalchemy\engine\base.py:2448: in _handle_dbapi_exception_noconnection
    raise sqlalchemy_exception.with_traceback(exc_info[2]) from e
venv\Lib\site-packages\sqlalchemy\engine\base.py:143: in __init__
    self._dbapi_connection = engine.raw_connection()
venv\Lib\site-packages\sqlalchemy\engine\base.py:3309: in raw_connection
    return self.pool.connect()
venv\Lib\site-packages\sqlalchemy\pool\base.py:447: in connect
    return _ConnectionFairy._checkout(self)
venv\Lib\site-packages\sqlalchemy\pool\base.py:1264: in _checkout
    fairy = _ConnectionRecord.checkout(pool)
venv\Lib\site-packages\sqlalchemy\pool\base.py:711: in checkout
    rec = pool._do_get()
venv\Lib\site-packages\sqlalchemy\pool\impl.py:177: in _do_get
    with util.safe_reraise():
venv\Lib\site-packages\sqlalchemy\util\langhelpers.py:224: in __exit__
    raise exc_value.with_traceback(exc_tb)
venv\Lib\site-packages\sqlalchemy\pool\impl.py:175: in _do_get
    return self._create_connection()
venv\Lib\site-packages\sqlalchemy\pool\base.py:388: in _create_connection
    return _ConnectionRecord(self)
venv\Lib\site-packages\sqlalchemy\pool\base.py:673: in __init__
    self.__connect()
venv\Lib\site-packages\sqlalchemy\pool\base.py:899: in __connect
    with util.safe_reraise():
venv\Lib\site-packages\sqlalchemy\util\langhelpers.py:224: in __exit__
    raise exc_value.with_traceback(exc_tb)
venv\Lib\site-packages\sqlalchemy\pool\base.py:895: in __connect
    self.dbapi_connection = connection = pool._invoke_creator(self)
venv\Lib\site-packages\sqlalchemy\engine\create.py:661: in connect
    return dialect.connect(*cargs, **cparams)
_ _ _ _ _ _ _ _ _ _ _ _ _ _ _ _ _ _ _ _ _ _ _ _ _ _ _ _ _ _ _ _ _ _ _ _ _ _ _ _ _ _ _ _ _ _ _ _ _ _ _ _ _ _ _ _ _ _ _ _

self = &lt;sqlalchemy.dialects.sqlite.pysqlite.SQLiteDialect_pysqlite object at 0x0000018E113D0510&gt;
cargs = ('C:\\Users\\LENOVO~1\\AppData\\Local\\Temp\\tmpqj5tk3s2',), cparams = {'check_same_thread': False}

    def connect(self, *cargs: Any, **cparams: Any) -&gt; DBAPIConnection:
        # inherits the docstring from interfaces.Dialect.connect
&gt;       return self.loaded_dbapi.connect(*cargs, **cparams)  # type: ignore[no-any-return]  # NOQA: E501
E       sqlalchemy.exc.OperationalError: (sqlite3.OperationalError) unable to open database file
E       (Background on this error at: https://sqlalche.me/e/20/e3q8)

venv\Lib\site-packages\sqlalchemy\engine\default.py:630: OperationalError</error></testcase><testcase classname="tests.test_api_store_webhooks.TestStore" name="test_store_payment_creates_customer_charge_and_user" time="1.498"><error message="failed on setup with &quot;sqlalchemy.exc.OperationalError: (sqlite3.OperationalError) unable to open database file&#10;(Background on this error at: https://sqlalche.me/e/20/e3q8)&quot;">self = &lt;sqlalchemy.engine.base.Connection object at 0x0000018E10CDC3B0&gt;
engine = Engine(sqlite:///C:\Users\LENOVO~1\AppData\Local\Temp\tmpqj5tk3s2), connection = None, _has_events = None
_allow_revalidate = True, _allow_autobegin = True

    def __init__(
        self,
        engine: Engine,
        connection: Optional[PoolProxiedConnection] = None,
        _has_events: Optional[bool] = None,
        _allow_revalidate: bool = True,
        _allow_autobegin: bool = True,
    ):
        """Construct a new Connection."""
        self.engine = engine
        self.dialect = dialect = engine.dialect
    
        if connection is None:
            try:
&gt;               self._dbapi_connection = engine.raw_connection()

venv\Lib\site-packages\sqlalchemy\engine\base.py:143: 
_ _ _ _ _ _ _ _ _ _ _ _ _ _ _ _ _ _ _ _ _ _ _ _ _ _ _ _ _ _ _ _ _ _ _ _ _ _ _ _ _ _ _ _ _ _ _ _ _ _ _ _ _ _ _ _ _ _ _ _
venv\Lib\site-packages\sqlalchemy\engine\base.py:3309: in raw_connection
    return self.pool.connect()
venv\Lib\site-packages\sqlalchemy\pool\base.py:447: in connect
    return _ConnectionFairy._checkout(self)
venv\Lib\site-packages\sqlalchemy\pool\base.py:1264: in _checkout
    fairy = _ConnectionRecord.checkout(pool)
venv\Lib\site-packages\sqlalchemy\pool\base.py:711: in checkout
    rec = pool._do_get()
venv\Lib\site-packages\sqlalchemy\pool\impl.py:177: in _do_get
    with util.safe_reraise():
venv\Lib\site-packages\sqlalchemy\util\langhelpers.py:224: in __exit__
    raise exc_value.with_traceback(exc_tb)
venv\Lib\site-packages\sqlalchemy\pool\impl.py:175: in _do_get
    return self._create_connection()
venv\Lib\site-packages\sqlalchemy\pool\base.py:388: in _create_connection
    return _ConnectionRecord(self)
venv\Lib\site-packages\sqlalchemy\pool\base.py:673: in __init__
    self.__connect()
venv\Lib\site-packages\sqlalchemy\pool\base.py:899: in __connect
    with util.safe_reraise():
venv\Lib\site-packages\sqlalchemy\util\langhelpers.py:224: in __exit__
    raise exc_value.with_traceback(exc_tb)
venv\Lib\site-packages\sqlalchemy\pool\base.py:895: in __connect
    self.dbapi_connection = connection = pool._invoke_creator(self)
venv\Lib\site-packages\sqlalchemy\engine\create.py:661: in connect
    return dialect.connect(*cargs, **cparams)
_ _ _ _ _ _ _ _ _ _ _ _ _ _ _ _ _ _ _ _ _ _ _ _ _ _ _ _ _ _ _ _ _ _ _ _ _ _ _ _ _ _ _ _ _ _ _ _ _ _ _ _ _ _ _ _ _ _ _ _

self = &lt;sqlalchemy.dialects.sqlite.pysqlite.SQLiteDialect_pysqlite object at 0x0000018E10C045F0&gt;
cargs = ('C:\\Users\\LENOVO~1\\AppData\\Local\\Temp\\tmpqj5tk3s2',), cparams = {'check_same_thread': False}

    def connect(self, *cargs: Any, **cparams: Any) -&gt; DBAPIConnection:
        # inherits the docstring from interfaces.Dialect.connect
&gt;       return self.loaded_dbapi.connect(*cargs, **cparams)  # type: ignore[no-any-return]  # NOQA: E501
E       sqlite3.OperationalError: unable to open database file

venv\Lib\site-packages\sqlalchemy\engine\default.py:630: OperationalError

The above exception was the direct cause of the following exception:

request = &lt;SubRequest 'testapp' for &lt;Function test_store_payment_creates_customer_charge_and_user&gt;&gt;

    @pytest.fixture()
    def testapp(request):
        app = create_app('appname.settings.TestConfig')
        client = app.test_client()
    
        db.app = app
        app_ctx = app.app_context()
        app_ctx.push()
&gt;       db.create_all()

tests\conftest.py:19: 
_ _ _ _ _ _ _ _ _ _ _ _ _ _ _ _ _ _ _ _ _ _ _ _ _ _ _ _ _ _ _ _ _ _ _ _ _ _ _ _ _ _ _ _ _ _ _ _ _ _ _ _ _ _ _ _ _ _ _ _
venv\Lib\site-packages\flask_sqlalchemy\extension.py:900: in create_all
    self._call_for_binds(bind_key, "create_all")
venv\Lib\site-packages\flask_sqlalchemy\extension.py:881: in _call_for_binds
    getattr(metadata, op_name)(bind=engine)
venv\Lib\site-packages\sqlalchemy\sql\schema.py:5928: in create_all
    bind._run_ddl_visitor(
venv\Lib\site-packages\sqlalchemy\engine\base.py:3259: in _run_ddl_visitor
    with self.begin() as conn:
C:\Python314\Lib\contextlib.py:141: in __enter__
    return next(self.gen)
venv\Lib\site-packages\sqlalchemy\engine\base.py:3249: in begin
    with self.connect() as conn:
venv\Lib\site-packages\sqlalchemy\engine\base.py:3285: in connect
    return self._connection_cls(self)
venv\Lib\site-packages\sqlalchemy\engine\base.py:145: in __init__
    Connection._handle_dbapi_exception_noconnection(
venv\Lib\site-packages\sqlalchemy\engine\base.py:2448: in _handle_dbapi_exception_noconnection
    raise sqlalchemy_exception.with_traceback(exc_info[2]) from e
venv\Lib\site-packages\sqlalchemy\engine\base.py:143: in __init__
    self._dbapi_connection = engine.raw_connection()
venv\Lib\site-packages\sqlalchemy\engine\base.py:3309: in raw_connection
    return self.pool.connect()
venv\Lib\site-packages\sqlalchemy\pool\base.py:447: in connect
    return _ConnectionFairy._checkout(self)
venv\Lib\site-packages\sqlalchemy\pool\base.py:1264: in _checkout
    fairy = _ConnectionRecord.checkout(pool)
venv\Lib\site-packages\sqlalchemy\pool\base.py:711: in checkout
    rec = pool._do_get()
venv\Lib\site-packages\sqlalchemy\pool\impl.py:177: in _do_get
    with util.safe_reraise():
venv\Lib\site-packages\sqlalchemy\util\langhelpers.py:224: in __exit__
    raise exc_value.with_traceback(exc_tb)
venv\Lib\site-packages\sqlalchemy\pool\impl.py:175: in _do_get
    return self._create_connection()
venv\Lib\site-packages\sqlalchemy\pool\base.py:388: in _create_connection
    return _ConnectionRecord(self)
venv\Lib\site-packages\sqlalchemy\pool\base.py:673: in __init__
    self.__connect()
venv\Lib\site-packages\sqlalchemy\pool\base.py:899: in __connect
    with util.safe_reraise():
venv\Lib\site-packages\sqlalchemy\util\langhelpers.py:224: in __exit__
    raise exc_value.with_traceback(exc_tb)
venv\Lib\site-packages\sqlalchemy\pool\base.py:895: in __connect
    self.dbapi_connection = connection = pool._invoke_creator(self)
venv\Lib\site-packages\sqlalchemy\engine\create.py:661: in connect
    return dialect.connect(*cargs, **cparams)
_ _ _ _ _ _ _ _ _ _ _ _ _ _ _ _ _ _ _ _ _ _ _ _ _ _ _ _ _ _ _ _ _ _ _ _ _ _ _ _ _ _ _ _ _ _ _ _ _ _ _ _ _ _ _ _ _ _ _ _

self = &lt;sqlalchemy.dialects.sqlite.pysqlite.SQLiteDialect_pysqlite object at 0x0000018E10C045F0&gt;
cargs = ('C:\\Users\\LENOVO~1\\AppData\\Local\\Temp\\tmpqj5tk3s2',), cparams = {'check_same_thread': False}

    def connect(self, *cargs: Any, **cparams: Any) -&gt; DBAPIConnection:
        # inherits the docstring from interfaces.Dialect.connect
&gt;       return self.loaded_dbapi.connect(*cargs, **cparams)  # type: ignore[no-any-return]  # NOQA: E501
E       sqlalchemy.exc.OperationalError: (sqlite3.OperationalError) unable to open database file
E       (Background on this error at: https://sqlalche.me/e/20/e3q8)

venv\Lib\site-packages\sqlalchemy\engine\default.py:630: OperationalError</error></testcase><testcase classname="tests.test_api_store_webhooks.TestStripeWebhooks" name="test_subscription_deleted_downgrades_team" time="1.499"><error message="failed on setup with &quot;sqlalchemy.exc.OperationalError: (sqlite3.OperationalError) unable to open database file&#10;(Background on this error at: https://sqlalche.me/e/20/e3q8)&quot;">self = &lt;sqlalchemy.engine.base.Connection object at 0x0000018E11124F30&gt;
engine = Engine(sqlite:///C:\Users\LENOVO~1\AppData\Local\Temp\tmpqj5tk3s2), connection = None, _has_events = None
_allow_revalidate = True, _allow_autobegin = True

    def __init__(
        self,
        engine: Engine,
        connection: Optional[PoolProxiedConnection] = None,
        _has_events: Optional[bool] = None,
        _allow_revalidate: bool = True,
        _allow_autobegin: bool = True,
    ):
        """Construct a new Connection."""
        self.engine = engine
        self.dialect = dialect = engine.dialect
    
        if connection is None:
            try:
&gt;               self._dbapi_connection = engine.raw_connection()

venv\Lib\site-packages\sqlalchemy\engine\base.py:143: 
_ _ _ _ _ _ _ _ _ _ _ _ _ _ _ _ _ _ _ _ _ _ _ _ _ _ _ _ _ _ _ _ _ _ _ _ _ _ _ _ _ _ _ _ _ _ _ _ _ _ _ _ _ _ _ _ _ _ _ _
venv\Lib\site-packages\sqlalchemy\engine\base.py:3309: in raw_connection
    return self.pool.connect()
venv\Lib\site-packages\sqlalchemy\pool\base.py:447: in connect
    return _ConnectionFairy._checkout(self)
venv\Lib\site-packages\sqlalchemy\pool\base.py:1264: in _checkout
    fairy = _ConnectionRecord.checkout(pool)
venv\Lib\site-packages\sqlalchemy\pool\base.py:711: in checkout
    rec = pool._do_get()
venv\Lib\site-packages\sqlalchemy\pool\impl.py:177: in _do_get
    with util.safe_reraise():
venv\Lib\site-packages\sqlalchemy\util\langhelpers.py:224: in __exit__
    raise exc_value.with_traceback(exc_tb)
venv\Lib\site-packages\sqlalchemy\pool\impl.py:175: in _do_get
    return self._create_connection()
venv\Lib\site-packages\sqlalchemy\pool\base.py:388: in _create_connection
    return _ConnectionRecord(self)
venv\Lib\site-packages\sqlalchemy\pool\base.py:673: in __init__
    self.__connect()
venv\Lib\site-packages\sqlalchemy\pool\base.py:899: in __connect
    with util.safe_reraise():
venv\Lib\site-packages\sqlalchemy\util\langhelpers.py:224: in __exit__
    raise exc_value.with_traceback(exc_tb)
venv\Lib\site-packages\sqlalchemy\pool\base.py:895: in __connect
    self.dbapi_connection = connection = pool._invoke_creator(self)
venv\Lib\site-packages\sqlalchemy\engine\create.py:661: in connect
    return dialect.connect(*cargs, **cparams)
_ _ _ _ _ _ _ _ _ _ _ _ _ _ _ _ _ _ _ _ _ _ _ _ _ _ _ _ _ _ _ _ _ _ _ _ _ _ _ _ _ _ _ _ _ _ _ _ _ _ _ _ _ _ _ _ _ _ _ _

self = &lt;sqlalchemy.dialects.sqlite.pysqlite.SQLiteDialect_pysqlite object at 0x0000018E10C02360&gt;
cargs = ('C:\\Users\\LENOVO~1\\AppData\\Local\\Temp\\tmpqj5tk3s2',), cparams = {'check_same_thread': False}

    def connect(self, *cargs: Any, **cparams: Any) -&gt; DBAPIConnection:
        # inherits the docstring from interfaces.Dialect.connect
&gt;       return self.loaded_dbapi.connect(*cargs, **cparams)  # type: ignore[no-any-return]  # NOQA: E501
E       sqlite3.OperationalError: unable to open database file

venv\Lib\site-packages\sqlalchemy\engine\default.py:630: OperationalError

The above exception was the direct cause of the following exception:

request = &lt;SubRequest 'testapp' for &lt;Function test_subscription_deleted_downgrades_team&gt;&gt;

    @pytest.fixture()
    def testapp(request):
        app = create_app('appname.settings.TestConfig')
        client = app.test_client()
    
        db.app = app
        app_ctx = app.app_context()
        app_ctx.push()
&gt;       db.create_all()

tests\conftest.py:19: 
_ _ _ _ _ _ _ _ _ _ _ _ _ _ _ _ _ _ _ _ _ _ _ _ _ _ _ _ _ _ _ _ _ _ _ _ _ _ _ _ _ _ _ _ _ _ _ _ _ _ _ _ _ _ _ _ _ _ _ _
venv\Lib\site-packages\flask_sqlalchemy\extension.py:900: in create_all
    self._call_for_binds(bind_key, "create_all")
venv\Lib\site-packages\flask_sqlalchemy\extension.py:881: in _call_for_binds
    getattr(metadata, op_name)(bind=engine)
venv\Lib\site-packages\sqlalchemy\sql\schema.py:5928: in create_all
    bind._run_ddl_visitor(
venv\Lib\site-packages\sqlalchemy\engine\base.py:3259: in _run_ddl_visitor
    with self.begin() as conn:
C:\Python314\Lib\contextlib.py:141: in __enter__
    return next(self.gen)
venv\Lib\site-packages\sqlalchemy\engine\base.py:3249: in begin
    with self.connect() as conn:
venv\Lib\site-packages\sqlalchemy\engine\base.py:3285: in connect
    return self._connection_cls(self)
venv\Lib\site-packages\sqlalchemy\engine\base.py:145: in __init__
    Connection._handle_dbapi_exception_noconnection(
venv\Lib\site-packages\sqlalchemy\engine\base.py:2448: in _handle_dbapi_exception_noconnection
    raise sqlalchemy_exception.with_traceback(exc_info[2]) from e
venv\Lib\site-packages\sqlalchemy\engine\base.py:143: in __init__
    self._dbapi_connection = engine.raw_connection()
venv\Lib\site-packages\sqlalchemy\engine\base.py:3309: in raw_connection
    return self.pool.connect()
venv\Lib\site-packages\sqlalchemy\pool\base.py:447: in connect
    return _ConnectionFairy._checkout(self)
venv\Lib\site-packages\sqlalchemy\pool\base.py:1264: in _checkout
    fairy = _ConnectionRecord.checkout(pool)
venv\Lib\site-packages\sqlalchemy\pool\base.py:711: in checkout
    rec = pool._do_get()
venv\Lib\site-packages\sqlalchemy\pool\impl.py:177: in _do_get
    with util.safe_reraise():
venv\Lib\site-packages\sqlalchemy\util\langhelpers.py:224: in __exit__
    raise exc_value.with_traceback(exc_tb)
venv\Lib\site-packages\sqlalchemy\pool\impl.py:175: in _do_get
    return self._create_connection()
venv\Lib\site-packages\sqlalchemy\pool\base.py:388: in _create_connection
    return _ConnectionRecord(self)
venv\Lib\site-packages\sqlalchemy\pool\base.py:673: in __init__
    self.__connect()
venv\Lib\site-packages\sqlalchemy\pool\base.py:899: in __connect
    with util.safe_reraise():
venv\Lib\site-packages\sqlalchemy\util\langhelpers.py:224: in __exit__
    raise exc_value.with_traceback(exc_tb)
venv\Lib\site-packages\sqlalchemy\pool\base.py:895: in __connect
    self.dbapi_connection = connection = pool._invoke_creator(self)
venv\Lib\site-packages\sqlalchemy\engine\create.py:661: in connect
    return dialect.connect(*cargs, **cparams)
_ _ _ _ _ _ _ _ _ _ _ _ _ _ _ _ _ _ _ _ _ _ _ _ _ _ _ _ _ _ _ _ _ _ _ _ _ _ _ _ _ _ _ _ _ _ _ _ _ _ _ _ _ _ _ _ _ _ _ _

self = &lt;sqlalchemy.dialects.sqlite.pysqlite.SQLiteDialect_pysqlite object at 0x0000018E10C02360&gt;
cargs = ('C:\\Users\\LENOVO~1\\AppData\\Local\\Temp\\tmpqj5tk3s2',), cparams = {'check_same_thread': False}

    def connect(self, *cargs: Any, **cparams: Any) -&gt; DBAPIConnection:
        # inherits the docstring from interfaces.Dialect.connect
&gt;       return self.loaded_dbapi.connect(*cargs, **cparams)  # type: ignore[no-any-return]  # NOQA: E501
E       sqlalchemy.exc.OperationalError: (sqlite3.OperationalError) unable to open database file
E       (Background on this error at: https://sqlalche.me/e/20/e3q8)

venv\Lib\site-packages\sqlalchemy\engine\default.py:630: OperationalError</error></testcase><testcase classname="tests.test_api_store_webhooks.TestStripeWebhooks" name="test_subscription_created_sets_plan_and_customer" time="1.484"><error message="failed on setup with &quot;sqlalchemy.exc.OperationalError: (sqlite3.OperationalError) unable to open database file&#10;(Background on this error at: https://sqlalche.me/e/20/e3q8)&quot;">self = &lt;sqlalchemy.engine.base.Connection object at 0x0000018E1063CAF0&gt;
engine = Engine(sqlite:///C:\Users\LENOVO~1\AppData\Local\Temp\tmpqj5tk3s2), connection = None, _has_events = None
_allow_revalidate = True, _allow_autobegin = True

    def __init__(
        self,
        engine: Engine,
        connection: Optional[PoolProxiedConnection] = None,
        _has_events: Optional[bool] = None,
        _allow_revalidate: bool = True,
        _allow_autobegin: bool = True,
    ):
        """Construct a new Connection."""
        self.engine = engine
        self.dialect = dialect = engine.dialect
    
        if connection is None:
            try:
&gt;               self._dbapi_connection = engine.raw_connection()

venv\Lib\site-packages\sqlalchemy\engine\base.py:143: 
_ _ _ _ _ _ _ _ _ _ _ _ _ _ _ _ _ _ _ _ _ _ _ _ _ _ _ _ _ _ _ _ _ _ _ _ _ _ _ _ _ _ _ _ _ _ _ _ _ _ _ _ _ _ _ _ _ _ _ _
venv\Lib\site-packages\sqlalchemy\engine\base.py:3309: in raw_connection
    return self.pool.connect()
venv\Lib\site-packages\sqlalchemy\pool\base.py:447: in connect
    return _ConnectionFairy._checkout(self)
venv\Lib\site-packages\sqlalchemy\pool\base.py:1264: in _checkout
    fairy = _ConnectionRecord.checkout(pool)
venv\Lib\site-packages\sqlalchemy\pool\base.py:711: in checkout
    rec = pool._do_get()
venv\Lib\site-packages\sqlalchemy\pool\impl.py:177: in _do_get
    with util.safe_reraise():
venv\Lib\site-packages\sqlalchemy\util\langhelpers.py:224: in __exit__
    raise exc_value.with_traceback(exc_tb)
venv\Lib\site-packages\sqlalchemy\pool\impl.py:175: in _do_get
    return self._create_connection()
venv\Lib\site-packages\sqlalchemy\pool\base.py:388: in _create_connection
    return _ConnectionRecord(self)
venv\Lib\site-packages\sqlalchemy\pool\base.py:673: in __init__
    self.__connect()
venv\Lib\site-packages\sqlalchemy\pool\base.py:899: in __connect
    with util.safe_reraise():
venv\Lib\site-packages\sqlalchemy\util\langhelpers.py:224: in __exit__
    raise exc_value.with_traceback(exc_tb)
venv\Lib\site-packages\sqlalchemy\pool\base.py:895: in __connect
    self.dbapi_connection = connection = pool._invoke_creator(self)
venv\Lib\site-packages\sqlalchemy\engine\create.py:661: in connect
    return dialect.connect(*cargs, **cparams)
_ _ _ _ _ _ _ _ _ _ _ _ _ _ _ _ _ _ _ _ _ _ _ _ _ _ _ _ _ _ _ _ _ _ _ _ _ _ _ _ _ _ _ _ _ _ _ _ _ _ _ _ _ _ _ _ _ _ _ _

self = &lt;sqlalchemy.dialects.sqlite.pysqlite.SQLiteDialect_pysqlite object at 0x0000018E11126580&gt;
cargs = ('C:\\Users\\LENOVO~1\\AppData\\Local\\Temp\\tmpqj5tk3s2',), cparams = {'check_same_thread': False}

    def connect(self, *cargs: Any, **cparams: Any) -&gt; DBAPIConnection:
        # inherits the docstring from interfaces.Dialect.connect
&gt;       return self.loaded_dbapi.connect(*cargs, **cparams)  # type: ignore[no-any-return]  # NOQA: E501
E       sqlite3.OperationalError: unable to open database file

venv\Lib\site-packages\sqlalchemy\engine\default.py:630: OperationalError

The above exception was the direct cause of the following exception:

request = &lt;SubRequest 'testapp' for &lt;Function test_subscription_created_sets_plan_and_customer&gt;&gt;

    @pytest.fixture()
    def testapp(request):
        app = create_app('appname.settings.TestConfig')
        client = app.test_client()
    
        db.app = app
        app_ctx = app.app_context()
        app_ctx.push()
&gt;       db.create_all()

tests\conftest.py:19: 
_ _ _ _ _ _ _ _ _ _ _ _ _ _ _ _ _ _ _ _ _ _ _ _ _ _ _ _ _ _ _ _ _ _ _ _ _ _ _ _ _ _ _ _ _ _ _ _ _ _ _ _ _ _ _ _ _ _ _ _
venv\Lib\site-packages\flask_sqlalchemy\extension.py:900: in create_all
    self._call_for_binds(bind_key, "create_all")
venv\Lib\site-packages\flask_sqlalchemy\extension.py:881: in _call_for_binds
    getattr(metadata, op_name)(bind=engine)
venv\Lib\site-packages\sqlalchemy\sql\schema.py:5928: in create_all
    bind._run_ddl_visitor(
venv\Lib\site-packages\sqlalchemy\engine\base.py:3259: in _run_ddl_visitor
    with self.begin() as conn:
C:\Python314\Lib\contextlib.py:141: in __enter__
    return next(self.gen)
venv\Lib\site-packages\sqlalchemy\engine\base.py:3249: in begin
    with self.connect() as conn:
venv\Lib\site-packages\sqlalchemy\engine\base.py:3285: in connect
    return self._connection_cls(self)
venv\Lib\site-packages\sqlalchemy\engine\base.py:145: in __init__
    Connection._handle_dbapi_exception_noconnection(
venv\Lib\site-packages\sqlalchemy\engine\base.py:2448: in _handle_dbapi_exception_noconnection
    raise sqlalchemy_exception.with_traceback(exc_info[2]) from e
venv\Lib\site-packages\sqlalchemy\engine\base.py:143: in __init__
    self._dbapi_connection = engine.raw_connection()
venv\Lib\site-packages\sqlalchemy\engine\base.py:3309: in raw_connection
    return self.pool.connect()
venv\Lib\site-packages\sqlalchemy\pool\base.py:447: in connect
    return _ConnectionFairy._checkout(self)
venv\Lib\site-packages\sqlalchemy\pool\base.py:1264: in _checkout
    fairy = _ConnectionRecord.checkout(pool)
venv\Lib\site-packages\sqlalchemy\pool\base.py:711: in checkout
    rec = pool._do_get()
venv\Lib\site-packages\sqlalchemy\pool\impl.py:177: in _do_get
    with util.safe_reraise():
venv\Lib\site-packages\sqlalchemy\util\langhelpers.py:224: in __exit__
    raise exc_value.with_traceback(exc_tb)
venv\Lib\site-packages\sqlalchemy\pool\impl.py:175: in _do_get
    return self._create_connection()
venv\Lib\site-packages\sqlalchemy\pool\base.py:388: in _create_connection
    return _ConnectionRecord(self)
venv\Lib\site-packages\sqlalchemy\pool\base.py:673: in __init__
    self.__connect()
venv\Lib\site-packages\sqlalchemy\pool\base.py:899: in __connect
    with util.safe_reraise():
venv\Lib\site-packages\sqlalchemy\util\langhelpers.py:224: in __exit__
    raise exc_value.with_traceback(exc_tb)
venv\Lib\site-packages\sqlalchemy\pool\base.py:895: in __connect
    self.dbapi_connection = connection = pool._invoke_creator(self)
venv\Lib\site-packages\sqlalchemy\engine\create.py:661: in connect
    return dialect.connect(*cargs, **cparams)
_ _ _ _ _ _ _ _ _ _ _ _ _ _ _ _ _ _ _ _ _ _ _ _ _ _ _ _ _ _ _ _ _ _ _ _ _ _ _ _ _ _ _ _ _ _ _ _ _ _ _ _ _ _ _ _ _ _ _ _

self = &lt;sqlalchemy.dialects.sqlite.pysqlite.SQLiteDialect_pysqlite object at 0x0000018E11126580&gt;
cargs = ('C:\\Users\\LENOVO~1\\AppData\\Local\\Temp\\tmpqj5tk3s2',), cparams = {'check_same_thread': False}

    def connect(self, *cargs: Any, **cparams: Any) -&gt; DBAPIConnection:
        # inherits the docstring from interfaces.Dialect.connect
&gt;       return self.loaded_dbapi.connect(*cargs, **cparams)  # type: ignore[no-any-return]  # NOQA: E501
E       sqlalchemy.exc.OperationalError: (sqlite3.OperationalError) unable to open database file
E       (Background on this error at: https://sqlalche.me/e/20/e3q8)

venv\Lib\site-packages\sqlalchemy\engine\default.py:630: OperationalError</error></testcase><testcase classname="tests.test_api_store_webhooks.TestStripeWebhooks" name="test_subscription_updated_with_cancelled_downgrades_team" time="1.482"><error message="failed on setup with &quot;sqlalchemy.exc.OperationalError: (sqlite3.OperationalError) unable to open database file&#10;(Background on this error at: https://sqlalche.me/e/20/e3q8)&quot;">self = &lt;sqlalchemy.engine.base.Connection object at 0x0000018E100D7A50&gt;
engine = Engine(sqlite:///C:\Users\LENOVO~1\AppData\Local\Temp\tmpqj5tk3s2), connection = None, _has_events = None
_allow_revalidate = True, _allow_autobegin = True

    def __init__(
        self,
        engine: Engine,
        connection: Optional[PoolProxiedConnection] = None,
        _has_events: Optional[bool] = None,
        _allow_revalidate: bool = True,
        _allow_autobegin: bool = True,
    ):
        """Construct a new Connection."""
        self.engine = engine
        self.dialect = dialect = engine.dialect
    
        if connection is None:
            try:
&gt;               self._dbapi_connection = engine.raw_connection()

venv\Lib\site-packages\sqlalchemy\engine\base.py:143: 
_ _ _ _ _ _ _ _ _ _ _ _ _ _ _ _ _ _ _ _ _ _ _ _ _ _ _ _ _ _ _ _ _ _ _ _ _ _ _ _ _ _ _ _ _ _ _ _ _ _ _ _ _ _ _ _ _ _ _ _
venv\Lib\site-packages\sqlalchemy\engine\base.py:3309: in raw_connection
    return self.pool.connect()
venv\Lib\site-packages\sqlalchemy\pool\base.py:447: in connect
    return _ConnectionFairy._checkout(self)
venv\Lib\site-packages\sqlalchemy\pool\base.py:1264: in _checkout
    fairy = _ConnectionRecord.checkout(pool)
venv\Lib\site-packages\sqlalchemy\pool\base.py:711: in checkout
    rec = pool._do_get()
venv\Lib\site-packages\sqlalchemy\pool\impl.py:177: in _do_get
    with util.safe_reraise():
venv\Lib\site-packages\sqlalchemy\util\langhelpers.py:224: in __exit__
    raise exc_value.with_traceback(exc_tb)
venv\Lib\site-packages\sqlalchemy\pool\impl.py:175: in _do_get
    return self._create_connection()
venv\Lib\site-packages\sqlalchemy\pool\base.py:388: in _create_connection
    return _ConnectionRecord(self)
venv\Lib\site-packages\sqlalchemy\pool\base.py:673: in __init__
    self.__connect()
venv\Lib\site-packages\sqlalchemy\pool\base.py:899: in __connect
    with util.safe_reraise():
venv\Lib\site-packages\sqlalchemy\util\langhelpers.py:224: in __exit__
    raise exc_value.with_traceback(exc_tb)
venv\Lib\site-packages\sqlalchemy\pool\base.py:895: in __connect
    self.dbapi_connection = connection = pool._invoke_creator(self)
venv\Lib\site-packages\sqlalchemy\engine\create.py:661: in connect
    return dialect.connect(*cargs, **cparams)
_ _ _ _ _ _ _ _ _ _ _ _ _ _ _ _ _ _ _ _ _ _ _ _ _ _ _ _ _ _ _ _ _ _ _ _ _ _ _ _ _ _ _ _ _ _ _ _ _ _ _ _ _ _ _ _ _ _ _ _

self = &lt;sqlalchemy.dialects.sqlite.pysqlite.SQLiteDialect_pysqlite object at 0x0000018E10266F50&gt;
cargs = ('C:\\Users\\LENOVO~1\\AppData\\Local\\Temp\\tmpqj5tk3s2',), cparams = {'check_same_thread': False}

    def connect(self, *cargs: Any, **cparams: Any) -&gt; DBAPIConnection:
        # inherits the docstring from interfaces.Dialect.connect
&gt;       return self.loaded_dbapi.connect(*cargs, **cparams)  # type: ignore[no-any-return]  # NOQA: E501
E       sqlite3.OperationalError: unable to open database file

venv\Lib\site-packages\sqlalchemy\engine\default.py:630: OperationalError

The above exception was the direct cause of the following exception:

request = &lt;SubRequest 'testapp' for &lt;Function test_subscription_updated_with_cancelled_downgrades_team&gt;&gt;

    @pytest.fixture()
    def testapp(request):
        app = create_app('appname.settings.TestConfig')
        client = app.test_client()
    
        db.app = app
        app_ctx = app.app_context()
        app_ctx.push()
&gt;       db.create_all()

tests\conftest.py:19: 
_ _ _ _ _ _ _ _ _ _ _ _ _ _ _ _ _ _ _ _ _ _ _ _ _ _ _ _ _ _ _ _ _ _ _ _ _ _ _ _ _ _ _ _ _ _ _ _ _ _ _ _ _ _ _ _ _ _ _ _
venv\Lib\site-packages\flask_sqlalchemy\extension.py:900: in create_all
    self._call_for_binds(bind_key, "create_all")
venv\Lib\site-packages\flask_sqlalchemy\extension.py:881: in _call_for_binds
    getattr(metadata, op_name)(bind=engine)
venv\Lib\site-packages\sqlalchemy\sql\schema.py:5928: in create_all
    bind._run_ddl_visitor(
venv\Lib\site-packages\sqlalchemy\engine\base.py:3259: in _run_ddl_visitor
    with self.begin() as conn:
C:\Python314\Lib\contextlib.py:141: in __enter__
    return next(self.gen)
venv\Lib\site-packages\sqlalchemy\engine\base.py:3249: in begin
    with self.connect() as conn:
venv\Lib\site-packages\sqlalchemy\engine\base.py:3285: in connect
    return self._connection_cls(self)
venv\Lib\site-packages\sqlalchemy\engine\base.py:145: in __init__
    Connection._handle_dbapi_exception_noconnection(
venv\Lib\site-packages\sqlalchemy\engine\base.py:2448: in _handle_dbapi_exception_noconnection
    raise sqlalchemy_exception.with_traceback(exc_info[2]) from e
venv\Lib\site-packages\sqlalchemy\engine\base.py:143: in __init__
    self._dbapi_connection = engine.raw_connection()
venv\Lib\site-packages\sqlalchemy\engine\base.py:3309: in raw_connection
    return self.pool.connect()
venv\Lib\site-packages\sqlalchemy\pool\base.py:447: in connect
    return _ConnectionFairy._checkout(self)
venv\Lib\site-packages\sqlalchemy\pool\base.py:1264: in _checkout
    fairy = _ConnectionRecord.checkout(pool)
venv\Lib\site-packages\sqlalchemy\pool\base.py:711: in checkout
    rec = pool._do_get()
venv\Lib\site-packages\sqlalchemy\pool\impl.py:177: in _do_get
    with util.safe_reraise():
venv\Lib\site-packages\sqlalchemy\util\langhelpers.py:224: in __exit__
    raise exc_value.with_traceback(exc_tb)
venv\Lib\site-packages\sqlalchemy\pool\impl.py:175: in _do_get
    return self._create_connection()
venv\Lib\site-packages\sqlalchemy\pool\base.py:388: in _create_connection
    return _ConnectionRecord(self)
venv\Lib\site-packages\sqlalchemy\pool\base.py:673: in __init__
    self.__connect()
venv\Lib\site-packages\sqlalchemy\pool\base.py:899: in __connect
    with util.safe_reraise():
venv\Lib\site-packages\sqlalchemy\util\langhelpers.py:224: in __exit__
    raise exc_value.with_traceback(exc_tb)
venv\Lib\site-packages\sqlalchemy\pool\base.py:895: in __connect
    self.dbapi_connection = connection = pool._invoke_creator(self)
venv\Lib\site-packages\sqlalchemy\engine\create.py:661: in connect
    return dialect.connect(*cargs, **cparams)
_ _ _ _ _ _ _ _ _ _ _ _ _ _ _ _ _ _ _ _ _ _ _ _ _ _ _ _ _ _ _ _ _ _ _ _ _ _ _ _ _ _ _ _ _ _ _ _ _ _ _ _ _ _ _ _ _ _ _ _

self = &lt;sqlalchemy.dialects.sqlite.pysqlite.SQLiteDialect_pysqlite object at 0x0000018E10266F50&gt;
cargs = ('C:\\Users\\LENOVO~1\\AppData\\Local\\Temp\\tmpqj5tk3s2',), cparams = {'check_same_thread': False}

    def connect(self, *cargs: Any, **cparams: Any) -&gt; DBAPIConnection:
        # inherits the docstring from interfaces.Dialect.connect
&gt;       return self.loaded_dbapi.connect(*cargs, **cparams)  # type: ignore[no-any-return]  # NOQA: E501
E       sqlalchemy.exc.OperationalError: (sqlite3.OperationalError) unable to open database file
E       (Background on this error at: https://sqlalche.me/e/20/e3q8)

venv\Lib\site-packages\sqlalchemy\engine\default.py:630: OperationalError</error></testcase><testcase classname="tests.test_api_store_webhooks.TestStripeWebhooks" name="test_checkout_completed_sets_subscription_on_team" time="1.484"><error message="failed on setup with &quot;sqlalchemy.exc.OperationalError: (sqlite3.OperationalError) unable to open database file&#10;(Background on this error at: https://sqlalche.me/e/20/e3q8)&quot;">self = &lt;sqlalchemy.engine.base.Connection object at 0x0000018E10617150&gt;
engine = Engine(sqlite:///C:\Users\LENOVO~1\AppData\Local\Temp\tmpqj5tk3s2), connection = None, _has_events = None
_allow_revalidate = True, _allow_autobegin = True

    def __init__(
        self,
        engine: Engine,
        connection: Optional[PoolProxiedConnection] = None,
        _has_events: Optional[bool] = None,
        _allow_revalidate: bool = True,
        _allow_autobegin: bool = True,
    ):
        """Construct a new Connection."""
        self.engine = engine
        self.dialect = dialect = engine.dialect
    
        if connection is None:
            try:
&gt;               self._dbapi_connection = engine.raw_connection()

venv\Lib\site-packages\sqlalchemy\engine\base.py:143: 
_ _ _ _ _ _ _ _ _ _ _ _ _ _ _ _ _ _ _ _ _ _ _ _ _ _ _ _ _ _ _ _ _ _ _ _ _ _ _ _ _ _ _ _ _ _ _ _ _ _ _ _ _ _ _ _ _ _ _ _
venv\Lib\site-packages\sqlalchemy\engine\base.py:3309: in raw_connection
    return self.pool.connect()
venv\Lib\site-packages\sqlalchemy\pool\base.py:447: in connect
    return _ConnectionFairy._checkout(self)
venv\Lib\site-packages\sqlalchemy\pool\base.py:1264: in _checkout
    fairy = _ConnectionRecord.checkout(pool)
venv\Lib\site-packages\sqlalchemy\pool\base.py:711: in checkout
    rec = pool._do_get()
venv\Lib\site-packages\sqlalchemy\pool\impl.py:177: in _do_get
    with util.safe_reraise():
venv\Lib\site-packages\sqlalchemy\util\langhelpers.py:224: in __exit__
    raise exc_value.with_traceback(exc_tb)
venv\Lib\site-packages\sqlalchemy\pool\impl.py:175: in _do_get
    return self._create_connection()
venv\Lib\site-packages\sqlalchemy\pool\base.py:388: in _create_connection
    return _ConnectionRecord(self)
venv\Lib\site-packages\sqlalchemy\pool\base.py:673: in __init__
    self.__connect()
venv\Lib\site-packages\sqlalchemy\pool\base.py:899: in __connect
    with util.safe_reraise():
venv\Lib\site-packages\sqlalchemy\util\langhelpers.py:224: in __exit__
    raise exc_value.with_traceback(exc_tb)
venv\Lib\site-packages\sqlalchemy\pool\base.py:895: in __connect
    self.dbapi_connection = connection = pool._invoke_creator(self)
venv\Lib\site-packages\sqlalchemy\engine\create.py:661: in connect
    return dialect.connect(*cargs, **cparams)
_ _ _ _ _ _ _ _ _ _ _ _ _ _ _ _ _ _ _ _ _ _ _ _ _ _ _ _ _ _ _ _ _ _ _ _ _ _ _ _ _ _ _ _ _ _ _ _ _ _ _ _ _ _ _ _ _ _ _ _

self = &lt;sqlalchemy.dialects.sqlite.pysqlite.SQLiteDialect_pysqlite object at 0x0000018E10264450&gt;
cargs = ('C:\\Users\\LENOVO~1\\AppData\\Local\\Temp\\tmpqj5tk3s2',), cparams = {'check_same_thread': False}

    def connect(self, *cargs: Any, **cparams: Any) -&gt; DBAPIConnection:
        # inherits the docstring from interfaces.Dialect.connect
&gt;       return self.loaded_dbapi.connect(*cargs, **cparams)  # type: ignore[no-any-return]  # NOQA: E501
E       sqlite3.OperationalError: unable to open database file

venv\Lib\site-packages\sqlalchemy\engine\default.py:630: OperationalError

The above exception was the direct cause of the following exception:

request = &lt;SubRequest 'testapp' for &lt;Function test_checkout_completed_sets_subscription_on_team&gt;&gt;

    @pytest.fixture()
    def testapp(request):
        app = create_app('appname.settings.TestConfig')
        client = app.test_client()
    
        db.app = app
        app_ctx = app.app_context()
        app_ctx.push()
&gt;       db.create_all()

tests\conftest.py:19: 
_ _ _ _ _ _ _ _ _ _ _ _ _ _ _ _ _ _ _ _ _ _ _ _ _ _ _ _ _ _ _ _ _ _ _ _ _ _ _ _ _ _ _ _ _ _ _ _ _ _ _ _ _ _ _ _ _ _ _ _
venv\Lib\site-packages\flask_sqlalchemy\extension.py:900: in create_all
    self._call_for_binds(bind_key, "create_all")
venv\Lib\site-packages\flask_sqlalchemy\extension.py:881: in _call_for_binds
    getattr(metadata, op_name)(bind=engine)
venv\Lib\site-packages\sqlalchemy\sql\schema.py:5928: in create_all
    bind._run_ddl_visitor(
venv\Lib\site-packages\sqlalchemy\engine\base.py:3259: in _run_ddl_visitor
    with self.begin() as conn:
C:\Python314\Lib\contextlib.py:141: in __enter__
    return next(self.gen)
venv\Lib\site-packages\sqlalchemy\engine\base.py:3249: in begin
    with self.connect() as conn:
venv\Lib\site-packages\sqlalchemy\engine\base.py:3285: in connect
    return self._connection_cls(self)
venv\Lib\site-packages\sqlalchemy\engine\base.py:145: in __init__
    Connection._handle_dbapi_exception_noconnection(
venv\Lib\site-packages\sqlalchemy\engine\base.py:2448: in _handle_dbapi_exception_noconnection
    raise sqlalchemy_exception.with_traceback(exc_info[2]) from e
venv\Lib\site-packages\sqlalchemy\engine\base.py:143: in __init__
    self._dbapi_connection = engine.raw_connection()
venv\Lib\site-packages\sqlalchemy\engine\base.py:3309: in raw_connection
    return self.pool.connect()
venv\Lib\site-packages\sqlalchemy\pool\base.py:447: in connect
    return _ConnectionFairy._checkout(self)
venv\Lib\site-packages\sqlalchemy\pool\base.py:1264: in _checkout
    fairy = _ConnectionRecord.checkout(pool)
venv\Lib\site-packages\sqlalchemy\pool\base.py:711: in checkout
    rec = pool._do_get()
venv\Lib\site-packages\sqlalchemy\pool\impl.py:177: in _do_get
    with util.safe_reraise():
venv\Lib\site-packages\sqlalchemy\util\langhelpers.py:224: in __exit__
    raise exc_value.with_traceback(exc_tb)
venv\Lib\site-packages\sqlalchemy\pool\impl.py:175: in _do_get
    return self._create_connection()
venv\Lib\site-packages\sqlalchemy\pool\base.py:388: in _create_connection
    return _ConnectionRecord(self)
venv\Lib\site-packages\sqlalchemy\pool\base.py:673: in __init__
    self.__connect()
venv\Lib\site-packages\sqlalchemy\pool\base.py:899: in __connect
    with util.safe_reraise():
venv\Lib\site-packages\sqlalchemy\util\langhelpers.py:224: in __exit__
    raise exc_value.with_traceback(exc_tb)
venv\Lib\site-packages\sqlalchemy\pool\base.py:895: in __connect
    self.dbapi_connection = connection = pool._invoke_creator(self)
venv\Lib\site-packages\sqlalchemy\engine\create.py:661: in connect
    return dialect.connect(*cargs, **cparams)
_ _ _ _ _ _ _ _ _ _ _ _ _ _ _ _ _ _ _ _ _ _ _ _ _ _ _ _ _ _ _ _ _ _ _ _ _ _ _ _ _ _ _ _ _ _ _ _ _ _ _ _ _ _ _ _ _ _ _ _

self = &lt;sqlalchemy.dialects.sqlite.pysqlite.SQLiteDialect_pysqlite object at 0x0000018E10264450&gt;
cargs = ('C:\\Users\\LENOVO~1\\AppData\\Local\\Temp\\tmpqj5tk3s2',), cparams = {'check_same_thread': False}

    def connect(self, *cargs: Any, **cparams: Any) -&gt; DBAPIConnection:
        # inherits the docstring from interfaces.Dialect.connect
&gt;       return self.loaded_dbapi.connect(*cargs, **cparams)  # type: ignore[no-any-return]  # NOQA: E501
E       sqlalchemy.exc.OperationalError: (sqlite3.OperationalError) unable to open database file
E       (Background on this error at: https://sqlalche.me/e/20/e3q8)

venv\Lib\site-packages\sqlalchemy\engine\default.py:630: OperationalError</error></testcase><testcase classname="tests.test_api_store_webhooks.TestStripeWebhooks" name="test_checkout_completed_with_unknown_team_returns_question_mark" time="1.492"><error message="failed on setup with &quot;sqlalchemy.exc.OperationalError: (sqlite3.OperationalError) unable to open database file&#10;(Background on this error at: https://sqlalche.me/e/20/e3q8)&quot;">self = &lt;sqlalchemy.engine.base.Connection object at 0x0000018E110A86E0&gt;
engine = Engine(sqlite:///C:\Users\LENOVO~1\AppData\Local\Temp\tmpqj5tk3s2), connection = None, _has_events = None
_allow_revalidate = True, _allow_autobegin = True

    def __init__(
        self,
        engine: Engine,
        connection: Optional[PoolProxiedConnection] = None,
        _has_events: Optional[bool] = None,
        _allow_revalidate: bool = True,
        _allow_autobegin: bool = True,
    ):
        """Construct a new Connection."""
        self.engine = engine
        self.dialect = dialect = engine.dialect
    
        if connection is None:
            try:
&gt;               self._dbapi_connection = engine.raw_connection()

venv\Lib\site-packages\sqlalchemy\engine\base.py:143: 
_ _ _ _ _ _ _ _ _ _ _ _ _ _ _ _ _ _ _ _ _ _ _ _ _ _ _ _ _ _ _ _ _ _ _ _ _ _ _ _ _ _ _ _ _ _ _ _ _ _ _ _ _ _ _ _ _ _ _ _
venv\Lib\site-packages\sqlalchemy\engine\base.py:3309: in raw_connection
    return self.pool.connect()
venv\Lib\site-packages\sqlalchemy\pool\base.py:447: in connect
    return _ConnectionFairy._checkout(self)
venv\Lib\site-packages\sqlalchemy\pool\base.py:1264: in _checkout
    fairy = _ConnectionRecord.checkout(pool)
venv\Lib\site-packages\sqlalchemy\pool\base.py:711: in checkout
    rec = pool._do_get()
venv\Lib\site-packages\sqlalchemy\pool\impl.py:177: in _do_get
    with util.safe_reraise():
venv\Lib\site-packages\sqlalchemy\util\langhelpers.py:224: in __exit__
    raise exc_value.with_traceback(exc_tb)
venv\Lib\site-packages\sqlalchemy\pool\impl.py:175: in _do_get
    return self._create_connection()
venv\Lib\site-packages\sqlalchemy\pool\base.py:388: in _create_connection
    return _ConnectionRecord(self)
venv\Lib\site-packages\sqlalchemy\pool\base.py:673: in __init__
    self.__connect()
venv\Lib\site-packages\sqlalchemy\pool\base.py:899: in __connect
    with util.safe_reraise():
venv\Lib\site-packages\sqlalchemy\util\langhelpers.py:224: in __exit__
    raise exc_value.with_traceback(exc_tb)
venv\Lib\site-packages\sqlalchemy\pool\base.py:895: in __connect
    self.dbapi_connection = connection = pool._invoke_creator(self)
venv\Lib\site-packages\sqlalchemy\engine\create.py:661: in connect
    return dialect.connect(*cargs, **cparams)
_ _ _ _ _ _ _ _ _ _ _ _ _ _ _ _ _ _ _ _ _ _ _ _ _ _ _ _ _ _ _ _ _ _ _ _ _ _ _ _ _ _ _ _ _ _ _ _ _ _ _ _ _ _ _ _ _ _ _ _

self = &lt;sqlalchemy.dialects.sqlite.pysqlite.SQLiteDialect_pysqlite object at 0x0000018E1100C950&gt;
cargs = ('C:\\Users\\LENOVO~1\\AppData\\Local\\Temp\\tmpqj5tk3s2',), cparams = {'check_same_thread': False}

    def connect(self, *cargs: Any, **cparams: Any) -&gt; DBAPIConnection:
        # inherits the docstring from interfaces.Dialect.connect
&gt;       return self.loaded_dbapi.connect(*cargs, **cparams)  # type: ignore[no-any-return]  # NOQA: E501
E       sqlite3.OperationalError: unable to open database file

venv\Lib\site-packages\sqlalchemy\engine\default.py:630: OperationalError

The above exception was the direct cause of the following exception:

request = &lt;SubRequest 'testapp' for &lt;Function test_checkout_completed_with_unknown_team_returns_question_mark&gt;&gt;

    @pytest.fixture()
    def testapp(request):
        app = create_app('appname.settings.TestConfig')
        client = app.test_client()
    
        db.app = app
        app_ctx = app.app_context()
        app_ctx.push()
&gt;       db.create_all()

tests\conftest.py:19: 
_ _ _ _ _ _ _ _ _ _ _ _ _ _ _ _ _ _ _ _ _ _ _ _ _ _ _ _ _ _ _ _ _ _ _ _ _ _ _ _ _ _ _ _ _ _ _ _ _ _ _ _ _ _ _ _ _ _ _ _
venv\Lib\site-packages\flask_sqlalchemy\extension.py:900: in create_all
    self._call_for_binds(bind_key, "create_all")
venv\Lib\site-packages\flask_sqlalchemy\extension.py:881: in _call_for_binds
    getattr(metadata, op_name)(bind=engine)
venv\Lib\site-packages\sqlalchemy\sql\schema.py:5928: in create_all
    bind._run_ddl_visitor(
venv\Lib\site-packages\sqlalchemy\engine\base.py:3259: in _run_ddl_visitor
    with self.begin() as conn:
C:\Python314\Lib\contextlib.py:141: in __enter__
    return next(self.gen)
venv\Lib\site-packages\sqlalchemy\engine\base.py:3249: in begin
    with self.connect() as conn:
venv\Lib\site-packages\sqlalchemy\engine\base.py:3285: in connect
    return self._connection_cls(self)
venv\Lib\site-packages\sqlalchemy\engine\base.py:145: in __init__
    Connection._handle_dbapi_exception_noconnection(
venv\Lib\site-packages\sqlalchemy\engine\base.py:2448: in _handle_dbapi_exception_noconnection
    raise sqlalchemy_exception.with_traceback(exc_info[2]) from e
venv\Lib\site-packages\sqlalchemy\engine\base.py:143: in __init__
    self._dbapi_connection = engine.raw_connection()
venv\Lib\site-packages\sqlalchemy\engine\base.py:3309: in raw_connection
    return self.pool.connect()
venv\Lib\site-packages\sqlalchemy\pool\base.py:447: in connect
    return _ConnectionFairy._checkout(self)
venv\Lib\site-packages\sqlalchemy\pool\base.py:1264: in _checkout
    fairy = _ConnectionRecord.checkout(pool)
venv\Lib\site-packages\sqlalchemy\pool\base.py:711: in checkout
    rec = pool._do_get()
venv\Lib\site-packages\sqlalchemy\pool\impl.py:177: in _do_get
    with util.safe_reraise():
venv\Lib\site-packages\sqlalchemy\util\langhelpers.py:224: in __exit__
    raise exc_value.with_traceback(exc_tb)
venv\Lib\site-packages\sqlalchemy\pool\impl.py:175: in _do_get
    return self._create_connection()
venv\Lib\site-packages\sqlalchemy\pool\base.py:388: in _create_connection
    return _ConnectionRecord(self)
venv\Lib\site-packages\sqlalchemy\pool\base.py:673: in __init__
    self.__connect()
venv\Lib\site-packages\sqlalchemy\pool\base.py:899: in __connect
    with util.safe_reraise():
venv\Lib\site-packages\sqlalchemy\util\langhelpers.py:224: in __exit__
    raise exc_value.with_traceback(exc_tb)
venv\Lib\site-packages\sqlalchemy\pool\base.py:895: in __connect
    self.dbapi_connection = connection = pool._invoke_creator(self)
venv\Lib\site-packages\sqlalchemy\engine\create.py:661: in connect
    return dialect.connect(*cargs, **cparams)
_ _ _ _ _ _ _ _ _ _ _ _ _ _ _ _ _ _ _ _ _ _ _ _ _ _ _ _ _ _ _ _ _ _ _ _ _ _ _ _ _ _ _ _ _ _ _ _ _ _ _ _ _ _ _ _ _ _ _ _

self = &lt;sqlalchemy.dialects.sqlite.pysqlite.SQLiteDialect_pysqlite object at 0x0000018E1100C950&gt;
cargs = ('C:\\Users\\LENOVO~1\\AppData\\Local\\Temp\\tmpqj5tk3s2',), cparams = {'check_same_thread': False}

    def connect(self, *cargs: Any, **cparams: Any) -&gt; DBAPIConnection:
        # inherits the docstring from interfaces.Dialect.connect
&gt;       return self.loaded_dbapi.connect(*cargs, **cparams)  # type: ignore[no-any-return]  # NOQA: E501
E       sqlalchemy.exc.OperationalError: (sqlite3.OperationalError) unable to open database file
E       (Background on this error at: https://sqlalche.me/e/20/e3q8)

venv\Lib\site-packages\sqlalchemy\engine\default.py:630: OperationalError</error></testcase><testcase classname="tests.test_auth_extra.TestAuthAdditionalFlows" name="test_confirm_invalid_token_404" time="1.492"><error message="failed on setup with &quot;sqlalchemy.exc.OperationalError: (sqlite3.OperationalError) unable to open database file&#10;(Background on this error at: https://sqlalche.me/e/20/e3q8)&quot;">self = &lt;sqlalchemy.engine.base.Connection object at 0x0000018E110ABF20&gt;
engine = Engine(sqlite:///C:\Users\LENOVO~1\AppData\Local\Temp\tmpqj5tk3s2), connection = None, _has_events = None
_allow_revalidate = True, _allow_autobegin = True

    def __init__(
        self,
        engine: Engine,
        connection: Optional[PoolProxiedConnection] = None,
        _has_events: Optional[bool] = None,
        _allow_revalidate: bool = True,
        _allow_autobegin: bool = True,
    ):
        """Construct a new Connection."""
        self.engine = engine
        self.dialect = dialect = engine.dialect
    
        if connection is None:
            try:
&gt;               self._dbapi_connection = engine.raw_connection()

venv\Lib\site-packages\sqlalchemy\engine\base.py:143: 
_ _ _ _ _ _ _ _ _ _ _ _ _ _ _ _ _ _ _ _ _ _ _ _ _ _ _ _ _ _ _ _ _ _ _ _ _ _ _ _ _ _ _ _ _ _ _ _ _ _ _ _ _ _ _ _ _ _ _ _
venv\Lib\site-packages\sqlalchemy\engine\base.py:3309: in raw_connection
    return self.pool.connect()
venv\Lib\site-packages\sqlalchemy\pool\base.py:447: in connect
    return _ConnectionFairy._checkout(self)
venv\Lib\site-packages\sqlalchemy\pool\base.py:1264: in _checkout
    fairy = _ConnectionRecord.checkout(pool)
venv\Lib\site-packages\sqlalchemy\pool\base.py:711: in checkout
    rec = pool._do_get()
venv\Lib\site-packages\sqlalchemy\pool\impl.py:177: in _do_get
    with util.safe_reraise():
venv\Lib\site-packages\sqlalchemy\util\langhelpers.py:224: in __exit__
    raise exc_value.with_traceback(exc_tb)
venv\Lib\site-packages\sqlalchemy\pool\impl.py:175: in _do_get
    return self._create_connection()
venv\Lib\site-packages\sqlalchemy\pool\base.py:388: in _create_connection
    return _ConnectionRecord(self)
venv\Lib\site-packages\sqlalchemy\pool\base.py:673: in __init__
    self.__connect()
venv\Lib\site-packages\sqlalchemy\pool\base.py:899: in __connect
    with util.safe_reraise():
venv\Lib\site-packages\sqlalchemy\util\langhelpers.py:224: in __exit__
    raise exc_value.with_traceback(exc_tb)
venv\Lib\site-packages\sqlalchemy\pool\base.py:895: in __connect
    self.dbapi_connection = connection = pool._invoke_creator(self)
venv\Lib\site-packages\sqlalchemy\engine\create.py:661: in connect
    return dialect.connect(*cargs, **cparams)
_ _ _ _ _ _ _ _ _ _ _ _ _ _ _ _ _ _ _ _ _ _ _ _ _ _ _ _ _ _ _ _ _ _ _ _ _ _ _ _ _ _ _ _ _ _ _ _ _ _ _ _ _ _ _ _ _ _ _ _

self = &lt;sqlalchemy.dialects.sqlite.pysqlite.SQLiteDialect_pysqlite object at 0x0000018E1100D950&gt;
cargs = ('C:\\Users\\LENOVO~1\\AppData\\Local\\Temp\\tmpqj5tk3s2',), cparams = {'check_same_thread': False}

    def connect(self, *cargs: Any, **cparams: Any) -&gt; DBAPIConnection:
        # inherits the docstring from interfaces.Dialect.connect
&gt;       return self.loaded_dbapi.connect(*cargs, **cparams)  # type: ignore[no-any-return]  # NOQA: E501
E       sqlite3.OperationalError: unable to open database file

venv\Lib\site-packages\sqlalchemy\engine\default.py:630: OperationalError

The above exception was the direct cause of the following exception:

request = &lt;SubRequest 'testapp' for &lt;Function test_confirm_invalid_token_404&gt;&gt;

    @pytest.fixture()
    def testapp(request):
        app = create_app('appname.settings.TestConfig')
        client = app.test_client()
    
        db.app = app
        app_ctx = app.app_context()
        app_ctx.push()
&gt;       db.create_all()

tests\conftest.py:19: 
_ _ _ _ _ _ _ _ _ _ _ _ _ _ _ _ _ _ _ _ _ _ _ _ _ _ _ _ _ _ _ _ _ _ _ _ _ _ _ _ _ _ _ _ _ _ _ _ _ _ _ _ _ _ _ _ _ _ _ _
venv\Lib\site-packages\flask_sqlalchemy\extension.py:900: in create_all
    self._call_for_binds(bind_key, "create_all")
venv\Lib\site-packages\flask_sqlalchemy\extension.py:881: in _call_for_binds
    getattr(metadata, op_name)(bind=engine)
venv\Lib\site-packages\sqlalchemy\sql\schema.py:5928: in create_all
    bind._run_ddl_visitor(
venv\Lib\site-packages\sqlalchemy\engine\base.py:3259: in _run_ddl_visitor
    with self.begin() as conn:
C:\Python314\Lib\contextlib.py:141: in __enter__
    return next(self.gen)
venv\Lib\site-packages\sqlalchemy\engine\base.py:3249: in begin
    with self.connect() as conn:
venv\Lib\site-packages\sqlalchemy\engine\base.py:3285: in connect
    return self._connection_cls(self)
venv\Lib\site-packages\sqlalchemy\engine\base.py:145: in __init__
    Connection._handle_dbapi_exception_noconnection(
venv\Lib\site-packages\sqlalchemy\engine\base.py:2448: in _handle_dbapi_exception_noconnection
    raise sqlalchemy_exception.with_traceback(exc_info[2]) from e
venv\Lib\site-packages\sqlalchemy\engine\base.py:143: in __init__
    self._dbapi_connection = engine.raw_connection()
venv\Lib\site-packages\sqlalchemy\engine\base.py:3309: in raw_connection
    return self.pool.connect()
venv\Lib\site-packages\sqlalchemy\pool\base.py:447: in connect
    return _ConnectionFairy._checkout(self)
venv\Lib\site-packages\sqlalchemy\pool\base.py:1264: in _checkout
    fairy = _ConnectionRecord.checkout(pool)
venv\Lib\site-packages\sqlalchemy\pool\base.py:711: in checkout
    rec = pool._do_get()
venv\Lib\site-packages\sqlalchemy\pool\impl.py:177: in _do_get
    with util.safe_reraise():
venv\Lib\site-packages\sqlalchemy\util\langhelpers.py:224: in __exit__
    raise exc_value.with_traceback(exc_tb)
venv\Lib\site-packages\sqlalchemy\pool\impl.py:175: in _do_get
    return self._create_connection()
venv\Lib\site-packages\sqlalchemy\pool\base.py:388: in _create_connection
    return _ConnectionRecord(self)
venv\Lib\site-packages\sqlalchemy\pool\base.py:673: in __init__
    self.__connect()
venv\Lib\site-packages\sqlalchemy\pool\base.py:899: in __connect
    with util.safe_reraise():
venv\Lib\site-packages\sqlalchemy\util\langhelpers.py:224: in __exit__
    raise exc_value.with_traceback(exc_tb)
venv\Lib\site-packages\sqlalchemy\pool\base.py:895: in __connect
    self.dbapi_connection = connection = pool._invoke_creator(self)
venv\Lib\site-packages\sqlalchemy\engine\create.py:661: in connect
    return dialect.connect(*cargs, **cparams)
_ _ _ _ _ _ _ _ _ _ _ _ _ _ _ _ _ _ _ _ _ _ _ _ _ _ _ _ _ _ _ _ _ _ _ _ _ _ _ _ _ _ _ _ _ _ _ _ _ _ _ _ _ _ _ _ _ _ _ _

self = &lt;sqlalchemy.dialects.sqlite.pysqlite.SQLiteDialect_pysqlite object at 0x0000018E1100D950&gt;
cargs = ('C:\\Users\\LENOVO~1\\AppData\\Local\\Temp\\tmpqj5tk3s2',), cparams = {'check_same_thread': False}

    def connect(self, *cargs: Any, **cparams: Any) -&gt; DBAPIConnection:
        # inherits the docstring from interfaces.Dialect.connect
&gt;       return self.loaded_dbapi.connect(*cargs, **cparams)  # type: ignore[no-any-return]  # NOQA: E501
E       sqlalchemy.exc.OperationalError: (sqlite3.OperationalError) unable to open database file
E       (Background on this error at: https://sqlalche.me/e/20/e3q8)

venv\Lib\site-packages\sqlalchemy\engine\default.py:630: OperationalError</error></testcase><testcase classname="tests.test_auth_extra.TestAuthAdditionalFlows" name="test_confirm_email_logged_out_redirects_login" time="1.502"><error message="failed on setup with &quot;sqlalchemy.exc.OperationalError: (sqlite3.OperationalError) unable to open database file&#10;(Background on this error at: https://sqlalche.me/e/20/e3q8)&quot;">self = &lt;sqlalchemy.engine.base.Connection object at 0x0000018E10AEBCB0&gt;
engine = Engine(sqlite:///C:\Users\LENOVO~1\AppData\Local\Temp\tmpqj5tk3s2), connection = None, _has_events = None
_allow_revalidate = True, _allow_autobegin = True

    def __init__(
        self,
        engine: Engine,
        connection: Optional[PoolProxiedConnection] = None,
        _has_events: Optional[bool] = None,
        _allow_revalidate: bool = True,
        _allow_autobegin: bool = True,
    ):
        """Construct a new Connection."""
        self.engine = engine
        self.dialect = dialect = engine.dialect
    
        if connection is None:
            try:
&gt;               self._dbapi_connection = engine.raw_connection()

venv\Lib\site-packages\sqlalchemy\engine\base.py:143: 
_ _ _ _ _ _ _ _ _ _ _ _ _ _ _ _ _ _ _ _ _ _ _ _ _ _ _ _ _ _ _ _ _ _ _ _ _ _ _ _ _ _ _ _ _ _ _ _ _ _ _ _ _ _ _ _ _ _ _ _
venv\Lib\site-packages\sqlalchemy\engine\base.py:3309: in raw_connection
    return self.pool.connect()
venv\Lib\site-packages\sqlalchemy\pool\base.py:447: in connect
    return _ConnectionFairy._checkout(self)
venv\Lib\site-packages\sqlalchemy\pool\base.py:1264: in _checkout
    fairy = _ConnectionRecord.checkout(pool)
venv\Lib\site-packages\sqlalchemy\pool\base.py:711: in checkout
    rec = pool._do_get()
venv\Lib\site-packages\sqlalchemy\pool\impl.py:177: in _do_get
    with util.safe_reraise():
venv\Lib\site-packages\sqlalchemy\util\langhelpers.py:224: in __exit__
    raise exc_value.with_traceback(exc_tb)
venv\Lib\site-packages\sqlalchemy\pool\impl.py:175: in _do_get
    return self._create_connection()
venv\Lib\site-packages\sqlalchemy\pool\base.py:388: in _create_connection
    return _ConnectionRecord(self)
venv\Lib\site-packages\sqlalchemy\pool\base.py:673: in __init__
    self.__connect()
venv\Lib\site-packages\sqlalchemy\pool\base.py:899: in __connect
    with util.safe_reraise():
venv\Lib\site-packages\sqlalchemy\util\langhelpers.py:224: in __exit__
    raise exc_value.with_traceback(exc_tb)
venv\Lib\site-packages\sqlalchemy\pool\base.py:895: in __connect
    self.dbapi_connection = connection = pool._invoke_creator(self)
venv\Lib\site-packages\sqlalchemy\engine\create.py:661: in connect
    return dialect.connect(*cargs, **cparams)
_ _ _ _ _ _ _ _ _ _ _ _ _ _ _ _ _ _ _ _ _ _ _ _ _ _ _ _ _ _ _ _ _ _ _ _ _ _ _ _ _ _ _ _ _ _ _ _ _ _ _ _ _ _ _ _ _ _ _ _

self = &lt;sqlalchemy.dialects.sqlite.pysqlite.SQLiteDialect_pysqlite object at 0x0000018E1100E050&gt;
cargs = ('C:\\Users\\LENOVO~1\\AppData\\Local\\Temp\\tmpqj5tk3s2',), cparams = {'check_same_thread': False}

    def connect(self, *cargs: Any, **cparams: Any) -&gt; DBAPIConnection:
        # inherits the docstring from interfaces.Dialect.connect
&gt;       return self.loaded_dbapi.connect(*cargs, **cparams)  # type: ignore[no-any-return]  # NOQA: E501
E       sqlite3.OperationalError: unable to open database file

venv\Lib\site-packages\sqlalchemy\engine\default.py:630: OperationalError

The above exception was the direct cause of the following exception:

request = &lt;SubRequest 'testapp' for &lt;Function test_confirm_email_logged_out_redirects_login&gt;&gt;

    @pytest.fixture()
    def testapp(request):
        app = create_app('appname.settings.TestConfig')
        client = app.test_client()
    
        db.app = app
        app_ctx = app.app_context()
        app_ctx.push()
&gt;       db.create_all()

tests\conftest.py:19: 
_ _ _ _ _ _ _ _ _ _ _ _ _ _ _ _ _ _ _ _ _ _ _ _ _ _ _ _ _ _ _ _ _ _ _ _ _ _ _ _ _ _ _ _ _ _ _ _ _ _ _ _ _ _ _ _ _ _ _ _
venv\Lib\site-packages\flask_sqlalchemy\extension.py:900: in create_all
    self._call_for_binds(bind_key, "create_all")
venv\Lib\site-packages\flask_sqlalchemy\extension.py:881: in _call_for_binds
    getattr(metadata, op_name)(bind=engine)
venv\Lib\site-packages\sqlalchemy\sql\schema.py:5928: in create_all
    bind._run_ddl_visitor(
venv\Lib\site-packages\sqlalchemy\engine\base.py:3259: in _run_ddl_visitor
    with self.begin() as conn:
C:\Python314\Lib\contextlib.py:141: in __enter__
    return next(self.gen)
venv\Lib\site-packages\sqlalchemy\engine\base.py:3249: in begin
    with self.connect() as conn:
venv\Lib\site-packages\sqlalchemy\engine\base.py:3285: in connect
    return self._connection_cls(self)
venv\Lib\site-packages\sqlalchemy\engine\base.py:145: in __init__
    Connection._handle_dbapi_exception_noconnection(
venv\Lib\site-packages\sqlalchemy\engine\base.py:2448: in _handle_dbapi_exception_noconnection
    raise sqlalchemy_exception.with_traceback(exc_info[2]) from e
venv\Lib\site-packages\sqlalchemy\engine\base.py:143: in __init__
    self._dbapi_connection = engine.raw_connection()
venv\Lib\site-packages\sqlalchemy\engine\base.py:3309: in raw_connection
    return self.pool.connect()
venv\Lib\site-packages\sqlalchemy\pool\base.py:447: in connect
    return _ConnectionFairy._checkout(self)
venv\Lib\site-packages\sqlalchemy\pool\base.py:1264: in _checkout
    fairy = _ConnectionRecord.checkout(pool)
venv\Lib\site-packages\sqlalchemy\pool\base.py:711: in checkout
    rec = pool._do_get()
venv\Lib\site-packages\sqlalchemy\pool\impl.py:177: in _do_get
    with util.safe_reraise():
venv\Lib\site-packages\sqlalchemy\util\langhelpers.py:224: in __exit__
    raise exc_value.with_traceback(exc_tb)
venv\Lib\site-packages\sqlalchemy\pool\impl.py:175: in _do_get
    return self._create_connection()
venv\Lib\site-packages\sqlalchemy\pool\base.py:388: in _create_connection
    return _ConnectionRecord(self)
venv\Lib\site-packages\sqlalchemy\pool\base.py:673: in __init__
    self.__connect()
venv\Lib\site-packages\sqlalchemy\pool\base.py:899: in __connect
    with util.safe_reraise():
venv\Lib\site-packages\sqlalchemy\util\langhelpers.py:224: in __exit__
    raise exc_value.with_traceback(exc_tb)
venv\Lib\site-packages\sqlalchemy\pool\base.py:895: in __connect
    self.dbapi_connection = connection = pool._invoke_creator(self)
venv\Lib\site-packages\sqlalchemy\engine\create.py:661: in connect
    return dialect.connect(*cargs, **cparams)
_ _ _ _ _ _ _ _ _ _ _ _ _ _ _ _ _ _ _ _ _ _ _ _ _ _ _ _ _ _ _ _ _ _ _ _ _ _ _ _ _ _ _ _ _ _ _ _ _ _ _ _ _ _ _ _ _ _ _ _

self = &lt;sqlalchemy.dialects.sqlite.pysqlite.SQLiteDialect_pysqlite object at 0x0000018E1100E050&gt;
cargs = ('C:\\Users\\LENOVO~1\\AppData\\Local\\Temp\\tmpqj5tk3s2',), cparams = {'check_same_thread': False}

    def connect(self, *cargs: Any, **cparams: Any) -&gt; DBAPIConnection:
        # inherits the docstring from interfaces.Dialect.connect
&gt;       return self.loaded_dbapi.connect(*cargs, **cparams)  # type: ignore[no-any-return]  # NOQA: E501
E       sqlalchemy.exc.OperationalError: (sqlite3.OperationalError) unable to open database file
E       (Background on this error at: https://sqlalche.me/e/20/e3q8)

venv\Lib\site-packages\sqlalchemy\engine\default.py:630: OperationalError</error></testcase><testcase classname="tests.test_auth_extra.TestAuthAdditionalFlows" name="test_confirm_email_logged_in_redirects_dashboard" time="1.495"><error message="failed on setup with &quot;sqlalchemy.exc.OperationalError: (sqlite3.OperationalError) unable to open database file&#10;(Background on this error at: https://sqlalche.me/e/20/e3q8)&quot;">self = &lt;sqlalchemy.engine.base.Connection object at 0x0000018E10DC6DD0&gt;
engine = Engine(sqlite:///C:\Users\LENOVO~1\AppData\Local\Temp\tmpqj5tk3s2), connection = None, _has_events = None
_allow_revalidate = True, _allow_autobegin = True

    def __init__(
        self,
        engine: Engine,
        connection: Optional[PoolProxiedConnection] = None,
        _has_events: Optional[bool] = None,
        _allow_revalidate: bool = True,
        _allow_autobegin: bool = True,
    ):
        """Construct a new Connection."""
        self.engine = engine
        self.dialect = dialect = engine.dialect
    
        if connection is None:
            try:
&gt;               self._dbapi_connection = engine.raw_connection()

venv\Lib\site-packages\sqlalchemy\engine\base.py:143: 
_ _ _ _ _ _ _ _ _ _ _ _ _ _ _ _ _ _ _ _ _ _ _ _ _ _ _ _ _ _ _ _ _ _ _ _ _ _ _ _ _ _ _ _ _ _ _ _ _ _ _ _ _ _ _ _ _ _ _ _
venv\Lib\site-packages\sqlalchemy\engine\base.py:3309: in raw_connection
    return self.pool.connect()
venv\Lib\site-packages\sqlalchemy\pool\base.py:447: in connect
    return _ConnectionFairy._checkout(self)
venv\Lib\site-packages\sqlalchemy\pool\base.py:1264: in _checkout
    fairy = _ConnectionRecord.checkout(pool)
venv\Lib\site-packages\sqlalchemy\pool\base.py:711: in checkout
    rec = pool._do_get()
venv\Lib\site-packages\sqlalchemy\pool\impl.py:177: in _do_get
    with util.safe_reraise():
venv\Lib\site-packages\sqlalchemy\util\langhelpers.py:224: in __exit__
    raise exc_value.with_traceback(exc_tb)
venv\Lib\site-packages\sqlalchemy\pool\impl.py:175: in _do_get
    return self._create_connection()
venv\Lib\site-packages\sqlalchemy\pool\base.py:388: in _create_connection
    return _ConnectionRecord(self)
venv\Lib\site-packages\sqlalchemy\pool\base.py:673: in __init__
    self.__connect()
venv\Lib\site-packages\sqlalchemy\pool\base.py:899: in __connect
    with util.safe_reraise():
venv\Lib\site-packages\sqlalchemy\util\langhelpers.py:224: in __exit__
    raise exc_value.with_traceback(exc_tb)
venv\Lib\site-packages\sqlalchemy\pool\base.py:895: in __connect
    self.dbapi_connection = connection = pool._invoke_creator(self)
venv\Lib\site-packages\sqlalchemy\engine\create.py:661: in connect
    return dialect.connect(*cargs, **cparams)
_ _ _ _ _ _ _ _ _ _ _ _ _ _ _ _ _ _ _ _ _ _ _ _ _ _ _ _ _ _ _ _ _ _ _ _ _ _ _ _ _ _ _ _ _ _ _ _ _ _ _ _ _ _ _ _ _ _ _ _

self = &lt;sqlalchemy.dialects.sqlite.pysqlite.SQLiteDialect_pysqlite object at 0x0000018E1100F850&gt;
cargs = ('C:\\Users\\LENOVO~1\\AppData\\Local\\Temp\\tmpqj5tk3s2',), cparams = {'check_same_thread': False}

    def connect(self, *cargs: Any, **cparams: Any) -&gt; DBAPIConnection:
        # inherits the docstring from interfaces.Dialect.connect
&gt;       return self.loaded_dbapi.connect(*cargs, **cparams)  # type: ignore[no-any-return]  # NOQA: E501
E       sqlite3.OperationalError: unable to open database file

venv\Lib\site-packages\sqlalchemy\engine\default.py:630: OperationalError

The above exception was the direct cause of the following exception:

request = &lt;SubRequest 'testapp' for &lt;Function test_confirm_email_logged_in_redirects_dashboard&gt;&gt;

    @pytest.fixture()
    def testapp(request):
        app = create_app('appname.settings.TestConfig')
        client = app.test_client()
    
        db.app = app
        app_ctx = app.app_context()
        app_ctx.push()
&gt;       db.create_all()

tests\conftest.py:19: 
_ _ _ _ _ _ _ _ _ _ _ _ _ _ _ _ _ _ _ _ _ _ _ _ _ _ _ _ _ _ _ _ _ _ _ _ _ _ _ _ _ _ _ _ _ _ _ _ _ _ _ _ _ _ _ _ _ _ _ _
venv\Lib\site-packages\flask_sqlalchemy\extension.py:900: in create_all
    self._call_for_binds(bind_key, "create_all")
venv\Lib\site-packages\flask_sqlalchemy\extension.py:881: in _call_for_binds
    getattr(metadata, op_name)(bind=engine)
venv\Lib\site-packages\sqlalchemy\sql\schema.py:5928: in create_all
    bind._run_ddl_visitor(
venv\Lib\site-packages\sqlalchemy\engine\base.py:3259: in _run_ddl_visitor
    with self.begin() as conn:
C:\Python314\Lib\contextlib.py:141: in __enter__
    return next(self.gen)
venv\Lib\site-packages\sqlalchemy\engine\base.py:3249: in begin
    with self.connect() as conn:
venv\Lib\site-packages\sqlalchemy\engine\base.py:3285: in connect
    return self._connection_cls(self)
venv\Lib\site-packages\sqlalchemy\engine\base.py:145: in __init__
    Connection._handle_dbapi_exception_noconnection(
venv\Lib\site-packages\sqlalchemy\engine\base.py:2448: in _handle_dbapi_exception_noconnection
    raise sqlalchemy_exception.with_traceback(exc_info[2]) from e
venv\Lib\site-packages\sqlalchemy\engine\base.py:143: in __init__
    self._dbapi_connection = engine.raw_connection()
venv\Lib\site-packages\sqlalchemy\engine\base.py:3309: in raw_connection
    return self.pool.connect()
venv\Lib\site-packages\sqlalchemy\pool\base.py:447: in connect
    return _ConnectionFairy._checkout(self)
venv\Lib\site-packages\sqlalchemy\pool\base.py:1264: in _checkout
    fairy = _ConnectionRecord.checkout(pool)
venv\Lib\site-packages\sqlalchemy\pool\base.py:711: in checkout
    rec = pool._do_get()
venv\Lib\site-packages\sqlalchemy\pool\impl.py:177: in _do_get
    with util.safe_reraise():
venv\Lib\site-packages\sqlalchemy\util\langhelpers.py:224: in __exit__
    raise exc_value.with_traceback(exc_tb)
venv\Lib\site-packages\sqlalchemy\pool\impl.py:175: in _do_get
    return self._create_connection()
venv\Lib\site-packages\sqlalchemy\pool\base.py:388: in _create_connection
    return _ConnectionRecord(self)
venv\Lib\site-packages\sqlalchemy\pool\base.py:673: in __init__
    self.__connect()
venv\Lib\site-packages\sqlalchemy\pool\base.py:899: in __connect
    with util.safe_reraise():
venv\Lib\site-packages\sqlalchemy\util\langhelpers.py:224: in __exit__
    raise exc_value.with_traceback(exc_tb)
venv\Lib\site-packages\sqlalchemy\pool\base.py:895: in __connect
    self.dbapi_connection = connection = pool._invoke_creator(self)
venv\Lib\site-packages\sqlalchemy\engine\create.py:661: in connect
    return dialect.connect(*cargs, **cparams)
_ _ _ _ _ _ _ _ _ _ _ _ _ _ _ _ _ _ _ _ _ _ _ _ _ _ _ _ _ _ _ _ _ _ _ _ _ _ _ _ _ _ _ _ _ _ _ _ _ _ _ _ _ _ _ _ _ _ _ _

self = &lt;sqlalchemy.dialects.sqlite.pysqlite.SQLiteDialect_pysqlite object at 0x0000018E1100F850&gt;
cargs = ('C:\\Users\\LENOVO~1\\AppData\\Local\\Temp\\tmpqj5tk3s2',), cparams = {'check_same_thread': False}

    def connect(self, *cargs: Any, **cparams: Any) -&gt; DBAPIConnection:
        # inherits the docstring from interfaces.Dialect.connect
&gt;       return self.loaded_dbapi.connect(*cargs, **cparams)  # type: ignore[no-any-return]  # NOQA: E501
E       sqlalchemy.exc.OperationalError: (sqlite3.OperationalError) unable to open database file
E       (Background on this error at: https://sqlalche.me/e/20/e3q8)

venv\Lib\site-packages\sqlalchemy\engine\default.py:630: OperationalError</error></testcase><testcase classname="tests.test_auth_extra.TestAuthAdditionalFlows" name="test_resend_confirmation_get_for_unconfirmed_user_raises_for_missing_template" time="1.484"><error message="failed on setup with &quot;sqlalchemy.exc.OperationalError: (sqlite3.OperationalError) unable to open database file&#10;(Background on this error at: https://sqlalche.me/e/20/e3q8)&quot;">self = &lt;sqlalchemy.engine.base.Connection object at 0x0000018E10D6EA90&gt;
engine = Engine(sqlite:///C:\Users\LENOVO~1\AppData\Local\Temp\tmpqj5tk3s2), connection = None, _has_events = None
_allow_revalidate = True, _allow_autobegin = True

    def __init__(
        self,
        engine: Engine,
        connection: Optional[PoolProxiedConnection] = None,
        _has_events: Optional[bool] = None,
        _allow_revalidate: bool = True,
        _allow_autobegin: bool = True,
    ):
        """Construct a new Connection."""
        self.engine = engine
        self.dialect = dialect = engine.dialect
    
        if connection is None:
            try:
&gt;               self._dbapi_connection = engine.raw_connection()

venv\Lib\site-packages\sqlalchemy\engine\base.py:143: 
_ _ _ _ _ _ _ _ _ _ _ _ _ _ _ _ _ _ _ _ _ _ _ _ _ _ _ _ _ _ _ _ _ _ _ _ _ _ _ _ _ _ _ _ _ _ _ _ _ _ _ _ _ _ _ _ _ _ _ _
venv\Lib\site-packages\sqlalchemy\engine\base.py:3309: in raw_connection
    return self.pool.connect()
venv\Lib\site-packages\sqlalchemy\pool\base.py:447: in connect
    return _ConnectionFairy._checkout(self)
venv\Lib\site-packages\sqlalchemy\pool\base.py:1264: in _checkout
    fairy = _ConnectionRecord.checkout(pool)
venv\Lib\site-packages\sqlalchemy\pool\base.py:711: in checkout
    rec = pool._do_get()
venv\Lib\site-packages\sqlalchemy\pool\impl.py:177: in _do_get
    with util.safe_reraise():
venv\Lib\site-packages\sqlalchemy\util\langhelpers.py:224: in __exit__
    raise exc_value.with_traceback(exc_tb)
venv\Lib\site-packages\sqlalchemy\pool\impl.py:175: in _do_get
    return self._create_connection()
venv\Lib\site-packages\sqlalchemy\pool\base.py:388: in _create_connection
    return _ConnectionRecord(self)
venv\Lib\site-packages\sqlalchemy\pool\base.py:673: in __init__
    self.__connect()
venv\Lib\site-packages\sqlalchemy\pool\base.py:899: in __connect
    with util.safe_reraise():
venv\Lib\site-packages\sqlalchemy\util\langhelpers.py:224: in __exit__
    raise exc_value.with_traceback(exc_tb)
venv\Lib\site-packages\sqlalchemy\pool\base.py:895: in __connect
    self.dbapi_connection = connection = pool._invoke_creator(self)
venv\Lib\site-packages\sqlalchemy\engine\create.py:661: in connect
    return dialect.connect(*cargs, **cparams)
_ _ _ _ _ _ _ _ _ _ _ _ _ _ _ _ _ _ _ _ _ _ _ _ _ _ _ _ _ _ _ _ _ _ _ _ _ _ _ _ _ _ _ _ _ _ _ _ _ _ _ _ _ _ _ _ _ _ _ _

self = &lt;sqlalchemy.dialects.sqlite.pysqlite.SQLiteDialect_pysqlite object at 0x0000018E10DD1150&gt;
cargs = ('C:\\Users\\LENOVO~1\\AppData\\Local\\Temp\\tmpqj5tk3s2',), cparams = {'check_same_thread': False}

    def connect(self, *cargs: Any, **cparams: Any) -&gt; DBAPIConnection:
        # inherits the docstring from interfaces.Dialect.connect
&gt;       return self.loaded_dbapi.connect(*cargs, **cparams)  # type: ignore[no-any-return]  # NOQA: E501
E       sqlite3.OperationalError: unable to open database file

venv\Lib\site-packages\sqlalchemy\engine\default.py:630: OperationalError

The above exception was the direct cause of the following exception:

request = &lt;SubRequest 'testapp' for &lt;Function test_resend_confirmation_get_for_unconfirmed_user_raises_for_missing_template&gt;&gt;

    @pytest.fixture()
    def testapp(request):
        app = create_app('appname.settings.TestConfig')
        client = app.test_client()
    
        db.app = app
        app_ctx = app.app_context()
        app_ctx.push()
&gt;       db.create_all()

tests\conftest.py:19: 
_ _ _ _ _ _ _ _ _ _ _ _ _ _ _ _ _ _ _ _ _ _ _ _ _ _ _ _ _ _ _ _ _ _ _ _ _ _ _ _ _ _ _ _ _ _ _ _ _ _ _ _ _ _ _ _ _ _ _ _
venv\Lib\site-packages\flask_sqlalchemy\extension.py:900: in create_all
    self._call_for_binds(bind_key, "create_all")
venv\Lib\site-packages\flask_sqlalchemy\extension.py:881: in _call_for_binds
    getattr(metadata, op_name)(bind=engine)
venv\Lib\site-packages\sqlalchemy\sql\schema.py:5928: in create_all
    bind._run_ddl_visitor(
venv\Lib\site-packages\sqlalchemy\engine\base.py:3259: in _run_ddl_visitor
    with self.begin() as conn:
C:\Python314\Lib\contextlib.py:141: in __enter__
    return next(self.gen)
venv\Lib\site-packages\sqlalchemy\engine\base.py:3249: in begin
    with self.connect() as conn:
venv\Lib\site-packages\sqlalchemy\engine\base.py:3285: in connect
    return self._connection_cls(self)
venv\Lib\site-packages\sqlalchemy\engine\base.py:145: in __init__
    Connection._handle_dbapi_exception_noconnection(
venv\Lib\site-packages\sqlalchemy\engine\base.py:2448: in _handle_dbapi_exception_noconnection
    raise sqlalchemy_exception.with_traceback(exc_info[2]) from e
venv\Lib\site-packages\sqlalchemy\engine\base.py:143: in __init__
    self._dbapi_connection = engine.raw_connection()
venv\Lib\site-packages\sqlalchemy\engine\base.py:3309: in raw_connection
    return self.pool.connect()
venv\Lib\site-packages\sqlalchemy\pool\base.py:447: in connect
    return _ConnectionFairy._checkout(self)
venv\Lib\site-packages\sqlalchemy\pool\base.py:1264: in _checkout
    fairy = _ConnectionRecord.checkout(pool)
venv\Lib\site-packages\sqlalchemy\pool\base.py:711: in checkout
    rec = pool._do_get()
venv\Lib\site-packages\sqlalchemy\pool\impl.py:177: in _do_get
    with util.safe_reraise():
venv\Lib\site-packages\sqlalchemy\util\langhelpers.py:224: in __exit__
    raise exc_value.with_traceback(exc_tb)
venv\Lib\site-packages\sqlalchemy\pool\impl.py:175: in _do_get
    return self._create_connection()
venv\Lib\site-packages\sqlalchemy\pool\base.py:388: in _create_connection
    return _ConnectionRecord(self)
venv\Lib\site-packages\sqlalchemy\pool\base.py:673: in __init__
    self.__connect()
venv\Lib\site-packages\sqlalchemy\pool\base.py:899: in __connect
    with util.safe_reraise():
venv\Lib\site-packages\sqlalchemy\util\langhelpers.py:224: in __exit__
    raise exc_value.with_traceback(exc_tb)
venv\Lib\site-packages\sqlalchemy\pool\base.py:895: in __connect
    self.dbapi_connection = connection = pool._invoke_creator(self)
venv\Lib\site-packages\sqlalchemy\engine\create.py:661: in connect
    return dialect.connect(*cargs, **cparams)
_ _ _ _ _ _ _ _ _ _ _ _ _ _ _ _ _ _ _ _ _ _ _ _ _ _ _ _ _ _ _ _ _ _ _ _ _ _ _ _ _ _ _ _ _ _ _ _ _ _ _ _ _ _ _ _ _ _ _ _

self = &lt;sqlalchemy.dialects.sqlite.pysqlite.SQLiteDialect_pysqlite object at 0x0000018E10DD1150&gt;
cargs = ('C:\\Users\\LENOVO~1\\AppData\\Local\\Temp\\tmpqj5tk3s2',), cparams = {'check_same_thread': False}

    def connect(self, *cargs: Any, **cparams: Any) -&gt; DBAPIConnection:
        # inherits the docstring from interfaces.Dialect.connect
&gt;       return self.loaded_dbapi.connect(*cargs, **cparams)  # type: ignore[no-any-return]  # NOQA: E501
E       sqlalchemy.exc.OperationalError: (sqlite3.OperationalError) unable to open database file
E       (Background on this error at: https://sqlalche.me/e/20/e3q8)

venv\Lib\site-packages\sqlalchemy\engine\default.py:630: OperationalError</error></testcase><testcase classname="tests.test_auth_extra.TestAuthAdditionalFlows" name="test_resend_confirmation_post_sends_email_and_redirects" time="1.482"><error message="failed on setup with &quot;sqlalchemy.exc.OperationalError: (sqlite3.OperationalError) unable to open database file&#10;(Background on this error at: https://sqlalche.me/e/20/e3q8)&quot;">self = &lt;sqlalchemy.engine.base.Connection object at 0x0000018E10D6D570&gt;
engine = Engine(sqlite:///C:\Users\LENOVO~1\AppData\Local\Temp\tmpqj5tk3s2), connection = None, _has_events = None
_allow_revalidate = True, _allow_autobegin = True

    def __init__(
        self,
        engine: Engine,
        connection: Optional[PoolProxiedConnection] = None,
        _has_events: Optional[bool] = None,
        _allow_revalidate: bool = True,
        _allow_autobegin: bool = True,
    ):
        """Construct a new Connection."""
        self.engine = engine
        self.dialect = dialect = engine.dialect
    
        if connection is None:
            try:
&gt;               self._dbapi_connection = engine.raw_connection()

venv\Lib\site-packages\sqlalchemy\engine\base.py:143: 
_ _ _ _ _ _ _ _ _ _ _ _ _ _ _ _ _ _ _ _ _ _ _ _ _ _ _ _ _ _ _ _ _ _ _ _ _ _ _ _ _ _ _ _ _ _ _ _ _ _ _ _ _ _ _ _ _ _ _ _
venv\Lib\site-packages\sqlalchemy\engine\base.py:3309: in raw_connection
    return self.pool.connect()
venv\Lib\site-packages\sqlalchemy\pool\base.py:447: in connect
    return _ConnectionFairy._checkout(self)
venv\Lib\site-packages\sqlalchemy\pool\base.py:1264: in _checkout
    fairy = _ConnectionRecord.checkout(pool)
venv\Lib\site-packages\sqlalchemy\pool\base.py:711: in checkout
    rec = pool._do_get()
venv\Lib\site-packages\sqlalchemy\pool\impl.py:177: in _do_get
    with util.safe_reraise():
venv\Lib\site-packages\sqlalchemy\util\langhelpers.py:224: in __exit__
    raise exc_value.with_traceback(exc_tb)
venv\Lib\site-packages\sqlalchemy\pool\impl.py:175: in _do_get
    return self._create_connection()
venv\Lib\site-packages\sqlalchemy\pool\base.py:388: in _create_connection
    return _ConnectionRecord(self)
venv\Lib\site-packages\sqlalchemy\pool\base.py:673: in __init__
    self.__connect()
venv\Lib\site-packages\sqlalchemy\pool\base.py:899: in __connect
    with util.safe_reraise():
venv\Lib\site-packages\sqlalchemy\util\langhelpers.py:224: in __exit__
    raise exc_value.with_traceback(exc_tb)
venv\Lib\site-packages\sqlalchemy\pool\base.py:895: in __connect
    self.dbapi_connection = connection = pool._invoke_creator(self)
venv\Lib\site-packages\sqlalchemy\engine\create.py:661: in connect
    return dialect.connect(*cargs, **cparams)
_ _ _ _ _ _ _ _ _ _ _ _ _ _ _ _ _ _ _ _ _ _ _ _ _ _ _ _ _ _ _ _ _ _ _ _ _ _ _ _ _ _ _ _ _ _ _ _ _ _ _ _ _ _ _ _ _ _ _ _

self = &lt;sqlalchemy.dialects.sqlite.pysqlite.SQLiteDialect_pysqlite object at 0x0000018E10DD1D50&gt;
cargs = ('C:\\Users\\LENOVO~1\\AppData\\Local\\Temp\\tmpqj5tk3s2',), cparams = {'check_same_thread': False}

    def connect(self, *cargs: Any, **cparams: Any) -&gt; DBAPIConnection:
        # inherits the docstring from interfaces.Dialect.connect
&gt;       return self.loaded_dbapi.connect(*cargs, **cparams)  # type: ignore[no-any-return]  # NOQA: E501
E       sqlite3.OperationalError: unable to open database file

venv\Lib\site-packages\sqlalchemy\engine\default.py:630: OperationalError

The above exception was the direct cause of the following exception:

request = &lt;SubRequest 'testapp' for &lt;Function test_resend_confirmation_post_sends_email_and_redirects&gt;&gt;

    @pytest.fixture()
    def testapp(request):
        app = create_app('appname.settings.TestConfig')
        client = app.test_client()
    
        db.app = app
        app_ctx = app.app_context()
        app_ctx.push()
&gt;       db.create_all()

tests\conftest.py:19: 
_ _ _ _ _ _ _ _ _ _ _ _ _ _ _ _ _ _ _ _ _ _ _ _ _ _ _ _ _ _ _ _ _ _ _ _ _ _ _ _ _ _ _ _ _ _ _ _ _ _ _ _ _ _ _ _ _ _ _ _
venv\Lib\site-packages\flask_sqlalchemy\extension.py:900: in create_all
    self._call_for_binds(bind_key, "create_all")
venv\Lib\site-packages\flask_sqlalchemy\extension.py:881: in _call_for_binds
    getattr(metadata, op_name)(bind=engine)
venv\Lib\site-packages\sqlalchemy\sql\schema.py:5928: in create_all
    bind._run_ddl_visitor(
venv\Lib\site-packages\sqlalchemy\engine\base.py:3259: in _run_ddl_visitor
    with self.begin() as conn:
C:\Python314\Lib\contextlib.py:141: in __enter__
    return next(self.gen)
venv\Lib\site-packages\sqlalchemy\engine\base.py:3249: in begin
    with self.connect() as conn:
venv\Lib\site-packages\sqlalchemy\engine\base.py:3285: in connect
    return self._connection_cls(self)
venv\Lib\site-packages\sqlalchemy\engine\base.py:145: in __init__
    Connection._handle_dbapi_exception_noconnection(
venv\Lib\site-packages\sqlalchemy\engine\base.py:2448: in _handle_dbapi_exception_noconnection
    raise sqlalchemy_exception.with_traceback(exc_info[2]) from e
venv\Lib\site-packages\sqlalchemy\engine\base.py:143: in __init__
    self._dbapi_connection = engine.raw_connection()
venv\Lib\site-packages\sqlalchemy\engine\base.py:3309: in raw_connection
    return self.pool.connect()
venv\Lib\site-packages\sqlalchemy\pool\base.py:447: in connect
    return _ConnectionFairy._checkout(self)
venv\Lib\site-packages\sqlalchemy\pool\base.py:1264: in _checkout
    fairy = _ConnectionRecord.checkout(pool)
venv\Lib\site-packages\sqlalchemy\pool\base.py:711: in checkout
    rec = pool._do_get()
venv\Lib\site-packages\sqlalchemy\pool\impl.py:177: in _do_get
    with util.safe_reraise():
venv\Lib\site-packages\sqlalchemy\util\langhelpers.py:224: in __exit__
    raise exc_value.with_traceback(exc_tb)
venv\Lib\site-packages\sqlalchemy\pool\impl.py:175: in _do_get
    return self._create_connection()
venv\Lib\site-packages\sqlalchemy\pool\base.py:388: in _create_connection
    return _ConnectionRecord(self)
venv\Lib\site-packages\sqlalchemy\pool\base.py:673: in __init__
    self.__connect()
venv\Lib\site-packages\sqlalchemy\pool\base.py:899: in __connect
    with util.safe_reraise():
venv\Lib\site-packages\sqlalchemy\util\langhelpers.py:224: in __exit__
    raise exc_value.with_traceback(exc_tb)
venv\Lib\site-packages\sqlalchemy\pool\base.py:895: in __connect
    self.dbapi_connection = connection = pool._invoke_creator(self)
venv\Lib\site-packages\sqlalchemy\engine\create.py:661: in connect
    return dialect.connect(*cargs, **cparams)
_ _ _ _ _ _ _ _ _ _ _ _ _ _ _ _ _ _ _ _ _ _ _ _ _ _ _ _ _ _ _ _ _ _ _ _ _ _ _ _ _ _ _ _ _ _ _ _ _ _ _ _ _ _ _ _ _ _ _ _

self = &lt;sqlalchemy.dialects.sqlite.pysqlite.SQLiteDialect_pysqlite object at 0x0000018E10DD1D50&gt;
cargs = ('C:\\Users\\LENOVO~1\\AppData\\Local\\Temp\\tmpqj5tk3s2',), cparams = {'check_same_thread': False}

    def connect(self, *cargs: Any, **cparams: Any) -&gt; DBAPIConnection:
        # inherits the docstring from interfaces.Dialect.connect
&gt;       return self.loaded_dbapi.connect(*cargs, **cparams)  # type: ignore[no-any-return]  # NOQA: E501
E       sqlalchemy.exc.OperationalError: (sqlite3.OperationalError) unable to open database file
E       (Background on this error at: https://sqlalche.me/e/20/e3q8)

venv\Lib\site-packages\sqlalchemy\engine\default.py:630: OperationalError</error></testcase><testcase classname="tests.test_auth_extra.TestAuthAdditionalFlows" name="test_request_password_reset_redirects_logged_in_users" time="1.500"><error message="failed on setup with &quot;sqlalchemy.exc.OperationalError: (sqlite3.OperationalError) unable to open database file&#10;(Background on this error at: https://sqlalche.me/e/20/e3q8)&quot;">self = &lt;sqlalchemy.engine.base.Connection object at 0x0000018E10EF2000&gt;
engine = Engine(sqlite:///C:\Users\LENOVO~1\AppData\Local\Temp\tmpqj5tk3s2), connection = None, _has_events = None
_allow_revalidate = True, _allow_autobegin = True

    def __init__(
        self,
        engine: Engine,
        connection: Optional[PoolProxiedConnection] = None,
        _has_events: Optional[bool] = None,
        _allow_revalidate: bool = True,
        _allow_autobegin: bool = True,
    ):
        """Construct a new Connection."""
        self.engine = engine
        self.dialect = dialect = engine.dialect
    
        if connection is None:
            try:
&gt;               self._dbapi_connection = engine.raw_connection()

venv\Lib\site-packages\sqlalchemy\engine\base.py:143: 
_ _ _ _ _ _ _ _ _ _ _ _ _ _ _ _ _ _ _ _ _ _ _ _ _ _ _ _ _ _ _ _ _ _ _ _ _ _ _ _ _ _ _ _ _ _ _ _ _ _ _ _ _ _ _ _ _ _ _ _
venv\Lib\site-packages\sqlalchemy\engine\base.py:3309: in raw_connection
    return self.pool.connect()
venv\Lib\site-packages\sqlalchemy\pool\base.py:447: in connect
    return _ConnectionFairy._checkout(self)
venv\Lib\site-packages\sqlalchemy\pool\base.py:1264: in _checkout
    fairy = _ConnectionRecord.checkout(pool)
venv\Lib\site-packages\sqlalchemy\pool\base.py:711: in checkout
    rec = pool._do_get()
venv\Lib\site-packages\sqlalchemy\pool\impl.py:177: in _do_get
    with util.safe_reraise():
venv\Lib\site-packages\sqlalchemy\util\langhelpers.py:224: in __exit__
    raise exc_value.with_traceback(exc_tb)
venv\Lib\site-packages\sqlalchemy\pool\impl.py:175: in _do_get
    return self._create_connection()
venv\Lib\site-packages\sqlalchemy\pool\base.py:388: in _create_connection
    return _ConnectionRecord(self)
venv\Lib\site-packages\sqlalchemy\pool\base.py:673: in __init__
    self.__connect()
venv\Lib\site-packages\sqlalchemy\pool\base.py:899: in __connect
    with util.safe_reraise():
venv\Lib\site-packages\sqlalchemy\util\langhelpers.py:224: in __exit__
    raise exc_value.with_traceback(exc_tb)
venv\Lib\site-packages\sqlalchemy\pool\base.py:895: in __connect
    self.dbapi_connection = connection = pool._invoke_creator(self)
venv\Lib\site-packages\sqlalchemy\engine\create.py:661: in connect
    return dialect.connect(*cargs, **cparams)
_ _ _ _ _ _ _ _ _ _ _ _ _ _ _ _ _ _ _ _ _ _ _ _ _ _ _ _ _ _ _ _ _ _ _ _ _ _ _ _ _ _ _ _ _ _ _ _ _ _ _ _ _ _ _ _ _ _ _ _

self = &lt;sqlalchemy.dialects.sqlite.pysqlite.SQLiteDialect_pysqlite object at 0x0000018E10DD2D50&gt;
cargs = ('C:\\Users\\LENOVO~1\\AppData\\Local\\Temp\\tmpqj5tk3s2',), cparams = {'check_same_thread': False}

    def connect(self, *cargs: Any, **cparams: Any) -&gt; DBAPIConnection:
        # inherits the docstring from interfaces.Dialect.connect
&gt;       return self.loaded_dbapi.connect(*cargs, **cparams)  # type: ignore[no-any-return]  # NOQA: E501
E       sqlite3.OperationalError: unable to open database file

venv\Lib\site-packages\sqlalchemy\engine\default.py:630: OperationalError

The above exception was the direct cause of the following exception:

request = &lt;SubRequest 'testapp' for &lt;Function test_request_password_reset_redirects_logged_in_users&gt;&gt;

    @pytest.fixture()
    def testapp(request):
        app = create_app('appname.settings.TestConfig')
        client = app.test_client()
    
        db.app = app
        app_ctx = app.app_context()
        app_ctx.push()
&gt;       db.create_all()

tests\conftest.py:19: 
_ _ _ _ _ _ _ _ _ _ _ _ _ _ _ _ _ _ _ _ _ _ _ _ _ _ _ _ _ _ _ _ _ _ _ _ _ _ _ _ _ _ _ _ _ _ _ _ _ _ _ _ _ _ _ _ _ _ _ _
venv\Lib\site-packages\flask_sqlalchemy\extension.py:900: in create_all
    self._call_for_binds(bind_key, "create_all")
venv\Lib\site-packages\flask_sqlalchemy\extension.py:881: in _call_for_binds
    getattr(metadata, op_name)(bind=engine)
venv\Lib\site-packages\sqlalchemy\sql\schema.py:5928: in create_all
    bind._run_ddl_visitor(
venv\Lib\site-packages\sqlalchemy\engine\base.py:3259: in _run_ddl_visitor
    with self.begin() as conn:
C:\Python314\Lib\contextlib.py:141: in __enter__
    return next(self.gen)
venv\Lib\site-packages\sqlalchemy\engine\base.py:3249: in begin
    with self.connect() as conn:
venv\Lib\site-packages\sqlalchemy\engine\base.py:3285: in connect
    return self._connection_cls(self)
venv\Lib\site-packages\sqlalchemy\engine\base.py:145: in __init__
    Connection._handle_dbapi_exception_noconnection(
venv\Lib\site-packages\sqlalchemy\engine\base.py:2448: in _handle_dbapi_exception_noconnection
    raise sqlalchemy_exception.with_traceback(exc_info[2]) from e
venv\Lib\site-packages\sqlalchemy\engine\base.py:143: in __init__
    self._dbapi_connection = engine.raw_connection()
venv\Lib\site-packages\sqlalchemy\engine\base.py:3309: in raw_connection
    return self.pool.connect()
venv\Lib\site-packages\sqlalchemy\pool\base.py:447: in connect
    return _ConnectionFairy._checkout(self)
venv\Lib\site-packages\sqlalchemy\pool\base.py:1264: in _checkout
    fairy = _ConnectionRecord.checkout(pool)
venv\Lib\site-packages\sqlalchemy\pool\base.py:711: in checkout
    rec = pool._do_get()
venv\Lib\site-packages\sqlalchemy\pool\impl.py:177: in _do_get
    with util.safe_reraise():
venv\Lib\site-packages\sqlalchemy\util\langhelpers.py:224: in __exit__
    raise exc_value.with_traceback(exc_tb)
venv\Lib\site-packages\sqlalchemy\pool\impl.py:175: in _do_get
    return self._create_connection()
venv\Lib\site-packages\sqlalchemy\pool\base.py:388: in _create_connection
    return _ConnectionRecord(self)
venv\Lib\site-packages\sqlalchemy\pool\base.py:673: in __init__
    self.__connect()
venv\Lib\site-packages\sqlalchemy\pool\base.py:899: in __connect
    with util.safe_reraise():
venv\Lib\site-packages\sqlalchemy\util\langhelpers.py:224: in __exit__
    raise exc_value.with_traceback(exc_tb)
venv\Lib\site-packages\sqlalchemy\pool\base.py:895: in __connect
    self.dbapi_connection = connection = pool._invoke_creator(self)
venv\Lib\site-packages\sqlalchemy\engine\create.py:661: in connect
    return dialect.connect(*cargs, **cparams)
_ _ _ _ _ _ _ _ _ _ _ _ _ _ _ _ _ _ _ _ _ _ _ _ _ _ _ _ _ _ _ _ _ _ _ _ _ _ _ _ _ _ _ _ _ _ _ _ _ _ _ _ _ _ _ _ _ _ _ _

self = &lt;sqlalchemy.dialects.sqlite.pysqlite.SQLiteDialect_pysqlite object at 0x0000018E10DD2D50&gt;
cargs = ('C:\\Users\\LENOVO~1\\AppData\\Local\\Temp\\tmpqj5tk3s2',), cparams = {'check_same_thread': False}

    def connect(self, *cargs: Any, **cparams: Any) -&gt; DBAPIConnection:
        # inherits the docstring from interfaces.Dialect.connect
&gt;       return self.loaded_dbapi.connect(*cargs, **cparams)  # type: ignore[no-any-return]  # NOQA: E501
E       sqlalchemy.exc.OperationalError: (sqlite3.OperationalError) unable to open database file
E       (Background on this error at: https://sqlalche.me/e/20/e3q8)

venv\Lib\site-packages\sqlalchemy\engine\default.py:630: OperationalError</error></testcase><testcase classname="tests.test_auth_extra.TestAuthAdditionalFlows" name="test_request_password_reset_for_existing_user" time="1.478"><error message="failed on setup with &quot;sqlalchemy.exc.OperationalError: (sqlite3.OperationalError) unable to open database file&#10;(Background on this error at: https://sqlalche.me/e/20/e3q8)&quot;">self = &lt;sqlalchemy.engine.base.Connection object at 0x0000018E10EF3D40&gt;
engine = Engine(sqlite:///C:\Users\LENOVO~1\AppData\Local\Temp\tmpqj5tk3s2), connection = None, _has_events = None
_allow_revalidate = True, _allow_autobegin = True

    def __init__(
        self,
        engine: Engine,
        connection: Optional[PoolProxiedConnection] = None,
        _has_events: Optional[bool] = None,
        _allow_revalidate: bool = True,
        _allow_autobegin: bool = True,
    ):
        """Construct a new Connection."""
        self.engine = engine
        self.dialect = dialect = engine.dialect
    
        if connection is None:
            try:
&gt;               self._dbapi_connection = engine.raw_connection()

venv\Lib\site-packages\sqlalchemy\engine\base.py:143: 
_ _ _ _ _ _ _ _ _ _ _ _ _ _ _ _ _ _ _ _ _ _ _ _ _ _ _ _ _ _ _ _ _ _ _ _ _ _ _ _ _ _ _ _ _ _ _ _ _ _ _ _ _ _ _ _ _ _ _ _
venv\Lib\site-packages\sqlalchemy\engine\base.py:3309: in raw_connection
    return self.pool.connect()
venv\Lib\site-packages\sqlalchemy\pool\base.py:447: in connect
    return _ConnectionFairy._checkout(self)
venv\Lib\site-packages\sqlalchemy\pool\base.py:1264: in _checkout
    fairy = _ConnectionRecord.checkout(pool)
venv\Lib\site-packages\sqlalchemy\pool\base.py:711: in checkout
    rec = pool._do_get()
venv\Lib\site-packages\sqlalchemy\pool\impl.py:177: in _do_get
    with util.safe_reraise():
venv\Lib\site-packages\sqlalchemy\util\langhelpers.py:224: in __exit__
    raise exc_value.with_traceback(exc_tb)
venv\Lib\site-packages\sqlalchemy\pool\impl.py:175: in _do_get
    return self._create_connection()
venv\Lib\site-packages\sqlalchemy\pool\base.py:388: in _create_connection
    return _ConnectionRecord(self)
venv\Lib\site-packages\sqlalchemy\pool\base.py:673: in __init__
    self.__connect()
venv\Lib\site-packages\sqlalchemy\pool\base.py:899: in __connect
    with util.safe_reraise():
venv\Lib\site-packages\sqlalchemy\util\langhelpers.py:224: in __exit__
    raise exc_value.with_traceback(exc_tb)
venv\Lib\site-packages\sqlalchemy\pool\base.py:895: in __connect
    self.dbapi_connection = connection = pool._invoke_creator(self)
venv\Lib\site-packages\sqlalchemy\engine\create.py:661: in connect
    return dialect.connect(*cargs, **cparams)
_ _ _ _ _ _ _ _ _ _ _ _ _ _ _ _ _ _ _ _ _ _ _ _ _ _ _ _ _ _ _ _ _ _ _ _ _ _ _ _ _ _ _ _ _ _ _ _ _ _ _ _ _ _ _ _ _ _ _ _

self = &lt;sqlalchemy.dialects.sqlite.pysqlite.SQLiteDialect_pysqlite object at 0x0000018E10DD3A50&gt;
cargs = ('C:\\Users\\LENOVO~1\\AppData\\Local\\Temp\\tmpqj5tk3s2',), cparams = {'check_same_thread': False}

    def connect(self, *cargs: Any, **cparams: Any) -&gt; DBAPIConnection:
        # inherits the docstring from interfaces.Dialect.connect
&gt;       return self.loaded_dbapi.connect(*cargs, **cparams)  # type: ignore[no-any-return]  # NOQA: E501
E       sqlite3.OperationalError: unable to open database file

venv\Lib\site-packages\sqlalchemy\engine\default.py:630: OperationalError

The above exception was the direct cause of the following exception:

request = &lt;SubRequest 'testapp' for &lt;Function test_request_password_reset_for_existing_user&gt;&gt;

    @pytest.fixture()
    def testapp(request):
        app = create_app('appname.settings.TestConfig')
        client = app.test_client()
    
        db.app = app
        app_ctx = app.app_context()
        app_ctx.push()
&gt;       db.create_all()

tests\conftest.py:19: 
_ _ _ _ _ _ _ _ _ _ _ _ _ _ _ _ _ _ _ _ _ _ _ _ _ _ _ _ _ _ _ _ _ _ _ _ _ _ _ _ _ _ _ _ _ _ _ _ _ _ _ _ _ _ _ _ _ _ _ _
venv\Lib\site-packages\flask_sqlalchemy\extension.py:900: in create_all
    self._call_for_binds(bind_key, "create_all")
venv\Lib\site-packages\flask_sqlalchemy\extension.py:881: in _call_for_binds
    getattr(metadata, op_name)(bind=engine)
venv\Lib\site-packages\sqlalchemy\sql\schema.py:5928: in create_all
    bind._run_ddl_visitor(
venv\Lib\site-packages\sqlalchemy\engine\base.py:3259: in _run_ddl_visitor
    with self.begin() as conn:
C:\Python314\Lib\contextlib.py:141: in __enter__
    return next(self.gen)
venv\Lib\site-packages\sqlalchemy\engine\base.py:3249: in begin
    with self.connect() as conn:
venv\Lib\site-packages\sqlalchemy\engine\base.py:3285: in connect
    return self._connection_cls(self)
venv\Lib\site-packages\sqlalchemy\engine\base.py:145: in __init__
    Connection._handle_dbapi_exception_noconnection(
venv\Lib\site-packages\sqlalchemy\engine\base.py:2448: in _handle_dbapi_exception_noconnection
    raise sqlalchemy_exception.with_traceback(exc_info[2]) from e
venv\Lib\site-packages\sqlalchemy\engine\base.py:143: in __init__
    self._dbapi_connection = engine.raw_connection()
venv\Lib\site-packages\sqlalchemy\engine\base.py:3309: in raw_connection
    return self.pool.connect()
venv\Lib\site-packages\sqlalchemy\pool\base.py:447: in connect
    return _ConnectionFairy._checkout(self)
venv\Lib\site-packages\sqlalchemy\pool\base.py:1264: in _checkout
    fairy = _ConnectionRecord.checkout(pool)
venv\Lib\site-packages\sqlalchemy\pool\base.py:711: in checkout
    rec = pool._do_get()
venv\Lib\site-packages\sqlalchemy\pool\impl.py:177: in _do_get
    with util.safe_reraise():
venv\Lib\site-packages\sqlalchemy\util\langhelpers.py:224: in __exit__
    raise exc_value.with_traceback(exc_tb)
venv\Lib\site-packages\sqlalchemy\pool\impl.py:175: in _do_get
    return self._create_connection()
venv\Lib\site-packages\sqlalchemy\pool\base.py:388: in _create_connection
    return _ConnectionRecord(self)
venv\Lib\site-packages\sqlalchemy\pool\base.py:673: in __init__
    self.__connect()
venv\Lib\site-packages\sqlalchemy\pool\base.py:899: in __connect
    with util.safe_reraise():
venv\Lib\site-packages\sqlalchemy\util\langhelpers.py:224: in __exit__
    raise exc_value.with_traceback(exc_tb)
venv\Lib\site-packages\sqlalchemy\pool\base.py:895: in __connect
    self.dbapi_connection = connection = pool._invoke_creator(self)
venv\Lib\site-packages\sqlalchemy\engine\create.py:661: in connect
    return dialect.connect(*cargs, **cparams)
_ _ _ _ _ _ _ _ _ _ _ _ _ _ _ _ _ _ _ _ _ _ _ _ _ _ _ _ _ _ _ _ _ _ _ _ _ _ _ _ _ _ _ _ _ _ _ _ _ _ _ _ _ _ _ _ _ _ _ _

self = &lt;sqlalchemy.dialects.sqlite.pysqlite.SQLiteDialect_pysqlite object at 0x0000018E10DD3A50&gt;
cargs = ('C:\\Users\\LENOVO~1\\AppData\\Local\\Temp\\tmpqj5tk3s2',), cparams = {'check_same_thread': False}

    def connect(self, *cargs: Any, **cparams: Any) -&gt; DBAPIConnection:
        # inherits the docstring from interfaces.Dialect.connect
&gt;       return self.loaded_dbapi.connect(*cargs, **cparams)  # type: ignore[no-any-return]  # NOQA: E501
E       sqlalchemy.exc.OperationalError: (sqlite3.OperationalError) unable to open database file
E       (Background on this error at: https://sqlalche.me/e/20/e3q8)

venv\Lib\site-packages\sqlalchemy\engine\default.py:630: OperationalError</error></testcase><testcase classname="tests.test_auth_extra.TestAuthAdditionalFlows" name="test_reset_password_invalid_code_forbidden" time="1.457"><error message="failed on setup with &quot;sqlalchemy.exc.OperationalError: (sqlite3.OperationalError) unable to open database file&#10;(Background on this error at: https://sqlalche.me/e/20/e3q8)&quot;">self = &lt;sqlalchemy.engine.base.Connection object at 0x0000018E10EF3450&gt;
engine = Engine(sqlite:///C:\Users\LENOVO~1\AppData\Local\Temp\tmpqj5tk3s2), connection = None, _has_events = None
_allow_revalidate = True, _allow_autobegin = True

    def __init__(
        self,
        engine: Engine,
        connection: Optional[PoolProxiedConnection] = None,
        _has_events: Optional[bool] = None,
        _allow_revalidate: bool = True,
        _allow_autobegin: bool = True,
    ):
        """Construct a new Connection."""
        self.engine = engine
        self.dialect = dialect = engine.dialect
    
        if connection is None:
            try:
&gt;               self._dbapi_connection = engine.raw_connection()

venv\Lib\site-packages\sqlalchemy\engine\base.py:143: 
_ _ _ _ _ _ _ _ _ _ _ _ _ _ _ _ _ _ _ _ _ _ _ _ _ _ _ _ _ _ _ _ _ _ _ _ _ _ _ _ _ _ _ _ _ _ _ _ _ _ _ _ _ _ _ _ _ _ _ _
venv\Lib\site-packages\sqlalchemy\engine\base.py:3309: in raw_connection
    return self.pool.connect()
venv\Lib\site-packages\sqlalchemy\pool\base.py:447: in connect
    return _ConnectionFairy._checkout(self)
venv\Lib\site-packages\sqlalchemy\pool\base.py:1264: in _checkout
    fairy = _ConnectionRecord.checkout(pool)
venv\Lib\site-packages\sqlalchemy\pool\base.py:711: in checkout
    rec = pool._do_get()
venv\Lib\site-packages\sqlalchemy\pool\impl.py:177: in _do_get
    with util.safe_reraise():
venv\Lib\site-packages\sqlalchemy\util\langhelpers.py:224: in __exit__
    raise exc_value.with_traceback(exc_tb)
venv\Lib\site-packages\sqlalchemy\pool\impl.py:175: in _do_get
    return self._create_connection()
venv\Lib\site-packages\sqlalchemy\pool\base.py:388: in _create_connection
    return _ConnectionRecord(self)
venv\Lib\site-packages\sqlalchemy\pool\base.py:673: in __init__
    self.__connect()
venv\Lib\site-packages\sqlalchemy\pool\base.py:899: in __connect
    with util.safe_reraise():
venv\Lib\site-packages\sqlalchemy\util\langhelpers.py:224: in __exit__
    raise exc_value.with_traceback(exc_tb)
venv\Lib\site-packages\sqlalchemy\pool\base.py:895: in __connect
    self.dbapi_connection = connection = pool._invoke_creator(self)
venv\Lib\site-packages\sqlalchemy\engine\create.py:661: in connect
    return dialect.connect(*cargs, **cparams)
_ _ _ _ _ _ _ _ _ _ _ _ _ _ _ _ _ _ _ _ _ _ _ _ _ _ _ _ _ _ _ _ _ _ _ _ _ _ _ _ _ _ _ _ _ _ _ _ _ _ _ _ _ _ _ _ _ _ _ _

self = &lt;sqlalchemy.dialects.sqlite.pysqlite.SQLiteDialect_pysqlite object at 0x0000018E11F38E50&gt;
cargs = ('C:\\Users\\LENOVO~1\\AppData\\Local\\Temp\\tmpqj5tk3s2',), cparams = {'check_same_thread': False}

    def connect(self, *cargs: Any, **cparams: Any) -&gt; DBAPIConnection:
        # inherits the docstring from interfaces.Dialect.connect
&gt;       return self.loaded_dbapi.connect(*cargs, **cparams)  # type: ignore[no-any-return]  # NOQA: E501
E       sqlite3.OperationalError: unable to open database file

venv\Lib\site-packages\sqlalchemy\engine\default.py:630: OperationalError

The above exception was the direct cause of the following exception:

request = &lt;SubRequest 'testapp' for &lt;Function test_reset_password_invalid_code_forbidden&gt;&gt;

    @pytest.fixture()
    def testapp(request):
        app = create_app('appname.settings.TestConfig')
        client = app.test_client()
    
        db.app = app
        app_ctx = app.app_context()
        app_ctx.push()
&gt;       db.create_all()

tests\conftest.py:19: 
_ _ _ _ _ _ _ _ _ _ _ _ _ _ _ _ _ _ _ _ _ _ _ _ _ _ _ _ _ _ _ _ _ _ _ _ _ _ _ _ _ _ _ _ _ _ _ _ _ _ _ _ _ _ _ _ _ _ _ _
venv\Lib\site-packages\flask_sqlalchemy\extension.py:900: in create_all
    self._call_for_binds(bind_key, "create_all")
venv\Lib\site-packages\flask_sqlalchemy\extension.py:881: in _call_for_binds
    getattr(metadata, op_name)(bind=engine)
venv\Lib\site-packages\sqlalchemy\sql\schema.py:5928: in create_all
    bind._run_ddl_visitor(
venv\Lib\site-packages\sqlalchemy\engine\base.py:3259: in _run_ddl_visitor
    with self.begin() as conn:
C:\Python314\Lib\contextlib.py:141: in __enter__
    return next(self.gen)
venv\Lib\site-packages\sqlalchemy\engine\base.py:3249: in begin
    with self.connect() as conn:
venv\Lib\site-packages\sqlalchemy\engine\base.py:3285: in connect
    return self._connection_cls(self)
venv\Lib\site-packages\sqlalchemy\engine\base.py:145: in __init__
    Connection._handle_dbapi_exception_noconnection(
venv\Lib\site-packages\sqlalchemy\engine\base.py:2448: in _handle_dbapi_exception_noconnection
    raise sqlalchemy_exception.with_traceback(exc_info[2]) from e
venv\Lib\site-packages\sqlalchemy\engine\base.py:143: in __init__
    self._dbapi_connection = engine.raw_connection()
venv\Lib\site-packages\sqlalchemy\engine\base.py:3309: in raw_connection
    return self.pool.connect()
venv\Lib\site-packages\sqlalchemy\pool\base.py:447: in connect
    return _ConnectionFairy._checkout(self)
venv\Lib\site-packages\sqlalchemy\pool\base.py:1264: in _checkout
    fairy = _ConnectionRecord.checkout(pool)
venv\Lib\site-packages\sqlalchemy\pool\base.py:711: in checkout
    rec = pool._do_get()
venv\Lib\site-packages\sqlalchemy\pool\impl.py:177: in _do_get
    with util.safe_reraise():
venv\Lib\site-packages\sqlalchemy\util\langhelpers.py:224: in __exit__
    raise exc_value.with_traceback(exc_tb)
venv\Lib\site-packages\sqlalchemy\pool\impl.py:175: in _do_get
    return self._create_connection()
venv\Lib\site-packages\sqlalchemy\pool\base.py:388: in _create_connection
    return _ConnectionRecord(self)
venv\Lib\site-packages\sqlalchemy\pool\base.py:673: in __init__
    self.__connect()
venv\Lib\site-packages\sqlalchemy\pool\base.py:899: in __connect
    with util.safe_reraise():
venv\Lib\site-packages\sqlalchemy\util\langhelpers.py:224: in __exit__
    raise exc_value.with_traceback(exc_tb)
venv\Lib\site-packages\sqlalchemy\pool\base.py:895: in __connect
    self.dbapi_connection = connection = pool._invoke_creator(self)
venv\Lib\site-packages\sqlalchemy\engine\create.py:661: in connect
    return dialect.connect(*cargs, **cparams)
_ _ _ _ _ _ _ _ _ _ _ _ _ _ _ _ _ _ _ _ _ _ _ _ _ _ _ _ _ _ _ _ _ _ _ _ _ _ _ _ _ _ _ _ _ _ _ _ _ _ _ _ _ _ _ _ _ _ _ _

self = &lt;sqlalchemy.dialects.sqlite.pysqlite.SQLiteDialect_pysqlite object at 0x0000018E11F38E50&gt;
cargs = ('C:\\Users\\LENOVO~1\\AppData\\Local\\Temp\\tmpqj5tk3s2',), cparams = {'check_same_thread': False}

    def connect(self, *cargs: Any, **cparams: Any) -&gt; DBAPIConnection:
        # inherits the docstring from interfaces.Dialect.connect
&gt;       return self.loaded_dbapi.connect(*cargs, **cparams)  # type: ignore[no-any-return]  # NOQA: E501
E       sqlalchemy.exc.OperationalError: (sqlite3.OperationalError) unable to open database file
E       (Background on this error at: https://sqlalche.me/e/20/e3q8)

venv\Lib\site-packages\sqlalchemy\engine\default.py:630: OperationalError</error></testcase><testcase classname="tests.test_auth_extra.TestAuthAdditionalFlows" name="test_reset_password_valid_code_updates_user" time="1.517"><error message="failed on setup with &quot;sqlalchemy.exc.OperationalError: (sqlite3.OperationalError) unable to open database file&#10;(Background on this error at: https://sqlalche.me/e/20/e3q8)&quot;">self = &lt;sqlalchemy.engine.base.Connection object at 0x0000018E11C5F930&gt;
engine = Engine(sqlite:///C:\Users\LENOVO~1\AppData\Local\Temp\tmpqj5tk3s2), connection = None, _has_events = None
_allow_revalidate = True, _allow_autobegin = True

    def __init__(
        self,
        engine: Engine,
        connection: Optional[PoolProxiedConnection] = None,
        _has_events: Optional[bool] = None,
        _allow_revalidate: bool = True,
        _allow_autobegin: bool = True,
    ):
        """Construct a new Connection."""
        self.engine = engine
        self.dialect = dialect = engine.dialect
    
        if connection is None:
            try:
&gt;               self._dbapi_connection = engine.raw_connection()

venv\Lib\site-packages\sqlalchemy\engine\base.py:143: 
_ _ _ _ _ _ _ _ _ _ _ _ _ _ _ _ _ _ _ _ _ _ _ _ _ _ _ _ _ _ _ _ _ _ _ _ _ _ _ _ _ _ _ _ _ _ _ _ _ _ _ _ _ _ _ _ _ _ _ _
venv\Lib\site-packages\sqlalchemy\engine\base.py:3309: in raw_connection
    return self.pool.connect()
venv\Lib\site-packages\sqlalchemy\pool\base.py:447: in connect
    return _ConnectionFairy._checkout(self)
venv\Lib\site-packages\sqlalchemy\pool\base.py:1264: in _checkout
    fairy = _ConnectionRecord.checkout(pool)
venv\Lib\site-packages\sqlalchemy\pool\base.py:711: in checkout
    rec = pool._do_get()
venv\Lib\site-packages\sqlalchemy\pool\impl.py:177: in _do_get
    with util.safe_reraise():
venv\Lib\site-packages\sqlalchemy\util\langhelpers.py:224: in __exit__
    raise exc_value.with_traceback(exc_tb)
venv\Lib\site-packages\sqlalchemy\pool\impl.py:175: in _do_get
    return self._create_connection()
venv\Lib\site-packages\sqlalchemy\pool\base.py:388: in _create_connection
    return _ConnectionRecord(self)
venv\Lib\site-packages\sqlalchemy\pool\base.py:673: in __init__
    self.__connect()
venv\Lib\site-packages\sqlalchemy\pool\base.py:899: in __connect
    with util.safe_reraise():
venv\Lib\site-packages\sqlalchemy\util\langhelpers.py:224: in __exit__
    raise exc_value.with_traceback(exc_tb)
venv\Lib\site-packages\sqlalchemy\pool\base.py:895: in __connect
    self.dbapi_connection = connection = pool._invoke_creator(self)
venv\Lib\site-packages\sqlalchemy\engine\create.py:661: in connect
    return dialect.connect(*cargs, **cparams)
_ _ _ _ _ _ _ _ _ _ _ _ _ _ _ _ _ _ _ _ _ _ _ _ _ _ _ _ _ _ _ _ _ _ _ _ _ _ _ _ _ _ _ _ _ _ _ _ _ _ _ _ _ _ _ _ _ _ _ _

self = &lt;sqlalchemy.dialects.sqlite.pysqlite.SQLiteDialect_pysqlite object at 0x0000018E11F39E50&gt;
cargs = ('C:\\Users\\LENOVO~1\\AppData\\Local\\Temp\\tmpqj5tk3s2',), cparams = {'check_same_thread': False}

    def connect(self, *cargs: Any, **cparams: Any) -&gt; DBAPIConnection:
        # inherits the docstring from interfaces.Dialect.connect
&gt;       return self.loaded_dbapi.connect(*cargs, **cparams)  # type: ignore[no-any-return]  # NOQA: E501
E       sqlite3.OperationalError: unable to open database file

venv\Lib\site-packages\sqlalchemy\engine\default.py:630: OperationalError

The above exception was the direct cause of the following exception:

request = &lt;SubRequest 'testapp' for &lt;Function test_reset_password_valid_code_updates_user&gt;&gt;

    @pytest.fixture()
    def testapp(request):
        app = create_app('appname.settings.TestConfig')
        client = app.test_client()
    
        db.app = app
        app_ctx = app.app_context()
        app_ctx.push()
&gt;       db.create_all()

tests\conftest.py:19: 
_ _ _ _ _ _ _ _ _ _ _ _ _ _ _ _ _ _ _ _ _ _ _ _ _ _ _ _ _ _ _ _ _ _ _ _ _ _ _ _ _ _ _ _ _ _ _ _ _ _ _ _ _ _ _ _ _ _ _ _
venv\Lib\site-packages\flask_sqlalchemy\extension.py:900: in create_all
    self._call_for_binds(bind_key, "create_all")
venv\Lib\site-packages\flask_sqlalchemy\extension.py:881: in _call_for_binds
    getattr(metadata, op_name)(bind=engine)
venv\Lib\site-packages\sqlalchemy\sql\schema.py:5928: in create_all
    bind._run_ddl_visitor(
venv\Lib\site-packages\sqlalchemy\engine\base.py:3259: in _run_ddl_visitor
    with self.begin() as conn:
C:\Python314\Lib\contextlib.py:141: in __enter__
    return next(self.gen)
venv\Lib\site-packages\sqlalchemy\engine\base.py:3249: in begin
    with self.connect() as conn:
venv\Lib\site-packages\sqlalchemy\engine\base.py:3285: in connect
    return self._connection_cls(self)
venv\Lib\site-packages\sqlalchemy\engine\base.py:145: in __init__
    Connection._handle_dbapi_exception_noconnection(
venv\Lib\site-packages\sqlalchemy\engine\base.py:2448: in _handle_dbapi_exception_noconnection
    raise sqlalchemy_exception.with_traceback(exc_info[2]) from e
venv\Lib\site-packages\sqlalchemy\engine\base.py:143: in __init__
    self._dbapi_connection = engine.raw_connection()
venv\Lib\site-packages\sqlalchemy\engine\base.py:3309: in raw_connection
    return self.pool.connect()
venv\Lib\site-packages\sqlalchemy\pool\base.py:447: in connect
    return _ConnectionFairy._checkout(self)
venv\Lib\site-packages\sqlalchemy\pool\base.py:1264: in _checkout
    fairy = _ConnectionRecord.checkout(pool)
venv\Lib\site-packages\sqlalchemy\pool\base.py:711: in checkout
    rec = pool._do_get()
venv\Lib\site-packages\sqlalchemy\pool\impl.py:177: in _do_get
    with util.safe_reraise():
venv\Lib\site-packages\sqlalchemy\util\langhelpers.py:224: in __exit__
    raise exc_value.with_traceback(exc_tb)
venv\Lib\site-packages\sqlalchemy\pool\impl.py:175: in _do_get
    return self._create_connection()
venv\Lib\site-packages\sqlalchemy\pool\base.py:388: in _create_connection
    return _ConnectionRecord(self)
venv\Lib\site-packages\sqlalchemy\pool\base.py:673: in __init__
    self.__connect()
venv\Lib\site-packages\sqlalchemy\pool\base.py:899: in __connect
    with util.safe_reraise():
venv\Lib\site-packages\sqlalchemy\util\langhelpers.py:224: in __exit__
    raise exc_value.with_traceback(exc_tb)
venv\Lib\site-packages\sqlalchemy\pool\base.py:895: in __connect
    self.dbapi_connection = connection = pool._invoke_creator(self)
venv\Lib\site-packages\sqlalchemy\engine\create.py:661: in connect
    return dialect.connect(*cargs, **cparams)
_ _ _ _ _ _ _ _ _ _ _ _ _ _ _ _ _ _ _ _ _ _ _ _ _ _ _ _ _ _ _ _ _ _ _ _ _ _ _ _ _ _ _ _ _ _ _ _ _ _ _ _ _ _ _ _ _ _ _ _

self = &lt;sqlalchemy.dialects.sqlite.pysqlite.SQLiteDialect_pysqlite object at 0x0000018E11F39E50&gt;
cargs = ('C:\\Users\\LENOVO~1\\AppData\\Local\\Temp\\tmpqj5tk3s2',), cparams = {'check_same_thread': False}

    def connect(self, *cargs: Any, **cparams: Any) -&gt; DBAPIConnection:
        # inherits the docstring from interfaces.Dialect.connect
&gt;       return self.loaded_dbapi.connect(*cargs, **cparams)  # type: ignore[no-any-return]  # NOQA: E501
E       sqlalchemy.exc.OperationalError: (sqlite3.OperationalError) unable to open database file
E       (Background on this error at: https://sqlalche.me/e/20/e3q8)

venv\Lib\site-packages\sqlalchemy\engine\default.py:630: OperationalError</error></testcase><testcase classname="tests.test_auth_extra.TestAuthAdditionalFlows" name="test_reauth_post_with_valid_credentials_redirects_settings" time="1.510"><error message="failed on setup with &quot;sqlalchemy.exc.OperationalError: (sqlite3.OperationalError) unable to open database file&#10;(Background on this error at: https://sqlalche.me/e/20/e3q8)&quot;">self = &lt;sqlalchemy.engine.base.Connection object at 0x0000018E11C5D3D0&gt;
engine = Engine(sqlite:///C:\Users\LENOVO~1\AppData\Local\Temp\tmpqj5tk3s2), connection = None, _has_events = None
_allow_revalidate = True, _allow_autobegin = True

    def __init__(
        self,
        engine: Engine,
        connection: Optional[PoolProxiedConnection] = None,
        _has_events: Optional[bool] = None,
        _allow_revalidate: bool = True,
        _allow_autobegin: bool = True,
    ):
        """Construct a new Connection."""
        self.engine = engine
        self.dialect = dialect = engine.dialect
    
        if connection is None:
            try:
&gt;               self._dbapi_connection = engine.raw_connection()

venv\Lib\site-packages\sqlalchemy\engine\base.py:143: 
_ _ _ _ _ _ _ _ _ _ _ _ _ _ _ _ _ _ _ _ _ _ _ _ _ _ _ _ _ _ _ _ _ _ _ _ _ _ _ _ _ _ _ _ _ _ _ _ _ _ _ _ _ _ _ _ _ _ _ _
venv\Lib\site-packages\sqlalchemy\engine\base.py:3309: in raw_connection
    return self.pool.connect()
venv\Lib\site-packages\sqlalchemy\pool\base.py:447: in connect
    return _ConnectionFairy._checkout(self)
venv\Lib\site-packages\sqlalchemy\pool\base.py:1264: in _checkout
    fairy = _ConnectionRecord.checkout(pool)
venv\Lib\site-packages\sqlalchemy\pool\base.py:711: in checkout
    rec = pool._do_get()
venv\Lib\site-packages\sqlalchemy\pool\impl.py:177: in _do_get
    with util.safe_reraise():
venv\Lib\site-packages\sqlalchemy\util\langhelpers.py:224: in __exit__
    raise exc_value.with_traceback(exc_tb)
venv\Lib\site-packages\sqlalchemy\pool\impl.py:175: in _do_get
    return self._create_connection()
venv\Lib\site-packages\sqlalchemy\pool\base.py:388: in _create_connection
    return _ConnectionRecord(self)
venv\Lib\site-packages\sqlalchemy\pool\base.py:673: in __init__
    self.__connect()
venv\Lib\site-packages\sqlalchemy\pool\base.py:899: in __connect
    with util.safe_reraise():
venv\Lib\site-packages\sqlalchemy\util\langhelpers.py:224: in __exit__
    raise exc_value.with_traceback(exc_tb)
venv\Lib\site-packages\sqlalchemy\pool\base.py:895: in __connect
    self.dbapi_connection = connection = pool._invoke_creator(self)
venv\Lib\site-packages\sqlalchemy\engine\create.py:661: in connect
    return dialect.connect(*cargs, **cparams)
_ _ _ _ _ _ _ _ _ _ _ _ _ _ _ _ _ _ _ _ _ _ _ _ _ _ _ _ _ _ _ _ _ _ _ _ _ _ _ _ _ _ _ _ _ _ _ _ _ _ _ _ _ _ _ _ _ _ _ _

self = &lt;sqlalchemy.dialects.sqlite.pysqlite.SQLiteDialect_pysqlite object at 0x0000018E11F3AF50&gt;
cargs = ('C:\\Users\\LENOVO~1\\AppData\\Local\\Temp\\tmpqj5tk3s2',), cparams = {'check_same_thread': False}

    def connect(self, *cargs: Any, **cparams: Any) -&gt; DBAPIConnection:
        # inherits the docstring from interfaces.Dialect.connect
&gt;       return self.loaded_dbapi.connect(*cargs, **cparams)  # type: ignore[no-any-return]  # NOQA: E501
E       sqlite3.OperationalError: unable to open database file

venv\Lib\site-packages\sqlalchemy\engine\default.py:630: OperationalError

The above exception was the direct cause of the following exception:

request = &lt;SubRequest 'testapp' for &lt;Function test_reauth_post_with_valid_credentials_redirects_settings&gt;&gt;

    @pytest.fixture()
    def testapp(request):
        app = create_app('appname.settings.TestConfig')
        client = app.test_client()
    
        db.app = app
        app_ctx = app.app_context()
        app_ctx.push()
&gt;       db.create_all()

tests\conftest.py:19: 
_ _ _ _ _ _ _ _ _ _ _ _ _ _ _ _ _ _ _ _ _ _ _ _ _ _ _ _ _ _ _ _ _ _ _ _ _ _ _ _ _ _ _ _ _ _ _ _ _ _ _ _ _ _ _ _ _ _ _ _
venv\Lib\site-packages\flask_sqlalchemy\extension.py:900: in create_all
    self._call_for_binds(bind_key, "create_all")
venv\Lib\site-packages\flask_sqlalchemy\extension.py:881: in _call_for_binds
    getattr(metadata, op_name)(bind=engine)
venv\Lib\site-packages\sqlalchemy\sql\schema.py:5928: in create_all
    bind._run_ddl_visitor(
venv\Lib\site-packages\sqlalchemy\engine\base.py:3259: in _run_ddl_visitor
    with self.begin() as conn:
C:\Python314\Lib\contextlib.py:141: in __enter__
    return next(self.gen)
venv\Lib\site-packages\sqlalchemy\engine\base.py:3249: in begin
    with self.connect() as conn:
venv\Lib\site-packages\sqlalchemy\engine\base.py:3285: in connect
    return self._connection_cls(self)
venv\Lib\site-packages\sqlalchemy\engine\base.py:145: in __init__
    Connection._handle_dbapi_exception_noconnection(
venv\Lib\site-packages\sqlalchemy\engine\base.py:2448: in _handle_dbapi_exception_noconnection
    raise sqlalchemy_exception.with_traceback(exc_info[2]) from e
venv\Lib\site-packages\sqlalchemy\engine\base.py:143: in __init__
    self._dbapi_connection = engine.raw_connection()
venv\Lib\site-packages\sqlalchemy\engine\base.py:3309: in raw_connection
    return self.pool.connect()
venv\Lib\site-packages\sqlalchemy\pool\base.py:447: in connect
    return _ConnectionFairy._checkout(self)
venv\Lib\site-packages\sqlalchemy\pool\base.py:1264: in _checkout
    fairy = _ConnectionRecord.checkout(pool)
venv\Lib\site-packages\sqlalchemy\pool\base.py:711: in checkout
    rec = pool._do_get()
venv\Lib\site-packages\sqlalchemy\pool\impl.py:177: in _do_get
    with util.safe_reraise():
venv\Lib\site-packages\sqlalchemy\util\langhelpers.py:224: in __exit__
    raise exc_value.with_traceback(exc_tb)
venv\Lib\site-packages\sqlalchemy\pool\impl.py:175: in _do_get
    return self._create_connection()
venv\Lib\site-packages\sqlalchemy\pool\base.py:388: in _create_connection
    return _ConnectionRecord(self)
venv\Lib\site-packages\sqlalchemy\pool\base.py:673: in __init__
    self.__connect()
venv\Lib\site-packages\sqlalchemy\pool\base.py:899: in __connect
    with util.safe_reraise():
venv\Lib\site-packages\sqlalchemy\util\langhelpers.py:224: in __exit__
    raise exc_value.with_traceback(exc_tb)
venv\Lib\site-packages\sqlalchemy\pool\base.py:895: in __connect
    self.dbapi_connection = connection = pool._invoke_creator(self)
venv\Lib\site-packages\sqlalchemy\engine\create.py:661: in connect
    return dialect.connect(*cargs, **cparams)
_ _ _ _ _ _ _ _ _ _ _ _ _ _ _ _ _ _ _ _ _ _ _ _ _ _ _ _ _ _ _ _ _ _ _ _ _ _ _ _ _ _ _ _ _ _ _ _ _ _ _ _ _ _ _ _ _ _ _ _

self = &lt;sqlalchemy.dialects.sqlite.pysqlite.SQLiteDialect_pysqlite object at 0x0000018E11F3AF50&gt;
cargs = ('C:\\Users\\LENOVO~1\\AppData\\Local\\Temp\\tmpqj5tk3s2',), cparams = {'check_same_thread': False}

    def connect(self, *cargs: Any, **cparams: Any) -&gt; DBAPIConnection:
        # inherits the docstring from interfaces.Dialect.connect
&gt;       return self.loaded_dbapi.connect(*cargs, **cparams)  # type: ignore[no-any-return]  # NOQA: E501
E       sqlalchemy.exc.OperationalError: (sqlite3.OperationalError) unable to open database file
E       (Background on this error at: https://sqlalche.me/e/20/e3q8)

venv\Lib\site-packages\sqlalchemy\engine\default.py:630: OperationalError</error></testcase><testcase classname="tests.test_auth_extra.TestAuthAdditionalFlows" name="test_join_team_returns_404_for_non_matching_user" time="1.494"><error message="failed on setup with &quot;sqlalchemy.exc.OperationalError: (sqlite3.OperationalError) unable to open database file&#10;(Background on this error at: https://sqlalche.me/e/20/e3q8)&quot;">self = &lt;sqlalchemy.engine.base.Connection object at 0x0000018E10EF0940&gt;
engine = Engine(sqlite:///C:\Users\LENOVO~1\AppData\Local\Temp\tmpqj5tk3s2), connection = None, _has_events = None
_allow_revalidate = True, _allow_autobegin = True

    def __init__(
        self,
        engine: Engine,
        connection: Optional[PoolProxiedConnection] = None,
        _has_events: Optional[bool] = None,
        _allow_revalidate: bool = True,
        _allow_autobegin: bool = True,
    ):
        """Construct a new Connection."""
        self.engine = engine
        self.dialect = dialect = engine.dialect
    
        if connection is None:
            try:
&gt;               self._dbapi_connection = engine.raw_connection()

venv\Lib\site-packages\sqlalchemy\engine\base.py:143: 
_ _ _ _ _ _ _ _ _ _ _ _ _ _ _ _ _ _ _ _ _ _ _ _ _ _ _ _ _ _ _ _ _ _ _ _ _ _ _ _ _ _ _ _ _ _ _ _ _ _ _ _ _ _ _ _ _ _ _ _
venv\Lib\site-packages\sqlalchemy\engine\base.py:3309: in raw_connection
    return self.pool.connect()
venv\Lib\site-packages\sqlalchemy\pool\base.py:447: in connect
    return _ConnectionFairy._checkout(self)
venv\Lib\site-packages\sqlalchemy\pool\base.py:1264: in _checkout
    fairy = _ConnectionRecord.checkout(pool)
venv\Lib\site-packages\sqlalchemy\pool\base.py:711: in checkout
    rec = pool._do_get()
venv\Lib\site-packages\sqlalchemy\pool\impl.py:177: in _do_get
    with util.safe_reraise():
venv\Lib\site-packages\sqlalchemy\util\langhelpers.py:224: in __exit__
    raise exc_value.with_traceback(exc_tb)
venv\Lib\site-packages\sqlalchemy\pool\impl.py:175: in _do_get
    return self._create_connection()
venv\Lib\site-packages\sqlalchemy\pool\base.py:388: in _create_connection
    return _ConnectionRecord(self)
venv\Lib\site-packages\sqlalchemy\pool\base.py:673: in __init__
    self.__connect()
venv\Lib\site-packages\sqlalchemy\pool\base.py:899: in __connect
    with util.safe_reraise():
venv\Lib\site-packages\sqlalchemy\util\langhelpers.py:224: in __exit__
    raise exc_value.with_traceback(exc_tb)
venv\Lib\site-packages\sqlalchemy\pool\base.py:895: in __connect
    self.dbapi_connection = connection = pool._invoke_creator(self)
venv\Lib\site-packages\sqlalchemy\engine\create.py:661: in connect
    return dialect.connect(*cargs, **cparams)
_ _ _ _ _ _ _ _ _ _ _ _ _ _ _ _ _ _ _ _ _ _ _ _ _ _ _ _ _ _ _ _ _ _ _ _ _ _ _ _ _ _ _ _ _ _ _ _ _ _ _ _ _ _ _ _ _ _ _ _

self = &lt;sqlalchemy.dialects.sqlite.pysqlite.SQLiteDialect_pysqlite object at 0x0000018E10DD3D50&gt;
cargs = ('C:\\Users\\LENOVO~1\\AppData\\Local\\Temp\\tmpqj5tk3s2',), cparams = {'check_same_thread': False}

    def connect(self, *cargs: Any, **cparams: Any) -&gt; DBAPIConnection:
        # inherits the docstring from interfaces.Dialect.connect
&gt;       return self.loaded_dbapi.connect(*cargs, **cparams)  # type: ignore[no-any-return]  # NOQA: E501
E       sqlite3.OperationalError: unable to open database file

venv\Lib\site-packages\sqlalchemy\engine\default.py:630: OperationalError

The above exception was the direct cause of the following exception:

request = &lt;SubRequest 'testapp' for &lt;Function test_join_team_returns_404_for_non_matching_user&gt;&gt;

    @pytest.fixture()
    def testapp(request):
        app = create_app('appname.settings.TestConfig')
        client = app.test_client()
    
        db.app = app
        app_ctx = app.app_context()
        app_ctx.push()
&gt;       db.create_all()

tests\conftest.py:19: 
_ _ _ _ _ _ _ _ _ _ _ _ _ _ _ _ _ _ _ _ _ _ _ _ _ _ _ _ _ _ _ _ _ _ _ _ _ _ _ _ _ _ _ _ _ _ _ _ _ _ _ _ _ _ _ _ _ _ _ _
venv\Lib\site-packages\flask_sqlalchemy\extension.py:900: in create_all
    self._call_for_binds(bind_key, "create_all")
venv\Lib\site-packages\flask_sqlalchemy\extension.py:881: in _call_for_binds
    getattr(metadata, op_name)(bind=engine)
venv\Lib\site-packages\sqlalchemy\sql\schema.py:5928: in create_all
    bind._run_ddl_visitor(
venv\Lib\site-packages\sqlalchemy\engine\base.py:3259: in _run_ddl_visitor
    with self.begin() as conn:
C:\Python314\Lib\contextlib.py:141: in __enter__
    return next(self.gen)
venv\Lib\site-packages\sqlalchemy\engine\base.py:3249: in begin
    with self.connect() as conn:
venv\Lib\site-packages\sqlalchemy\engine\base.py:3285: in connect
    return self._connection_cls(self)
venv\Lib\site-packages\sqlalchemy\engine\base.py:145: in __init__
    Connection._handle_dbapi_exception_noconnection(
venv\Lib\site-packages\sqlalchemy\engine\base.py:2448: in _handle_dbapi_exception_noconnection
    raise sqlalchemy_exception.with_traceback(exc_info[2]) from e
venv\Lib\site-packages\sqlalchemy\engine\base.py:143: in __init__
    self._dbapi_connection = engine.raw_connection()
venv\Lib\site-packages\sqlalchemy\engine\base.py:3309: in raw_connection
    return self.pool.connect()
venv\Lib\site-packages\sqlalchemy\pool\base.py:447: in connect
    return _ConnectionFairy._checkout(self)
venv\Lib\site-packages\sqlalchemy\pool\base.py:1264: in _checkout
    fairy = _ConnectionRecord.checkout(pool)
venv\Lib\site-packages\sqlalchemy\pool\base.py:711: in checkout
    rec = pool._do_get()
venv\Lib\site-packages\sqlalchemy\pool\impl.py:177: in _do_get
    with util.safe_reraise():
venv\Lib\site-packages\sqlalchemy\util\langhelpers.py:224: in __exit__
    raise exc_value.with_traceback(exc_tb)
venv\Lib\site-packages\sqlalchemy\pool\impl.py:175: in _do_get
    return self._create_connection()
venv\Lib\site-packages\sqlalchemy\pool\base.py:388: in _create_connection
    return _ConnectionRecord(self)
venv\Lib\site-packages\sqlalchemy\pool\base.py:673: in __init__
    self.__connect()
venv\Lib\site-packages\sqlalchemy\pool\base.py:899: in __connect
    with util.safe_reraise():
venv\Lib\site-packages\sqlalchemy\util\langhelpers.py:224: in __exit__
    raise exc_value.with_traceback(exc_tb)
venv\Lib\site-packages\sqlalchemy\pool\base.py:895: in __connect
    self.dbapi_connection = connection = pool._invoke_creator(self)
venv\Lib\site-packages\sqlalchemy\engine\create.py:661: in connect
    return dialect.connect(*cargs, **cparams)
_ _ _ _ _ _ _ _ _ _ _ _ _ _ _ _ _ _ _ _ _ _ _ _ _ _ _ _ _ _ _ _ _ _ _ _ _ _ _ _ _ _ _ _ _ _ _ _ _ _ _ _ _ _ _ _ _ _ _ _

self = &lt;sqlalchemy.dialects.sqlite.pysqlite.SQLiteDialect_pysqlite object at 0x0000018E10DD3D50&gt;
cargs = ('C:\\Users\\LENOVO~1\\AppData\\Local\\Temp\\tmpqj5tk3s2',), cparams = {'check_same_thread': False}

    def connect(self, *cargs: Any, **cparams: Any) -&gt; DBAPIConnection:
        # inherits the docstring from interfaces.Dialect.connect
&gt;       return self.loaded_dbapi.connect(*cargs, **cparams)  # type: ignore[no-any-return]  # NOQA: E501
E       sqlalchemy.exc.OperationalError: (sqlite3.OperationalError) unable to open database file
E       (Background on this error at: https://sqlalche.me/e/20/e3q8)

venv\Lib\site-packages\sqlalchemy\engine\default.py:630: OperationalError</error></testcase><testcase classname="tests.test_auth_extra.TestAuthAdditionalFlows" name="test_join_team_activates_invite_for_owner" time="1.495"><error message="failed on setup with &quot;sqlalchemy.exc.OperationalError: (sqlite3.OperationalError) unable to open database file&#10;(Background on this error at: https://sqlalche.me/e/20/e3q8)&quot;">self = &lt;sqlalchemy.engine.base.Connection object at 0x0000018E119A60D0&gt;
engine = Engine(sqlite:///C:\Users\LENOVO~1\AppData\Local\Temp\tmpqj5tk3s2), connection = None, _has_events = None
_allow_revalidate = True, _allow_autobegin = True

    def __init__(
        self,
        engine: Engine,
        connection: Optional[PoolProxiedConnection] = None,
        _has_events: Optional[bool] = None,
        _allow_revalidate: bool = True,
        _allow_autobegin: bool = True,
    ):
        """Construct a new Connection."""
        self.engine = engine
        self.dialect = dialect = engine.dialect
    
        if connection is None:
            try:
&gt;               self._dbapi_connection = engine.raw_connection()

venv\Lib\site-packages\sqlalchemy\engine\base.py:143: 
_ _ _ _ _ _ _ _ _ _ _ _ _ _ _ _ _ _ _ _ _ _ _ _ _ _ _ _ _ _ _ _ _ _ _ _ _ _ _ _ _ _ _ _ _ _ _ _ _ _ _ _ _ _ _ _ _ _ _ _
venv\Lib\site-packages\sqlalchemy\engine\base.py:3309: in raw_connection
    return self.pool.connect()
venv\Lib\site-packages\sqlalchemy\pool\base.py:447: in connect
    return _ConnectionFairy._checkout(self)
venv\Lib\site-packages\sqlalchemy\pool\base.py:1264: in _checkout
    fairy = _ConnectionRecord.checkout(pool)
venv\Lib\site-packages\sqlalchemy\pool\base.py:711: in checkout
    rec = pool._do_get()
venv\Lib\site-packages\sqlalchemy\pool\impl.py:177: in _do_get
    with util.safe_reraise():
venv\Lib\site-packages\sqlalchemy\util\langhelpers.py:224: in __exit__
    raise exc_value.with_traceback(exc_tb)
venv\Lib\site-packages\sqlalchemy\pool\impl.py:175: in _do_get
    return self._create_connection()
venv\Lib\site-packages\sqlalchemy\pool\base.py:388: in _create_connection
    return _ConnectionRecord(self)
venv\Lib\site-packages\sqlalchemy\pool\base.py:673: in __init__
    self.__connect()
venv\Lib\site-packages\sqlalchemy\pool\base.py:899: in __connect
    with util.safe_reraise():
venv\Lib\site-packages\sqlalchemy\util\langhelpers.py:224: in __exit__
    raise exc_value.with_traceback(exc_tb)
venv\Lib\site-packages\sqlalchemy\pool\base.py:895: in __connect
    self.dbapi_connection = connection = pool._invoke_creator(self)
venv\Lib\site-packages\sqlalchemy\engine\create.py:661: in connect
    return dialect.connect(*cargs, **cparams)
_ _ _ _ _ _ _ _ _ _ _ _ _ _ _ _ _ _ _ _ _ _ _ _ _ _ _ _ _ _ _ _ _ _ _ _ _ _ _ _ _ _ _ _ _ _ _ _ _ _ _ _ _ _ _ _ _ _ _ _

self = &lt;sqlalchemy.dialects.sqlite.pysqlite.SQLiteDialect_pysqlite object at 0x0000018E10DD1950&gt;
cargs = ('C:\\Users\\LENOVO~1\\AppData\\Local\\Temp\\tmpqj5tk3s2',), cparams = {'check_same_thread': False}

    def connect(self, *cargs: Any, **cparams: Any) -&gt; DBAPIConnection:
        # inherits the docstring from interfaces.Dialect.connect
&gt;       return self.loaded_dbapi.connect(*cargs, **cparams)  # type: ignore[no-any-return]  # NOQA: E501
E       sqlite3.OperationalError: unable to open database file

venv\Lib\site-packages\sqlalchemy\engine\default.py:630: OperationalError

The above exception was the direct cause of the following exception:

request = &lt;SubRequest 'testapp' for &lt;Function test_join_team_activates_invite_for_owner&gt;&gt;

    @pytest.fixture()
    def testapp(request):
        app = create_app('appname.settings.TestConfig')
        client = app.test_client()
    
        db.app = app
        app_ctx = app.app_context()
        app_ctx.push()
&gt;       db.create_all()

tests\conftest.py:19: 
_ _ _ _ _ _ _ _ _ _ _ _ _ _ _ _ _ _ _ _ _ _ _ _ _ _ _ _ _ _ _ _ _ _ _ _ _ _ _ _ _ _ _ _ _ _ _ _ _ _ _ _ _ _ _ _ _ _ _ _
venv\Lib\site-packages\flask_sqlalchemy\extension.py:900: in create_all
    self._call_for_binds(bind_key, "create_all")
venv\Lib\site-packages\flask_sqlalchemy\extension.py:881: in _call_for_binds
    getattr(metadata, op_name)(bind=engine)
venv\Lib\site-packages\sqlalchemy\sql\schema.py:5928: in create_all
    bind._run_ddl_visitor(
venv\Lib\site-packages\sqlalchemy\engine\base.py:3259: in _run_ddl_visitor
    with self.begin() as conn:
C:\Python314\Lib\contextlib.py:141: in __enter__
    return next(self.gen)
venv\Lib\site-packages\sqlalchemy\engine\base.py:3249: in begin
    with self.connect() as conn:
venv\Lib\site-packages\sqlalchemy\engine\base.py:3285: in connect
    return self._connection_cls(self)
venv\Lib\site-packages\sqlalchemy\engine\base.py:145: in __init__
    Connection._handle_dbapi_exception_noconnection(
venv\Lib\site-packages\sqlalchemy\engine\base.py:2448: in _handle_dbapi_exception_noconnection
    raise sqlalchemy_exception.with_traceback(exc_info[2]) from e
venv\Lib\site-packages\sqlalchemy\engine\base.py:143: in __init__
    self._dbapi_connection = engine.raw_connection()
venv\Lib\site-packages\sqlalchemy\engine\base.py:3309: in raw_connection
    return self.pool.connect()
venv\Lib\site-packages\sqlalchemy\pool\base.py:447: in connect
    return _ConnectionFairy._checkout(self)
venv\Lib\site-packages\sqlalchemy\pool\base.py:1264: in _checkout
    fairy = _ConnectionRecord.checkout(pool)
venv\Lib\site-packages\sqlalchemy\pool\base.py:711: in checkout
    rec = pool._do_get()
venv\Lib\site-packages\sqlalchemy\pool\impl.py:177: in _do_get
    with util.safe_reraise():
venv\Lib\site-packages\sqlalchemy\util\langhelpers.py:224: in __exit__
    raise exc_value.with_traceback(exc_tb)
venv\Lib\site-packages\sqlalchemy\pool\impl.py:175: in _do_get
    return self._create_connection()
venv\Lib\site-packages\sqlalchemy\pool\base.py:388: in _create_connection
    return _ConnectionRecord(self)
venv\Lib\site-packages\sqlalchemy\pool\base.py:673: in __init__
    self.__connect()
venv\Lib\site-packages\sqlalchemy\pool\base.py:899: in __connect
    with util.safe_reraise():
venv\Lib\site-packages\sqlalchemy\util\langhelpers.py:224: in __exit__
    raise exc_value.with_traceback(exc_tb)
venv\Lib\site-packages\sqlalchemy\pool\base.py:895: in __connect
    self.dbapi_connection = connection = pool._invoke_creator(self)
venv\Lib\site-packages\sqlalchemy\engine\create.py:661: in connect
    return dialect.connect(*cargs, **cparams)
_ _ _ _ _ _ _ _ _ _ _ _ _ _ _ _ _ _ _ _ _ _ _ _ _ _ _ _ _ _ _ _ _ _ _ _ _ _ _ _ _ _ _ _ _ _ _ _ _ _ _ _ _ _ _ _ _ _ _ _

self = &lt;sqlalchemy.dialects.sqlite.pysqlite.SQLiteDialect_pysqlite object at 0x0000018E10DD1950&gt;
cargs = ('C:\\Users\\LENOVO~1\\AppData\\Local\\Temp\\tmpqj5tk3s2',), cparams = {'check_same_thread': False}

    def connect(self, *cargs: Any, **cparams: Any) -&gt; DBAPIConnection:
        # inherits the docstring from interfaces.Dialect.connect
&gt;       return self.loaded_dbapi.connect(*cargs, **cparams)  # type: ignore[no-any-return]  # NOQA: E501
E       sqlalchemy.exc.OperationalError: (sqlite3.OperationalError) unable to open database file
E       (Background on this error at: https://sqlalche.me/e/20/e3q8)

venv\Lib\site-packages\sqlalchemy\engine\default.py:630: OperationalError</error></testcase><testcase classname="tests.test_auth_extra.TestAuthAdditionalFlows" name="test_invite_page_renders_for_guest_user" time="1.474"><error message="failed on setup with &quot;sqlalchemy.exc.OperationalError: (sqlite3.OperationalError) unable to open database file&#10;(Background on this error at: https://sqlalche.me/e/20/e3q8)&quot;">self = &lt;sqlalchemy.engine.base.Connection object at 0x0000018E10C42750&gt;
engine = Engine(sqlite:///C:\Users\LENOVO~1\AppData\Local\Temp\tmpqj5tk3s2), connection = None, _has_events = None
_allow_revalidate = True, _allow_autobegin = True

    def __init__(
        self,
        engine: Engine,
        connection: Optional[PoolProxiedConnection] = None,
        _has_events: Optional[bool] = None,
        _allow_revalidate: bool = True,
        _allow_autobegin: bool = True,
    ):
        """Construct a new Connection."""
        self.engine = engine
        self.dialect = dialect = engine.dialect
    
        if connection is None:
            try:
&gt;               self._dbapi_connection = engine.raw_connection()

venv\Lib\site-packages\sqlalchemy\engine\base.py:143: 
_ _ _ _ _ _ _ _ _ _ _ _ _ _ _ _ _ _ _ _ _ _ _ _ _ _ _ _ _ _ _ _ _ _ _ _ _ _ _ _ _ _ _ _ _ _ _ _ _ _ _ _ _ _ _ _ _ _ _ _
venv\Lib\site-packages\sqlalchemy\engine\base.py:3309: in raw_connection
    return self.pool.connect()
venv\Lib\site-packages\sqlalchemy\pool\base.py:447: in connect
    return _ConnectionFairy._checkout(self)
venv\Lib\site-packages\sqlalchemy\pool\base.py:1264: in _checkout
    fairy = _ConnectionRecord.checkout(pool)
venv\Lib\site-packages\sqlalchemy\pool\base.py:711: in checkout
    rec = pool._do_get()
venv\Lib\site-packages\sqlalchemy\pool\impl.py:177: in _do_get
    with util.safe_reraise():
venv\Lib\site-packages\sqlalchemy\util\langhelpers.py:224: in __exit__
    raise exc_value.with_traceback(exc_tb)
venv\Lib\site-packages\sqlalchemy\pool\impl.py:175: in _do_get
    return self._create_connection()
venv\Lib\site-packages\sqlalchemy\pool\base.py:388: in _create_connection
    return _ConnectionRecord(self)
venv\Lib\site-packages\sqlalchemy\pool\base.py:673: in __init__
    self.__connect()
venv\Lib\site-packages\sqlalchemy\pool\base.py:899: in __connect
    with util.safe_reraise():
venv\Lib\site-packages\sqlalchemy\util\langhelpers.py:224: in __exit__
    raise exc_value.with_traceback(exc_tb)
venv\Lib\site-packages\sqlalchemy\pool\base.py:895: in __connect
    self.dbapi_connection = connection = pool._invoke_creator(self)
venv\Lib\site-packages\sqlalchemy\engine\create.py:661: in connect
    return dialect.connect(*cargs, **cparams)
_ _ _ _ _ _ _ _ _ _ _ _ _ _ _ _ _ _ _ _ _ _ _ _ _ _ _ _ _ _ _ _ _ _ _ _ _ _ _ _ _ _ _ _ _ _ _ _ _ _ _ _ _ _ _ _ _ _ _ _

self = &lt;sqlalchemy.dialects.sqlite.pysqlite.SQLiteDialect_pysqlite object at 0x0000018E10DD0B50&gt;
cargs = ('C:\\Users\\LENOVO~1\\AppData\\Local\\Temp\\tmpqj5tk3s2',), cparams = {'check_same_thread': False}

    def connect(self, *cargs: Any, **cparams: Any) -&gt; DBAPIConnection:
        # inherits the docstring from interfaces.Dialect.connect
&gt;       return self.loaded_dbapi.connect(*cargs, **cparams)  # type: ignore[no-any-return]  # NOQA: E501
E       sqlite3.OperationalError: unable to open database file

venv\Lib\site-packages\sqlalchemy\engine\default.py:630: OperationalError

The above exception was the direct cause of the following exception:

request = &lt;SubRequest 'testapp' for &lt;Function test_invite_page_renders_for_guest_user&gt;&gt;

    @pytest.fixture()
    def testapp(request):
        app = create_app('appname.settings.TestConfig')
        client = app.test_client()
    
        db.app = app
        app_ctx = app.app_context()
        app_ctx.push()
&gt;       db.create_all()

tests\conftest.py:19: 
_ _ _ _ _ _ _ _ _ _ _ _ _ _ _ _ _ _ _ _ _ _ _ _ _ _ _ _ _ _ _ _ _ _ _ _ _ _ _ _ _ _ _ _ _ _ _ _ _ _ _ _ _ _ _ _ _ _ _ _
venv\Lib\site-packages\flask_sqlalchemy\extension.py:900: in create_all
    self._call_for_binds(bind_key, "create_all")
venv\Lib\site-packages\flask_sqlalchemy\extension.py:881: in _call_for_binds
    getattr(metadata, op_name)(bind=engine)
venv\Lib\site-packages\sqlalchemy\sql\schema.py:5928: in create_all
    bind._run_ddl_visitor(
venv\Lib\site-packages\sqlalchemy\engine\base.py:3259: in _run_ddl_visitor
    with self.begin() as conn:
C:\Python314\Lib\contextlib.py:141: in __enter__
    return next(self.gen)
venv\Lib\site-packages\sqlalchemy\engine\base.py:3249: in begin
    with self.connect() as conn:
venv\Lib\site-packages\sqlalchemy\engine\base.py:3285: in connect
    return self._connection_cls(self)
venv\Lib\site-packages\sqlalchemy\engine\base.py:145: in __init__
    Connection._handle_dbapi_exception_noconnection(
venv\Lib\site-packages\sqlalchemy\engine\base.py:2448: in _handle_dbapi_exception_noconnection
    raise sqlalchemy_exception.with_traceback(exc_info[2]) from e
venv\Lib\site-packages\sqlalchemy\engine\base.py:143: in __init__
    self._dbapi_connection = engine.raw_connection()
venv\Lib\site-packages\sqlalchemy\engine\base.py:3309: in raw_connection
    return self.pool.connect()
venv\Lib\site-packages\sqlalchemy\pool\base.py:447: in connect
    return _ConnectionFairy._checkout(self)
venv\Lib\site-packages\sqlalchemy\pool\base.py:1264: in _checkout
    fairy = _ConnectionRecord.checkout(pool)
venv\Lib\site-packages\sqlalchemy\pool\base.py:711: in checkout
    rec = pool._do_get()
venv\Lib\site-packages\sqlalchemy\pool\impl.py:177: in _do_get
    with util.safe_reraise():
venv\Lib\site-packages\sqlalchemy\util\langhelpers.py:224: in __exit__
    raise exc_value.with_traceback(exc_tb)
venv\Lib\site-packages\sqlalchemy\pool\impl.py:175: in _do_get
    return self._create_connection()
venv\Lib\site-packages\sqlalchemy\pool\base.py:388: in _create_connection
    return _ConnectionRecord(self)
venv\Lib\site-packages\sqlalchemy\pool\base.py:673: in __init__
    self.__connect()
venv\Lib\site-packages\sqlalchemy\pool\base.py:899: in __connect
    with util.safe_reraise():
venv\Lib\site-packages\sqlalchemy\util\langhelpers.py:224: in __exit__
    raise exc_value.with_traceback(exc_tb)
venv\Lib\site-packages\sqlalchemy\pool\base.py:895: in __connect
    self.dbapi_connection = connection = pool._invoke_creator(self)
venv\Lib\site-packages\sqlalchemy\engine\create.py:661: in connect
    return dialect.connect(*cargs, **cparams)
_ _ _ _ _ _ _ _ _ _ _ _ _ _ _ _ _ _ _ _ _ _ _ _ _ _ _ _ _ _ _ _ _ _ _ _ _ _ _ _ _ _ _ _ _ _ _ _ _ _ _ _ _ _ _ _ _ _ _ _

self = &lt;sqlalchemy.dialects.sqlite.pysqlite.SQLiteDialect_pysqlite object at 0x0000018E10DD0B50&gt;
cargs = ('C:\\Users\\LENOVO~1\\AppData\\Local\\Temp\\tmpqj5tk3s2',), cparams = {'check_same_thread': False}

    def connect(self, *cargs: Any, **cparams: Any) -&gt; DBAPIConnection:
        # inherits the docstring from interfaces.Dialect.connect
&gt;       return self.loaded_dbapi.connect(*cargs, **cparams)  # type: ignore[no-any-return]  # NOQA: E501
E       sqlalchemy.exc.OperationalError: (sqlite3.OperationalError) unable to open database file
E       (Background on this error at: https://sqlalche.me/e/20/e3q8)

venv\Lib\site-packages\sqlalchemy\engine\default.py:630: OperationalError</error></testcase><testcase classname="tests.test_auth_extra.TestAuthAdditionalFlows" name="test_invite_page_rejects_wrong_secret" time="1.484"><error message="failed on setup with &quot;sqlalchemy.exc.OperationalError: (sqlite3.OperationalError) unable to open database file&#10;(Background on this error at: https://sqlalche.me/e/20/e3q8)&quot;">self = &lt;sqlalchemy.engine.base.Connection object at 0x0000018E10D6D160&gt;
engine = Engine(sqlite:///C:\Users\LENOVO~1\AppData\Local\Temp\tmpqj5tk3s2), connection = None, _has_events = None
_allow_revalidate = True, _allow_autobegin = True

    def __init__(
        self,
        engine: Engine,
        connection: Optional[PoolProxiedConnection] = None,
        _has_events: Optional[bool] = None,
        _allow_revalidate: bool = True,
        _allow_autobegin: bool = True,
    ):
        """Construct a new Connection."""
        self.engine = engine
        self.dialect = dialect = engine.dialect
    
        if connection is None:
            try:
&gt;               self._dbapi_connection = engine.raw_connection()

venv\Lib\site-packages\sqlalchemy\engine\base.py:143: 
_ _ _ _ _ _ _ _ _ _ _ _ _ _ _ _ _ _ _ _ _ _ _ _ _ _ _ _ _ _ _ _ _ _ _ _ _ _ _ _ _ _ _ _ _ _ _ _ _ _ _ _ _ _ _ _ _ _ _ _
venv\Lib\site-packages\sqlalchemy\engine\base.py:3309: in raw_connection
    return self.pool.connect()
venv\Lib\site-packages\sqlalchemy\pool\base.py:447: in connect
    return _ConnectionFairy._checkout(self)
venv\Lib\site-packages\sqlalchemy\pool\base.py:1264: in _checkout
    fairy = _ConnectionRecord.checkout(pool)
venv\Lib\site-packages\sqlalchemy\pool\base.py:711: in checkout
    rec = pool._do_get()
venv\Lib\site-packages\sqlalchemy\pool\impl.py:177: in _do_get
    with util.safe_reraise():
venv\Lib\site-packages\sqlalchemy\util\langhelpers.py:224: in __exit__
    raise exc_value.with_traceback(exc_tb)
venv\Lib\site-packages\sqlalchemy\pool\impl.py:175: in _do_get
    return self._create_connection()
venv\Lib\site-packages\sqlalchemy\pool\base.py:388: in _create_connection
    return _ConnectionRecord(self)
venv\Lib\site-packages\sqlalchemy\pool\base.py:673: in __init__
    self.__connect()
venv\Lib\site-packages\sqlalchemy\pool\base.py:899: in __connect
    with util.safe_reraise():
venv\Lib\site-packages\sqlalchemy\util\langhelpers.py:224: in __exit__
    raise exc_value.with_traceback(exc_tb)
venv\Lib\site-packages\sqlalchemy\pool\base.py:895: in __connect
    self.dbapi_connection = connection = pool._invoke_creator(self)
venv\Lib\site-packages\sqlalchemy\engine\create.py:661: in connect
    return dialect.connect(*cargs, **cparams)
_ _ _ _ _ _ _ _ _ _ _ _ _ _ _ _ _ _ _ _ _ _ _ _ _ _ _ _ _ _ _ _ _ _ _ _ _ _ _ _ _ _ _ _ _ _ _ _ _ _ _ _ _ _ _ _ _ _ _ _

self = &lt;sqlalchemy.dialects.sqlite.pysqlite.SQLiteDialect_pysqlite object at 0x0000018E10DD0050&gt;
cargs = ('C:\\Users\\LENOVO~1\\AppData\\Local\\Temp\\tmpqj5tk3s2',), cparams = {'check_same_thread': False}

    def connect(self, *cargs: Any, **cparams: Any) -&gt; DBAPIConnection:
        # inherits the docstring from interfaces.Dialect.connect
&gt;       return self.loaded_dbapi.connect(*cargs, **cparams)  # type: ignore[no-any-return]  # NOQA: E501
E       sqlite3.OperationalError: unable to open database file

venv\Lib\site-packages\sqlalchemy\engine\default.py:630: OperationalError

The above exception was the direct cause of the following exception:

request = &lt;SubRequest 'testapp' for &lt;Function test_invite_page_rejects_wrong_secret&gt;&gt;

    @pytest.fixture()
    def testapp(request):
        app = create_app('appname.settings.TestConfig')
        client = app.test_client()
    
        db.app = app
        app_ctx = app.app_context()
        app_ctx.push()
&gt;       db.create_all()

tests\conftest.py:19: 
_ _ _ _ _ _ _ _ _ _ _ _ _ _ _ _ _ _ _ _ _ _ _ _ _ _ _ _ _ _ _ _ _ _ _ _ _ _ _ _ _ _ _ _ _ _ _ _ _ _ _ _ _ _ _ _ _ _ _ _
venv\Lib\site-packages\flask_sqlalchemy\extension.py:900: in create_all
    self._call_for_binds(bind_key, "create_all")
venv\Lib\site-packages\flask_sqlalchemy\extension.py:881: in _call_for_binds
    getattr(metadata, op_name)(bind=engine)
venv\Lib\site-packages\sqlalchemy\sql\schema.py:5928: in create_all
    bind._run_ddl_visitor(
venv\Lib\site-packages\sqlalchemy\engine\base.py:3259: in _run_ddl_visitor
    with self.begin() as conn:
C:\Python314\Lib\contextlib.py:141: in __enter__
    return next(self.gen)
venv\Lib\site-packages\sqlalchemy\engine\base.py:3249: in begin
    with self.connect() as conn:
venv\Lib\site-packages\sqlalchemy\engine\base.py:3285: in connect
    return self._connection_cls(self)
venv\Lib\site-packages\sqlalchemy\engine\base.py:145: in __init__
    Connection._handle_dbapi_exception_noconnection(
venv\Lib\site-packages\sqlalchemy\engine\base.py:2448: in _handle_dbapi_exception_noconnection
    raise sqlalchemy_exception.with_traceback(exc_info[2]) from e
venv\Lib\site-packages\sqlalchemy\engine\base.py:143: in __init__
    self._dbapi_connection = engine.raw_connection()
venv\Lib\site-packages\sqlalchemy\engine\base.py:3309: in raw_connection
    return self.pool.connect()
venv\Lib\site-packages\sqlalchemy\pool\base.py:447: in connect
    return _ConnectionFairy._checkout(self)
venv\Lib\site-packages\sqlalchemy\pool\base.py:1264: in _checkout
    fairy = _ConnectionRecord.checkout(pool)
venv\Lib\site-packages\sqlalchemy\pool\base.py:711: in checkout
    rec = pool._do_get()
venv\Lib\site-packages\sqlalchemy\pool\impl.py:177: in _do_get
    with util.safe_reraise():
venv\Lib\site-packages\sqlalchemy\util\langhelpers.py:224: in __exit__
    raise exc_value.with_traceback(exc_tb)
venv\Lib\site-packages\sqlalchemy\pool\impl.py:175: in _do_get
    return self._create_connection()
venv\Lib\site-packages\sqlalchemy\pool\base.py:388: in _create_connection
    return _ConnectionRecord(self)
venv\Lib\site-packages\sqlalchemy\pool\base.py:673: in __init__
    self.__connect()
venv\Lib\site-packages\sqlalchemy\pool\base.py:899: in __connect
    with util.safe_reraise():
venv\Lib\site-packages\sqlalchemy\util\langhelpers.py:224: in __exit__
    raise exc_value.with_traceback(exc_tb)
venv\Lib\site-packages\sqlalchemy\pool\base.py:895: in __connect
    self.dbapi_connection = connection = pool._invoke_creator(self)
venv\Lib\site-packages\sqlalchemy\engine\create.py:661: in connect
    return dialect.connect(*cargs, **cparams)
_ _ _ _ _ _ _ _ _ _ _ _ _ _ _ _ _ _ _ _ _ _ _ _ _ _ _ _ _ _ _ _ _ _ _ _ _ _ _ _ _ _ _ _ _ _ _ _ _ _ _ _ _ _ _ _ _ _ _ _

self = &lt;sqlalchemy.dialects.sqlite.pysqlite.SQLiteDialect_pysqlite object at 0x0000018E10DD0050&gt;
cargs = ('C:\\Users\\LENOVO~1\\AppData\\Local\\Temp\\tmpqj5tk3s2',), cparams = {'check_same_thread': False}

    def connect(self, *cargs: Any, **cparams: Any) -&gt; DBAPIConnection:
        # inherits the docstring from interfaces.Dialect.connect
&gt;       return self.loaded_dbapi.connect(*cargs, **cparams)  # type: ignore[no-any-return]  # NOQA: E501
E       sqlalchemy.exc.OperationalError: (sqlite3.OperationalError) unable to open database file
E       (Background on this error at: https://sqlalche.me/e/20/e3q8)

venv\Lib\site-packages\sqlalchemy\engine\default.py:630: OperationalError</error></testcase><testcase classname="tests.test_auth_extra.TestAuthAdditionalFlows" name="test_invite_page_redirects_owner_to_join" time="1.490"><error message="failed on setup with &quot;sqlalchemy.exc.OperationalError: (sqlite3.OperationalError) unable to open database file&#10;(Background on this error at: https://sqlalche.me/e/20/e3q8)&quot;">self = &lt;sqlalchemy.engine.base.Connection object at 0x0000018E11C5C600&gt;
engine = Engine(sqlite:///C:\Users\LENOVO~1\AppData\Local\Temp\tmpqj5tk3s2), connection = None, _has_events = None
_allow_revalidate = True, _allow_autobegin = True

    def __init__(
        self,
        engine: Engine,
        connection: Optional[PoolProxiedConnection] = None,
        _has_events: Optional[bool] = None,
        _allow_revalidate: bool = True,
        _allow_autobegin: bool = True,
    ):
        """Construct a new Connection."""
        self.engine = engine
        self.dialect = dialect = engine.dialect
    
        if connection is None:
            try:
&gt;               self._dbapi_connection = engine.raw_connection()

venv\Lib\site-packages\sqlalchemy\engine\base.py:143: 
_ _ _ _ _ _ _ _ _ _ _ _ _ _ _ _ _ _ _ _ _ _ _ _ _ _ _ _ _ _ _ _ _ _ _ _ _ _ _ _ _ _ _ _ _ _ _ _ _ _ _ _ _ _ _ _ _ _ _ _
venv\Lib\site-packages\sqlalchemy\engine\base.py:3309: in raw_connection
    return self.pool.connect()
venv\Lib\site-packages\sqlalchemy\pool\base.py:447: in connect
    return _ConnectionFairy._checkout(self)
venv\Lib\site-packages\sqlalchemy\pool\base.py:1264: in _checkout
    fairy = _ConnectionRecord.checkout(pool)
venv\Lib\site-packages\sqlalchemy\pool\base.py:711: in checkout
    rec = pool._do_get()
venv\Lib\site-packages\sqlalchemy\pool\impl.py:177: in _do_get
    with util.safe_reraise():
venv\Lib\site-packages\sqlalchemy\util\langhelpers.py:224: in __exit__
    raise exc_value.with_traceback(exc_tb)
venv\Lib\site-packages\sqlalchemy\pool\impl.py:175: in _do_get
    return self._create_connection()
venv\Lib\site-packages\sqlalchemy\pool\base.py:388: in _create_connection
    return _ConnectionRecord(self)
venv\Lib\site-packages\sqlalchemy\pool\base.py:673: in __init__
    self.__connect()
venv\Lib\site-packages\sqlalchemy\pool\base.py:899: in __connect
    with util.safe_reraise():
venv\Lib\site-packages\sqlalchemy\util\langhelpers.py:224: in __exit__
    raise exc_value.with_traceback(exc_tb)
venv\Lib\site-packages\sqlalchemy\pool\base.py:895: in __connect
    self.dbapi_connection = connection = pool._invoke_creator(self)
venv\Lib\site-packages\sqlalchemy\engine\create.py:661: in connect
    return dialect.connect(*cargs, **cparams)
_ _ _ _ _ _ _ _ _ _ _ _ _ _ _ _ _ _ _ _ _ _ _ _ _ _ _ _ _ _ _ _ _ _ _ _ _ _ _ _ _ _ _ _ _ _ _ _ _ _ _ _ _ _ _ _ _ _ _ _

self = &lt;sqlalchemy.dialects.sqlite.pysqlite.SQLiteDialect_pysqlite object at 0x0000018E1100C150&gt;
cargs = ('C:\\Users\\LENOVO~1\\AppData\\Local\\Temp\\tmpqj5tk3s2',), cparams = {'check_same_thread': False}

    def connect(self, *cargs: Any, **cparams: Any) -&gt; DBAPIConnection:
        # inherits the docstring from interfaces.Dialect.connect
&gt;       return self.loaded_dbapi.connect(*cargs, **cparams)  # type: ignore[no-any-return]  # NOQA: E501
E       sqlite3.OperationalError: unable to open database file

venv\Lib\site-packages\sqlalchemy\engine\default.py:630: OperationalError

The above exception was the direct cause of the following exception:

request = &lt;SubRequest 'testapp' for &lt;Function test_invite_page_redirects_owner_to_join&gt;&gt;

    @pytest.fixture()
    def testapp(request):
        app = create_app('appname.settings.TestConfig')
        client = app.test_client()
    
        db.app = app
        app_ctx = app.app_context()
        app_ctx.push()
&gt;       db.create_all()

tests\conftest.py:19: 
_ _ _ _ _ _ _ _ _ _ _ _ _ _ _ _ _ _ _ _ _ _ _ _ _ _ _ _ _ _ _ _ _ _ _ _ _ _ _ _ _ _ _ _ _ _ _ _ _ _ _ _ _ _ _ _ _ _ _ _
venv\Lib\site-packages\flask_sqlalchemy\extension.py:900: in create_all
    self._call_for_binds(bind_key, "create_all")
venv\Lib\site-packages\flask_sqlalchemy\extension.py:881: in _call_for_binds
    getattr(metadata, op_name)(bind=engine)
venv\Lib\site-packages\sqlalchemy\sql\schema.py:5928: in create_all
    bind._run_ddl_visitor(
venv\Lib\site-packages\sqlalchemy\engine\base.py:3259: in _run_ddl_visitor
    with self.begin() as conn:
C:\Python314\Lib\contextlib.py:141: in __enter__
    return next(self.gen)
venv\Lib\site-packages\sqlalchemy\engine\base.py:3249: in begin
    with self.connect() as conn:
venv\Lib\site-packages\sqlalchemy\engine\base.py:3285: in connect
    return self._connection_cls(self)
venv\Lib\site-packages\sqlalchemy\engine\base.py:145: in __init__
    Connection._handle_dbapi_exception_noconnection(
venv\Lib\site-packages\sqlalchemy\engine\base.py:2448: in _handle_dbapi_exception_noconnection
    raise sqlalchemy_exception.with_traceback(exc_info[2]) from e
venv\Lib\site-packages\sqlalchemy\engine\base.py:143: in __init__
    self._dbapi_connection = engine.raw_connection()
venv\Lib\site-packages\sqlalchemy\engine\base.py:3309: in raw_connection
    return self.pool.connect()
venv\Lib\site-packages\sqlalchemy\pool\base.py:447: in connect
    return _ConnectionFairy._checkout(self)
venv\Lib\site-packages\sqlalchemy\pool\base.py:1264: in _checkout
    fairy = _ConnectionRecord.checkout(pool)
venv\Lib\site-packages\sqlalchemy\pool\base.py:711: in checkout
    rec = pool._do_get()
venv\Lib\site-packages\sqlalchemy\pool\impl.py:177: in _do_get
    with util.safe_reraise():
venv\Lib\site-packages\sqlalchemy\util\langhelpers.py:224: in __exit__
    raise exc_value.with_traceback(exc_tb)
venv\Lib\site-packages\sqlalchemy\pool\impl.py:175: in _do_get
    return self._create_connection()
venv\Lib\site-packages\sqlalchemy\pool\base.py:388: in _create_connection
    return _ConnectionRecord(self)
venv\Lib\site-packages\sqlalchemy\pool\base.py:673: in __init__
    self.__connect()
venv\Lib\site-packages\sqlalchemy\pool\base.py:899: in __connect
    with util.safe_reraise():
venv\Lib\site-packages\sqlalchemy\util\langhelpers.py:224: in __exit__
    raise exc_value.with_traceback(exc_tb)
venv\Lib\site-packages\sqlalchemy\pool\base.py:895: in __connect
    self.dbapi_connection = connection = pool._invoke_creator(self)
venv\Lib\site-packages\sqlalchemy\engine\create.py:661: in connect
    return dialect.connect(*cargs, **cparams)
_ _ _ _ _ _ _ _ _ _ _ _ _ _ _ _ _ _ _ _ _ _ _ _ _ _ _ _ _ _ _ _ _ _ _ _ _ _ _ _ _ _ _ _ _ _ _ _ _ _ _ _ _ _ _ _ _ _ _ _

self = &lt;sqlalchemy.dialects.sqlite.pysqlite.SQLiteDialect_pysqlite object at 0x0000018E1100C150&gt;
cargs = ('C:\\Users\\LENOVO~1\\AppData\\Local\\Temp\\tmpqj5tk3s2',), cparams = {'check_same_thread': False}

    def connect(self, *cargs: Any, **cparams: Any) -&gt; DBAPIConnection:
        # inherits the docstring from interfaces.Dialect.connect
&gt;       return self.loaded_dbapi.connect(*cargs, **cparams)  # type: ignore[no-any-return]  # NOQA: E501
E       sqlalchemy.exc.OperationalError: (sqlite3.OperationalError) unable to open database file
E       (Background on this error at: https://sqlalche.me/e/20/e3q8)

venv\Lib\site-packages\sqlalchemy\engine\default.py:630: OperationalError</error></testcase><testcase classname="tests.test_config.TestConfig" name="test_dev_config" time="0.042"><failure message="AssertionError: assert 'SimpleCache' == 'simple'&#10;  &#10;  - simple&#10;  + SimpleCache">self = &lt;tests.test_config.TestConfig object at 0x0000018E0FF89BD0&gt;

    def test_dev_config(self):
        """ Tests if the development config loads correctly """
    
        app = create_app('appname.settings.DevConfig')
    
        assert app.config['DEBUG'] is True
        assert app.config['SQLALCHEMY_DATABASE_URI'] == 'sqlite:///../database.db'
&gt;       assert app.config['CACHE_TYPE'] == 'simple'
E       AssertionError: assert 'SimpleCache' == 'simple'
E         
E         - simple
E         + SimpleCache

tests\test_config.py:11: AssertionError</failure></testcase><testcase classname="tests.test_config.TestConfig" name="test_test_config" time="0.039" /><testcase classname="tests.test_config.TestConfig" name="test_prod_config" time="0.036" /><testcase classname="tests.test_dashboard_actions.TestDashboardActions" name="test_dashboard_home_redirects_to_memberships_when_user_has_no_active_team" time="1.486"><error message="failed on setup with &quot;sqlalchemy.exc.OperationalError: (sqlite3.OperationalError) unable to open database file&#10;(Background on this error at: https://sqlalche.me/e/20/e3q8)&quot;">self = &lt;sqlalchemy.engine.base.Connection object at 0x0000018E122CD980&gt;
engine = Engine(sqlite:///C:\Users\LENOVO~1\AppData\Local\Temp\tmpqj5tk3s2), connection = None, _has_events = None
_allow_revalidate = True, _allow_autobegin = True

    def __init__(
        self,
        engine: Engine,
        connection: Optional[PoolProxiedConnection] = None,
        _has_events: Optional[bool] = None,
        _allow_revalidate: bool = True,
        _allow_autobegin: bool = True,
    ):
        """Construct a new Connection."""
        self.engine = engine
        self.dialect = dialect = engine.dialect
    
        if connection is None:
            try:
&gt;               self._dbapi_connection = engine.raw_connection()

venv\Lib\site-packages\sqlalchemy\engine\base.py:143: 
_ _ _ _ _ _ _ _ _ _ _ _ _ _ _ _ _ _ _ _ _ _ _ _ _ _ _ _ _ _ _ _ _ _ _ _ _ _ _ _ _ _ _ _ _ _ _ _ _ _ _ _ _ _ _ _ _ _ _ _
venv\Lib\site-packages\sqlalchemy\engine\base.py:3309: in raw_connection
    return self.pool.connect()
venv\Lib\site-packages\sqlalchemy\pool\base.py:447: in connect
    return _ConnectionFairy._checkout(self)
venv\Lib\site-packages\sqlalchemy\pool\base.py:1264: in _checkout
    fairy = _ConnectionRecord.checkout(pool)
venv\Lib\site-packages\sqlalchemy\pool\base.py:711: in checkout
    rec = pool._do_get()
venv\Lib\site-packages\sqlalchemy\pool\impl.py:177: in _do_get
    with util.safe_reraise():
venv\Lib\site-packages\sqlalchemy\util\langhelpers.py:224: in __exit__
    raise exc_value.with_traceback(exc_tb)
venv\Lib\site-packages\sqlalchemy\pool\impl.py:175: in _do_get
    return self._create_connection()
venv\Lib\site-packages\sqlalchemy\pool\base.py:388: in _create_connection
    return _ConnectionRecord(self)
venv\Lib\site-packages\sqlalchemy\pool\base.py:673: in __init__
    self.__connect()
venv\Lib\site-packages\sqlalchemy\pool\base.py:899: in __connect
    with util.safe_reraise():
venv\Lib\site-packages\sqlalchemy\util\langhelpers.py:224: in __exit__
    raise exc_value.with_traceback(exc_tb)
venv\Lib\site-packages\sqlalchemy\pool\base.py:895: in __connect
    self.dbapi_connection = connection = pool._invoke_creator(self)
venv\Lib\site-packages\sqlalchemy\engine\create.py:661: in connect
    return dialect.connect(*cargs, **cparams)
_ _ _ _ _ _ _ _ _ _ _ _ _ _ _ _ _ _ _ _ _ _ _ _ _ _ _ _ _ _ _ _ _ _ _ _ _ _ _ _ _ _ _ _ _ _ _ _ _ _ _ _ _ _ _ _ _ _ _ _

self = &lt;sqlalchemy.dialects.sqlite.pysqlite.SQLiteDialect_pysqlite object at 0x0000018E1100D550&gt;
cargs = ('C:\\Users\\LENOVO~1\\AppData\\Local\\Temp\\tmpqj5tk3s2',), cparams = {'check_same_thread': False}

    def connect(self, *cargs: Any, **cparams: Any) -&gt; DBAPIConnection:
        # inherits the docstring from interfaces.Dialect.connect
&gt;       return self.loaded_dbapi.connect(*cargs, **cparams)  # type: ignore[no-any-return]  # NOQA: E501
E       sqlite3.OperationalError: unable to open database file

venv\Lib\site-packages\sqlalchemy\engine\default.py:630: OperationalError

The above exception was the direct cause of the following exception:

request = &lt;SubRequest 'testapp' for &lt;Function test_dashboard_home_redirects_to_memberships_when_user_has_no_active_team&gt;&gt;

    @pytest.fixture()
    def testapp(request):
        app = create_app('appname.settings.TestConfig')
        client = app.test_client()
    
        db.app = app
        app_ctx = app.app_context()
        app_ctx.push()
&gt;       db.create_all()

tests\conftest.py:19: 
_ _ _ _ _ _ _ _ _ _ _ _ _ _ _ _ _ _ _ _ _ _ _ _ _ _ _ _ _ _ _ _ _ _ _ _ _ _ _ _ _ _ _ _ _ _ _ _ _ _ _ _ _ _ _ _ _ _ _ _
venv\Lib\site-packages\flask_sqlalchemy\extension.py:900: in create_all
    self._call_for_binds(bind_key, "create_all")
venv\Lib\site-packages\flask_sqlalchemy\extension.py:881: in _call_for_binds
    getattr(metadata, op_name)(bind=engine)
venv\Lib\site-packages\sqlalchemy\sql\schema.py:5928: in create_all
    bind._run_ddl_visitor(
venv\Lib\site-packages\sqlalchemy\engine\base.py:3259: in _run_ddl_visitor
    with self.begin() as conn:
C:\Python314\Lib\contextlib.py:141: in __enter__
    return next(self.gen)
venv\Lib\site-packages\sqlalchemy\engine\base.py:3249: in begin
    with self.connect() as conn:
venv\Lib\site-packages\sqlalchemy\engine\base.py:3285: in connect
    return self._connection_cls(self)
venv\Lib\site-packages\sqlalchemy\engine\base.py:145: in __init__
    Connection._handle_dbapi_exception_noconnection(
venv\Lib\site-packages\sqlalchemy\engine\base.py:2448: in _handle_dbapi_exception_noconnection
    raise sqlalchemy_exception.with_traceback(exc_info[2]) from e
venv\Lib\site-packages\sqlalchemy\engine\base.py:143: in __init__
    self._dbapi_connection = engine.raw_connection()
venv\Lib\site-packages\sqlalchemy\engine\base.py:3309: in raw_connection
    return self.pool.connect()
venv\Lib\site-packages\sqlalchemy\pool\base.py:447: in connect
    return _ConnectionFairy._checkout(self)
venv\Lib\site-packages\sqlalchemy\pool\base.py:1264: in _checkout
    fairy = _ConnectionRecord.checkout(pool)
venv\Lib\site-packages\sqlalchemy\pool\base.py:711: in checkout
    rec = pool._do_get()
venv\Lib\site-packages\sqlalchemy\pool\impl.py:177: in _do_get
    with util.safe_reraise():
venv\Lib\site-packages\sqlalchemy\util\langhelpers.py:224: in __exit__
    raise exc_value.with_traceback(exc_tb)
venv\Lib\site-packages\sqlalchemy\pool\impl.py:175: in _do_get
    return self._create_connection()
venv\Lib\site-packages\sqlalchemy\pool\base.py:388: in _create_connection
    return _ConnectionRecord(self)
venv\Lib\site-packages\sqlalchemy\pool\base.py:673: in __init__
    self.__connect()
venv\Lib\site-packages\sqlalchemy\pool\base.py:899: in __connect
    with util.safe_reraise():
venv\Lib\site-packages\sqlalchemy\util\langhelpers.py:224: in __exit__
    raise exc_value.with_traceback(exc_tb)
venv\Lib\site-packages\sqlalchemy\pool\base.py:895: in __connect
    self.dbapi_connection = connection = pool._invoke_creator(self)
venv\Lib\site-packages\sqlalchemy\engine\create.py:661: in connect
    return dialect.connect(*cargs, **cparams)
_ _ _ _ _ _ _ _ _ _ _ _ _ _ _ _ _ _ _ _ _ _ _ _ _ _ _ _ _ _ _ _ _ _ _ _ _ _ _ _ _ _ _ _ _ _ _ _ _ _ _ _ _ _ _ _ _ _ _ _

self = &lt;sqlalchemy.dialects.sqlite.pysqlite.SQLiteDialect_pysqlite object at 0x0000018E1100D550&gt;
cargs = ('C:\\Users\\LENOVO~1\\AppData\\Local\\Temp\\tmpqj5tk3s2',), cparams = {'check_same_thread': False}

    def connect(self, *cargs: Any, **cparams: Any) -&gt; DBAPIConnection:
        # inherits the docstring from interfaces.Dialect.connect
&gt;       return self.loaded_dbapi.connect(*cargs, **cparams)  # type: ignore[no-any-return]  # NOQA: E501
E       sqlalchemy.exc.OperationalError: (sqlite3.OperationalError) unable to open database file
E       (Background on this error at: https://sqlalche.me/e/20/e3q8)

venv\Lib\site-packages\sqlalchemy\engine\default.py:630: OperationalError</error></testcase><testcase classname="tests.test_dashboard_actions.TestDashboardActions" name="test_dashboard_home_404_for_team_non_member" time="1.502"><error message="failed on setup with &quot;sqlalchemy.exc.OperationalError: (sqlite3.OperationalError) unable to open database file&#10;(Background on this error at: https://sqlalche.me/e/20/e3q8)&quot;">self = &lt;sqlalchemy.engine.base.Connection object at 0x0000018E122CDD90&gt;
engine = Engine(sqlite:///C:\Users\LENOVO~1\AppData\Local\Temp\tmpqj5tk3s2), connection = None, _has_events = None
_allow_revalidate = True, _allow_autobegin = True

    def __init__(
        self,
        engine: Engine,
        connection: Optional[PoolProxiedConnection] = None,
        _has_events: Optional[bool] = None,
        _allow_revalidate: bool = True,
        _allow_autobegin: bool = True,
    ):
        """Construct a new Connection."""
        self.engine = engine
        self.dialect = dialect = engine.dialect
    
        if connection is None:
            try:
&gt;               self._dbapi_connection = engine.raw_connection()

venv\Lib\site-packages\sqlalchemy\engine\base.py:143: 
_ _ _ _ _ _ _ _ _ _ _ _ _ _ _ _ _ _ _ _ _ _ _ _ _ _ _ _ _ _ _ _ _ _ _ _ _ _ _ _ _ _ _ _ _ _ _ _ _ _ _ _ _ _ _ _ _ _ _ _
venv\Lib\site-packages\sqlalchemy\engine\base.py:3309: in raw_connection
    return self.pool.connect()
venv\Lib\site-packages\sqlalchemy\pool\base.py:447: in connect
    return _ConnectionFairy._checkout(self)
venv\Lib\site-packages\sqlalchemy\pool\base.py:1264: in _checkout
    fairy = _ConnectionRecord.checkout(pool)
venv\Lib\site-packages\sqlalchemy\pool\base.py:711: in checkout
    rec = pool._do_get()
venv\Lib\site-packages\sqlalchemy\pool\impl.py:177: in _do_get
    with util.safe_reraise():
venv\Lib\site-packages\sqlalchemy\util\langhelpers.py:224: in __exit__
    raise exc_value.with_traceback(exc_tb)
venv\Lib\site-packages\sqlalchemy\pool\impl.py:175: in _do_get
    return self._create_connection()
venv\Lib\site-packages\sqlalchemy\pool\base.py:388: in _create_connection
    return _ConnectionRecord(self)
venv\Lib\site-packages\sqlalchemy\pool\base.py:673: in __init__
    self.__connect()
venv\Lib\site-packages\sqlalchemy\pool\base.py:899: in __connect
    with util.safe_reraise():
venv\Lib\site-packages\sqlalchemy\util\langhelpers.py:224: in __exit__
    raise exc_value.with_traceback(exc_tb)
venv\Lib\site-packages\sqlalchemy\pool\base.py:895: in __connect
    self.dbapi_connection = connection = pool._invoke_creator(self)
venv\Lib\site-packages\sqlalchemy\engine\create.py:661: in connect
    return dialect.connect(*cargs, **cparams)
_ _ _ _ _ _ _ _ _ _ _ _ _ _ _ _ _ _ _ _ _ _ _ _ _ _ _ _ _ _ _ _ _ _ _ _ _ _ _ _ _ _ _ _ _ _ _ _ _ _ _ _ _ _ _ _ _ _ _ _

self = &lt;sqlalchemy.dialects.sqlite.pysqlite.SQLiteDialect_pysqlite object at 0x0000018E1100CD50&gt;
cargs = ('C:\\Users\\LENOVO~1\\AppData\\Local\\Temp\\tmpqj5tk3s2',), cparams = {'check_same_thread': False}

    def connect(self, *cargs: Any, **cparams: Any) -&gt; DBAPIConnection:
        # inherits the docstring from interfaces.Dialect.connect
&gt;       return self.loaded_dbapi.connect(*cargs, **cparams)  # type: ignore[no-any-return]  # NOQA: E501
E       sqlite3.OperationalError: unable to open database file

venv\Lib\site-packages\sqlalchemy\engine\default.py:630: OperationalError

The above exception was the direct cause of the following exception:

request = &lt;SubRequest 'testapp' for &lt;Function test_dashboard_home_404_for_team_non_member&gt;&gt;

    @pytest.fixture()
    def testapp(request):
        app = create_app('appname.settings.TestConfig')
        client = app.test_client()
    
        db.app = app
        app_ctx = app.app_context()
        app_ctx.push()
&gt;       db.create_all()

tests\conftest.py:19: 
_ _ _ _ _ _ _ _ _ _ _ _ _ _ _ _ _ _ _ _ _ _ _ _ _ _ _ _ _ _ _ _ _ _ _ _ _ _ _ _ _ _ _ _ _ _ _ _ _ _ _ _ _ _ _ _ _ _ _ _
venv\Lib\site-packages\flask_sqlalchemy\extension.py:900: in create_all
    self._call_for_binds(bind_key, "create_all")
venv\Lib\site-packages\flask_sqlalchemy\extension.py:881: in _call_for_binds
    getattr(metadata, op_name)(bind=engine)
venv\Lib\site-packages\sqlalchemy\sql\schema.py:5928: in create_all
    bind._run_ddl_visitor(
venv\Lib\site-packages\sqlalchemy\engine\base.py:3259: in _run_ddl_visitor
    with self.begin() as conn:
C:\Python314\Lib\contextlib.py:141: in __enter__
    return next(self.gen)
venv\Lib\site-packages\sqlalchemy\engine\base.py:3249: in begin
    with self.connect() as conn:
venv\Lib\site-packages\sqlalchemy\engine\base.py:3285: in connect
    return self._connection_cls(self)
venv\Lib\site-packages\sqlalchemy\engine\base.py:145: in __init__
    Connection._handle_dbapi_exception_noconnection(
venv\Lib\site-packages\sqlalchemy\engine\base.py:2448: in _handle_dbapi_exception_noconnection
    raise sqlalchemy_exception.with_traceback(exc_info[2]) from e
venv\Lib\site-packages\sqlalchemy\engine\base.py:143: in __init__
    self._dbapi_connection = engine.raw_connection()
venv\Lib\site-packages\sqlalchemy\engine\base.py:3309: in raw_connection
    return self.pool.connect()
venv\Lib\site-packages\sqlalchemy\pool\base.py:447: in connect
    return _ConnectionFairy._checkout(self)
venv\Lib\site-packages\sqlalchemy\pool\base.py:1264: in _checkout
    fairy = _ConnectionRecord.checkout(pool)
venv\Lib\site-packages\sqlalchemy\pool\base.py:711: in checkout
    rec = pool._do_get()
venv\Lib\site-packages\sqlalchemy\pool\impl.py:177: in _do_get
    with util.safe_reraise():
venv\Lib\site-packages\sqlalchemy\util\langhelpers.py:224: in __exit__
    raise exc_value.with_traceback(exc_tb)
venv\Lib\site-packages\sqlalchemy\pool\impl.py:175: in _do_get
    return self._create_connection()
venv\Lib\site-packages\sqlalchemy\pool\base.py:388: in _create_connection
    return _ConnectionRecord(self)
venv\Lib\site-packages\sqlalchemy\pool\base.py:673: in __init__
    self.__connect()
venv\Lib\site-packages\sqlalchemy\pool\base.py:899: in __connect
    with util.safe_reraise():
venv\Lib\site-packages\sqlalchemy\util\langhelpers.py:224: in __exit__
    raise exc_value.with_traceback(exc_tb)
venv\Lib\site-packages\sqlalchemy\pool\base.py:895: in __connect
    self.dbapi_connection = connection = pool._invoke_creator(self)
venv\Lib\site-packages\sqlalchemy\engine\create.py:661: in connect
    return dialect.connect(*cargs, **cparams)
_ _ _ _ _ _ _ _ _ _ _ _ _ _ _ _ _ _ _ _ _ _ _ _ _ _ _ _ _ _ _ _ _ _ _ _ _ _ _ _ _ _ _ _ _ _ _ _ _ _ _ _ _ _ _ _ _ _ _ _

self = &lt;sqlalchemy.dialects.sqlite.pysqlite.SQLiteDialect_pysqlite object at 0x0000018E1100CD50&gt;
cargs = ('C:\\Users\\LENOVO~1\\AppData\\Local\\Temp\\tmpqj5tk3s2',), cparams = {'check_same_thread': False}

    def connect(self, *cargs: Any, **cparams: Any) -&gt; DBAPIConnection:
        # inherits the docstring from interfaces.Dialect.connect
&gt;       return self.loaded_dbapi.connect(*cargs, **cparams)  # type: ignore[no-any-return]  # NOQA: E501
E       sqlalchemy.exc.OperationalError: (sqlite3.OperationalError) unable to open database file
E       (Background on this error at: https://sqlalche.me/e/20/e3q8)

venv\Lib\site-packages\sqlalchemy\engine\default.py:630: OperationalError</error></testcase><testcase classname="tests.test_dashboard_actions.TestDashboardActions" name="test_team_dashboard_redirects_home_when_user_has_no_primary_membership" time="1.507"><error message="failed on setup with &quot;sqlalchemy.exc.OperationalError: (sqlite3.OperationalError) unable to open database file&#10;(Background on this error at: https://sqlalche.me/e/20/e3q8)&quot;">self = &lt;sqlalchemy.engine.base.Connection object at 0x0000018E122CF5F0&gt;
engine = Engine(sqlite:///C:\Users\LENOVO~1\AppData\Local\Temp\tmpqj5tk3s2), connection = None, _has_events = None
_allow_revalidate = True, _allow_autobegin = True

    def __init__(
        self,
        engine: Engine,
        connection: Optional[PoolProxiedConnection] = None,
        _has_events: Optional[bool] = None,
        _allow_revalidate: bool = True,
        _allow_autobegin: bool = True,
    ):
        """Construct a new Connection."""
        self.engine = engine
        self.dialect = dialect = engine.dialect
    
        if connection is None:
            try:
&gt;               self._dbapi_connection = engine.raw_connection()

venv\Lib\site-packages\sqlalchemy\engine\base.py:143: 
_ _ _ _ _ _ _ _ _ _ _ _ _ _ _ _ _ _ _ _ _ _ _ _ _ _ _ _ _ _ _ _ _ _ _ _ _ _ _ _ _ _ _ _ _ _ _ _ _ _ _ _ _ _ _ _ _ _ _ _
venv\Lib\site-packages\sqlalchemy\engine\base.py:3309: in raw_connection
    return self.pool.connect()
venv\Lib\site-packages\sqlalchemy\pool\base.py:447: in connect
    return _ConnectionFairy._checkout(self)
venv\Lib\site-packages\sqlalchemy\pool\base.py:1264: in _checkout
    fairy = _ConnectionRecord.checkout(pool)
venv\Lib\site-packages\sqlalchemy\pool\base.py:711: in checkout
    rec = pool._do_get()
venv\Lib\site-packages\sqlalchemy\pool\impl.py:177: in _do_get
    with util.safe_reraise():
venv\Lib\site-packages\sqlalchemy\util\langhelpers.py:224: in __exit__
    raise exc_value.with_traceback(exc_tb)
venv\Lib\site-packages\sqlalchemy\pool\impl.py:175: in _do_get
    return self._create_connection()
venv\Lib\site-packages\sqlalchemy\pool\base.py:388: in _create_connection
    return _ConnectionRecord(self)
venv\Lib\site-packages\sqlalchemy\pool\base.py:673: in __init__
    self.__connect()
venv\Lib\site-packages\sqlalchemy\pool\base.py:899: in __connect
    with util.safe_reraise():
venv\Lib\site-packages\sqlalchemy\util\langhelpers.py:224: in __exit__
    raise exc_value.with_traceback(exc_tb)
venv\Lib\site-packages\sqlalchemy\pool\base.py:895: in __connect
    self.dbapi_connection = connection = pool._invoke_creator(self)
venv\Lib\site-packages\sqlalchemy\engine\create.py:661: in connect
    return dialect.connect(*cargs, **cparams)
_ _ _ _ _ _ _ _ _ _ _ _ _ _ _ _ _ _ _ _ _ _ _ _ _ _ _ _ _ _ _ _ _ _ _ _ _ _ _ _ _ _ _ _ _ _ _ _ _ _ _ _ _ _ _ _ _ _ _ _

self = &lt;sqlalchemy.dialects.sqlite.pysqlite.SQLiteDialect_pysqlite object at 0x0000018E10616350&gt;
cargs = ('C:\\Users\\LENOVO~1\\AppData\\Local\\Temp\\tmpqj5tk3s2',), cparams = {'check_same_thread': False}

    def connect(self, *cargs: Any, **cparams: Any) -&gt; DBAPIConnection:
        # inherits the docstring from interfaces.Dialect.connect
&gt;       return self.loaded_dbapi.connect(*cargs, **cparams)  # type: ignore[no-any-return]  # NOQA: E501
E       sqlite3.OperationalError: unable to open database file

venv\Lib\site-packages\sqlalchemy\engine\default.py:630: OperationalError

The above exception was the direct cause of the following exception:

request = &lt;SubRequest 'testapp' for &lt;Function test_team_dashboard_redirects_home_when_user_has_no_primary_membership&gt;&gt;

    @pytest.fixture()
    def testapp(request):
        app = create_app('appname.settings.TestConfig')
        client = app.test_client()
    
        db.app = app
        app_ctx = app.app_context()
        app_ctx.push()
&gt;       db.create_all()

tests\conftest.py:19: 
_ _ _ _ _ _ _ _ _ _ _ _ _ _ _ _ _ _ _ _ _ _ _ _ _ _ _ _ _ _ _ _ _ _ _ _ _ _ _ _ _ _ _ _ _ _ _ _ _ _ _ _ _ _ _ _ _ _ _ _
venv\Lib\site-packages\flask_sqlalchemy\extension.py:900: in create_all
    self._call_for_binds(bind_key, "create_all")
venv\Lib\site-packages\flask_sqlalchemy\extension.py:881: in _call_for_binds
    getattr(metadata, op_name)(bind=engine)
venv\Lib\site-packages\sqlalchemy\sql\schema.py:5928: in create_all
    bind._run_ddl_visitor(
venv\Lib\site-packages\sqlalchemy\engine\base.py:3259: in _run_ddl_visitor
    with self.begin() as conn:
C:\Python314\Lib\contextlib.py:141: in __enter__
    return next(self.gen)
venv\Lib\site-packages\sqlalchemy\engine\base.py:3249: in begin
    with self.connect() as conn:
venv\Lib\site-packages\sqlalchemy\engine\base.py:3285: in connect
    return self._connection_cls(self)
venv\Lib\site-packages\sqlalchemy\engine\base.py:145: in __init__
    Connection._handle_dbapi_exception_noconnection(
venv\Lib\site-packages\sqlalchemy\engine\base.py:2448: in _handle_dbapi_exception_noconnection
    raise sqlalchemy_exception.with_traceback(exc_info[2]) from e
venv\Lib\site-packages\sqlalchemy\engine\base.py:143: in __init__
    self._dbapi_connection = engine.raw_connection()
venv\Lib\site-packages\sqlalchemy\engine\base.py:3309: in raw_connection
    return self.pool.connect()
venv\Lib\site-packages\sqlalchemy\pool\base.py:447: in connect
    return _ConnectionFairy._checkout(self)
venv\Lib\site-packages\sqlalchemy\pool\base.py:1264: in _checkout
    fairy = _ConnectionRecord.checkout(pool)
venv\Lib\site-packages\sqlalchemy\pool\base.py:711: in checkout
    rec = pool._do_get()
venv\Lib\site-packages\sqlalchemy\pool\impl.py:177: in _do_get
    with util.safe_reraise():
venv\Lib\site-packages\sqlalchemy\util\langhelpers.py:224: in __exit__
    raise exc_value.with_traceback(exc_tb)
venv\Lib\site-packages\sqlalchemy\pool\impl.py:175: in _do_get
    return self._create_connection()
venv\Lib\site-packages\sqlalchemy\pool\base.py:388: in _create_connection
    return _ConnectionRecord(self)
venv\Lib\site-packages\sqlalchemy\pool\base.py:673: in __init__
    self.__connect()
venv\Lib\site-packages\sqlalchemy\pool\base.py:899: in __connect
    with util.safe_reraise():
venv\Lib\site-packages\sqlalchemy\util\langhelpers.py:224: in __exit__
    raise exc_value.with_traceback(exc_tb)
venv\Lib\site-packages\sqlalchemy\pool\base.py:895: in __connect
    self.dbapi_connection = connection = pool._invoke_creator(self)
venv\Lib\site-packages\sqlalchemy\engine\create.py:661: in connect
    return dialect.connect(*cargs, **cparams)
_ _ _ _ _ _ _ _ _ _ _ _ _ _ _ _ _ _ _ _ _ _ _ _ _ _ _ _ _ _ _ _ _ _ _ _ _ _ _ _ _ _ _ _ _ _ _ _ _ _ _ _ _ _ _ _ _ _ _ _

self = &lt;sqlalchemy.dialects.sqlite.pysqlite.SQLiteDialect_pysqlite object at 0x0000018E10616350&gt;
cargs = ('C:\\Users\\LENOVO~1\\AppData\\Local\\Temp\\tmpqj5tk3s2',), cparams = {'check_same_thread': False}

    def connect(self, *cargs: Any, **cparams: Any) -&gt; DBAPIConnection:
        # inherits the docstring from interfaces.Dialect.connect
&gt;       return self.loaded_dbapi.connect(*cargs, **cparams)  # type: ignore[no-any-return]  # NOQA: E501
E       sqlalchemy.exc.OperationalError: (sqlite3.OperationalError) unable to open database file
E       (Background on this error at: https://sqlalche.me/e/20/e3q8)

venv\Lib\site-packages\sqlalchemy\engine\default.py:630: OperationalError</error></testcase><testcase classname="tests.test_dashboard_actions.TestDashboardActions" name="test_team_dashboard_404_for_team_non_member" time="1.539"><error message="failed on setup with &quot;sqlalchemy.exc.OperationalError: (sqlite3.OperationalError) unable to open database file&#10;(Background on this error at: https://sqlalche.me/e/20/e3q8)&quot;">self = &lt;sqlalchemy.engine.base.Connection object at 0x0000018E11E8E8F0&gt;
engine = Engine(sqlite:///C:\Users\LENOVO~1\AppData\Local\Temp\tmpqj5tk3s2), connection = None, _has_events = None
_allow_revalidate = True, _allow_autobegin = True

    def __init__(
        self,
        engine: Engine,
        connection: Optional[PoolProxiedConnection] = None,
        _has_events: Optional[bool] = None,
        _allow_revalidate: bool = True,
        _allow_autobegin: bool = True,
    ):
        """Construct a new Connection."""
        self.engine = engine
        self.dialect = dialect = engine.dialect
    
        if connection is None:
            try:
&gt;               self._dbapi_connection = engine.raw_connection()

venv\Lib\site-packages\sqlalchemy\engine\base.py:143: 
_ _ _ _ _ _ _ _ _ _ _ _ _ _ _ _ _ _ _ _ _ _ _ _ _ _ _ _ _ _ _ _ _ _ _ _ _ _ _ _ _ _ _ _ _ _ _ _ _ _ _ _ _ _ _ _ _ _ _ _
venv\Lib\site-packages\sqlalchemy\engine\base.py:3309: in raw_connection
    return self.pool.connect()
venv\Lib\site-packages\sqlalchemy\pool\base.py:447: in connect
    return _ConnectionFairy._checkout(self)
venv\Lib\site-packages\sqlalchemy\pool\base.py:1264: in _checkout
    fairy = _ConnectionRecord.checkout(pool)
venv\Lib\site-packages\sqlalchemy\pool\base.py:711: in checkout
    rec = pool._do_get()
venv\Lib\site-packages\sqlalchemy\pool\impl.py:177: in _do_get
    with util.safe_reraise():
venv\Lib\site-packages\sqlalchemy\util\langhelpers.py:224: in __exit__
    raise exc_value.with_traceback(exc_tb)
venv\Lib\site-packages\sqlalchemy\pool\impl.py:175: in _do_get
    return self._create_connection()
venv\Lib\site-packages\sqlalchemy\pool\base.py:388: in _create_connection
    return _ConnectionRecord(self)
venv\Lib\site-packages\sqlalchemy\pool\base.py:673: in __init__
    self.__connect()
venv\Lib\site-packages\sqlalchemy\pool\base.py:899: in __connect
    with util.safe_reraise():
venv\Lib\site-packages\sqlalchemy\util\langhelpers.py:224: in __exit__
    raise exc_value.with_traceback(exc_tb)
venv\Lib\site-packages\sqlalchemy\pool\base.py:895: in __connect
    self.dbapi_connection = connection = pool._invoke_creator(self)
venv\Lib\site-packages\sqlalchemy\engine\create.py:661: in connect
    return dialect.connect(*cargs, **cparams)
_ _ _ _ _ _ _ _ _ _ _ _ _ _ _ _ _ _ _ _ _ _ _ _ _ _ _ _ _ _ _ _ _ _ _ _ _ _ _ _ _ _ _ _ _ _ _ _ _ _ _ _ _ _ _ _ _ _ _ _

self = &lt;sqlalchemy.dialects.sqlite.pysqlite.SQLiteDialect_pysqlite object at 0x0000018E10614C50&gt;
cargs = ('C:\\Users\\LENOVO~1\\AppData\\Local\\Temp\\tmpqj5tk3s2',), cparams = {'check_same_thread': False}

    def connect(self, *cargs: Any, **cparams: Any) -&gt; DBAPIConnection:
        # inherits the docstring from interfaces.Dialect.connect
&gt;       return self.loaded_dbapi.connect(*cargs, **cparams)  # type: ignore[no-any-return]  # NOQA: E501
E       sqlite3.OperationalError: unable to open database file

venv\Lib\site-packages\sqlalchemy\engine\default.py:630: OperationalError

The above exception was the direct cause of the following exception:

request = &lt;SubRequest 'testapp' for &lt;Function test_team_dashboard_404_for_team_non_member&gt;&gt;

    @pytest.fixture()
    def testapp(request):
        app = create_app('appname.settings.TestConfig')
        client = app.test_client()
    
        db.app = app
        app_ctx = app.app_context()
        app_ctx.push()
&gt;       db.create_all()

tests\conftest.py:19: 
_ _ _ _ _ _ _ _ _ _ _ _ _ _ _ _ _ _ _ _ _ _ _ _ _ _ _ _ _ _ _ _ _ _ _ _ _ _ _ _ _ _ _ _ _ _ _ _ _ _ _ _ _ _ _ _ _ _ _ _
venv\Lib\site-packages\flask_sqlalchemy\extension.py:900: in create_all
    self._call_for_binds(bind_key, "create_all")
venv\Lib\site-packages\flask_sqlalchemy\extension.py:881: in _call_for_binds
    getattr(metadata, op_name)(bind=engine)
venv\Lib\site-packages\sqlalchemy\sql\schema.py:5928: in create_all
    bind._run_ddl_visitor(
venv\Lib\site-packages\sqlalchemy\engine\base.py:3259: in _run_ddl_visitor
    with self.begin() as conn:
C:\Python314\Lib\contextlib.py:141: in __enter__
    return next(self.gen)
venv\Lib\site-packages\sqlalchemy\engine\base.py:3249: in begin
    with self.connect() as conn:
venv\Lib\site-packages\sqlalchemy\engine\base.py:3285: in connect
    return self._connection_cls(self)
venv\Lib\site-packages\sqlalchemy\engine\base.py:145: in __init__
    Connection._handle_dbapi_exception_noconnection(
venv\Lib\site-packages\sqlalchemy\engine\base.py:2448: in _handle_dbapi_exception_noconnection
    raise sqlalchemy_exception.with_traceback(exc_info[2]) from e
venv\Lib\site-packages\sqlalchemy\engine\base.py:143: in __init__
    self._dbapi_connection = engine.raw_connection()
venv\Lib\site-packages\sqlalchemy\engine\base.py:3309: in raw_connection
    return self.pool.connect()
venv\Lib\site-packages\sqlalchemy\pool\base.py:447: in connect
    return _ConnectionFairy._checkout(self)
venv\Lib\site-packages\sqlalchemy\pool\base.py:1264: in _checkout
    fairy = _ConnectionRecord.checkout(pool)
venv\Lib\site-packages\sqlalchemy\pool\base.py:711: in checkout
    rec = pool._do_get()
venv\Lib\site-packages\sqlalchemy\pool\impl.py:177: in _do_get
    with util.safe_reraise():
venv\Lib\site-packages\sqlalchemy\util\langhelpers.py:224: in __exit__
    raise exc_value.with_traceback(exc_tb)
venv\Lib\site-packages\sqlalchemy\pool\impl.py:175: in _do_get
    return self._create_connection()
venv\Lib\site-packages\sqlalchemy\pool\base.py:388: in _create_connection
    return _ConnectionRecord(self)
venv\Lib\site-packages\sqlalchemy\pool\base.py:673: in __init__
    self.__connect()
venv\Lib\site-packages\sqlalchemy\pool\base.py:899: in __connect
    with util.safe_reraise():
venv\Lib\site-packages\sqlalchemy\util\langhelpers.py:224: in __exit__
    raise exc_value.with_traceback(exc_tb)
venv\Lib\site-packages\sqlalchemy\pool\base.py:895: in __connect
    self.dbapi_connection = connection = pool._invoke_creator(self)
venv\Lib\site-packages\sqlalchemy\engine\create.py:661: in connect
    return dialect.connect(*cargs, **cparams)
_ _ _ _ _ _ _ _ _ _ _ _ _ _ _ _ _ _ _ _ _ _ _ _ _ _ _ _ _ _ _ _ _ _ _ _ _ _ _ _ _ _ _ _ _ _ _ _ _ _ _ _ _ _ _ _ _ _ _ _

self = &lt;sqlalchemy.dialects.sqlite.pysqlite.SQLiteDialect_pysqlite object at 0x0000018E10614C50&gt;
cargs = ('C:\\Users\\LENOVO~1\\AppData\\Local\\Temp\\tmpqj5tk3s2',), cparams = {'check_same_thread': False}

    def connect(self, *cargs: Any, **cparams: Any) -&gt; DBAPIConnection:
        # inherits the docstring from interfaces.Dialect.connect
&gt;       return self.loaded_dbapi.connect(*cargs, **cparams)  # type: ignore[no-any-return]  # NOQA: E501
E       sqlalchemy.exc.OperationalError: (sqlite3.OperationalError) unable to open database file
E       (Background on this error at: https://sqlalche.me/e/20/e3q8)

venv\Lib\site-packages\sqlalchemy\engine\default.py:630: OperationalError</error></testcase><testcase classname="tests.test_dashboard_actions.TestDashboardActions" name="test_add_member_404_for_invalid_team" time="1.510"><error message="failed on setup with &quot;sqlalchemy.exc.OperationalError: (sqlite3.OperationalError) unable to open database file&#10;(Background on this error at: https://sqlalche.me/e/20/e3q8)&quot;">self = &lt;sqlalchemy.engine.base.Connection object at 0x0000018E11E8D640&gt;
engine = Engine(sqlite:///C:\Users\LENOVO~1\AppData\Local\Temp\tmpqj5tk3s2), connection = None, _has_events = None
_allow_revalidate = True, _allow_autobegin = True

    def __init__(
        self,
        engine: Engine,
        connection: Optional[PoolProxiedConnection] = None,
        _has_events: Optional[bool] = None,
        _allow_revalidate: bool = True,
        _allow_autobegin: bool = True,
    ):
        """Construct a new Connection."""
        self.engine = engine
        self.dialect = dialect = engine.dialect
    
        if connection is None:
            try:
&gt;               self._dbapi_connection = engine.raw_connection()

venv\Lib\site-packages\sqlalchemy\engine\base.py:143: 
_ _ _ _ _ _ _ _ _ _ _ _ _ _ _ _ _ _ _ _ _ _ _ _ _ _ _ _ _ _ _ _ _ _ _ _ _ _ _ _ _ _ _ _ _ _ _ _ _ _ _ _ _ _ _ _ _ _ _ _
venv\Lib\site-packages\sqlalchemy\engine\base.py:3309: in raw_connection
    return self.pool.connect()
venv\Lib\site-packages\sqlalchemy\pool\base.py:447: in connect
    return _ConnectionFairy._checkout(self)
venv\Lib\site-packages\sqlalchemy\pool\base.py:1264: in _checkout
    fairy = _ConnectionRecord.checkout(pool)
venv\Lib\site-packages\sqlalchemy\pool\base.py:711: in checkout
    rec = pool._do_get()
venv\Lib\site-packages\sqlalchemy\pool\impl.py:177: in _do_get
    with util.safe_reraise():
venv\Lib\site-packages\sqlalchemy\util\langhelpers.py:224: in __exit__
    raise exc_value.with_traceback(exc_tb)
venv\Lib\site-packages\sqlalchemy\pool\impl.py:175: in _do_get
    return self._create_connection()
venv\Lib\site-packages\sqlalchemy\pool\base.py:388: in _create_connection
    return _ConnectionRecord(self)
venv\Lib\site-packages\sqlalchemy\pool\base.py:673: in __init__
    self.__connect()
venv\Lib\site-packages\sqlalchemy\pool\base.py:899: in __connect
    with util.safe_reraise():
venv\Lib\site-packages\sqlalchemy\util\langhelpers.py:224: in __exit__
    raise exc_value.with_traceback(exc_tb)
venv\Lib\site-packages\sqlalchemy\pool\base.py:895: in __connect
    self.dbapi_connection = connection = pool._invoke_creator(self)
venv\Lib\site-packages\sqlalchemy\engine\create.py:661: in connect
    return dialect.connect(*cargs, **cparams)
_ _ _ _ _ _ _ _ _ _ _ _ _ _ _ _ _ _ _ _ _ _ _ _ _ _ _ _ _ _ _ _ _ _ _ _ _ _ _ _ _ _ _ _ _ _ _ _ _ _ _ _ _ _ _ _ _ _ _ _

self = &lt;sqlalchemy.dialects.sqlite.pysqlite.SQLiteDialect_pysqlite object at 0x0000018E10265150&gt;
cargs = ('C:\\Users\\LENOVO~1\\AppData\\Local\\Temp\\tmpqj5tk3s2',), cparams = {'check_same_thread': False}

    def connect(self, *cargs: Any, **cparams: Any) -&gt; DBAPIConnection:
        # inherits the docstring from interfaces.Dialect.connect
&gt;       return self.loaded_dbapi.connect(*cargs, **cparams)  # type: ignore[no-any-return]  # NOQA: E501
E       sqlite3.OperationalError: unable to open database file

venv\Lib\site-packages\sqlalchemy\engine\default.py:630: OperationalError

The above exception was the direct cause of the following exception:

request = &lt;SubRequest 'testapp' for &lt;Function test_add_member_404_for_invalid_team&gt;&gt;

    @pytest.fixture()
    def testapp(request):
        app = create_app('appname.settings.TestConfig')
        client = app.test_client()
    
        db.app = app
        app_ctx = app.app_context()
        app_ctx.push()
&gt;       db.create_all()

tests\conftest.py:19: 
_ _ _ _ _ _ _ _ _ _ _ _ _ _ _ _ _ _ _ _ _ _ _ _ _ _ _ _ _ _ _ _ _ _ _ _ _ _ _ _ _ _ _ _ _ _ _ _ _ _ _ _ _ _ _ _ _ _ _ _
venv\Lib\site-packages\flask_sqlalchemy\extension.py:900: in create_all
    self._call_for_binds(bind_key, "create_all")
venv\Lib\site-packages\flask_sqlalchemy\extension.py:881: in _call_for_binds
    getattr(metadata, op_name)(bind=engine)
venv\Lib\site-packages\sqlalchemy\sql\schema.py:5928: in create_all
    bind._run_ddl_visitor(
venv\Lib\site-packages\sqlalchemy\engine\base.py:3259: in _run_ddl_visitor
    with self.begin() as conn:
C:\Python314\Lib\contextlib.py:141: in __enter__
    return next(self.gen)
venv\Lib\site-packages\sqlalchemy\engine\base.py:3249: in begin
    with self.connect() as conn:
venv\Lib\site-packages\sqlalchemy\engine\base.py:3285: in connect
    return self._connection_cls(self)
venv\Lib\site-packages\sqlalchemy\engine\base.py:145: in __init__
    Connection._handle_dbapi_exception_noconnection(
venv\Lib\site-packages\sqlalchemy\engine\base.py:2448: in _handle_dbapi_exception_noconnection
    raise sqlalchemy_exception.with_traceback(exc_info[2]) from e
venv\Lib\site-packages\sqlalchemy\engine\base.py:143: in __init__
    self._dbapi_connection = engine.raw_connection()
venv\Lib\site-packages\sqlalchemy\engine\base.py:3309: in raw_connection
    return self.pool.connect()
venv\Lib\site-packages\sqlalchemy\pool\base.py:447: in connect
    return _ConnectionFairy._checkout(self)
venv\Lib\site-packages\sqlalchemy\pool\base.py:1264: in _checkout
    fairy = _ConnectionRecord.checkout(pool)
venv\Lib\site-packages\sqlalchemy\pool\base.py:711: in checkout
    rec = pool._do_get()
venv\Lib\site-packages\sqlalchemy\pool\impl.py:177: in _do_get
    with util.safe_reraise():
venv\Lib\site-packages\sqlalchemy\util\langhelpers.py:224: in __exit__
    raise exc_value.with_traceback(exc_tb)
venv\Lib\site-packages\sqlalchemy\pool\impl.py:175: in _do_get
    return self._create_connection()
venv\Lib\site-packages\sqlalchemy\pool\base.py:388: in _create_connection
    return _ConnectionRecord(self)
venv\Lib\site-packages\sqlalchemy\pool\base.py:673: in __init__
    self.__connect()
venv\Lib\site-packages\sqlalchemy\pool\base.py:899: in __connect
    with util.safe_reraise():
venv\Lib\site-packages\sqlalchemy\util\langhelpers.py:224: in __exit__
    raise exc_value.with_traceback(exc_tb)
venv\Lib\site-packages\sqlalchemy\pool\base.py:895: in __connect
    self.dbapi_connection = connection = pool._invoke_creator(self)
venv\Lib\site-packages\sqlalchemy\engine\create.py:661: in connect
    return dialect.connect(*cargs, **cparams)
_ _ _ _ _ _ _ _ _ _ _ _ _ _ _ _ _ _ _ _ _ _ _ _ _ _ _ _ _ _ _ _ _ _ _ _ _ _ _ _ _ _ _ _ _ _ _ _ _ _ _ _ _ _ _ _ _ _ _ _

self = &lt;sqlalchemy.dialects.sqlite.pysqlite.SQLiteDialect_pysqlite object at 0x0000018E10265150&gt;
cargs = ('C:\\Users\\LENOVO~1\\AppData\\Local\\Temp\\tmpqj5tk3s2',), cparams = {'check_same_thread': False}

    def connect(self, *cargs: Any, **cparams: Any) -&gt; DBAPIConnection:
        # inherits the docstring from interfaces.Dialect.connect
&gt;       return self.loaded_dbapi.connect(*cargs, **cparams)  # type: ignore[no-any-return]  # NOQA: E501
E       sqlalchemy.exc.OperationalError: (sqlite3.OperationalError) unable to open database file
E       (Background on this error at: https://sqlalche.me/e/20/e3q8)

venv\Lib\site-packages\sqlalchemy\engine\default.py:630: OperationalError</error></testcase><testcase classname="tests.test_dashboard_actions.TestDashboardActions" name="test_add_member_blocks_when_plan_limit_reached" time="1.499"><error message="failed on setup with &quot;sqlalchemy.exc.OperationalError: (sqlite3.OperationalError) unable to open database file&#10;(Background on this error at: https://sqlalche.me/e/20/e3q8)&quot;">self = &lt;sqlalchemy.engine.base.Connection object at 0x0000018E122CCE20&gt;
engine = Engine(sqlite:///C:\Users\LENOVO~1\AppData\Local\Temp\tmpqj5tk3s2), connection = None, _has_events = None
_allow_revalidate = True, _allow_autobegin = True

    def __init__(
        self,
        engine: Engine,
        connection: Optional[PoolProxiedConnection] = None,
        _has_events: Optional[bool] = None,
        _allow_revalidate: bool = True,
        _allow_autobegin: bool = True,
    ):
        """Construct a new Connection."""
        self.engine = engine
        self.dialect = dialect = engine.dialect
    
        if connection is None:
            try:
&gt;               self._dbapi_connection = engine.raw_connection()

venv\Lib\site-packages\sqlalchemy\engine\base.py:143: 
_ _ _ _ _ _ _ _ _ _ _ _ _ _ _ _ _ _ _ _ _ _ _ _ _ _ _ _ _ _ _ _ _ _ _ _ _ _ _ _ _ _ _ _ _ _ _ _ _ _ _ _ _ _ _ _ _ _ _ _
venv\Lib\site-packages\sqlalchemy\engine\base.py:3309: in raw_connection
    return self.pool.connect()
venv\Lib\site-packages\sqlalchemy\pool\base.py:447: in connect
    return _ConnectionFairy._checkout(self)
venv\Lib\site-packages\sqlalchemy\pool\base.py:1264: in _checkout
    fairy = _ConnectionRecord.checkout(pool)
venv\Lib\site-packages\sqlalchemy\pool\base.py:711: in checkout
    rec = pool._do_get()
venv\Lib\site-packages\sqlalchemy\pool\impl.py:177: in _do_get
    with util.safe_reraise():
venv\Lib\site-packages\sqlalchemy\util\langhelpers.py:224: in __exit__
    raise exc_value.with_traceback(exc_tb)
venv\Lib\site-packages\sqlalchemy\pool\impl.py:175: in _do_get
    return self._create_connection()
venv\Lib\site-packages\sqlalchemy\pool\base.py:388: in _create_connection
    return _ConnectionRecord(self)
venv\Lib\site-packages\sqlalchemy\pool\base.py:673: in __init__
    self.__connect()
venv\Lib\site-packages\sqlalchemy\pool\base.py:899: in __connect
    with util.safe_reraise():
venv\Lib\site-packages\sqlalchemy\util\langhelpers.py:224: in __exit__
    raise exc_value.with_traceback(exc_tb)
venv\Lib\site-packages\sqlalchemy\pool\base.py:895: in __connect
    self.dbapi_connection = connection = pool._invoke_creator(self)
venv\Lib\site-packages\sqlalchemy\engine\create.py:661: in connect
    return dialect.connect(*cargs, **cparams)
_ _ _ _ _ _ _ _ _ _ _ _ _ _ _ _ _ _ _ _ _ _ _ _ _ _ _ _ _ _ _ _ _ _ _ _ _ _ _ _ _ _ _ _ _ _ _ _ _ _ _ _ _ _ _ _ _ _ _ _

self = &lt;sqlalchemy.dialects.sqlite.pysqlite.SQLiteDialect_pysqlite object at 0x0000018E1100E750&gt;
cargs = ('C:\\Users\\LENOVO~1\\AppData\\Local\\Temp\\tmpqj5tk3s2',), cparams = {'check_same_thread': False}

    def connect(self, *cargs: Any, **cparams: Any) -&gt; DBAPIConnection:
        # inherits the docstring from interfaces.Dialect.connect
&gt;       return self.loaded_dbapi.connect(*cargs, **cparams)  # type: ignore[no-any-return]  # NOQA: E501
E       sqlite3.OperationalError: unable to open database file

venv\Lib\site-packages\sqlalchemy\engine\default.py:630: OperationalError

The above exception was the direct cause of the following exception:

request = &lt;SubRequest 'testapp' for &lt;Function test_add_member_blocks_when_plan_limit_reached&gt;&gt;

    @pytest.fixture()
    def testapp(request):
        app = create_app('appname.settings.TestConfig')
        client = app.test_client()
    
        db.app = app
        app_ctx = app.app_context()
        app_ctx.push()
&gt;       db.create_all()

tests\conftest.py:19: 
_ _ _ _ _ _ _ _ _ _ _ _ _ _ _ _ _ _ _ _ _ _ _ _ _ _ _ _ _ _ _ _ _ _ _ _ _ _ _ _ _ _ _ _ _ _ _ _ _ _ _ _ _ _ _ _ _ _ _ _
venv\Lib\site-packages\flask_sqlalchemy\extension.py:900: in create_all
    self._call_for_binds(bind_key, "create_all")
venv\Lib\site-packages\flask_sqlalchemy\extension.py:881: in _call_for_binds
    getattr(metadata, op_name)(bind=engine)
venv\Lib\site-packages\sqlalchemy\sql\schema.py:5928: in create_all
    bind._run_ddl_visitor(
venv\Lib\site-packages\sqlalchemy\engine\base.py:3259: in _run_ddl_visitor
    with self.begin() as conn:
C:\Python314\Lib\contextlib.py:141: in __enter__
    return next(self.gen)
venv\Lib\site-packages\sqlalchemy\engine\base.py:3249: in begin
    with self.connect() as conn:
venv\Lib\site-packages\sqlalchemy\engine\base.py:3285: in connect
    return self._connection_cls(self)
venv\Lib\site-packages\sqlalchemy\engine\base.py:145: in __init__
    Connection._handle_dbapi_exception_noconnection(
venv\Lib\site-packages\sqlalchemy\engine\base.py:2448: in _handle_dbapi_exception_noconnection
    raise sqlalchemy_exception.with_traceback(exc_info[2]) from e
venv\Lib\site-packages\sqlalchemy\engine\base.py:143: in __init__
    self._dbapi_connection = engine.raw_connection()
venv\Lib\site-packages\sqlalchemy\engine\base.py:3309: in raw_connection
    return self.pool.connect()
venv\Lib\site-packages\sqlalchemy\pool\base.py:447: in connect
    return _ConnectionFairy._checkout(self)
venv\Lib\site-packages\sqlalchemy\pool\base.py:1264: in _checkout
    fairy = _ConnectionRecord.checkout(pool)
venv\Lib\site-packages\sqlalchemy\pool\base.py:711: in checkout
    rec = pool._do_get()
venv\Lib\site-packages\sqlalchemy\pool\impl.py:177: in _do_get
    with util.safe_reraise():
venv\Lib\site-packages\sqlalchemy\util\langhelpers.py:224: in __exit__
    raise exc_value.with_traceback(exc_tb)
venv\Lib\site-packages\sqlalchemy\pool\impl.py:175: in _do_get
    return self._create_connection()
venv\Lib\site-packages\sqlalchemy\pool\base.py:388: in _create_connection
    return _ConnectionRecord(self)
venv\Lib\site-packages\sqlalchemy\pool\base.py:673: in __init__
    self.__connect()
venv\Lib\site-packages\sqlalchemy\pool\base.py:899: in __connect
    with util.safe_reraise():
venv\Lib\site-packages\sqlalchemy\util\langhelpers.py:224: in __exit__
    raise exc_value.with_traceback(exc_tb)
venv\Lib\site-packages\sqlalchemy\pool\base.py:895: in __connect
    self.dbapi_connection = connection = pool._invoke_creator(self)
venv\Lib\site-packages\sqlalchemy\engine\create.py:661: in connect
    return dialect.connect(*cargs, **cparams)
_ _ _ _ _ _ _ _ _ _ _ _ _ _ _ _ _ _ _ _ _ _ _ _ _ _ _ _ _ _ _ _ _ _ _ _ _ _ _ _ _ _ _ _ _ _ _ _ _ _ _ _ _ _ _ _ _ _ _ _

self = &lt;sqlalchemy.dialects.sqlite.pysqlite.SQLiteDialect_pysqlite object at 0x0000018E1100E750&gt;
cargs = ('C:\\Users\\LENOVO~1\\AppData\\Local\\Temp\\tmpqj5tk3s2',), cparams = {'check_same_thread': False}

    def connect(self, *cargs: Any, **cparams: Any) -&gt; DBAPIConnection:
        # inherits the docstring from interfaces.Dialect.connect
&gt;       return self.loaded_dbapi.connect(*cargs, **cparams)  # type: ignore[no-any-return]  # NOQA: E501
E       sqlalchemy.exc.OperationalError: (sqlite3.OperationalError) unable to open database file
E       (Background on this error at: https://sqlalche.me/e/20/e3q8)

venv\Lib\site-packages\sqlalchemy\engine\default.py:630: OperationalError</error></testcase><testcase classname="tests.test_dashboard_actions.TestDashboardActions" name="test_add_member_invalid_form_redirects" time="1.497"><error message="failed on setup with &quot;sqlalchemy.exc.OperationalError: (sqlite3.OperationalError) unable to open database file&#10;(Background on this error at: https://sqlalche.me/e/20/e3q8)&quot;">self = &lt;sqlalchemy.engine.base.Connection object at 0x0000018E10EF29C0&gt;
engine = Engine(sqlite:///C:\Users\LENOVO~1\AppData\Local\Temp\tmpqj5tk3s2), connection = None, _has_events = None
_allow_revalidate = True, _allow_autobegin = True

    def __init__(
        self,
        engine: Engine,
        connection: Optional[PoolProxiedConnection] = None,
        _has_events: Optional[bool] = None,
        _allow_revalidate: bool = True,
        _allow_autobegin: bool = True,
    ):
        """Construct a new Connection."""
        self.engine = engine
        self.dialect = dialect = engine.dialect
    
        if connection is None:
            try:
&gt;               self._dbapi_connection = engine.raw_connection()

venv\Lib\site-packages\sqlalchemy\engine\base.py:143: 
_ _ _ _ _ _ _ _ _ _ _ _ _ _ _ _ _ _ _ _ _ _ _ _ _ _ _ _ _ _ _ _ _ _ _ _ _ _ _ _ _ _ _ _ _ _ _ _ _ _ _ _ _ _ _ _ _ _ _ _
venv\Lib\site-packages\sqlalchemy\engine\base.py:3309: in raw_connection
    return self.pool.connect()
venv\Lib\site-packages\sqlalchemy\pool\base.py:447: in connect
    return _ConnectionFairy._checkout(self)
venv\Lib\site-packages\sqlalchemy\pool\base.py:1264: in _checkout
    fairy = _ConnectionRecord.checkout(pool)
venv\Lib\site-packages\sqlalchemy\pool\base.py:711: in checkout
    rec = pool._do_get()
venv\Lib\site-packages\sqlalchemy\pool\impl.py:177: in _do_get
    with util.safe_reraise():
venv\Lib\site-packages\sqlalchemy\util\langhelpers.py:224: in __exit__
    raise exc_value.with_traceback(exc_tb)
venv\Lib\site-packages\sqlalchemy\pool\impl.py:175: in _do_get
    return self._create_connection()
venv\Lib\site-packages\sqlalchemy\pool\base.py:388: in _create_connection
    return _ConnectionRecord(self)
venv\Lib\site-packages\sqlalchemy\pool\base.py:673: in __init__
    self.__connect()
venv\Lib\site-packages\sqlalchemy\pool\base.py:899: in __connect
    with util.safe_reraise():
venv\Lib\site-packages\sqlalchemy\util\langhelpers.py:224: in __exit__
    raise exc_value.with_traceback(exc_tb)
venv\Lib\site-packages\sqlalchemy\pool\base.py:895: in __connect
    self.dbapi_connection = connection = pool._invoke_creator(self)
venv\Lib\site-packages\sqlalchemy\engine\create.py:661: in connect
    return dialect.connect(*cargs, **cparams)
_ _ _ _ _ _ _ _ _ _ _ _ _ _ _ _ _ _ _ _ _ _ _ _ _ _ _ _ _ _ _ _ _ _ _ _ _ _ _ _ _ _ _ _ _ _ _ _ _ _ _ _ _ _ _ _ _ _ _ _

self = &lt;sqlalchemy.dialects.sqlite.pysqlite.SQLiteDialect_pysqlite object at 0x0000018E1100EF50&gt;
cargs = ('C:\\Users\\LENOVO~1\\AppData\\Local\\Temp\\tmpqj5tk3s2',), cparams = {'check_same_thread': False}

    def connect(self, *cargs: Any, **cparams: Any) -&gt; DBAPIConnection:
        # inherits the docstring from interfaces.Dialect.connect
&gt;       return self.loaded_dbapi.connect(*cargs, **cparams)  # type: ignore[no-any-return]  # NOQA: E501
E       sqlite3.OperationalError: unable to open database file

venv\Lib\site-packages\sqlalchemy\engine\default.py:630: OperationalError

The above exception was the direct cause of the following exception:

request = &lt;SubRequest 'testapp' for &lt;Function test_add_member_invalid_form_redirects&gt;&gt;

    @pytest.fixture()
    def testapp(request):
        app = create_app('appname.settings.TestConfig')
        client = app.test_client()
    
        db.app = app
        app_ctx = app.app_context()
        app_ctx.push()
&gt;       db.create_all()

tests\conftest.py:19: 
_ _ _ _ _ _ _ _ _ _ _ _ _ _ _ _ _ _ _ _ _ _ _ _ _ _ _ _ _ _ _ _ _ _ _ _ _ _ _ _ _ _ _ _ _ _ _ _ _ _ _ _ _ _ _ _ _ _ _ _
venv\Lib\site-packages\flask_sqlalchemy\extension.py:900: in create_all
    self._call_for_binds(bind_key, "create_all")
venv\Lib\site-packages\flask_sqlalchemy\extension.py:881: in _call_for_binds
    getattr(metadata, op_name)(bind=engine)
venv\Lib\site-packages\sqlalchemy\sql\schema.py:5928: in create_all
    bind._run_ddl_visitor(
venv\Lib\site-packages\sqlalchemy\engine\base.py:3259: in _run_ddl_visitor
    with self.begin() as conn:
C:\Python314\Lib\contextlib.py:141: in __enter__
    return next(self.gen)
venv\Lib\site-packages\sqlalchemy\engine\base.py:3249: in begin
    with self.connect() as conn:
venv\Lib\site-packages\sqlalchemy\engine\base.py:3285: in connect
    return self._connection_cls(self)
venv\Lib\site-packages\sqlalchemy\engine\base.py:145: in __init__
    Connection._handle_dbapi_exception_noconnection(
venv\Lib\site-packages\sqlalchemy\engine\base.py:2448: in _handle_dbapi_exception_noconnection
    raise sqlalchemy_exception.with_traceback(exc_info[2]) from e
venv\Lib\site-packages\sqlalchemy\engine\base.py:143: in __init__
    self._dbapi_connection = engine.raw_connection()
venv\Lib\site-packages\sqlalchemy\engine\base.py:3309: in raw_connection
    return self.pool.connect()
venv\Lib\site-packages\sqlalchemy\pool\base.py:447: in connect
    return _ConnectionFairy._checkout(self)
venv\Lib\site-packages\sqlalchemy\pool\base.py:1264: in _checkout
    fairy = _ConnectionRecord.checkout(pool)
venv\Lib\site-packages\sqlalchemy\pool\base.py:711: in checkout
    rec = pool._do_get()
venv\Lib\site-packages\sqlalchemy\pool\impl.py:177: in _do_get
    with util.safe_reraise():
venv\Lib\site-packages\sqlalchemy\util\langhelpers.py:224: in __exit__
    raise exc_value.with_traceback(exc_tb)
venv\Lib\site-packages\sqlalchemy\pool\impl.py:175: in _do_get
    return self._create_connection()
venv\Lib\site-packages\sqlalchemy\pool\base.py:388: in _create_connection
    return _ConnectionRecord(self)
venv\Lib\site-packages\sqlalchemy\pool\base.py:673: in __init__
    self.__connect()
venv\Lib\site-packages\sqlalchemy\pool\base.py:899: in __connect
    with util.safe_reraise():
venv\Lib\site-packages\sqlalchemy\util\langhelpers.py:224: in __exit__
    raise exc_value.with_traceback(exc_tb)
venv\Lib\site-packages\sqlalchemy\pool\base.py:895: in __connect
    self.dbapi_connection = connection = pool._invoke_creator(self)
venv\Lib\site-packages\sqlalchemy\engine\create.py:661: in connect
    return dialect.connect(*cargs, **cparams)
_ _ _ _ _ _ _ _ _ _ _ _ _ _ _ _ _ _ _ _ _ _ _ _ _ _ _ _ _ _ _ _ _ _ _ _ _ _ _ _ _ _ _ _ _ _ _ _ _ _ _ _ _ _ _ _ _ _ _ _

self = &lt;sqlalchemy.dialects.sqlite.pysqlite.SQLiteDialect_pysqlite object at 0x0000018E1100EF50&gt;
cargs = ('C:\\Users\\LENOVO~1\\AppData\\Local\\Temp\\tmpqj5tk3s2',), cparams = {'check_same_thread': False}

    def connect(self, *cargs: Any, **cparams: Any) -&gt; DBAPIConnection:
        # inherits the docstring from interfaces.Dialect.connect
&gt;       return self.loaded_dbapi.connect(*cargs, **cparams)  # type: ignore[no-any-return]  # NOQA: E501
E       sqlalchemy.exc.OperationalError: (sqlite3.OperationalError) unable to open database file
E       (Background on this error at: https://sqlalche.me/e/20/e3q8)

venv\Lib\site-packages\sqlalchemy\engine\default.py:630: OperationalError</error></testcase><testcase classname="tests.test_dashboard_actions.TestDashboardActions" name="test_add_member_creates_invite" time="1.492"><error message="failed on setup with &quot;sqlalchemy.exc.OperationalError: (sqlite3.OperationalError) unable to open database file&#10;(Background on this error at: https://sqlalche.me/e/20/e3q8)&quot;">self = &lt;sqlalchemy.engine.base.Connection object at 0x0000018E119A7790&gt;
engine = Engine(sqlite:///C:\Users\LENOVO~1\AppData\Local\Temp\tmpqj5tk3s2), connection = None, _has_events = None
_allow_revalidate = True, _allow_autobegin = True

    def __init__(
        self,
        engine: Engine,
        connection: Optional[PoolProxiedConnection] = None,
        _has_events: Optional[bool] = None,
        _allow_revalidate: bool = True,
        _allow_autobegin: bool = True,
    ):
        """Construct a new Connection."""
        self.engine = engine
        self.dialect = dialect = engine.dialect
    
        if connection is None:
            try:
&gt;               self._dbapi_connection = engine.raw_connection()

venv\Lib\site-packages\sqlalchemy\engine\base.py:143: 
_ _ _ _ _ _ _ _ _ _ _ _ _ _ _ _ _ _ _ _ _ _ _ _ _ _ _ _ _ _ _ _ _ _ _ _ _ _ _ _ _ _ _ _ _ _ _ _ _ _ _ _ _ _ _ _ _ _ _ _
venv\Lib\site-packages\sqlalchemy\engine\base.py:3309: in raw_connection
    return self.pool.connect()
venv\Lib\site-packages\sqlalchemy\pool\base.py:447: in connect
    return _ConnectionFairy._checkout(self)
venv\Lib\site-packages\sqlalchemy\pool\base.py:1264: in _checkout
    fairy = _ConnectionRecord.checkout(pool)
venv\Lib\site-packages\sqlalchemy\pool\base.py:711: in checkout
    rec = pool._do_get()
venv\Lib\site-packages\sqlalchemy\pool\impl.py:177: in _do_get
    with util.safe_reraise():
venv\Lib\site-packages\sqlalchemy\util\langhelpers.py:224: in __exit__
    raise exc_value.with_traceback(exc_tb)
venv\Lib\site-packages\sqlalchemy\pool\impl.py:175: in _do_get
    return self._create_connection()
venv\Lib\site-packages\sqlalchemy\pool\base.py:388: in _create_connection
    return _ConnectionRecord(self)
venv\Lib\site-packages\sqlalchemy\pool\base.py:673: in __init__
    self.__connect()
venv\Lib\site-packages\sqlalchemy\pool\base.py:899: in __connect
    with util.safe_reraise():
venv\Lib\site-packages\sqlalchemy\util\langhelpers.py:224: in __exit__
    raise exc_value.with_traceback(exc_tb)
venv\Lib\site-packages\sqlalchemy\pool\base.py:895: in __connect
    self.dbapi_connection = connection = pool._invoke_creator(self)
venv\Lib\site-packages\sqlalchemy\engine\create.py:661: in connect
    return dialect.connect(*cargs, **cparams)
_ _ _ _ _ _ _ _ _ _ _ _ _ _ _ _ _ _ _ _ _ _ _ _ _ _ _ _ _ _ _ _ _ _ _ _ _ _ _ _ _ _ _ _ _ _ _ _ _ _ _ _ _ _ _ _ _ _ _ _

self = &lt;sqlalchemy.dialects.sqlite.pysqlite.SQLiteDialect_pysqlite object at 0x0000018E1100F050&gt;
cargs = ('C:\\Users\\LENOVO~1\\AppData\\Local\\Temp\\tmpqj5tk3s2',), cparams = {'check_same_thread': False}

    def connect(self, *cargs: Any, **cparams: Any) -&gt; DBAPIConnection:
        # inherits the docstring from interfaces.Dialect.connect
&gt;       return self.loaded_dbapi.connect(*cargs, **cparams)  # type: ignore[no-any-return]  # NOQA: E501
E       sqlite3.OperationalError: unable to open database file

venv\Lib\site-packages\sqlalchemy\engine\default.py:630: OperationalError

The above exception was the direct cause of the following exception:

request = &lt;SubRequest 'testapp' for &lt;Function test_add_member_creates_invite&gt;&gt;

    @pytest.fixture()
    def testapp(request):
        app = create_app('appname.settings.TestConfig')
        client = app.test_client()
    
        db.app = app
        app_ctx = app.app_context()
        app_ctx.push()
&gt;       db.create_all()

tests\conftest.py:19: 
_ _ _ _ _ _ _ _ _ _ _ _ _ _ _ _ _ _ _ _ _ _ _ _ _ _ _ _ _ _ _ _ _ _ _ _ _ _ _ _ _ _ _ _ _ _ _ _ _ _ _ _ _ _ _ _ _ _ _ _
venv\Lib\site-packages\flask_sqlalchemy\extension.py:900: in create_all
    self._call_for_binds(bind_key, "create_all")
venv\Lib\site-packages\flask_sqlalchemy\extension.py:881: in _call_for_binds
    getattr(metadata, op_name)(bind=engine)
venv\Lib\site-packages\sqlalchemy\sql\schema.py:5928: in create_all
    bind._run_ddl_visitor(
venv\Lib\site-packages\sqlalchemy\engine\base.py:3259: in _run_ddl_visitor
    with self.begin() as conn:
C:\Python314\Lib\contextlib.py:141: in __enter__
    return next(self.gen)
venv\Lib\site-packages\sqlalchemy\engine\base.py:3249: in begin
    with self.connect() as conn:
venv\Lib\site-packages\sqlalchemy\engine\base.py:3285: in connect
    return self._connection_cls(self)
venv\Lib\site-packages\sqlalchemy\engine\base.py:145: in __init__
    Connection._handle_dbapi_exception_noconnection(
venv\Lib\site-packages\sqlalchemy\engine\base.py:2448: in _handle_dbapi_exception_noconnection
    raise sqlalchemy_exception.with_traceback(exc_info[2]) from e
venv\Lib\site-packages\sqlalchemy\engine\base.py:143: in __init__
    self._dbapi_connection = engine.raw_connection()
venv\Lib\site-packages\sqlalchemy\engine\base.py:3309: in raw_connection
    return self.pool.connect()
venv\Lib\site-packages\sqlalchemy\pool\base.py:447: in connect
    return _ConnectionFairy._checkout(self)
venv\Lib\site-packages\sqlalchemy\pool\base.py:1264: in _checkout
    fairy = _ConnectionRecord.checkout(pool)
venv\Lib\site-packages\sqlalchemy\pool\base.py:711: in checkout
    rec = pool._do_get()
venv\Lib\site-packages\sqlalchemy\pool\impl.py:177: in _do_get
    with util.safe_reraise():
venv\Lib\site-packages\sqlalchemy\util\langhelpers.py:224: in __exit__
    raise exc_value.with_traceback(exc_tb)
venv\Lib\site-packages\sqlalchemy\pool\impl.py:175: in _do_get
    return self._create_connection()
venv\Lib\site-packages\sqlalchemy\pool\base.py:388: in _create_connection
    return _ConnectionRecord(self)
venv\Lib\site-packages\sqlalchemy\pool\base.py:673: in __init__
    self.__connect()
venv\Lib\site-packages\sqlalchemy\pool\base.py:899: in __connect
    with util.safe_reraise():
venv\Lib\site-packages\sqlalchemy\util\langhelpers.py:224: in __exit__
    raise exc_value.with_traceback(exc_tb)
venv\Lib\site-packages\sqlalchemy\pool\base.py:895: in __connect
    self.dbapi_connection = connection = pool._invoke_creator(self)
venv\Lib\site-packages\sqlalchemy\engine\create.py:661: in connect
    return dialect.connect(*cargs, **cparams)
_ _ _ _ _ _ _ _ _ _ _ _ _ _ _ _ _ _ _ _ _ _ _ _ _ _ _ _ _ _ _ _ _ _ _ _ _ _ _ _ _ _ _ _ _ _ _ _ _ _ _ _ _ _ _ _ _ _ _ _

self = &lt;sqlalchemy.dialects.sqlite.pysqlite.SQLiteDialect_pysqlite object at 0x0000018E1100F050&gt;
cargs = ('C:\\Users\\LENOVO~1\\AppData\\Local\\Temp\\tmpqj5tk3s2',), cparams = {'check_same_thread': False}

    def connect(self, *cargs: Any, **cparams: Any) -&gt; DBAPIConnection:
        # inherits the docstring from interfaces.Dialect.connect
&gt;       return self.loaded_dbapi.connect(*cargs, **cparams)  # type: ignore[no-any-return]  # NOQA: E501
E       sqlalchemy.exc.OperationalError: (sqlite3.OperationalError) unable to open database file
E       (Background on this error at: https://sqlalche.me/e/20/e3q8)

venv\Lib\site-packages\sqlalchemy\engine\default.py:630: OperationalError</error></testcase><testcase classname="tests.test_dashboard_actions.TestDashboardActions" name="test_add_member_skips_existing_member" time="1.534"><error message="failed on setup with &quot;sqlalchemy.exc.OperationalError: (sqlite3.OperationalError) unable to open database file&#10;(Background on this error at: https://sqlalche.me/e/20/e3q8)&quot;">self = &lt;sqlalchemy.engine.base.Connection object at 0x0000018E10D6FD40&gt;
engine = Engine(sqlite:///C:\Users\LENOVO~1\AppData\Local\Temp\tmpqj5tk3s2), connection = None, _has_events = None
_allow_revalidate = True, _allow_autobegin = True

    def __init__(
        self,
        engine: Engine,
        connection: Optional[PoolProxiedConnection] = None,
        _has_events: Optional[bool] = None,
        _allow_revalidate: bool = True,
        _allow_autobegin: bool = True,
    ):
        """Construct a new Connection."""
        self.engine = engine
        self.dialect = dialect = engine.dialect
    
        if connection is None:
            try:
&gt;               self._dbapi_connection = engine.raw_connection()

venv\Lib\site-packages\sqlalchemy\engine\base.py:143: 
_ _ _ _ _ _ _ _ _ _ _ _ _ _ _ _ _ _ _ _ _ _ _ _ _ _ _ _ _ _ _ _ _ _ _ _ _ _ _ _ _ _ _ _ _ _ _ _ _ _ _ _ _ _ _ _ _ _ _ _
venv\Lib\site-packages\sqlalchemy\engine\base.py:3309: in raw_connection
    return self.pool.connect()
venv\Lib\site-packages\sqlalchemy\pool\base.py:447: in connect
    return _ConnectionFairy._checkout(self)
venv\Lib\site-packages\sqlalchemy\pool\base.py:1264: in _checkout
    fairy = _ConnectionRecord.checkout(pool)
venv\Lib\site-packages\sqlalchemy\pool\base.py:711: in checkout
    rec = pool._do_get()
venv\Lib\site-packages\sqlalchemy\pool\impl.py:177: in _do_get
    with util.safe_reraise():
venv\Lib\site-packages\sqlalchemy\util\langhelpers.py:224: in __exit__
    raise exc_value.with_traceback(exc_tb)
venv\Lib\site-packages\sqlalchemy\pool\impl.py:175: in _do_get
    return self._create_connection()
venv\Lib\site-packages\sqlalchemy\pool\base.py:388: in _create_connection
    return _ConnectionRecord(self)
venv\Lib\site-packages\sqlalchemy\pool\base.py:673: in __init__
    self.__connect()
venv\Lib\site-packages\sqlalchemy\pool\base.py:899: in __connect
    with util.safe_reraise():
venv\Lib\site-packages\sqlalchemy\util\langhelpers.py:224: in __exit__
    raise exc_value.with_traceback(exc_tb)
venv\Lib\site-packages\sqlalchemy\pool\base.py:895: in __connect
    self.dbapi_connection = connection = pool._invoke_creator(self)
venv\Lib\site-packages\sqlalchemy\engine\create.py:661: in connect
    return dialect.connect(*cargs, **cparams)
_ _ _ _ _ _ _ _ _ _ _ _ _ _ _ _ _ _ _ _ _ _ _ _ _ _ _ _ _ _ _ _ _ _ _ _ _ _ _ _ _ _ _ _ _ _ _ _ _ _ _ _ _ _ _ _ _ _ _ _

self = &lt;sqlalchemy.dialects.sqlite.pysqlite.SQLiteDialect_pysqlite object at 0x0000018E10DD0250&gt;
cargs = ('C:\\Users\\LENOVO~1\\AppData\\Local\\Temp\\tmpqj5tk3s2',), cparams = {'check_same_thread': False}

    def connect(self, *cargs: Any, **cparams: Any) -&gt; DBAPIConnection:
        # inherits the docstring from interfaces.Dialect.connect
&gt;       return self.loaded_dbapi.connect(*cargs, **cparams)  # type: ignore[no-any-return]  # NOQA: E501
E       sqlite3.OperationalError: unable to open database file

venv\Lib\site-packages\sqlalchemy\engine\default.py:630: OperationalError

The above exception was the direct cause of the following exception:

request = &lt;SubRequest 'testapp' for &lt;Function test_add_member_skips_existing_member&gt;&gt;

    @pytest.fixture()
    def testapp(request):
        app = create_app('appname.settings.TestConfig')
        client = app.test_client()
    
        db.app = app
        app_ctx = app.app_context()
        app_ctx.push()
&gt;       db.create_all()

tests\conftest.py:19: 
_ _ _ _ _ _ _ _ _ _ _ _ _ _ _ _ _ _ _ _ _ _ _ _ _ _ _ _ _ _ _ _ _ _ _ _ _ _ _ _ _ _ _ _ _ _ _ _ _ _ _ _ _ _ _ _ _ _ _ _
venv\Lib\site-packages\flask_sqlalchemy\extension.py:900: in create_all
    self._call_for_binds(bind_key, "create_all")
venv\Lib\site-packages\flask_sqlalchemy\extension.py:881: in _call_for_binds
    getattr(metadata, op_name)(bind=engine)
venv\Lib\site-packages\sqlalchemy\sql\schema.py:5928: in create_all
    bind._run_ddl_visitor(
venv\Lib\site-packages\sqlalchemy\engine\base.py:3259: in _run_ddl_visitor
    with self.begin() as conn:
C:\Python314\Lib\contextlib.py:141: in __enter__
    return next(self.gen)
venv\Lib\site-packages\sqlalchemy\engine\base.py:3249: in begin
    with self.connect() as conn:
venv\Lib\site-packages\sqlalchemy\engine\base.py:3285: in connect
    return self._connection_cls(self)
venv\Lib\site-packages\sqlalchemy\engine\base.py:145: in __init__
    Connection._handle_dbapi_exception_noconnection(
venv\Lib\site-packages\sqlalchemy\engine\base.py:2448: in _handle_dbapi_exception_noconnection
    raise sqlalchemy_exception.with_traceback(exc_info[2]) from e
venv\Lib\site-packages\sqlalchemy\engine\base.py:143: in __init__
    self._dbapi_connection = engine.raw_connection()
venv\Lib\site-packages\sqlalchemy\engine\base.py:3309: in raw_connection
    return self.pool.connect()
venv\Lib\site-packages\sqlalchemy\pool\base.py:447: in connect
    return _ConnectionFairy._checkout(self)
venv\Lib\site-packages\sqlalchemy\pool\base.py:1264: in _checkout
    fairy = _ConnectionRecord.checkout(pool)
venv\Lib\site-packages\sqlalchemy\pool\base.py:711: in checkout
    rec = pool._do_get()
venv\Lib\site-packages\sqlalchemy\pool\impl.py:177: in _do_get
    with util.safe_reraise():
venv\Lib\site-packages\sqlalchemy\util\langhelpers.py:224: in __exit__
    raise exc_value.with_traceback(exc_tb)
venv\Lib\site-packages\sqlalchemy\pool\impl.py:175: in _do_get
    return self._create_connection()
venv\Lib\site-packages\sqlalchemy\pool\base.py:388: in _create_connection
    return _ConnectionRecord(self)
venv\Lib\site-packages\sqlalchemy\pool\base.py:673: in __init__
    self.__connect()
venv\Lib\site-packages\sqlalchemy\pool\base.py:899: in __connect
    with util.safe_reraise():
venv\Lib\site-packages\sqlalchemy\util\langhelpers.py:224: in __exit__
    raise exc_value.with_traceback(exc_tb)
venv\Lib\site-packages\sqlalchemy\pool\base.py:895: in __connect
    self.dbapi_connection = connection = pool._invoke_creator(self)
venv\Lib\site-packages\sqlalchemy\engine\create.py:661: in connect
    return dialect.connect(*cargs, **cparams)
_ _ _ _ _ _ _ _ _ _ _ _ _ _ _ _ _ _ _ _ _ _ _ _ _ _ _ _ _ _ _ _ _ _ _ _ _ _ _ _ _ _ _ _ _ _ _ _ _ _ _ _ _ _ _ _ _ _ _ _

self = &lt;sqlalchemy.dialects.sqlite.pysqlite.SQLiteDialect_pysqlite object at 0x0000018E10DD0250&gt;
cargs = ('C:\\Users\\LENOVO~1\\AppData\\Local\\Temp\\tmpqj5tk3s2',), cparams = {'check_same_thread': False}

    def connect(self, *cargs: Any, **cparams: Any) -&gt; DBAPIConnection:
        # inherits the docstring from interfaces.Dialect.connect
&gt;       return self.loaded_dbapi.connect(*cargs, **cparams)  # type: ignore[no-any-return]  # NOQA: E501
E       sqlalchemy.exc.OperationalError: (sqlite3.OperationalError) unable to open database file
E       (Background on this error at: https://sqlalche.me/e/20/e3q8)

venv\Lib\site-packages\sqlalchemy\engine\default.py:630: OperationalError</error></testcase><testcase classname="tests.test_dashboard_actions.TestDashboardActions" name="test_billing_portal_redirects_to_customer_portal" time="1.498"><error message="failed on setup with &quot;sqlalchemy.exc.OperationalError: (sqlite3.OperationalError) unable to open database file&#10;(Background on this error at: https://sqlalche.me/e/20/e3q8)&quot;">self = &lt;sqlalchemy.engine.base.Connection object at 0x0000018E11E8D8B0&gt;
engine = Engine(sqlite:///C:\Users\LENOVO~1\AppData\Local\Temp\tmpqj5tk3s2), connection = None, _has_events = None
_allow_revalidate = True, _allow_autobegin = True

    def __init__(
        self,
        engine: Engine,
        connection: Optional[PoolProxiedConnection] = None,
        _has_events: Optional[bool] = None,
        _allow_revalidate: bool = True,
        _allow_autobegin: bool = True,
    ):
        """Construct a new Connection."""
        self.engine = engine
        self.dialect = dialect = engine.dialect
    
        if connection is None:
            try:
&gt;               self._dbapi_connection = engine.raw_connection()

venv\Lib\site-packages\sqlalchemy\engine\base.py:143: 
_ _ _ _ _ _ _ _ _ _ _ _ _ _ _ _ _ _ _ _ _ _ _ _ _ _ _ _ _ _ _ _ _ _ _ _ _ _ _ _ _ _ _ _ _ _ _ _ _ _ _ _ _ _ _ _ _ _ _ _
venv\Lib\site-packages\sqlalchemy\engine\base.py:3309: in raw_connection
    return self.pool.connect()
venv\Lib\site-packages\sqlalchemy\pool\base.py:447: in connect
    return _ConnectionFairy._checkout(self)
venv\Lib\site-packages\sqlalchemy\pool\base.py:1264: in _checkout
    fairy = _ConnectionRecord.checkout(pool)
venv\Lib\site-packages\sqlalchemy\pool\base.py:711: in checkout
    rec = pool._do_get()
venv\Lib\site-packages\sqlalchemy\pool\impl.py:177: in _do_get
    with util.safe_reraise():
venv\Lib\site-packages\sqlalchemy\util\langhelpers.py:224: in __exit__
    raise exc_value.with_traceback(exc_tb)
venv\Lib\site-packages\sqlalchemy\pool\impl.py:175: in _do_get
    return self._create_connection()
venv\Lib\site-packages\sqlalchemy\pool\base.py:388: in _create_connection
    return _ConnectionRecord(self)
venv\Lib\site-packages\sqlalchemy\pool\base.py:673: in __init__
    self.__connect()
venv\Lib\site-packages\sqlalchemy\pool\base.py:899: in __connect
    with util.safe_reraise():
venv\Lib\site-packages\sqlalchemy\util\langhelpers.py:224: in __exit__
    raise exc_value.with_traceback(exc_tb)
venv\Lib\site-packages\sqlalchemy\pool\base.py:895: in __connect
    self.dbapi_connection = connection = pool._invoke_creator(self)
venv\Lib\site-packages\sqlalchemy\engine\create.py:661: in connect
    return dialect.connect(*cargs, **cparams)
_ _ _ _ _ _ _ _ _ _ _ _ _ _ _ _ _ _ _ _ _ _ _ _ _ _ _ _ _ _ _ _ _ _ _ _ _ _ _ _ _ _ _ _ _ _ _ _ _ _ _ _ _ _ _ _ _ _ _ _

self = &lt;sqlalchemy.dialects.sqlite.pysqlite.SQLiteDialect_pysqlite object at 0x0000018E10DD1750&gt;
cargs = ('C:\\Users\\LENOVO~1\\AppData\\Local\\Temp\\tmpqj5tk3s2',), cparams = {'check_same_thread': False}

    def connect(self, *cargs: Any, **cparams: Any) -&gt; DBAPIConnection:
        # inherits the docstring from interfaces.Dialect.connect
&gt;       return self.loaded_dbapi.connect(*cargs, **cparams)  # type: ignore[no-any-return]  # NOQA: E501
E       sqlite3.OperationalError: unable to open database file

venv\Lib\site-packages\sqlalchemy\engine\default.py:630: OperationalError

The above exception was the direct cause of the following exception:

request = &lt;SubRequest 'testapp' for &lt;Function test_billing_portal_redirects_to_customer_portal&gt;&gt;

    @pytest.fixture()
    def testapp(request):
        app = create_app('appname.settings.TestConfig')
        client = app.test_client()
    
        db.app = app
        app_ctx = app.app_context()
        app_ctx.push()
&gt;       db.create_all()

tests\conftest.py:19: 
_ _ _ _ _ _ _ _ _ _ _ _ _ _ _ _ _ _ _ _ _ _ _ _ _ _ _ _ _ _ _ _ _ _ _ _ _ _ _ _ _ _ _ _ _ _ _ _ _ _ _ _ _ _ _ _ _ _ _ _
venv\Lib\site-packages\flask_sqlalchemy\extension.py:900: in create_all
    self._call_for_binds(bind_key, "create_all")
venv\Lib\site-packages\flask_sqlalchemy\extension.py:881: in _call_for_binds
    getattr(metadata, op_name)(bind=engine)
venv\Lib\site-packages\sqlalchemy\sql\schema.py:5928: in create_all
    bind._run_ddl_visitor(
venv\Lib\site-packages\sqlalchemy\engine\base.py:3259: in _run_ddl_visitor
    with self.begin() as conn:
C:\Python314\Lib\contextlib.py:141: in __enter__
    return next(self.gen)
venv\Lib\site-packages\sqlalchemy\engine\base.py:3249: in begin
    with self.connect() as conn:
venv\Lib\site-packages\sqlalchemy\engine\base.py:3285: in connect
    return self._connection_cls(self)
venv\Lib\site-packages\sqlalchemy\engine\base.py:145: in __init__
    Connection._handle_dbapi_exception_noconnection(
venv\Lib\site-packages\sqlalchemy\engine\base.py:2448: in _handle_dbapi_exception_noconnection
    raise sqlalchemy_exception.with_traceback(exc_info[2]) from e
venv\Lib\site-packages\sqlalchemy\engine\base.py:143: in __init__
    self._dbapi_connection = engine.raw_connection()
venv\Lib\site-packages\sqlalchemy\engine\base.py:3309: in raw_connection
    return self.pool.connect()
venv\Lib\site-packages\sqlalchemy\pool\base.py:447: in connect
    return _ConnectionFairy._checkout(self)
venv\Lib\site-packages\sqlalchemy\pool\base.py:1264: in _checkout
    fairy = _ConnectionRecord.checkout(pool)
venv\Lib\site-packages\sqlalchemy\pool\base.py:711: in checkout
    rec = pool._do_get()
venv\Lib\site-packages\sqlalchemy\pool\impl.py:177: in _do_get
    with util.safe_reraise():
venv\Lib\site-packages\sqlalchemy\util\langhelpers.py:224: in __exit__
    raise exc_value.with_traceback(exc_tb)
venv\Lib\site-packages\sqlalchemy\pool\impl.py:175: in _do_get
    return self._create_connection()
venv\Lib\site-packages\sqlalchemy\pool\base.py:388: in _create_connection
    return _ConnectionRecord(self)
venv\Lib\site-packages\sqlalchemy\pool\base.py:673: in __init__
    self.__connect()
venv\Lib\site-packages\sqlalchemy\pool\base.py:899: in __connect
    with util.safe_reraise():
venv\Lib\site-packages\sqlalchemy\util\langhelpers.py:224: in __exit__
    raise exc_value.with_traceback(exc_tb)
venv\Lib\site-packages\sqlalchemy\pool\base.py:895: in __connect
    self.dbapi_connection = connection = pool._invoke_creator(self)
venv\Lib\site-packages\sqlalchemy\engine\create.py:661: in connect
    return dialect.connect(*cargs, **cparams)
_ _ _ _ _ _ _ _ _ _ _ _ _ _ _ _ _ _ _ _ _ _ _ _ _ _ _ _ _ _ _ _ _ _ _ _ _ _ _ _ _ _ _ _ _ _ _ _ _ _ _ _ _ _ _ _ _ _ _ _

self = &lt;sqlalchemy.dialects.sqlite.pysqlite.SQLiteDialect_pysqlite object at 0x0000018E10DD1750&gt;
cargs = ('C:\\Users\\LENOVO~1\\AppData\\Local\\Temp\\tmpqj5tk3s2',), cparams = {'check_same_thread': False}

    def connect(self, *cargs: Any, **cparams: Any) -&gt; DBAPIConnection:
        # inherits the docstring from interfaces.Dialect.connect
&gt;       return self.loaded_dbapi.connect(*cargs, **cparams)  # type: ignore[no-any-return]  # NOQA: E501
E       sqlalchemy.exc.OperationalError: (sqlite3.OperationalError) unable to open database file
E       (Background on this error at: https://sqlalche.me/e/20/e3q8)

venv\Lib\site-packages\sqlalchemy\engine\default.py:630: OperationalError</error></testcase><testcase classname="tests.test_dashboard_actions.TestDashboardActions" name="test_billing_portal_falls_back_to_settings_without_customer" time="1.491"><error message="failed on setup with &quot;sqlalchemy.exc.OperationalError: (sqlite3.OperationalError) unable to open database file&#10;(Background on this error at: https://sqlalche.me/e/20/e3q8)&quot;">self = &lt;sqlalchemy.engine.base.Connection object at 0x0000018E11C5C7A0&gt;
engine = Engine(sqlite:///C:\Users\LENOVO~1\AppData\Local\Temp\tmpqj5tk3s2), connection = None, _has_events = None
_allow_revalidate = True, _allow_autobegin = True

    def __init__(
        self,
        engine: Engine,
        connection: Optional[PoolProxiedConnection] = None,
        _has_events: Optional[bool] = None,
        _allow_revalidate: bool = True,
        _allow_autobegin: bool = True,
    ):
        """Construct a new Connection."""
        self.engine = engine
        self.dialect = dialect = engine.dialect
    
        if connection is None:
            try:
&gt;               self._dbapi_connection = engine.raw_connection()

venv\Lib\site-packages\sqlalchemy\engine\base.py:143: 
_ _ _ _ _ _ _ _ _ _ _ _ _ _ _ _ _ _ _ _ _ _ _ _ _ _ _ _ _ _ _ _ _ _ _ _ _ _ _ _ _ _ _ _ _ _ _ _ _ _ _ _ _ _ _ _ _ _ _ _
venv\Lib\site-packages\sqlalchemy\engine\base.py:3309: in raw_connection
    return self.pool.connect()
venv\Lib\site-packages\sqlalchemy\pool\base.py:447: in connect
    return _ConnectionFairy._checkout(self)
venv\Lib\site-packages\sqlalchemy\pool\base.py:1264: in _checkout
    fairy = _ConnectionRecord.checkout(pool)
venv\Lib\site-packages\sqlalchemy\pool\base.py:711: in checkout
    rec = pool._do_get()
venv\Lib\site-packages\sqlalchemy\pool\impl.py:177: in _do_get
    with util.safe_reraise():
venv\Lib\site-packages\sqlalchemy\util\langhelpers.py:224: in __exit__
    raise exc_value.with_traceback(exc_tb)
venv\Lib\site-packages\sqlalchemy\pool\impl.py:175: in _do_get
    return self._create_connection()
venv\Lib\site-packages\sqlalchemy\pool\base.py:388: in _create_connection
    return _ConnectionRecord(self)
venv\Lib\site-packages\sqlalchemy\pool\base.py:673: in __init__
    self.__connect()
venv\Lib\site-packages\sqlalchemy\pool\base.py:899: in __connect
    with util.safe_reraise():
venv\Lib\site-packages\sqlalchemy\util\langhelpers.py:224: in __exit__
    raise exc_value.with_traceback(exc_tb)
venv\Lib\site-packages\sqlalchemy\pool\base.py:895: in __connect
    self.dbapi_connection = connection = pool._invoke_creator(self)
venv\Lib\site-packages\sqlalchemy\engine\create.py:661: in connect
    return dialect.connect(*cargs, **cparams)
_ _ _ _ _ _ _ _ _ _ _ _ _ _ _ _ _ _ _ _ _ _ _ _ _ _ _ _ _ _ _ _ _ _ _ _ _ _ _ _ _ _ _ _ _ _ _ _ _ _ _ _ _ _ _ _ _ _ _ _

self = &lt;sqlalchemy.dialects.sqlite.pysqlite.SQLiteDialect_pysqlite object at 0x0000018E10DD2E50&gt;
cargs = ('C:\\Users\\LENOVO~1\\AppData\\Local\\Temp\\tmpqj5tk3s2',), cparams = {'check_same_thread': False}

    def connect(self, *cargs: Any, **cparams: Any) -&gt; DBAPIConnection:
        # inherits the docstring from interfaces.Dialect.connect
&gt;       return self.loaded_dbapi.connect(*cargs, **cparams)  # type: ignore[no-any-return]  # NOQA: E501
E       sqlite3.OperationalError: unable to open database file

venv\Lib\site-packages\sqlalchemy\engine\default.py:630: OperationalError

The above exception was the direct cause of the following exception:

request = &lt;SubRequest 'testapp' for &lt;Function test_billing_portal_falls_back_to_settings_without_customer&gt;&gt;

    @pytest.fixture()
    def testapp(request):
        app = create_app('appname.settings.TestConfig')
        client = app.test_client()
    
        db.app = app
        app_ctx = app.app_context()
        app_ctx.push()
&gt;       db.create_all()

tests\conftest.py:19: 
_ _ _ _ _ _ _ _ _ _ _ _ _ _ _ _ _ _ _ _ _ _ _ _ _ _ _ _ _ _ _ _ _ _ _ _ _ _ _ _ _ _ _ _ _ _ _ _ _ _ _ _ _ _ _ _ _ _ _ _
venv\Lib\site-packages\flask_sqlalchemy\extension.py:900: in create_all
    self._call_for_binds(bind_key, "create_all")
venv\Lib\site-packages\flask_sqlalchemy\extension.py:881: in _call_for_binds
    getattr(metadata, op_name)(bind=engine)
venv\Lib\site-packages\sqlalchemy\sql\schema.py:5928: in create_all
    bind._run_ddl_visitor(
venv\Lib\site-packages\sqlalchemy\engine\base.py:3259: in _run_ddl_visitor
    with self.begin() as conn:
C:\Python314\Lib\contextlib.py:141: in __enter__
    return next(self.gen)
venv\Lib\site-packages\sqlalchemy\engine\base.py:3249: in begin
    with self.connect() as conn:
venv\Lib\site-packages\sqlalchemy\engine\base.py:3285: in connect
    return self._connection_cls(self)
venv\Lib\site-packages\sqlalchemy\engine\base.py:145: in __init__
    Connection._handle_dbapi_exception_noconnection(
venv\Lib\site-packages\sqlalchemy\engine\base.py:2448: in _handle_dbapi_exception_noconnection
    raise sqlalchemy_exception.with_traceback(exc_info[2]) from e
venv\Lib\site-packages\sqlalchemy\engine\base.py:143: in __init__
    self._dbapi_connection = engine.raw_connection()
venv\Lib\site-packages\sqlalchemy\engine\base.py:3309: in raw_connection
    return self.pool.connect()
venv\Lib\site-packages\sqlalchemy\pool\base.py:447: in connect
    return _ConnectionFairy._checkout(self)
venv\Lib\site-packages\sqlalchemy\pool\base.py:1264: in _checkout
    fairy = _ConnectionRecord.checkout(pool)
venv\Lib\site-packages\sqlalchemy\pool\base.py:711: in checkout
    rec = pool._do_get()
venv\Lib\site-packages\sqlalchemy\pool\impl.py:177: in _do_get
    with util.safe_reraise():
venv\Lib\site-packages\sqlalchemy\util\langhelpers.py:224: in __exit__
    raise exc_value.with_traceback(exc_tb)
venv\Lib\site-packages\sqlalchemy\pool\impl.py:175: in _do_get
    return self._create_connection()
venv\Lib\site-packages\sqlalchemy\pool\base.py:388: in _create_connection
    return _ConnectionRecord(self)
venv\Lib\site-packages\sqlalchemy\pool\base.py:673: in __init__
    self.__connect()
venv\Lib\site-packages\sqlalchemy\pool\base.py:899: in __connect
    with util.safe_reraise():
venv\Lib\site-packages\sqlalchemy\util\langhelpers.py:224: in __exit__
    raise exc_value.with_traceback(exc_tb)
venv\Lib\site-packages\sqlalchemy\pool\base.py:895: in __connect
    self.dbapi_connection = connection = pool._invoke_creator(self)
venv\Lib\site-packages\sqlalchemy\engine\create.py:661: in connect
    return dialect.connect(*cargs, **cparams)
_ _ _ _ _ _ _ _ _ _ _ _ _ _ _ _ _ _ _ _ _ _ _ _ _ _ _ _ _ _ _ _ _ _ _ _ _ _ _ _ _ _ _ _ _ _ _ _ _ _ _ _ _ _ _ _ _ _ _ _

self = &lt;sqlalchemy.dialects.sqlite.pysqlite.SQLiteDialect_pysqlite object at 0x0000018E10DD2E50&gt;
cargs = ('C:\\Users\\LENOVO~1\\AppData\\Local\\Temp\\tmpqj5tk3s2',), cparams = {'check_same_thread': False}

    def connect(self, *cargs: Any, **cparams: Any) -&gt; DBAPIConnection:
        # inherits the docstring from interfaces.Dialect.connect
&gt;       return self.loaded_dbapi.connect(*cargs, **cparams)  # type: ignore[no-any-return]  # NOQA: E501
E       sqlalchemy.exc.OperationalError: (sqlite3.OperationalError) unable to open database file
E       (Background on this error at: https://sqlalche.me/e/20/e3q8)

venv\Lib\site-packages\sqlalchemy\engine\default.py:630: OperationalError</error></testcase><testcase classname="tests.test_dashboard_actions.TestDashboardActions" name="test_billing_portal_404_for_invalid_team" time="1.474"><error message="failed on setup with &quot;sqlalchemy.exc.OperationalError: (sqlite3.OperationalError) unable to open database file&#10;(Background on this error at: https://sqlalche.me/e/20/e3q8)&quot;">self = &lt;sqlalchemy.engine.base.Connection object at 0x0000018E11E8FEE0&gt;
engine = Engine(sqlite:///C:\Users\LENOVO~1\AppData\Local\Temp\tmpqj5tk3s2), connection = None, _has_events = None
_allow_revalidate = True, _allow_autobegin = True

    def __init__(
        self,
        engine: Engine,
        connection: Optional[PoolProxiedConnection] = None,
        _has_events: Optional[bool] = None,
        _allow_revalidate: bool = True,
        _allow_autobegin: bool = True,
    ):
        """Construct a new Connection."""
        self.engine = engine
        self.dialect = dialect = engine.dialect
    
        if connection is None:
            try:
&gt;               self._dbapi_connection = engine.raw_connection()

venv\Lib\site-packages\sqlalchemy\engine\base.py:143: 
_ _ _ _ _ _ _ _ _ _ _ _ _ _ _ _ _ _ _ _ _ _ _ _ _ _ _ _ _ _ _ _ _ _ _ _ _ _ _ _ _ _ _ _ _ _ _ _ _ _ _ _ _ _ _ _ _ _ _ _
venv\Lib\site-packages\sqlalchemy\engine\base.py:3309: in raw_connection
    return self.pool.connect()
venv\Lib\site-packages\sqlalchemy\pool\base.py:447: in connect
    return _ConnectionFairy._checkout(self)
venv\Lib\site-packages\sqlalchemy\pool\base.py:1264: in _checkout
    fairy = _ConnectionRecord.checkout(pool)
venv\Lib\site-packages\sqlalchemy\pool\base.py:711: in checkout
    rec = pool._do_get()
venv\Lib\site-packages\sqlalchemy\pool\impl.py:177: in _do_get
    with util.safe_reraise():
venv\Lib\site-packages\sqlalchemy\util\langhelpers.py:224: in __exit__
    raise exc_value.with_traceback(exc_tb)
venv\Lib\site-packages\sqlalchemy\pool\impl.py:175: in _do_get
    return self._create_connection()
venv\Lib\site-packages\sqlalchemy\pool\base.py:388: in _create_connection
    return _ConnectionRecord(self)
venv\Lib\site-packages\sqlalchemy\pool\base.py:673: in __init__
    self.__connect()
venv\Lib\site-packages\sqlalchemy\pool\base.py:899: in __connect
    with util.safe_reraise():
venv\Lib\site-packages\sqlalchemy\util\langhelpers.py:224: in __exit__
    raise exc_value.with_traceback(exc_tb)
venv\Lib\site-packages\sqlalchemy\pool\base.py:895: in __connect
    self.dbapi_connection = connection = pool._invoke_creator(self)
venv\Lib\site-packages\sqlalchemy\engine\create.py:661: in connect
    return dialect.connect(*cargs, **cparams)
_ _ _ _ _ _ _ _ _ _ _ _ _ _ _ _ _ _ _ _ _ _ _ _ _ _ _ _ _ _ _ _ _ _ _ _ _ _ _ _ _ _ _ _ _ _ _ _ _ _ _ _ _ _ _ _ _ _ _ _

self = &lt;sqlalchemy.dialects.sqlite.pysqlite.SQLiteDialect_pysqlite object at 0x0000018E10617050&gt;
cargs = ('C:\\Users\\LENOVO~1\\AppData\\Local\\Temp\\tmpqj5tk3s2',), cparams = {'check_same_thread': False}

    def connect(self, *cargs: Any, **cparams: Any) -&gt; DBAPIConnection:
        # inherits the docstring from interfaces.Dialect.connect
&gt;       return self.loaded_dbapi.connect(*cargs, **cparams)  # type: ignore[no-any-return]  # NOQA: E501
E       sqlite3.OperationalError: unable to open database file

venv\Lib\site-packages\sqlalchemy\engine\default.py:630: OperationalError

The above exception was the direct cause of the following exception:

request = &lt;SubRequest 'testapp' for &lt;Function test_billing_portal_404_for_invalid_team&gt;&gt;

    @pytest.fixture()
    def testapp(request):
        app = create_app('appname.settings.TestConfig')
        client = app.test_client()
    
        db.app = app
        app_ctx = app.app_context()
        app_ctx.push()
&gt;       db.create_all()

tests\conftest.py:19: 
_ _ _ _ _ _ _ _ _ _ _ _ _ _ _ _ _ _ _ _ _ _ _ _ _ _ _ _ _ _ _ _ _ _ _ _ _ _ _ _ _ _ _ _ _ _ _ _ _ _ _ _ _ _ _ _ _ _ _ _
venv\Lib\site-packages\flask_sqlalchemy\extension.py:900: in create_all
    self._call_for_binds(bind_key, "create_all")
venv\Lib\site-packages\flask_sqlalchemy\extension.py:881: in _call_for_binds
    getattr(metadata, op_name)(bind=engine)
venv\Lib\site-packages\sqlalchemy\sql\schema.py:5928: in create_all
    bind._run_ddl_visitor(
venv\Lib\site-packages\sqlalchemy\engine\base.py:3259: in _run_ddl_visitor
    with self.begin() as conn:
C:\Python314\Lib\contextlib.py:141: in __enter__
    return next(self.gen)
venv\Lib\site-packages\sqlalchemy\engine\base.py:3249: in begin
    with self.connect() as conn:
venv\Lib\site-packages\sqlalchemy\engine\base.py:3285: in connect
    return self._connection_cls(self)
venv\Lib\site-packages\sqlalchemy\engine\base.py:145: in __init__
    Connection._handle_dbapi_exception_noconnection(
venv\Lib\site-packages\sqlalchemy\engine\base.py:2448: in _handle_dbapi_exception_noconnection
    raise sqlalchemy_exception.with_traceback(exc_info[2]) from e
venv\Lib\site-packages\sqlalchemy\engine\base.py:143: in __init__
    self._dbapi_connection = engine.raw_connection()
venv\Lib\site-packages\sqlalchemy\engine\base.py:3309: in raw_connection
    return self.pool.connect()
venv\Lib\site-packages\sqlalchemy\pool\base.py:447: in connect
    return _ConnectionFairy._checkout(self)
venv\Lib\site-packages\sqlalchemy\pool\base.py:1264: in _checkout
    fairy = _ConnectionRecord.checkout(pool)
venv\Lib\site-packages\sqlalchemy\pool\base.py:711: in checkout
    rec = pool._do_get()
venv\Lib\site-packages\sqlalchemy\pool\impl.py:177: in _do_get
    with util.safe_reraise():
venv\Lib\site-packages\sqlalchemy\util\langhelpers.py:224: in __exit__
    raise exc_value.with_traceback(exc_tb)
venv\Lib\site-packages\sqlalchemy\pool\impl.py:175: in _do_get
    return self._create_connection()
venv\Lib\site-packages\sqlalchemy\pool\base.py:388: in _create_connection
    return _ConnectionRecord(self)
venv\Lib\site-packages\sqlalchemy\pool\base.py:673: in __init__
    self.__connect()
venv\Lib\site-packages\sqlalchemy\pool\base.py:899: in __connect
    with util.safe_reraise():
venv\Lib\site-packages\sqlalchemy\util\langhelpers.py:224: in __exit__
    raise exc_value.with_traceback(exc_tb)
venv\Lib\site-packages\sqlalchemy\pool\base.py:895: in __connect
    self.dbapi_connection = connection = pool._invoke_creator(self)
venv\Lib\site-packages\sqlalchemy\engine\create.py:661: in connect
    return dialect.connect(*cargs, **cparams)
_ _ _ _ _ _ _ _ _ _ _ _ _ _ _ _ _ _ _ _ _ _ _ _ _ _ _ _ _ _ _ _ _ _ _ _ _ _ _ _ _ _ _ _ _ _ _ _ _ _ _ _ _ _ _ _ _ _ _ _

self = &lt;sqlalchemy.dialects.sqlite.pysqlite.SQLiteDialect_pysqlite object at 0x0000018E10617050&gt;
cargs = ('C:\\Users\\LENOVO~1\\AppData\\Local\\Temp\\tmpqj5tk3s2',), cparams = {'check_same_thread': False}

    def connect(self, *cargs: Any, **cparams: Any) -&gt; DBAPIConnection:
        # inherits the docstring from interfaces.Dialect.connect
&gt;       return self.loaded_dbapi.connect(*cargs, **cparams)  # type: ignore[no-any-return]  # NOQA: E501
E       sqlalchemy.exc.OperationalError: (sqlite3.OperationalError) unable to open database file
E       (Background on this error at: https://sqlalche.me/e/20/e3q8)

venv\Lib\site-packages\sqlalchemy\engine\default.py:630: OperationalError</error></testcase><testcase classname="tests.test_dashboard_actions.TestDashboardActions" name="test_remove_member_404_when_membership_not_found" time="1.470"><error message="failed on setup with &quot;sqlalchemy.exc.OperationalError: (sqlite3.OperationalError) unable to open database file&#10;(Background on this error at: https://sqlalche.me/e/20/e3q8)&quot;">self = &lt;sqlalchemy.engine.base.Connection object at 0x0000018E119AA820&gt;
engine = Engine(sqlite:///C:\Users\LENOVO~1\AppData\Local\Temp\tmpqj5tk3s2), connection = None, _has_events = None
_allow_revalidate = True, _allow_autobegin = True

    def __init__(
        self,
        engine: Engine,
        connection: Optional[PoolProxiedConnection] = None,
        _has_events: Optional[bool] = None,
        _allow_revalidate: bool = True,
        _allow_autobegin: bool = True,
    ):
        """Construct a new Connection."""
        self.engine = engine
        self.dialect = dialect = engine.dialect
    
        if connection is None:
            try:
&gt;               self._dbapi_connection = engine.raw_connection()

venv\Lib\site-packages\sqlalchemy\engine\base.py:143: 
_ _ _ _ _ _ _ _ _ _ _ _ _ _ _ _ _ _ _ _ _ _ _ _ _ _ _ _ _ _ _ _ _ _ _ _ _ _ _ _ _ _ _ _ _ _ _ _ _ _ _ _ _ _ _ _ _ _ _ _
venv\Lib\site-packages\sqlalchemy\engine\base.py:3309: in raw_connection
    return self.pool.connect()
venv\Lib\site-packages\sqlalchemy\pool\base.py:447: in connect
    return _ConnectionFairy._checkout(self)
venv\Lib\site-packages\sqlalchemy\pool\base.py:1264: in _checkout
    fairy = _ConnectionRecord.checkout(pool)
venv\Lib\site-packages\sqlalchemy\pool\base.py:711: in checkout
    rec = pool._do_get()
venv\Lib\site-packages\sqlalchemy\pool\impl.py:177: in _do_get
    with util.safe_reraise():
venv\Lib\site-packages\sqlalchemy\util\langhelpers.py:224: in __exit__
    raise exc_value.with_traceback(exc_tb)
venv\Lib\site-packages\sqlalchemy\pool\impl.py:175: in _do_get
    return self._create_connection()
venv\Lib\site-packages\sqlalchemy\pool\base.py:388: in _create_connection
    return _ConnectionRecord(self)
venv\Lib\site-packages\sqlalchemy\pool\base.py:673: in __init__
    self.__connect()
venv\Lib\site-packages\sqlalchemy\pool\base.py:899: in __connect
    with util.safe_reraise():
venv\Lib\site-packages\sqlalchemy\util\langhelpers.py:224: in __exit__
    raise exc_value.with_traceback(exc_tb)
venv\Lib\site-packages\sqlalchemy\pool\base.py:895: in __connect
    self.dbapi_connection = connection = pool._invoke_creator(self)
venv\Lib\site-packages\sqlalchemy\engine\create.py:661: in connect
    return dialect.connect(*cargs, **cparams)
_ _ _ _ _ _ _ _ _ _ _ _ _ _ _ _ _ _ _ _ _ _ _ _ _ _ _ _ _ _ _ _ _ _ _ _ _ _ _ _ _ _ _ _ _ _ _ _ _ _ _ _ _ _ _ _ _ _ _ _

self = &lt;sqlalchemy.dialects.sqlite.pysqlite.SQLiteDialect_pysqlite object at 0x0000018E10615D50&gt;
cargs = ('C:\\Users\\LENOVO~1\\AppData\\Local\\Temp\\tmpqj5tk3s2',), cparams = {'check_same_thread': False}

    def connect(self, *cargs: Any, **cparams: Any) -&gt; DBAPIConnection:
        # inherits the docstring from interfaces.Dialect.connect
&gt;       return self.loaded_dbapi.connect(*cargs, **cparams)  # type: ignore[no-any-return]  # NOQA: E501
E       sqlite3.OperationalError: unable to open database file

venv\Lib\site-packages\sqlalchemy\engine\default.py:630: OperationalError

The above exception was the direct cause of the following exception:

request = &lt;SubRequest 'testapp' for &lt;Function test_remove_member_404_when_membership_not_found&gt;&gt;

    @pytest.fixture()
    def testapp(request):
        app = create_app('appname.settings.TestConfig')
        client = app.test_client()
    
        db.app = app
        app_ctx = app.app_context()
        app_ctx.push()
&gt;       db.create_all()

tests\conftest.py:19: 
_ _ _ _ _ _ _ _ _ _ _ _ _ _ _ _ _ _ _ _ _ _ _ _ _ _ _ _ _ _ _ _ _ _ _ _ _ _ _ _ _ _ _ _ _ _ _ _ _ _ _ _ _ _ _ _ _ _ _ _
venv\Lib\site-packages\flask_sqlalchemy\extension.py:900: in create_all
    self._call_for_binds(bind_key, "create_all")
venv\Lib\site-packages\flask_sqlalchemy\extension.py:881: in _call_for_binds
    getattr(metadata, op_name)(bind=engine)
venv\Lib\site-packages\sqlalchemy\sql\schema.py:5928: in create_all
    bind._run_ddl_visitor(
venv\Lib\site-packages\sqlalchemy\engine\base.py:3259: in _run_ddl_visitor
    with self.begin() as conn:
C:\Python314\Lib\contextlib.py:141: in __enter__
    return next(self.gen)
venv\Lib\site-packages\sqlalchemy\engine\base.py:3249: in begin
    with self.connect() as conn:
venv\Lib\site-packages\sqlalchemy\engine\base.py:3285: in connect
    return self._connection_cls(self)
venv\Lib\site-packages\sqlalchemy\engine\base.py:145: in __init__
    Connection._handle_dbapi_exception_noconnection(
venv\Lib\site-packages\sqlalchemy\engine\base.py:2448: in _handle_dbapi_exception_noconnection
    raise sqlalchemy_exception.with_traceback(exc_info[2]) from e
venv\Lib\site-packages\sqlalchemy\engine\base.py:143: in __init__
    self._dbapi_connection = engine.raw_connection()
venv\Lib\site-packages\sqlalchemy\engine\base.py:3309: in raw_connection
    return self.pool.connect()
venv\Lib\site-packages\sqlalchemy\pool\base.py:447: in connect
    return _ConnectionFairy._checkout(self)
venv\Lib\site-packages\sqlalchemy\pool\base.py:1264: in _checkout
    fairy = _ConnectionRecord.checkout(pool)
venv\Lib\site-packages\sqlalchemy\pool\base.py:711: in checkout
    rec = pool._do_get()
venv\Lib\site-packages\sqlalchemy\pool\impl.py:177: in _do_get
    with util.safe_reraise():
venv\Lib\site-packages\sqlalchemy\util\langhelpers.py:224: in __exit__
    raise exc_value.with_traceback(exc_tb)
venv\Lib\site-packages\sqlalchemy\pool\impl.py:175: in _do_get
    return self._create_connection()
venv\Lib\site-packages\sqlalchemy\pool\base.py:388: in _create_connection
    return _ConnectionRecord(self)
venv\Lib\site-packages\sqlalchemy\pool\base.py:673: in __init__
    self.__connect()
venv\Lib\site-packages\sqlalchemy\pool\base.py:899: in __connect
    with util.safe_reraise():
venv\Lib\site-packages\sqlalchemy\util\langhelpers.py:224: in __exit__
    raise exc_value.with_traceback(exc_tb)
venv\Lib\site-packages\sqlalchemy\pool\base.py:895: in __connect
    self.dbapi_connection = connection = pool._invoke_creator(self)
venv\Lib\site-packages\sqlalchemy\engine\create.py:661: in connect
    return dialect.connect(*cargs, **cparams)
_ _ _ _ _ _ _ _ _ _ _ _ _ _ _ _ _ _ _ _ _ _ _ _ _ _ _ _ _ _ _ _ _ _ _ _ _ _ _ _ _ _ _ _ _ _ _ _ _ _ _ _ _ _ _ _ _ _ _ _

self = &lt;sqlalchemy.dialects.sqlite.pysqlite.SQLiteDialect_pysqlite object at 0x0000018E10615D50&gt;
cargs = ('C:\\Users\\LENOVO~1\\AppData\\Local\\Temp\\tmpqj5tk3s2',), cparams = {'check_same_thread': False}

    def connect(self, *cargs: Any, **cparams: Any) -&gt; DBAPIConnection:
        # inherits the docstring from interfaces.Dialect.connect
&gt;       return self.loaded_dbapi.connect(*cargs, **cparams)  # type: ignore[no-any-return]  # NOQA: E501
E       sqlalchemy.exc.OperationalError: (sqlite3.OperationalError) unable to open database file
E       (Background on this error at: https://sqlalche.me/e/20/e3q8)

venv\Lib\site-packages\sqlalchemy\engine\default.py:630: OperationalError</error></testcase><testcase classname="tests.test_dashboard_actions.TestDashboardActions" name="test_remove_creator_is_blocked" time="1.478"><error message="failed on setup with &quot;sqlalchemy.exc.OperationalError: (sqlite3.OperationalError) unable to open database file&#10;(Background on this error at: https://sqlalche.me/e/20/e3q8)&quot;">self = &lt;sqlalchemy.engine.base.Connection object at 0x0000018E119AA680&gt;
engine = Engine(sqlite:///C:\Users\LENOVO~1\AppData\Local\Temp\tmpqj5tk3s2), connection = None, _has_events = None
_allow_revalidate = True, _allow_autobegin = True

    def __init__(
        self,
        engine: Engine,
        connection: Optional[PoolProxiedConnection] = None,
        _has_events: Optional[bool] = None,
        _allow_revalidate: bool = True,
        _allow_autobegin: bool = True,
    ):
        """Construct a new Connection."""
        self.engine = engine
        self.dialect = dialect = engine.dialect
    
        if connection is None:
            try:
&gt;               self._dbapi_connection = engine.raw_connection()

venv\Lib\site-packages\sqlalchemy\engine\base.py:143: 
_ _ _ _ _ _ _ _ _ _ _ _ _ _ _ _ _ _ _ _ _ _ _ _ _ _ _ _ _ _ _ _ _ _ _ _ _ _ _ _ _ _ _ _ _ _ _ _ _ _ _ _ _ _ _ _ _ _ _ _
venv\Lib\site-packages\sqlalchemy\engine\base.py:3309: in raw_connection
    return self.pool.connect()
venv\Lib\site-packages\sqlalchemy\pool\base.py:447: in connect
    return _ConnectionFairy._checkout(self)
venv\Lib\site-packages\sqlalchemy\pool\base.py:1264: in _checkout
    fairy = _ConnectionRecord.checkout(pool)
venv\Lib\site-packages\sqlalchemy\pool\base.py:711: in checkout
    rec = pool._do_get()
venv\Lib\site-packages\sqlalchemy\pool\impl.py:177: in _do_get
    with util.safe_reraise():
venv\Lib\site-packages\sqlalchemy\util\langhelpers.py:224: in __exit__
    raise exc_value.with_traceback(exc_tb)
venv\Lib\site-packages\sqlalchemy\pool\impl.py:175: in _do_get
    return self._create_connection()
venv\Lib\site-packages\sqlalchemy\pool\base.py:388: in _create_connection
    return _ConnectionRecord(self)
venv\Lib\site-packages\sqlalchemy\pool\base.py:673: in __init__
    self.__connect()
venv\Lib\site-packages\sqlalchemy\pool\base.py:899: in __connect
    with util.safe_reraise():
venv\Lib\site-packages\sqlalchemy\util\langhelpers.py:224: in __exit__
    raise exc_value.with_traceback(exc_tb)
venv\Lib\site-packages\sqlalchemy\pool\base.py:895: in __connect
    self.dbapi_connection = connection = pool._invoke_creator(self)
venv\Lib\site-packages\sqlalchemy\engine\create.py:661: in connect
    return dialect.connect(*cargs, **cparams)
_ _ _ _ _ _ _ _ _ _ _ _ _ _ _ _ _ _ _ _ _ _ _ _ _ _ _ _ _ _ _ _ _ _ _ _ _ _ _ _ _ _ _ _ _ _ _ _ _ _ _ _ _ _ _ _ _ _ _ _

self = &lt;sqlalchemy.dialects.sqlite.pysqlite.SQLiteDialect_pysqlite object at 0x0000018E11F3A850&gt;
cargs = ('C:\\Users\\LENOVO~1\\AppData\\Local\\Temp\\tmpqj5tk3s2',), cparams = {'check_same_thread': False}

    def connect(self, *cargs: Any, **cparams: Any) -&gt; DBAPIConnection:
        # inherits the docstring from interfaces.Dialect.connect
&gt;       return self.loaded_dbapi.connect(*cargs, **cparams)  # type: ignore[no-any-return]  # NOQA: E501
E       sqlite3.OperationalError: unable to open database file

venv\Lib\site-packages\sqlalchemy\engine\default.py:630: OperationalError

The above exception was the direct cause of the following exception:

request = &lt;SubRequest 'testapp' for &lt;Function test_remove_creator_is_blocked&gt;&gt;

    @pytest.fixture()
    def testapp(request):
        app = create_app('appname.settings.TestConfig')
        client = app.test_client()
    
        db.app = app
        app_ctx = app.app_context()
        app_ctx.push()
&gt;       db.create_all()

tests\conftest.py:19: 
_ _ _ _ _ _ _ _ _ _ _ _ _ _ _ _ _ _ _ _ _ _ _ _ _ _ _ _ _ _ _ _ _ _ _ _ _ _ _ _ _ _ _ _ _ _ _ _ _ _ _ _ _ _ _ _ _ _ _ _
venv\Lib\site-packages\flask_sqlalchemy\extension.py:900: in create_all
    self._call_for_binds(bind_key, "create_all")
venv\Lib\site-packages\flask_sqlalchemy\extension.py:881: in _call_for_binds
    getattr(metadata, op_name)(bind=engine)
venv\Lib\site-packages\sqlalchemy\sql\schema.py:5928: in create_all
    bind._run_ddl_visitor(
venv\Lib\site-packages\sqlalchemy\engine\base.py:3259: in _run_ddl_visitor
    with self.begin() as conn:
C:\Python314\Lib\contextlib.py:141: in __enter__
    return next(self.gen)
venv\Lib\site-packages\sqlalchemy\engine\base.py:3249: in begin
    with self.connect() as conn:
venv\Lib\site-packages\sqlalchemy\engine\base.py:3285: in connect
    return self._connection_cls(self)
venv\Lib\site-packages\sqlalchemy\engine\base.py:145: in __init__
    Connection._handle_dbapi_exception_noconnection(
venv\Lib\site-packages\sqlalchemy\engine\base.py:2448: in _handle_dbapi_exception_noconnection
    raise sqlalchemy_exception.with_traceback(exc_info[2]) from e
venv\Lib\site-packages\sqlalchemy\engine\base.py:143: in __init__
    self._dbapi_connection = engine.raw_connection()
venv\Lib\site-packages\sqlalchemy\engine\base.py:3309: in raw_connection
    return self.pool.connect()
venv\Lib\site-packages\sqlalchemy\pool\base.py:447: in connect
    return _ConnectionFairy._checkout(self)
venv\Lib\site-packages\sqlalchemy\pool\base.py:1264: in _checkout
    fairy = _ConnectionRecord.checkout(pool)
venv\Lib\site-packages\sqlalchemy\pool\base.py:711: in checkout
    rec = pool._do_get()
venv\Lib\site-packages\sqlalchemy\pool\impl.py:177: in _do_get
    with util.safe_reraise():
venv\Lib\site-packages\sqlalchemy\util\langhelpers.py:224: in __exit__
    raise exc_value.with_traceback(exc_tb)
venv\Lib\site-packages\sqlalchemy\pool\impl.py:175: in _do_get
    return self._create_connection()
venv\Lib\site-packages\sqlalchemy\pool\base.py:388: in _create_connection
    return _ConnectionRecord(self)
venv\Lib\site-packages\sqlalchemy\pool\base.py:673: in __init__
    self.__connect()
venv\Lib\site-packages\sqlalchemy\pool\base.py:899: in __connect
    with util.safe_reraise():
venv\Lib\site-packages\sqlalchemy\util\langhelpers.py:224: in __exit__
    raise exc_value.with_traceback(exc_tb)
venv\Lib\site-packages\sqlalchemy\pool\base.py:895: in __connect
    self.dbapi_connection = connection = pool._invoke_creator(self)
venv\Lib\site-packages\sqlalchemy\engine\create.py:661: in connect
    return dialect.connect(*cargs, **cparams)
_ _ _ _ _ _ _ _ _ _ _ _ _ _ _ _ _ _ _ _ _ _ _ _ _ _ _ _ _ _ _ _ _ _ _ _ _ _ _ _ _ _ _ _ _ _ _ _ _ _ _ _ _ _ _ _ _ _ _ _

self = &lt;sqlalchemy.dialects.sqlite.pysqlite.SQLiteDialect_pysqlite object at 0x0000018E11F3A850&gt;
cargs = ('C:\\Users\\LENOVO~1\\AppData\\Local\\Temp\\tmpqj5tk3s2',), cparams = {'check_same_thread': False}

    def connect(self, *cargs: Any, **cparams: Any) -&gt; DBAPIConnection:
        # inherits the docstring from interfaces.Dialect.connect
&gt;       return self.loaded_dbapi.connect(*cargs, **cparams)  # type: ignore[no-any-return]  # NOQA: E501
E       sqlalchemy.exc.OperationalError: (sqlite3.OperationalError) unable to open database file
E       (Background on this error at: https://sqlalche.me/e/20/e3q8)

venv\Lib\site-packages\sqlalchemy\engine\default.py:630: OperationalError</error></testcase><testcase classname="tests.test_dashboard_actions.TestDashboardActions" name="test_remove_member_invalid_form_redirects" time="1.466"><error message="failed on setup with &quot;sqlalchemy.exc.OperationalError: (sqlite3.OperationalError) unable to open database file&#10;(Background on this error at: https://sqlalche.me/e/20/e3q8)&quot;">self = &lt;sqlalchemy.engine.base.Connection object at 0x0000018E119A8600&gt;
engine = Engine(sqlite:///C:\Users\LENOVO~1\AppData\Local\Temp\tmpqj5tk3s2), connection = None, _has_events = None
_allow_revalidate = True, _allow_autobegin = True

    def __init__(
        self,
        engine: Engine,
        connection: Optional[PoolProxiedConnection] = None,
        _has_events: Optional[bool] = None,
        _allow_revalidate: bool = True,
        _allow_autobegin: bool = True,
    ):
        """Construct a new Connection."""
        self.engine = engine
        self.dialect = dialect = engine.dialect
    
        if connection is None:
            try:
&gt;               self._dbapi_connection = engine.raw_connection()

venv\Lib\site-packages\sqlalchemy\engine\base.py:143: 
_ _ _ _ _ _ _ _ _ _ _ _ _ _ _ _ _ _ _ _ _ _ _ _ _ _ _ _ _ _ _ _ _ _ _ _ _ _ _ _ _ _ _ _ _ _ _ _ _ _ _ _ _ _ _ _ _ _ _ _
venv\Lib\site-packages\sqlalchemy\engine\base.py:3309: in raw_connection
    return self.pool.connect()
venv\Lib\site-packages\sqlalchemy\pool\base.py:447: in connect
    return _ConnectionFairy._checkout(self)
venv\Lib\site-packages\sqlalchemy\pool\base.py:1264: in _checkout
    fairy = _ConnectionRecord.checkout(pool)
venv\Lib\site-packages\sqlalchemy\pool\base.py:711: in checkout
    rec = pool._do_get()
venv\Lib\site-packages\sqlalchemy\pool\impl.py:177: in _do_get
    with util.safe_reraise():
venv\Lib\site-packages\sqlalchemy\util\langhelpers.py:224: in __exit__
    raise exc_value.with_traceback(exc_tb)
venv\Lib\site-packages\sqlalchemy\pool\impl.py:175: in _do_get
    return self._create_connection()
venv\Lib\site-packages\sqlalchemy\pool\base.py:388: in _create_connection
    return _ConnectionRecord(self)
venv\Lib\site-packages\sqlalchemy\pool\base.py:673: in __init__
    self.__connect()
venv\Lib\site-packages\sqlalchemy\pool\base.py:899: in __connect
    with util.safe_reraise():
venv\Lib\site-packages\sqlalchemy\util\langhelpers.py:224: in __exit__
    raise exc_value.with_traceback(exc_tb)
venv\Lib\site-packages\sqlalchemy\pool\base.py:895: in __connect
    self.dbapi_connection = connection = pool._invoke_creator(self)
venv\Lib\site-packages\sqlalchemy\engine\create.py:661: in connect
    return dialect.connect(*cargs, **cparams)
_ _ _ _ _ _ _ _ _ _ _ _ _ _ _ _ _ _ _ _ _ _ _ _ _ _ _ _ _ _ _ _ _ _ _ _ _ _ _ _ _ _ _ _ _ _ _ _ _ _ _ _ _ _ _ _ _ _ _ _

self = &lt;sqlalchemy.dialects.sqlite.pysqlite.SQLiteDialect_pysqlite object at 0x0000018E11F39B50&gt;
cargs = ('C:\\Users\\LENOVO~1\\AppData\\Local\\Temp\\tmpqj5tk3s2',), cparams = {'check_same_thread': False}

    def connect(self, *cargs: Any, **cparams: Any) -&gt; DBAPIConnection:
        # inherits the docstring from interfaces.Dialect.connect
&gt;       return self.loaded_dbapi.connect(*cargs, **cparams)  # type: ignore[no-any-return]  # NOQA: E501
E       sqlite3.OperationalError: unable to open database file

venv\Lib\site-packages\sqlalchemy\engine\default.py:630: OperationalError

The above exception was the direct cause of the following exception:

request = &lt;SubRequest 'testapp' for &lt;Function test_remove_member_invalid_form_redirects&gt;&gt;

    @pytest.fixture()
    def testapp(request):
        app = create_app('appname.settings.TestConfig')
        client = app.test_client()
    
        db.app = app
        app_ctx = app.app_context()
        app_ctx.push()
&gt;       db.create_all()

tests\conftest.py:19: 
_ _ _ _ _ _ _ _ _ _ _ _ _ _ _ _ _ _ _ _ _ _ _ _ _ _ _ _ _ _ _ _ _ _ _ _ _ _ _ _ _ _ _ _ _ _ _ _ _ _ _ _ _ _ _ _ _ _ _ _
venv\Lib\site-packages\flask_sqlalchemy\extension.py:900: in create_all
    self._call_for_binds(bind_key, "create_all")
venv\Lib\site-packages\flask_sqlalchemy\extension.py:881: in _call_for_binds
    getattr(metadata, op_name)(bind=engine)
venv\Lib\site-packages\sqlalchemy\sql\schema.py:5928: in create_all
    bind._run_ddl_visitor(
venv\Lib\site-packages\sqlalchemy\engine\base.py:3259: in _run_ddl_visitor
    with self.begin() as conn:
C:\Python314\Lib\contextlib.py:141: in __enter__
    return next(self.gen)
venv\Lib\site-packages\sqlalchemy\engine\base.py:3249: in begin
    with self.connect() as conn:
venv\Lib\site-packages\sqlalchemy\engine\base.py:3285: in connect
    return self._connection_cls(self)
venv\Lib\site-packages\sqlalchemy\engine\base.py:145: in __init__
    Connection._handle_dbapi_exception_noconnection(
venv\Lib\site-packages\sqlalchemy\engine\base.py:2448: in _handle_dbapi_exception_noconnection
    raise sqlalchemy_exception.with_traceback(exc_info[2]) from e
venv\Lib\site-packages\sqlalchemy\engine\base.py:143: in __init__
    self._dbapi_connection = engine.raw_connection()
venv\Lib\site-packages\sqlalchemy\engine\base.py:3309: in raw_connection
    return self.pool.connect()
venv\Lib\site-packages\sqlalchemy\pool\base.py:447: in connect
    return _ConnectionFairy._checkout(self)
venv\Lib\site-packages\sqlalchemy\pool\base.py:1264: in _checkout
    fairy = _ConnectionRecord.checkout(pool)
venv\Lib\site-packages\sqlalchemy\pool\base.py:711: in checkout
    rec = pool._do_get()
venv\Lib\site-packages\sqlalchemy\pool\impl.py:177: in _do_get
    with util.safe_reraise():
venv\Lib\site-packages\sqlalchemy\util\langhelpers.py:224: in __exit__
    raise exc_value.with_traceback(exc_tb)
venv\Lib\site-packages\sqlalchemy\pool\impl.py:175: in _do_get
    return self._create_connection()
venv\Lib\site-packages\sqlalchemy\pool\base.py:388: in _create_connection
    return _ConnectionRecord(self)
venv\Lib\site-packages\sqlalchemy\pool\base.py:673: in __init__
    self.__connect()
venv\Lib\site-packages\sqlalchemy\pool\base.py:899: in __connect
    with util.safe_reraise():
venv\Lib\site-packages\sqlalchemy\util\langhelpers.py:224: in __exit__
    raise exc_value.with_traceback(exc_tb)
venv\Lib\site-packages\sqlalchemy\pool\base.py:895: in __connect
    self.dbapi_connection = connection = pool._invoke_creator(self)
venv\Lib\site-packages\sqlalchemy\engine\create.py:661: in connect
    return dialect.connect(*cargs, **cparams)
_ _ _ _ _ _ _ _ _ _ _ _ _ _ _ _ _ _ _ _ _ _ _ _ _ _ _ _ _ _ _ _ _ _ _ _ _ _ _ _ _ _ _ _ _ _ _ _ _ _ _ _ _ _ _ _ _ _ _ _

self = &lt;sqlalchemy.dialects.sqlite.pysqlite.SQLiteDialect_pysqlite object at 0x0000018E11F39B50&gt;
cargs = ('C:\\Users\\LENOVO~1\\AppData\\Local\\Temp\\tmpqj5tk3s2',), cparams = {'check_same_thread': False}

    def connect(self, *cargs: Any, **cparams: Any) -&gt; DBAPIConnection:
        # inherits the docstring from interfaces.Dialect.connect
&gt;       return self.loaded_dbapi.connect(*cargs, **cparams)  # type: ignore[no-any-return]  # NOQA: E501
E       sqlalchemy.exc.OperationalError: (sqlite3.OperationalError) unable to open database file
E       (Background on this error at: https://sqlalche.me/e/20/e3q8)

venv\Lib\site-packages\sqlalchemy\engine\default.py:630: OperationalError</error></testcase><testcase classname="tests.test_dashboard_actions.TestDashboardActions" name="test_remove_pending_member_deletes_membership" time="1.470"><error message="failed on setup with &quot;sqlalchemy.exc.OperationalError: (sqlite3.OperationalError) unable to open database file&#10;(Background on this error at: https://sqlalche.me/e/20/e3q8)&quot;">self = &lt;sqlalchemy.engine.base.Connection object at 0x0000018E13765F30&gt;
engine = Engine(sqlite:///C:\Users\LENOVO~1\AppData\Local\Temp\tmpqj5tk3s2), connection = None, _has_events = None
_allow_revalidate = True, _allow_autobegin = True

    def __init__(
        self,
        engine: Engine,
        connection: Optional[PoolProxiedConnection] = None,
        _has_events: Optional[bool] = None,
        _allow_revalidate: bool = True,
        _allow_autobegin: bool = True,
    ):
        """Construct a new Connection."""
        self.engine = engine
        self.dialect = dialect = engine.dialect
    
        if connection is None:
            try:
&gt;               self._dbapi_connection = engine.raw_connection()

venv\Lib\site-packages\sqlalchemy\engine\base.py:143: 
_ _ _ _ _ _ _ _ _ _ _ _ _ _ _ _ _ _ _ _ _ _ _ _ _ _ _ _ _ _ _ _ _ _ _ _ _ _ _ _ _ _ _ _ _ _ _ _ _ _ _ _ _ _ _ _ _ _ _ _
venv\Lib\site-packages\sqlalchemy\engine\base.py:3309: in raw_connection
    return self.pool.connect()
venv\Lib\site-packages\sqlalchemy\pool\base.py:447: in connect
    return _ConnectionFairy._checkout(self)
venv\Lib\site-packages\sqlalchemy\pool\base.py:1264: in _checkout
    fairy = _ConnectionRecord.checkout(pool)
venv\Lib\site-packages\sqlalchemy\pool\base.py:711: in checkout
    rec = pool._do_get()
venv\Lib\site-packages\sqlalchemy\pool\impl.py:177: in _do_get
    with util.safe_reraise():
venv\Lib\site-packages\sqlalchemy\util\langhelpers.py:224: in __exit__
    raise exc_value.with_traceback(exc_tb)
venv\Lib\site-packages\sqlalchemy\pool\impl.py:175: in _do_get
    return self._create_connection()
venv\Lib\site-packages\sqlalchemy\pool\base.py:388: in _create_connection
    return _ConnectionRecord(self)
venv\Lib\site-packages\sqlalchemy\pool\base.py:673: in __init__
    self.__connect()
venv\Lib\site-packages\sqlalchemy\pool\base.py:899: in __connect
    with util.safe_reraise():
venv\Lib\site-packages\sqlalchemy\util\langhelpers.py:224: in __exit__
    raise exc_value.with_traceback(exc_tb)
venv\Lib\site-packages\sqlalchemy\pool\base.py:895: in __connect
    self.dbapi_connection = connection = pool._invoke_creator(self)
venv\Lib\site-packages\sqlalchemy\engine\create.py:661: in connect
    return dialect.connect(*cargs, **cparams)
_ _ _ _ _ _ _ _ _ _ _ _ _ _ _ _ _ _ _ _ _ _ _ _ _ _ _ _ _ _ _ _ _ _ _ _ _ _ _ _ _ _ _ _ _ _ _ _ _ _ _ _ _ _ _ _ _ _ _ _

self = &lt;sqlalchemy.dialects.sqlite.pysqlite.SQLiteDialect_pysqlite object at 0x0000018E11F39150&gt;
cargs = ('C:\\Users\\LENOVO~1\\AppData\\Local\\Temp\\tmpqj5tk3s2',), cparams = {'check_same_thread': False}

    def connect(self, *cargs: Any, **cparams: Any) -&gt; DBAPIConnection:
        # inherits the docstring from interfaces.Dialect.connect
&gt;       return self.loaded_dbapi.connect(*cargs, **cparams)  # type: ignore[no-any-return]  # NOQA: E501
E       sqlite3.OperationalError: unable to open database file

venv\Lib\site-packages\sqlalchemy\engine\default.py:630: OperationalError

The above exception was the direct cause of the following exception:

request = &lt;SubRequest 'testapp' for &lt;Function test_remove_pending_member_deletes_membership&gt;&gt;

    @pytest.fixture()
    def testapp(request):
        app = create_app('appname.settings.TestConfig')
        client = app.test_client()
    
        db.app = app
        app_ctx = app.app_context()
        app_ctx.push()
&gt;       db.create_all()

tests\conftest.py:19: 
_ _ _ _ _ _ _ _ _ _ _ _ _ _ _ _ _ _ _ _ _ _ _ _ _ _ _ _ _ _ _ _ _ _ _ _ _ _ _ _ _ _ _ _ _ _ _ _ _ _ _ _ _ _ _ _ _ _ _ _
venv\Lib\site-packages\flask_sqlalchemy\extension.py:900: in create_all
    self._call_for_binds(bind_key, "create_all")
venv\Lib\site-packages\flask_sqlalchemy\extension.py:881: in _call_for_binds
    getattr(metadata, op_name)(bind=engine)
venv\Lib\site-packages\sqlalchemy\sql\schema.py:5928: in create_all
    bind._run_ddl_visitor(
venv\Lib\site-packages\sqlalchemy\engine\base.py:3259: in _run_ddl_visitor
    with self.begin() as conn:
C:\Python314\Lib\contextlib.py:141: in __enter__
    return next(self.gen)
venv\Lib\site-packages\sqlalchemy\engine\base.py:3249: in begin
    with self.connect() as conn:
venv\Lib\site-packages\sqlalchemy\engine\base.py:3285: in connect
    return self._connection_cls(self)
venv\Lib\site-packages\sqlalchemy\engine\base.py:145: in __init__
    Connection._handle_dbapi_exception_noconnection(
venv\Lib\site-packages\sqlalchemy\engine\base.py:2448: in _handle_dbapi_exception_noconnection
    raise sqlalchemy_exception.with_traceback(exc_info[2]) from e
venv\Lib\site-packages\sqlalchemy\engine\base.py:143: in __init__
    self._dbapi_connection = engine.raw_connection()
venv\Lib\site-packages\sqlalchemy\engine\base.py:3309: in raw_connection
    return self.pool.connect()
venv\Lib\site-packages\sqlalchemy\pool\base.py:447: in connect
    return _ConnectionFairy._checkout(self)
venv\Lib\site-packages\sqlalchemy\pool\base.py:1264: in _checkout
    fairy = _ConnectionRecord.checkout(pool)
venv\Lib\site-packages\sqlalchemy\pool\base.py:711: in checkout
    rec = pool._do_get()
venv\Lib\site-packages\sqlalchemy\pool\impl.py:177: in _do_get
    with util.safe_reraise():
venv\Lib\site-packages\sqlalchemy\util\langhelpers.py:224: in __exit__
    raise exc_value.with_traceback(exc_tb)
venv\Lib\site-packages\sqlalchemy\pool\impl.py:175: in _do_get
    return self._create_connection()
venv\Lib\site-packages\sqlalchemy\pool\base.py:388: in _create_connection
    return _ConnectionRecord(self)
venv\Lib\site-packages\sqlalchemy\pool\base.py:673: in __init__
    self.__connect()
venv\Lib\site-packages\sqlalchemy\pool\base.py:899: in __connect
    with util.safe_reraise():
venv\Lib\site-packages\sqlalchemy\util\langhelpers.py:224: in __exit__
    raise exc_value.with_traceback(exc_tb)
venv\Lib\site-packages\sqlalchemy\pool\base.py:895: in __connect
    self.dbapi_connection = connection = pool._invoke_creator(self)
venv\Lib\site-packages\sqlalchemy\engine\create.py:661: in connect
    return dialect.connect(*cargs, **cparams)
_ _ _ _ _ _ _ _ _ _ _ _ _ _ _ _ _ _ _ _ _ _ _ _ _ _ _ _ _ _ _ _ _ _ _ _ _ _ _ _ _ _ _ _ _ _ _ _ _ _ _ _ _ _ _ _ _ _ _ _

self = &lt;sqlalchemy.dialects.sqlite.pysqlite.SQLiteDialect_pysqlite object at 0x0000018E11F39150&gt;
cargs = ('C:\\Users\\LENOVO~1\\AppData\\Local\\Temp\\tmpqj5tk3s2',), cparams = {'check_same_thread': False}

    def connect(self, *cargs: Any, **cparams: Any) -&gt; DBAPIConnection:
        # inherits the docstring from interfaces.Dialect.connect
&gt;       return self.loaded_dbapi.connect(*cargs, **cparams)  # type: ignore[no-any-return]  # NOQA: E501
E       sqlalchemy.exc.OperationalError: (sqlite3.OperationalError) unable to open database file
E       (Background on this error at: https://sqlalche.me/e/20/e3q8)

venv\Lib\site-packages\sqlalchemy\engine\default.py:630: OperationalError</error></testcase><testcase classname="tests.test_dashboard_actions.TestDashboardActions" name="test_remove_last_active_user_is_blocked" time="1.475"><error message="failed on setup with &quot;sqlalchemy.exc.OperationalError: (sqlite3.OperationalError) unable to open database file&#10;(Background on this error at: https://sqlalche.me/e/20/e3q8)&quot;">self = &lt;sqlalchemy.engine.base.Connection object at 0x0000018E119A7040&gt;
engine = Engine(sqlite:///C:\Users\LENOVO~1\AppData\Local\Temp\tmpqj5tk3s2), connection = None, _has_events = None
_allow_revalidate = True, _allow_autobegin = True

    def __init__(
        self,
        engine: Engine,
        connection: Optional[PoolProxiedConnection] = None,
        _has_events: Optional[bool] = None,
        _allow_revalidate: bool = True,
        _allow_autobegin: bool = True,
    ):
        """Construct a new Connection."""
        self.engine = engine
        self.dialect = dialect = engine.dialect
    
        if connection is None:
            try:
&gt;               self._dbapi_connection = engine.raw_connection()

venv\Lib\site-packages\sqlalchemy\engine\base.py:143: 
_ _ _ _ _ _ _ _ _ _ _ _ _ _ _ _ _ _ _ _ _ _ _ _ _ _ _ _ _ _ _ _ _ _ _ _ _ _ _ _ _ _ _ _ _ _ _ _ _ _ _ _ _ _ _ _ _ _ _ _
venv\Lib\site-packages\sqlalchemy\engine\base.py:3309: in raw_connection
    return self.pool.connect()
venv\Lib\site-packages\sqlalchemy\pool\base.py:447: in connect
    return _ConnectionFairy._checkout(self)
venv\Lib\site-packages\sqlalchemy\pool\base.py:1264: in _checkout
    fairy = _ConnectionRecord.checkout(pool)
venv\Lib\site-packages\sqlalchemy\pool\base.py:711: in checkout
    rec = pool._do_get()
venv\Lib\site-packages\sqlalchemy\pool\impl.py:177: in _do_get
    with util.safe_reraise():
venv\Lib\site-packages\sqlalchemy\util\langhelpers.py:224: in __exit__
    raise exc_value.with_traceback(exc_tb)
venv\Lib\site-packages\sqlalchemy\pool\impl.py:175: in _do_get
    return self._create_connection()
venv\Lib\site-packages\sqlalchemy\pool\base.py:388: in _create_connection
    return _ConnectionRecord(self)
venv\Lib\site-packages\sqlalchemy\pool\base.py:673: in __init__
    self.__connect()
venv\Lib\site-packages\sqlalchemy\pool\base.py:899: in __connect
    with util.safe_reraise():
venv\Lib\site-packages\sqlalchemy\util\langhelpers.py:224: in __exit__
    raise exc_value.with_traceback(exc_tb)
venv\Lib\site-packages\sqlalchemy\pool\base.py:895: in __connect
    self.dbapi_connection = connection = pool._invoke_creator(self)
venv\Lib\site-packages\sqlalchemy\engine\create.py:661: in connect
    return dialect.connect(*cargs, **cparams)
_ _ _ _ _ _ _ _ _ _ _ _ _ _ _ _ _ _ _ _ _ _ _ _ _ _ _ _ _ _ _ _ _ _ _ _ _ _ _ _ _ _ _ _ _ _ _ _ _ _ _ _ _ _ _ _ _ _ _ _

self = &lt;sqlalchemy.dialects.sqlite.pysqlite.SQLiteDialect_pysqlite object at 0x0000018E11F3BE50&gt;
cargs = ('C:\\Users\\LENOVO~1\\AppData\\Local\\Temp\\tmpqj5tk3s2',), cparams = {'check_same_thread': False}

    def connect(self, *cargs: Any, **cparams: Any) -&gt; DBAPIConnection:
        # inherits the docstring from interfaces.Dialect.connect
&gt;       return self.loaded_dbapi.connect(*cargs, **cparams)  # type: ignore[no-any-return]  # NOQA: E501
E       sqlite3.OperationalError: unable to open database file

venv\Lib\site-packages\sqlalchemy\engine\default.py:630: OperationalError

The above exception was the direct cause of the following exception:

request = &lt;SubRequest 'testapp' for &lt;Function test_remove_last_active_user_is_blocked&gt;&gt;

    @pytest.fixture()
    def testapp(request):
        app = create_app('appname.settings.TestConfig')
        client = app.test_client()
    
        db.app = app
        app_ctx = app.app_context()
        app_ctx.push()
&gt;       db.create_all()

tests\conftest.py:19: 
_ _ _ _ _ _ _ _ _ _ _ _ _ _ _ _ _ _ _ _ _ _ _ _ _ _ _ _ _ _ _ _ _ _ _ _ _ _ _ _ _ _ _ _ _ _ _ _ _ _ _ _ _ _ _ _ _ _ _ _
venv\Lib\site-packages\flask_sqlalchemy\extension.py:900: in create_all
    self._call_for_binds(bind_key, "create_all")
venv\Lib\site-packages\flask_sqlalchemy\extension.py:881: in _call_for_binds
    getattr(metadata, op_name)(bind=engine)
venv\Lib\site-packages\sqlalchemy\sql\schema.py:5928: in create_all
    bind._run_ddl_visitor(
venv\Lib\site-packages\sqlalchemy\engine\base.py:3259: in _run_ddl_visitor
    with self.begin() as conn:
C:\Python314\Lib\contextlib.py:141: in __enter__
    return next(self.gen)
venv\Lib\site-packages\sqlalchemy\engine\base.py:3249: in begin
    with self.connect() as conn:
venv\Lib\site-packages\sqlalchemy\engine\base.py:3285: in connect
    return self._connection_cls(self)
venv\Lib\site-packages\sqlalchemy\engine\base.py:145: in __init__
    Connection._handle_dbapi_exception_noconnection(
venv\Lib\site-packages\sqlalchemy\engine\base.py:2448: in _handle_dbapi_exception_noconnection
    raise sqlalchemy_exception.with_traceback(exc_info[2]) from e
venv\Lib\site-packages\sqlalchemy\engine\base.py:143: in __init__
    self._dbapi_connection = engine.raw_connection()
venv\Lib\site-packages\sqlalchemy\engine\base.py:3309: in raw_connection
    return self.pool.connect()
venv\Lib\site-packages\sqlalchemy\pool\base.py:447: in connect
    return _ConnectionFairy._checkout(self)
venv\Lib\site-packages\sqlalchemy\pool\base.py:1264: in _checkout
    fairy = _ConnectionRecord.checkout(pool)
venv\Lib\site-packages\sqlalchemy\pool\base.py:711: in checkout
    rec = pool._do_get()
venv\Lib\site-packages\sqlalchemy\pool\impl.py:177: in _do_get
    with util.safe_reraise():
venv\Lib\site-packages\sqlalchemy\util\langhelpers.py:224: in __exit__
    raise exc_value.with_traceback(exc_tb)
venv\Lib\site-packages\sqlalchemy\pool\impl.py:175: in _do_get
    return self._create_connection()
venv\Lib\site-packages\sqlalchemy\pool\base.py:388: in _create_connection
    return _ConnectionRecord(self)
venv\Lib\site-packages\sqlalchemy\pool\base.py:673: in __init__
    self.__connect()
venv\Lib\site-packages\sqlalchemy\pool\base.py:899: in __connect
    with util.safe_reraise():
venv\Lib\site-packages\sqlalchemy\util\langhelpers.py:224: in __exit__
    raise exc_value.with_traceback(exc_tb)
venv\Lib\site-packages\sqlalchemy\pool\base.py:895: in __connect
    self.dbapi_connection = connection = pool._invoke_creator(self)
venv\Lib\site-packages\sqlalchemy\engine\create.py:661: in connect
    return dialect.connect(*cargs, **cparams)
_ _ _ _ _ _ _ _ _ _ _ _ _ _ _ _ _ _ _ _ _ _ _ _ _ _ _ _ _ _ _ _ _ _ _ _ _ _ _ _ _ _ _ _ _ _ _ _ _ _ _ _ _ _ _ _ _ _ _ _

self = &lt;sqlalchemy.dialects.sqlite.pysqlite.SQLiteDialect_pysqlite object at 0x0000018E11F3BE50&gt;
cargs = ('C:\\Users\\LENOVO~1\\AppData\\Local\\Temp\\tmpqj5tk3s2',), cparams = {'check_same_thread': False}

    def connect(self, *cargs: Any, **cparams: Any) -&gt; DBAPIConnection:
        # inherits the docstring from interfaces.Dialect.connect
&gt;       return self.loaded_dbapi.connect(*cargs, **cparams)  # type: ignore[no-any-return]  # NOQA: E501
E       sqlalchemy.exc.OperationalError: (sqlite3.OperationalError) unable to open database file
E       (Background on this error at: https://sqlalche.me/e/20/e3q8)

venv\Lib\site-packages\sqlalchemy\engine\default.py:630: OperationalError</error></testcase><testcase classname="tests.test_dashboard_actions.TestDashboardActions" name="test_add_file_creates_team_file_record" time="1.466"><error message="failed on setup with &quot;sqlalchemy.exc.OperationalError: (sqlite3.OperationalError) unable to open database file&#10;(Background on this error at: https://sqlalche.me/e/20/e3q8)&quot;">self = &lt;sqlalchemy.engine.base.Connection object at 0x0000018E11E8E680&gt;
engine = Engine(sqlite:///C:\Users\LENOVO~1\AppData\Local\Temp\tmpqj5tk3s2), connection = None, _has_events = None
_allow_revalidate = True, _allow_autobegin = True

    def __init__(
        self,
        engine: Engine,
        connection: Optional[PoolProxiedConnection] = None,
        _has_events: Optional[bool] = None,
        _allow_revalidate: bool = True,
        _allow_autobegin: bool = True,
    ):
        """Construct a new Connection."""
        self.engine = engine
        self.dialect = dialect = engine.dialect
    
        if connection is None:
            try:
&gt;               self._dbapi_connection = engine.raw_connection()

venv\Lib\site-packages\sqlalchemy\engine\base.py:143: 
_ _ _ _ _ _ _ _ _ _ _ _ _ _ _ _ _ _ _ _ _ _ _ _ _ _ _ _ _ _ _ _ _ _ _ _ _ _ _ _ _ _ _ _ _ _ _ _ _ _ _ _ _ _ _ _ _ _ _ _
venv\Lib\site-packages\sqlalchemy\engine\base.py:3309: in raw_connection
    return self.pool.connect()
venv\Lib\site-packages\sqlalchemy\pool\base.py:447: in connect
    return _ConnectionFairy._checkout(self)
venv\Lib\site-packages\sqlalchemy\pool\base.py:1264: in _checkout
    fairy = _ConnectionRecord.checkout(pool)
venv\Lib\site-packages\sqlalchemy\pool\base.py:711: in checkout
    rec = pool._do_get()
venv\Lib\site-packages\sqlalchemy\pool\impl.py:177: in _do_get
    with util.safe_reraise():
venv\Lib\site-packages\sqlalchemy\util\langhelpers.py:224: in __exit__
    raise exc_value.with_traceback(exc_tb)
venv\Lib\site-packages\sqlalchemy\pool\impl.py:175: in _do_get
    return self._create_connection()
venv\Lib\site-packages\sqlalchemy\pool\base.py:388: in _create_connection
    return _ConnectionRecord(self)
venv\Lib\site-packages\sqlalchemy\pool\base.py:673: in __init__
    self.__connect()
venv\Lib\site-packages\sqlalchemy\pool\base.py:899: in __connect
    with util.safe_reraise():
venv\Lib\site-packages\sqlalchemy\util\langhelpers.py:224: in __exit__
    raise exc_value.with_traceback(exc_tb)
venv\Lib\site-packages\sqlalchemy\pool\base.py:895: in __connect
    self.dbapi_connection = connection = pool._invoke_creator(self)
venv\Lib\site-packages\sqlalchemy\engine\create.py:661: in connect
    return dialect.connect(*cargs, **cparams)
_ _ _ _ _ _ _ _ _ _ _ _ _ _ _ _ _ _ _ _ _ _ _ _ _ _ _ _ _ _ _ _ _ _ _ _ _ _ _ _ _ _ _ _ _ _ _ _ _ _ _ _ _ _ _ _ _ _ _ _

self = &lt;sqlalchemy.dialects.sqlite.pysqlite.SQLiteDialect_pysqlite object at 0x0000018E11F39650&gt;
cargs = ('C:\\Users\\LENOVO~1\\AppData\\Local\\Temp\\tmpqj5tk3s2',), cparams = {'check_same_thread': False}

    def connect(self, *cargs: Any, **cparams: Any) -&gt; DBAPIConnection:
        # inherits the docstring from interfaces.Dialect.connect
&gt;       return self.loaded_dbapi.connect(*cargs, **cparams)  # type: ignore[no-any-return]  # NOQA: E501
E       sqlite3.OperationalError: unable to open database file

venv\Lib\site-packages\sqlalchemy\engine\default.py:630: OperationalError

The above exception was the direct cause of the following exception:

request = &lt;SubRequest 'testapp' for &lt;Function test_add_file_creates_team_file_record&gt;&gt;

    @pytest.fixture()
    def testapp(request):
        app = create_app('appname.settings.TestConfig')
        client = app.test_client()
    
        db.app = app
        app_ctx = app.app_context()
        app_ctx.push()
&gt;       db.create_all()

tests\conftest.py:19: 
_ _ _ _ _ _ _ _ _ _ _ _ _ _ _ _ _ _ _ _ _ _ _ _ _ _ _ _ _ _ _ _ _ _ _ _ _ _ _ _ _ _ _ _ _ _ _ _ _ _ _ _ _ _ _ _ _ _ _ _
venv\Lib\site-packages\flask_sqlalchemy\extension.py:900: in create_all
    self._call_for_binds(bind_key, "create_all")
venv\Lib\site-packages\flask_sqlalchemy\extension.py:881: in _call_for_binds
    getattr(metadata, op_name)(bind=engine)
venv\Lib\site-packages\sqlalchemy\sql\schema.py:5928: in create_all
    bind._run_ddl_visitor(
venv\Lib\site-packages\sqlalchemy\engine\base.py:3259: in _run_ddl_visitor
    with self.begin() as conn:
C:\Python314\Lib\contextlib.py:141: in __enter__
    return next(self.gen)
venv\Lib\site-packages\sqlalchemy\engine\base.py:3249: in begin
    with self.connect() as conn:
venv\Lib\site-packages\sqlalchemy\engine\base.py:3285: in connect
    return self._connection_cls(self)
venv\Lib\site-packages\sqlalchemy\engine\base.py:145: in __init__
    Connection._handle_dbapi_exception_noconnection(
venv\Lib\site-packages\sqlalchemy\engine\base.py:2448: in _handle_dbapi_exception_noconnection
    raise sqlalchemy_exception.with_traceback(exc_info[2]) from e
venv\Lib\site-packages\sqlalchemy\engine\base.py:143: in __init__
    self._dbapi_connection = engine.raw_connection()
venv\Lib\site-packages\sqlalchemy\engine\base.py:3309: in raw_connection
    return self.pool.connect()
venv\Lib\site-packages\sqlalchemy\pool\base.py:447: in connect
    return _ConnectionFairy._checkout(self)
venv\Lib\site-packages\sqlalchemy\pool\base.py:1264: in _checkout
    fairy = _ConnectionRecord.checkout(pool)
venv\Lib\site-packages\sqlalchemy\pool\base.py:711: in checkout
    rec = pool._do_get()
venv\Lib\site-packages\sqlalchemy\pool\impl.py:177: in _do_get
    with util.safe_reraise():
venv\Lib\site-packages\sqlalchemy\util\langhelpers.py:224: in __exit__
    raise exc_value.with_traceback(exc_tb)
venv\Lib\site-packages\sqlalchemy\pool\impl.py:175: in _do_get
    return self._create_connection()
venv\Lib\site-packages\sqlalchemy\pool\base.py:388: in _create_connection
    return _ConnectionRecord(self)
venv\Lib\site-packages\sqlalchemy\pool\base.py:673: in __init__
    self.__connect()
venv\Lib\site-packages\sqlalchemy\pool\base.py:899: in __connect
    with util.safe_reraise():
venv\Lib\site-packages\sqlalchemy\util\langhelpers.py:224: in __exit__
    raise exc_value.with_traceback(exc_tb)
venv\Lib\site-packages\sqlalchemy\pool\base.py:895: in __connect
    self.dbapi_connection = connection = pool._invoke_creator(self)
venv\Lib\site-packages\sqlalchemy\engine\create.py:661: in connect
    return dialect.connect(*cargs, **cparams)
_ _ _ _ _ _ _ _ _ _ _ _ _ _ _ _ _ _ _ _ _ _ _ _ _ _ _ _ _ _ _ _ _ _ _ _ _ _ _ _ _ _ _ _ _ _ _ _ _ _ _ _ _ _ _ _ _ _ _ _

self = &lt;sqlalchemy.dialects.sqlite.pysqlite.SQLiteDialect_pysqlite object at 0x0000018E11F39650&gt;
cargs = ('C:\\Users\\LENOVO~1\\AppData\\Local\\Temp\\tmpqj5tk3s2',), cparams = {'check_same_thread': False}

    def connect(self, *cargs: Any, **cparams: Any) -&gt; DBAPIConnection:
        # inherits the docstring from interfaces.Dialect.connect
&gt;       return self.loaded_dbapi.connect(*cargs, **cparams)  # type: ignore[no-any-return]  # NOQA: E501
E       sqlalchemy.exc.OperationalError: (sqlite3.OperationalError) unable to open database file
E       (Background on this error at: https://sqlalche.me/e/20/e3q8)

venv\Lib\site-packages\sqlalchemy\engine\default.py:630: OperationalError</error></testcase><testcase classname="tests.test_dashboard_actions.TestDashboardActions" name="test_files_dashboard_redirects_home_when_user_has_no_primary_membership" time="1.491"><error message="failed on setup with &quot;sqlalchemy.exc.OperationalError: (sqlite3.OperationalError) unable to open database file&#10;(Background on this error at: https://sqlalche.me/e/20/e3q8)&quot;">self = &lt;sqlalchemy.engine.base.Connection object at 0x0000018E122CCFC0&gt;
engine = Engine(sqlite:///C:\Users\LENOVO~1\AppData\Local\Temp\tmpqj5tk3s2), connection = None, _has_events = None
_allow_revalidate = True, _allow_autobegin = True

    def __init__(
        self,
        engine: Engine,
        connection: Optional[PoolProxiedConnection] = None,
        _has_events: Optional[bool] = None,
        _allow_revalidate: bool = True,
        _allow_autobegin: bool = True,
    ):
        """Construct a new Connection."""
        self.engine = engine
        self.dialect = dialect = engine.dialect
    
        if connection is None:
            try:
&gt;               self._dbapi_connection = engine.raw_connection()

venv\Lib\site-packages\sqlalchemy\engine\base.py:143: 
_ _ _ _ _ _ _ _ _ _ _ _ _ _ _ _ _ _ _ _ _ _ _ _ _ _ _ _ _ _ _ _ _ _ _ _ _ _ _ _ _ _ _ _ _ _ _ _ _ _ _ _ _ _ _ _ _ _ _ _
venv\Lib\site-packages\sqlalchemy\engine\base.py:3309: in raw_connection
    return self.pool.connect()
venv\Lib\site-packages\sqlalchemy\pool\base.py:447: in connect
    return _ConnectionFairy._checkout(self)
venv\Lib\site-packages\sqlalchemy\pool\base.py:1264: in _checkout
    fairy = _ConnectionRecord.checkout(pool)
venv\Lib\site-packages\sqlalchemy\pool\base.py:711: in checkout
    rec = pool._do_get()
venv\Lib\site-packages\sqlalchemy\pool\impl.py:177: in _do_get
    with util.safe_reraise():
venv\Lib\site-packages\sqlalchemy\util\langhelpers.py:224: in __exit__
    raise exc_value.with_traceback(exc_tb)
venv\Lib\site-packages\sqlalchemy\pool\impl.py:175: in _do_get
    return self._create_connection()
venv\Lib\site-packages\sqlalchemy\pool\base.py:388: in _create_connection
    return _ConnectionRecord(self)
venv\Lib\site-packages\sqlalchemy\pool\base.py:673: in __init__
    self.__connect()
venv\Lib\site-packages\sqlalchemy\pool\base.py:899: in __connect
    with util.safe_reraise():
venv\Lib\site-packages\sqlalchemy\util\langhelpers.py:224: in __exit__
    raise exc_value.with_traceback(exc_tb)
venv\Lib\site-packages\sqlalchemy\pool\base.py:895: in __connect
    self.dbapi_connection = connection = pool._invoke_creator(self)
venv\Lib\site-packages\sqlalchemy\engine\create.py:661: in connect
    return dialect.connect(*cargs, **cparams)
_ _ _ _ _ _ _ _ _ _ _ _ _ _ _ _ _ _ _ _ _ _ _ _ _ _ _ _ _ _ _ _ _ _ _ _ _ _ _ _ _ _ _ _ _ _ _ _ _ _ _ _ _ _ _ _ _ _ _ _

self = &lt;sqlalchemy.dialects.sqlite.pysqlite.SQLiteDialect_pysqlite object at 0x0000018E10DD2550&gt;
cargs = ('C:\\Users\\LENOVO~1\\AppData\\Local\\Temp\\tmpqj5tk3s2',), cparams = {'check_same_thread': False}

    def connect(self, *cargs: Any, **cparams: Any) -&gt; DBAPIConnection:
        # inherits the docstring from interfaces.Dialect.connect
&gt;       return self.loaded_dbapi.connect(*cargs, **cparams)  # type: ignore[no-any-return]  # NOQA: E501
E       sqlite3.OperationalError: unable to open database file

venv\Lib\site-packages\sqlalchemy\engine\default.py:630: OperationalError

The above exception was the direct cause of the following exception:

request = &lt;SubRequest 'testapp' for &lt;Function test_files_dashboard_redirects_home_when_user_has_no_primary_membership&gt;&gt;

    @pytest.fixture()
    def testapp(request):
        app = create_app('appname.settings.TestConfig')
        client = app.test_client()
    
        db.app = app
        app_ctx = app.app_context()
        app_ctx.push()
&gt;       db.create_all()

tests\conftest.py:19: 
_ _ _ _ _ _ _ _ _ _ _ _ _ _ _ _ _ _ _ _ _ _ _ _ _ _ _ _ _ _ _ _ _ _ _ _ _ _ _ _ _ _ _ _ _ _ _ _ _ _ _ _ _ _ _ _ _ _ _ _
venv\Lib\site-packages\flask_sqlalchemy\extension.py:900: in create_all
    self._call_for_binds(bind_key, "create_all")
venv\Lib\site-packages\flask_sqlalchemy\extension.py:881: in _call_for_binds
    getattr(metadata, op_name)(bind=engine)
venv\Lib\site-packages\sqlalchemy\sql\schema.py:5928: in create_all
    bind._run_ddl_visitor(
venv\Lib\site-packages\sqlalchemy\engine\base.py:3259: in _run_ddl_visitor
    with self.begin() as conn:
C:\Python314\Lib\contextlib.py:141: in __enter__
    return next(self.gen)
venv\Lib\site-packages\sqlalchemy\engine\base.py:3249: in begin
    with self.connect() as conn:
venv\Lib\site-packages\sqlalchemy\engine\base.py:3285: in connect
    return self._connection_cls(self)
venv\Lib\site-packages\sqlalchemy\engine\base.py:145: in __init__
    Connection._handle_dbapi_exception_noconnection(
venv\Lib\site-packages\sqlalchemy\engine\base.py:2448: in _handle_dbapi_exception_noconnection
    raise sqlalchemy_exception.with_traceback(exc_info[2]) from e
venv\Lib\site-packages\sqlalchemy\engine\base.py:143: in __init__
    self._dbapi_connection = engine.raw_connection()
venv\Lib\site-packages\sqlalchemy\engine\base.py:3309: in raw_connection
    return self.pool.connect()
venv\Lib\site-packages\sqlalchemy\pool\base.py:447: in connect
    return _ConnectionFairy._checkout(self)
venv\Lib\site-packages\sqlalchemy\pool\base.py:1264: in _checkout
    fairy = _ConnectionRecord.checkout(pool)
venv\Lib\site-packages\sqlalchemy\pool\base.py:711: in checkout
    rec = pool._do_get()
venv\Lib\site-packages\sqlalchemy\pool\impl.py:177: in _do_get
    with util.safe_reraise():
venv\Lib\site-packages\sqlalchemy\util\langhelpers.py:224: in __exit__
    raise exc_value.with_traceback(exc_tb)
venv\Lib\site-packages\sqlalchemy\pool\impl.py:175: in _do_get
    return self._create_connection()
venv\Lib\site-packages\sqlalchemy\pool\base.py:388: in _create_connection
    return _ConnectionRecord(self)
venv\Lib\site-packages\sqlalchemy\pool\base.py:673: in __init__
    self.__connect()
venv\Lib\site-packages\sqlalchemy\pool\base.py:899: in __connect
    with util.safe_reraise():
venv\Lib\site-packages\sqlalchemy\util\langhelpers.py:224: in __exit__
    raise exc_value.with_traceback(exc_tb)
venv\Lib\site-packages\sqlalchemy\pool\base.py:895: in __connect
    self.dbapi_connection = connection = pool._invoke_creator(self)
venv\Lib\site-packages\sqlalchemy\engine\create.py:661: in connect
    return dialect.connect(*cargs, **cparams)
_ _ _ _ _ _ _ _ _ _ _ _ _ _ _ _ _ _ _ _ _ _ _ _ _ _ _ _ _ _ _ _ _ _ _ _ _ _ _ _ _ _ _ _ _ _ _ _ _ _ _ _ _ _ _ _ _ _ _ _

self = &lt;sqlalchemy.dialects.sqlite.pysqlite.SQLiteDialect_pysqlite object at 0x0000018E10DD2550&gt;
cargs = ('C:\\Users\\LENOVO~1\\AppData\\Local\\Temp\\tmpqj5tk3s2',), cparams = {'check_same_thread': False}

    def connect(self, *cargs: Any, **cparams: Any) -&gt; DBAPIConnection:
        # inherits the docstring from interfaces.Dialect.connect
&gt;       return self.loaded_dbapi.connect(*cargs, **cparams)  # type: ignore[no-any-return]  # NOQA: E501
E       sqlalchemy.exc.OperationalError: (sqlite3.OperationalError) unable to open database file
E       (Background on this error at: https://sqlalche.me/e/20/e3q8)

venv\Lib\site-packages\sqlalchemy\engine\default.py:630: OperationalError</error></testcase><testcase classname="tests.test_dashboard_actions.TestDashboardActions" name="test_files_dashboard_404_for_team_non_member" time="1.502"><error message="failed on setup with &quot;sqlalchemy.exc.OperationalError: (sqlite3.OperationalError) unable to open database file&#10;(Background on this error at: https://sqlalche.me/e/20/e3q8)&quot;">self = &lt;sqlalchemy.engine.base.Connection object at 0x0000018E119A97E0&gt;
engine = Engine(sqlite:///C:\Users\LENOVO~1\AppData\Local\Temp\tmpqj5tk3s2), connection = None, _has_events = None
_allow_revalidate = True, _allow_autobegin = True

    def __init__(
        self,
        engine: Engine,
        connection: Optional[PoolProxiedConnection] = None,
        _has_events: Optional[bool] = None,
        _allow_revalidate: bool = True,
        _allow_autobegin: bool = True,
    ):
        """Construct a new Connection."""
        self.engine = engine
        self.dialect = dialect = engine.dialect
    
        if connection is None:
            try:
&gt;               self._dbapi_connection = engine.raw_connection()

venv\Lib\site-packages\sqlalchemy\engine\base.py:143: 
_ _ _ _ _ _ _ _ _ _ _ _ _ _ _ _ _ _ _ _ _ _ _ _ _ _ _ _ _ _ _ _ _ _ _ _ _ _ _ _ _ _ _ _ _ _ _ _ _ _ _ _ _ _ _ _ _ _ _ _
venv\Lib\site-packages\sqlalchemy\engine\base.py:3309: in raw_connection
    return self.pool.connect()
venv\Lib\site-packages\sqlalchemy\pool\base.py:447: in connect
    return _ConnectionFairy._checkout(self)
venv\Lib\site-packages\sqlalchemy\pool\base.py:1264: in _checkout
    fairy = _ConnectionRecord.checkout(pool)
venv\Lib\site-packages\sqlalchemy\pool\base.py:711: in checkout
    rec = pool._do_get()
venv\Lib\site-packages\sqlalchemy\pool\impl.py:177: in _do_get
    with util.safe_reraise():
venv\Lib\site-packages\sqlalchemy\util\langhelpers.py:224: in __exit__
    raise exc_value.with_traceback(exc_tb)
venv\Lib\site-packages\sqlalchemy\pool\impl.py:175: in _do_get
    return self._create_connection()
venv\Lib\site-packages\sqlalchemy\pool\base.py:388: in _create_connection
    return _ConnectionRecord(self)
venv\Lib\site-packages\sqlalchemy\pool\base.py:673: in __init__
    self.__connect()
venv\Lib\site-packages\sqlalchemy\pool\base.py:899: in __connect
    with util.safe_reraise():
venv\Lib\site-packages\sqlalchemy\util\langhelpers.py:224: in __exit__
    raise exc_value.with_traceback(exc_tb)
venv\Lib\site-packages\sqlalchemy\pool\base.py:895: in __connect
    self.dbapi_connection = connection = pool._invoke_creator(self)
venv\Lib\site-packages\sqlalchemy\engine\create.py:661: in connect
    return dialect.connect(*cargs, **cparams)
_ _ _ _ _ _ _ _ _ _ _ _ _ _ _ _ _ _ _ _ _ _ _ _ _ _ _ _ _ _ _ _ _ _ _ _ _ _ _ _ _ _ _ _ _ _ _ _ _ _ _ _ _ _ _ _ _ _ _ _

self = &lt;sqlalchemy.dialects.sqlite.pysqlite.SQLiteDialect_pysqlite object at 0x0000018E10DD0550&gt;
cargs = ('C:\\Users\\LENOVO~1\\AppData\\Local\\Temp\\tmpqj5tk3s2',), cparams = {'check_same_thread': False}

    def connect(self, *cargs: Any, **cparams: Any) -&gt; DBAPIConnection:
        # inherits the docstring from interfaces.Dialect.connect
&gt;       return self.loaded_dbapi.connect(*cargs, **cparams)  # type: ignore[no-any-return]  # NOQA: E501
E       sqlite3.OperationalError: unable to open database file

venv\Lib\site-packages\sqlalchemy\engine\default.py:630: OperationalError

The above exception was the direct cause of the following exception:

request = &lt;SubRequest 'testapp' for &lt;Function test_files_dashboard_404_for_team_non_member&gt;&gt;

    @pytest.fixture()
    def testapp(request):
        app = create_app('appname.settings.TestConfig')
        client = app.test_client()
    
        db.app = app
        app_ctx = app.app_context()
        app_ctx.push()
&gt;       db.create_all()

tests\conftest.py:19: 
_ _ _ _ _ _ _ _ _ _ _ _ _ _ _ _ _ _ _ _ _ _ _ _ _ _ _ _ _ _ _ _ _ _ _ _ _ _ _ _ _ _ _ _ _ _ _ _ _ _ _ _ _ _ _ _ _ _ _ _
venv\Lib\site-packages\flask_sqlalchemy\extension.py:900: in create_all
    self._call_for_binds(bind_key, "create_all")
venv\Lib\site-packages\flask_sqlalchemy\extension.py:881: in _call_for_binds
    getattr(metadata, op_name)(bind=engine)
venv\Lib\site-packages\sqlalchemy\sql\schema.py:5928: in create_all
    bind._run_ddl_visitor(
venv\Lib\site-packages\sqlalchemy\engine\base.py:3259: in _run_ddl_visitor
    with self.begin() as conn:
C:\Python314\Lib\contextlib.py:141: in __enter__
    return next(self.gen)
venv\Lib\site-packages\sqlalchemy\engine\base.py:3249: in begin
    with self.connect() as conn:
venv\Lib\site-packages\sqlalchemy\engine\base.py:3285: in connect
    return self._connection_cls(self)
venv\Lib\site-packages\sqlalchemy\engine\base.py:145: in __init__
    Connection._handle_dbapi_exception_noconnection(
venv\Lib\site-packages\sqlalchemy\engine\base.py:2448: in _handle_dbapi_exception_noconnection
    raise sqlalchemy_exception.with_traceback(exc_info[2]) from e
venv\Lib\site-packages\sqlalchemy\engine\base.py:143: in __init__
    self._dbapi_connection = engine.raw_connection()
venv\Lib\site-packages\sqlalchemy\engine\base.py:3309: in raw_connection
    return self.pool.connect()
venv\Lib\site-packages\sqlalchemy\pool\base.py:447: in connect
    return _ConnectionFairy._checkout(self)
venv\Lib\site-packages\sqlalchemy\pool\base.py:1264: in _checkout
    fairy = _ConnectionRecord.checkout(pool)
venv\Lib\site-packages\sqlalchemy\pool\base.py:711: in checkout
    rec = pool._do_get()
venv\Lib\site-packages\sqlalchemy\pool\impl.py:177: in _do_get
    with util.safe_reraise():
venv\Lib\site-packages\sqlalchemy\util\langhelpers.py:224: in __exit__
    raise exc_value.with_traceback(exc_tb)
venv\Lib\site-packages\sqlalchemy\pool\impl.py:175: in _do_get
    return self._create_connection()
venv\Lib\site-packages\sqlalchemy\pool\base.py:388: in _create_connection
    return _ConnectionRecord(self)
venv\Lib\site-packages\sqlalchemy\pool\base.py:673: in __init__
    self.__connect()
venv\Lib\site-packages\sqlalchemy\pool\base.py:899: in __connect
    with util.safe_reraise():
venv\Lib\site-packages\sqlalchemy\util\langhelpers.py:224: in __exit__
    raise exc_value.with_traceback(exc_tb)
venv\Lib\site-packages\sqlalchemy\pool\base.py:895: in __connect
    self.dbapi_connection = connection = pool._invoke_creator(self)
venv\Lib\site-packages\sqlalchemy\engine\create.py:661: in connect
    return dialect.connect(*cargs, **cparams)
_ _ _ _ _ _ _ _ _ _ _ _ _ _ _ _ _ _ _ _ _ _ _ _ _ _ _ _ _ _ _ _ _ _ _ _ _ _ _ _ _ _ _ _ _ _ _ _ _ _ _ _ _ _ _ _ _ _ _ _

self = &lt;sqlalchemy.dialects.sqlite.pysqlite.SQLiteDialect_pysqlite object at 0x0000018E10DD0550&gt;
cargs = ('C:\\Users\\LENOVO~1\\AppData\\Local\\Temp\\tmpqj5tk3s2',), cparams = {'check_same_thread': False}

    def connect(self, *cargs: Any, **cparams: Any) -&gt; DBAPIConnection:
        # inherits the docstring from interfaces.Dialect.connect
&gt;       return self.loaded_dbapi.connect(*cargs, **cparams)  # type: ignore[no-any-return]  # NOQA: E501
E       sqlalchemy.exc.OperationalError: (sqlite3.OperationalError) unable to open database file
E       (Background on this error at: https://sqlalche.me/e/20/e3q8)

venv\Lib\site-packages\sqlalchemy\engine\default.py:630: OperationalError</error></testcase><testcase classname="tests.test_dashboard_actions.TestDashboardActions" name="test_add_file_404_for_invalid_team" time="1.466"><error message="failed on setup with &quot;sqlalchemy.exc.OperationalError: (sqlite3.OperationalError) unable to open database file&#10;(Background on this error at: https://sqlalche.me/e/20/e3q8)&quot;">self = &lt;sqlalchemy.engine.base.Connection object at 0x0000018E13767930&gt;
engine = Engine(sqlite:///C:\Users\LENOVO~1\AppData\Local\Temp\tmpqj5tk3s2), connection = None, _has_events = None
_allow_revalidate = True, _allow_autobegin = True

    def __init__(
        self,
        engine: Engine,
        connection: Optional[PoolProxiedConnection] = None,
        _has_events: Optional[bool] = None,
        _allow_revalidate: bool = True,
        _allow_autobegin: bool = True,
    ):
        """Construct a new Connection."""
        self.engine = engine
        self.dialect = dialect = engine.dialect
    
        if connection is None:
            try:
&gt;               self._dbapi_connection = engine.raw_connection()

venv\Lib\site-packages\sqlalchemy\engine\base.py:143: 
_ _ _ _ _ _ _ _ _ _ _ _ _ _ _ _ _ _ _ _ _ _ _ _ _ _ _ _ _ _ _ _ _ _ _ _ _ _ _ _ _ _ _ _ _ _ _ _ _ _ _ _ _ _ _ _ _ _ _ _
venv\Lib\site-packages\sqlalchemy\engine\base.py:3309: in raw_connection
    return self.pool.connect()
venv\Lib\site-packages\sqlalchemy\pool\base.py:447: in connect
    return _ConnectionFairy._checkout(self)
venv\Lib\site-packages\sqlalchemy\pool\base.py:1264: in _checkout
    fairy = _ConnectionRecord.checkout(pool)
venv\Lib\site-packages\sqlalchemy\pool\base.py:711: in checkout
    rec = pool._do_get()
venv\Lib\site-packages\sqlalchemy\pool\impl.py:177: in _do_get
    with util.safe_reraise():
venv\Lib\site-packages\sqlalchemy\util\langhelpers.py:224: in __exit__
    raise exc_value.with_traceback(exc_tb)
venv\Lib\site-packages\sqlalchemy\pool\impl.py:175: in _do_get
    return self._create_connection()
venv\Lib\site-packages\sqlalchemy\pool\base.py:388: in _create_connection
    return _ConnectionRecord(self)
venv\Lib\site-packages\sqlalchemy\pool\base.py:673: in __init__
    self.__connect()
venv\Lib\site-packages\sqlalchemy\pool\base.py:899: in __connect
    with util.safe_reraise():
venv\Lib\site-packages\sqlalchemy\util\langhelpers.py:224: in __exit__
    raise exc_value.with_traceback(exc_tb)
venv\Lib\site-packages\sqlalchemy\pool\base.py:895: in __connect
    self.dbapi_connection = connection = pool._invoke_creator(self)
venv\Lib\site-packages\sqlalchemy\engine\create.py:661: in connect
    return dialect.connect(*cargs, **cparams)
_ _ _ _ _ _ _ _ _ _ _ _ _ _ _ _ _ _ _ _ _ _ _ _ _ _ _ _ _ _ _ _ _ _ _ _ _ _ _ _ _ _ _ _ _ _ _ _ _ _ _ _ _ _ _ _ _ _ _ _

self = &lt;sqlalchemy.dialects.sqlite.pysqlite.SQLiteDialect_pysqlite object at 0x0000018E10DD1B50&gt;
cargs = ('C:\\Users\\LENOVO~1\\AppData\\Local\\Temp\\tmpqj5tk3s2',), cparams = {'check_same_thread': False}

    def connect(self, *cargs: Any, **cparams: Any) -&gt; DBAPIConnection:
        # inherits the docstring from interfaces.Dialect.connect
&gt;       return self.loaded_dbapi.connect(*cargs, **cparams)  # type: ignore[no-any-return]  # NOQA: E501
E       sqlite3.OperationalError: unable to open database file

venv\Lib\site-packages\sqlalchemy\engine\default.py:630: OperationalError

The above exception was the direct cause of the following exception:

request = &lt;SubRequest 'testapp' for &lt;Function test_add_file_404_for_invalid_team&gt;&gt;

    @pytest.fixture()
    def testapp(request):
        app = create_app('appname.settings.TestConfig')
        client = app.test_client()
    
        db.app = app
        app_ctx = app.app_context()
        app_ctx.push()
&gt;       db.create_all()

tests\conftest.py:19: 
_ _ _ _ _ _ _ _ _ _ _ _ _ _ _ _ _ _ _ _ _ _ _ _ _ _ _ _ _ _ _ _ _ _ _ _ _ _ _ _ _ _ _ _ _ _ _ _ _ _ _ _ _ _ _ _ _ _ _ _
venv\Lib\site-packages\flask_sqlalchemy\extension.py:900: in create_all
    self._call_for_binds(bind_key, "create_all")
venv\Lib\site-packages\flask_sqlalchemy\extension.py:881: in _call_for_binds
    getattr(metadata, op_name)(bind=engine)
venv\Lib\site-packages\sqlalchemy\sql\schema.py:5928: in create_all
    bind._run_ddl_visitor(
venv\Lib\site-packages\sqlalchemy\engine\base.py:3259: in _run_ddl_visitor
    with self.begin() as conn:
C:\Python314\Lib\contextlib.py:141: in __enter__
    return next(self.gen)
venv\Lib\site-packages\sqlalchemy\engine\base.py:3249: in begin
    with self.connect() as conn:
venv\Lib\site-packages\sqlalchemy\engine\base.py:3285: in connect
    return self._connection_cls(self)
venv\Lib\site-packages\sqlalchemy\engine\base.py:145: in __init__
    Connection._handle_dbapi_exception_noconnection(
venv\Lib\site-packages\sqlalchemy\engine\base.py:2448: in _handle_dbapi_exception_noconnection
    raise sqlalchemy_exception.with_traceback(exc_info[2]) from e
venv\Lib\site-packages\sqlalchemy\engine\base.py:143: in __init__
    self._dbapi_connection = engine.raw_connection()
venv\Lib\site-packages\sqlalchemy\engine\base.py:3309: in raw_connection
    return self.pool.connect()
venv\Lib\site-packages\sqlalchemy\pool\base.py:447: in connect
    return _ConnectionFairy._checkout(self)
venv\Lib\site-packages\sqlalchemy\pool\base.py:1264: in _checkout
    fairy = _ConnectionRecord.checkout(pool)
venv\Lib\site-packages\sqlalchemy\pool\base.py:711: in checkout
    rec = pool._do_get()
venv\Lib\site-packages\sqlalchemy\pool\impl.py:177: in _do_get
    with util.safe_reraise():
venv\Lib\site-packages\sqlalchemy\util\langhelpers.py:224: in __exit__
    raise exc_value.with_traceback(exc_tb)
venv\Lib\site-packages\sqlalchemy\pool\impl.py:175: in _do_get
    return self._create_connection()
venv\Lib\site-packages\sqlalchemy\pool\base.py:388: in _create_connection
    return _ConnectionRecord(self)
venv\Lib\site-packages\sqlalchemy\pool\base.py:673: in __init__
    self.__connect()
venv\Lib\site-packages\sqlalchemy\pool\base.py:899: in __connect
    with util.safe_reraise():
venv\Lib\site-packages\sqlalchemy\util\langhelpers.py:224: in __exit__
    raise exc_value.with_traceback(exc_tb)
venv\Lib\site-packages\sqlalchemy\pool\base.py:895: in __connect
    self.dbapi_connection = connection = pool._invoke_creator(self)
venv\Lib\site-packages\sqlalchemy\engine\create.py:661: in connect
    return dialect.connect(*cargs, **cparams)
_ _ _ _ _ _ _ _ _ _ _ _ _ _ _ _ _ _ _ _ _ _ _ _ _ _ _ _ _ _ _ _ _ _ _ _ _ _ _ _ _ _ _ _ _ _ _ _ _ _ _ _ _ _ _ _ _ _ _ _

self = &lt;sqlalchemy.dialects.sqlite.pysqlite.SQLiteDialect_pysqlite object at 0x0000018E10DD1B50&gt;
cargs = ('C:\\Users\\LENOVO~1\\AppData\\Local\\Temp\\tmpqj5tk3s2',), cparams = {'check_same_thread': False}

    def connect(self, *cargs: Any, **cparams: Any) -&gt; DBAPIConnection:
        # inherits the docstring from interfaces.Dialect.connect
&gt;       return self.loaded_dbapi.connect(*cargs, **cparams)  # type: ignore[no-any-return]  # NOQA: E501
E       sqlalchemy.exc.OperationalError: (sqlite3.OperationalError) unable to open database file
E       (Background on this error at: https://sqlalche.me/e/20/e3q8)

venv\Lib\site-packages\sqlalchemy\engine\default.py:630: OperationalError</error></testcase><testcase classname="tests.test_dashboard_actions.TestDashboardActions" name="test_add_file_invalid_form_raises_type_error" time="1.470"><error message="failed on setup with &quot;sqlalchemy.exc.OperationalError: (sqlite3.OperationalError) unable to open database file&#10;(Background on this error at: https://sqlalche.me/e/20/e3q8)&quot;">self = &lt;sqlalchemy.engine.base.Connection object at 0x0000018E119AAD00&gt;
engine = Engine(sqlite:///C:\Users\LENOVO~1\AppData\Local\Temp\tmpqj5tk3s2), connection = None, _has_events = None
_allow_revalidate = True, _allow_autobegin = True

    def __init__(
        self,
        engine: Engine,
        connection: Optional[PoolProxiedConnection] = None,
        _has_events: Optional[bool] = None,
        _allow_revalidate: bool = True,
        _allow_autobegin: bool = True,
    ):
        """Construct a new Connection."""
        self.engine = engine
        self.dialect = dialect = engine.dialect
    
        if connection is None:
            try:
&gt;               self._dbapi_connection = engine.raw_connection()

venv\Lib\site-packages\sqlalchemy\engine\base.py:143: 
_ _ _ _ _ _ _ _ _ _ _ _ _ _ _ _ _ _ _ _ _ _ _ _ _ _ _ _ _ _ _ _ _ _ _ _ _ _ _ _ _ _ _ _ _ _ _ _ _ _ _ _ _ _ _ _ _ _ _ _
venv\Lib\site-packages\sqlalchemy\engine\base.py:3309: in raw_connection
    return self.pool.connect()
venv\Lib\site-packages\sqlalchemy\pool\base.py:447: in connect
    return _ConnectionFairy._checkout(self)
venv\Lib\site-packages\sqlalchemy\pool\base.py:1264: in _checkout
    fairy = _ConnectionRecord.checkout(pool)
venv\Lib\site-packages\sqlalchemy\pool\base.py:711: in checkout
    rec = pool._do_get()
venv\Lib\site-packages\sqlalchemy\pool\impl.py:177: in _do_get
    with util.safe_reraise():
venv\Lib\site-packages\sqlalchemy\util\langhelpers.py:224: in __exit__
    raise exc_value.with_traceback(exc_tb)
venv\Lib\site-packages\sqlalchemy\pool\impl.py:175: in _do_get
    return self._create_connection()
venv\Lib\site-packages\sqlalchemy\pool\base.py:388: in _create_connection
    return _ConnectionRecord(self)
venv\Lib\site-packages\sqlalchemy\pool\base.py:673: in __init__
    self.__connect()
venv\Lib\site-packages\sqlalchemy\pool\base.py:899: in __connect
    with util.safe_reraise():
venv\Lib\site-packages\sqlalchemy\util\langhelpers.py:224: in __exit__
    raise exc_value.with_traceback(exc_tb)
venv\Lib\site-packages\sqlalchemy\pool\base.py:895: in __connect
    self.dbapi_connection = connection = pool._invoke_creator(self)
venv\Lib\site-packages\sqlalchemy\engine\create.py:661: in connect
    return dialect.connect(*cargs, **cparams)
_ _ _ _ _ _ _ _ _ _ _ _ _ _ _ _ _ _ _ _ _ _ _ _ _ _ _ _ _ _ _ _ _ _ _ _ _ _ _ _ _ _ _ _ _ _ _ _ _ _ _ _ _ _ _ _ _ _ _ _

self = &lt;sqlalchemy.dialects.sqlite.pysqlite.SQLiteDialect_pysqlite object at 0x0000018E10616250&gt;
cargs = ('C:\\Users\\LENOVO~1\\AppData\\Local\\Temp\\tmpqj5tk3s2',), cparams = {'check_same_thread': False}

    def connect(self, *cargs: Any, **cparams: Any) -&gt; DBAPIConnection:
        # inherits the docstring from interfaces.Dialect.connect
&gt;       return self.loaded_dbapi.connect(*cargs, **cparams)  # type: ignore[no-any-return]  # NOQA: E501
E       sqlite3.OperationalError: unable to open database file

venv\Lib\site-packages\sqlalchemy\engine\default.py:630: OperationalError

The above exception was the direct cause of the following exception:

request = &lt;SubRequest 'testapp' for &lt;Function test_add_file_invalid_form_raises_type_error&gt;&gt;

    @pytest.fixture()
    def testapp(request):
        app = create_app('appname.settings.TestConfig')
        client = app.test_client()
    
        db.app = app
        app_ctx = app.app_context()
        app_ctx.push()
&gt;       db.create_all()

tests\conftest.py:19: 
_ _ _ _ _ _ _ _ _ _ _ _ _ _ _ _ _ _ _ _ _ _ _ _ _ _ _ _ _ _ _ _ _ _ _ _ _ _ _ _ _ _ _ _ _ _ _ _ _ _ _ _ _ _ _ _ _ _ _ _
venv\Lib\site-packages\flask_sqlalchemy\extension.py:900: in create_all
    self._call_for_binds(bind_key, "create_all")
venv\Lib\site-packages\flask_sqlalchemy\extension.py:881: in _call_for_binds
    getattr(metadata, op_name)(bind=engine)
venv\Lib\site-packages\sqlalchemy\sql\schema.py:5928: in create_all
    bind._run_ddl_visitor(
venv\Lib\site-packages\sqlalchemy\engine\base.py:3259: in _run_ddl_visitor
    with self.begin() as conn:
C:\Python314\Lib\contextlib.py:141: in __enter__
    return next(self.gen)
venv\Lib\site-packages\sqlalchemy\engine\base.py:3249: in begin
    with self.connect() as conn:
venv\Lib\site-packages\sqlalchemy\engine\base.py:3285: in connect
    return self._connection_cls(self)
venv\Lib\site-packages\sqlalchemy\engine\base.py:145: in __init__
    Connection._handle_dbapi_exception_noconnection(
venv\Lib\site-packages\sqlalchemy\engine\base.py:2448: in _handle_dbapi_exception_noconnection
    raise sqlalchemy_exception.with_traceback(exc_info[2]) from e
venv\Lib\site-packages\sqlalchemy\engine\base.py:143: in __init__
    self._dbapi_connection = engine.raw_connection()
venv\Lib\site-packages\sqlalchemy\engine\base.py:3309: in raw_connection
    return self.pool.connect()
venv\Lib\site-packages\sqlalchemy\pool\base.py:447: in connect
    return _ConnectionFairy._checkout(self)
venv\Lib\site-packages\sqlalchemy\pool\base.py:1264: in _checkout
    fairy = _ConnectionRecord.checkout(pool)
venv\Lib\site-packages\sqlalchemy\pool\base.py:711: in checkout
    rec = pool._do_get()
venv\Lib\site-packages\sqlalchemy\pool\impl.py:177: in _do_get
    with util.safe_reraise():
venv\Lib\site-packages\sqlalchemy\util\langhelpers.py:224: in __exit__
    raise exc_value.with_traceback(exc_tb)
venv\Lib\site-packages\sqlalchemy\pool\impl.py:175: in _do_get
    return self._create_connection()
venv\Lib\site-packages\sqlalchemy\pool\base.py:388: in _create_connection
    return _ConnectionRecord(self)
venv\Lib\site-packages\sqlalchemy\pool\base.py:673: in __init__
    self.__connect()
venv\Lib\site-packages\sqlalchemy\pool\base.py:899: in __connect
    with util.safe_reraise():
venv\Lib\site-packages\sqlalchemy\util\langhelpers.py:224: in __exit__
    raise exc_value.with_traceback(exc_tb)
venv\Lib\site-packages\sqlalchemy\pool\base.py:895: in __connect
    self.dbapi_connection = connection = pool._invoke_creator(self)
venv\Lib\site-packages\sqlalchemy\engine\create.py:661: in connect
    return dialect.connect(*cargs, **cparams)
_ _ _ _ _ _ _ _ _ _ _ _ _ _ _ _ _ _ _ _ _ _ _ _ _ _ _ _ _ _ _ _ _ _ _ _ _ _ _ _ _ _ _ _ _ _ _ _ _ _ _ _ _ _ _ _ _ _ _ _

self = &lt;sqlalchemy.dialects.sqlite.pysqlite.SQLiteDialect_pysqlite object at 0x0000018E10616250&gt;
cargs = ('C:\\Users\\LENOVO~1\\AppData\\Local\\Temp\\tmpqj5tk3s2',), cparams = {'check_same_thread': False}

    def connect(self, *cargs: Any, **cparams: Any) -&gt; DBAPIConnection:
        # inherits the docstring from interfaces.Dialect.connect
&gt;       return self.loaded_dbapi.connect(*cargs, **cparams)  # type: ignore[no-any-return]  # NOQA: E501
E       sqlalchemy.exc.OperationalError: (sqlite3.OperationalError) unable to open database file
E       (Background on this error at: https://sqlalche.me/e/20/e3q8)

venv\Lib\site-packages\sqlalchemy\engine\default.py:630: OperationalError</error></testcase><testcase classname="tests.test_dashboard_actions.TestDashboardActions" name="test_download_file_redirects_to_storage_url" time="1.469"><error message="failed on setup with &quot;sqlalchemy.exc.OperationalError: (sqlite3.OperationalError) unable to open database file&#10;(Background on this error at: https://sqlalche.me/e/20/e3q8)&quot;">self = &lt;sqlalchemy.engine.base.Connection object at 0x0000018E13764A10&gt;
engine = Engine(sqlite:///C:\Users\LENOVO~1\AppData\Local\Temp\tmpqj5tk3s2), connection = None, _has_events = None
_allow_revalidate = True, _allow_autobegin = True

    def __init__(
        self,
        engine: Engine,
        connection: Optional[PoolProxiedConnection] = None,
        _has_events: Optional[bool] = None,
        _allow_revalidate: bool = True,
        _allow_autobegin: bool = True,
    ):
        """Construct a new Connection."""
        self.engine = engine
        self.dialect = dialect = engine.dialect
    
        if connection is None:
            try:
&gt;               self._dbapi_connection = engine.raw_connection()

venv\Lib\site-packages\sqlalchemy\engine\base.py:143: 
_ _ _ _ _ _ _ _ _ _ _ _ _ _ _ _ _ _ _ _ _ _ _ _ _ _ _ _ _ _ _ _ _ _ _ _ _ _ _ _ _ _ _ _ _ _ _ _ _ _ _ _ _ _ _ _ _ _ _ _
venv\Lib\site-packages\sqlalchemy\engine\base.py:3309: in raw_connection
    return self.pool.connect()
venv\Lib\site-packages\sqlalchemy\pool\base.py:447: in connect
    return _ConnectionFairy._checkout(self)
venv\Lib\site-packages\sqlalchemy\pool\base.py:1264: in _checkout
    fairy = _ConnectionRecord.checkout(pool)
venv\Lib\site-packages\sqlalchemy\pool\base.py:711: in checkout
    rec = pool._do_get()
venv\Lib\site-packages\sqlalchemy\pool\impl.py:177: in _do_get
    with util.safe_reraise():
venv\Lib\site-packages\sqlalchemy\util\langhelpers.py:224: in __exit__
    raise exc_value.with_traceback(exc_tb)
venv\Lib\site-packages\sqlalchemy\pool\impl.py:175: in _do_get
    return self._create_connection()
venv\Lib\site-packages\sqlalchemy\pool\base.py:388: in _create_connection
    return _ConnectionRecord(self)
venv\Lib\site-packages\sqlalchemy\pool\base.py:673: in __init__
    self.__connect()
venv\Lib\site-packages\sqlalchemy\pool\base.py:899: in __connect
    with util.safe_reraise():
venv\Lib\site-packages\sqlalchemy\util\langhelpers.py:224: in __exit__
    raise exc_value.with_traceback(exc_tb)
venv\Lib\site-packages\sqlalchemy\pool\base.py:895: in __connect
    self.dbapi_connection = connection = pool._invoke_creator(self)
venv\Lib\site-packages\sqlalchemy\engine\create.py:661: in connect
    return dialect.connect(*cargs, **cparams)
_ _ _ _ _ _ _ _ _ _ _ _ _ _ _ _ _ _ _ _ _ _ _ _ _ _ _ _ _ _ _ _ _ _ _ _ _ _ _ _ _ _ _ _ _ _ _ _ _ _ _ _ _ _ _ _ _ _ _ _

self = &lt;sqlalchemy.dialects.sqlite.pysqlite.SQLiteDialect_pysqlite object at 0x0000018E10615150&gt;
cargs = ('C:\\Users\\LENOVO~1\\AppData\\Local\\Temp\\tmpqj5tk3s2',), cparams = {'check_same_thread': False}

    def connect(self, *cargs: Any, **cparams: Any) -&gt; DBAPIConnection:
        # inherits the docstring from interfaces.Dialect.connect
&gt;       return self.loaded_dbapi.connect(*cargs, **cparams)  # type: ignore[no-any-return]  # NOQA: E501
E       sqlite3.OperationalError: unable to open database file

venv\Lib\site-packages\sqlalchemy\engine\default.py:630: OperationalError

The above exception was the direct cause of the following exception:

request = &lt;SubRequest 'testapp' for &lt;Function test_download_file_redirects_to_storage_url&gt;&gt;

    @pytest.fixture()
    def testapp(request):
        app = create_app('appname.settings.TestConfig')
        client = app.test_client()
    
        db.app = app
        app_ctx = app.app_context()
        app_ctx.push()
&gt;       db.create_all()

tests\conftest.py:19: 
_ _ _ _ _ _ _ _ _ _ _ _ _ _ _ _ _ _ _ _ _ _ _ _ _ _ _ _ _ _ _ _ _ _ _ _ _ _ _ _ _ _ _ _ _ _ _ _ _ _ _ _ _ _ _ _ _ _ _ _
venv\Lib\site-packages\flask_sqlalchemy\extension.py:900: in create_all
    self._call_for_binds(bind_key, "create_all")
venv\Lib\site-packages\flask_sqlalchemy\extension.py:881: in _call_for_binds
    getattr(metadata, op_name)(bind=engine)
venv\Lib\site-packages\sqlalchemy\sql\schema.py:5928: in create_all
    bind._run_ddl_visitor(
venv\Lib\site-packages\sqlalchemy\engine\base.py:3259: in _run_ddl_visitor
    with self.begin() as conn:
C:\Python314\Lib\contextlib.py:141: in __enter__
    return next(self.gen)
venv\Lib\site-packages\sqlalchemy\engine\base.py:3249: in begin
    with self.connect() as conn:
venv\Lib\site-packages\sqlalchemy\engine\base.py:3285: in connect
    return self._connection_cls(self)
venv\Lib\site-packages\sqlalchemy\engine\base.py:145: in __init__
    Connection._handle_dbapi_exception_noconnection(
venv\Lib\site-packages\sqlalchemy\engine\base.py:2448: in _handle_dbapi_exception_noconnection
    raise sqlalchemy_exception.with_traceback(exc_info[2]) from e
venv\Lib\site-packages\sqlalchemy\engine\base.py:143: in __init__
    self._dbapi_connection = engine.raw_connection()
venv\Lib\site-packages\sqlalchemy\engine\base.py:3309: in raw_connection
    return self.pool.connect()
venv\Lib\site-packages\sqlalchemy\pool\base.py:447: in connect
    return _ConnectionFairy._checkout(self)
venv\Lib\site-packages\sqlalchemy\pool\base.py:1264: in _checkout
    fairy = _ConnectionRecord.checkout(pool)
venv\Lib\site-packages\sqlalchemy\pool\base.py:711: in checkout
    rec = pool._do_get()
venv\Lib\site-packages\sqlalchemy\pool\impl.py:177: in _do_get
    with util.safe_reraise():
venv\Lib\site-packages\sqlalchemy\util\langhelpers.py:224: in __exit__
    raise exc_value.with_traceback(exc_tb)
venv\Lib\site-packages\sqlalchemy\pool\impl.py:175: in _do_get
    return self._create_connection()
venv\Lib\site-packages\sqlalchemy\pool\base.py:388: in _create_connection
    return _ConnectionRecord(self)
venv\Lib\site-packages\sqlalchemy\pool\base.py:673: in __init__
    self.__connect()
venv\Lib\site-packages\sqlalchemy\pool\base.py:899: in __connect
    with util.safe_reraise():
venv\Lib\site-packages\sqlalchemy\util\langhelpers.py:224: in __exit__
    raise exc_value.with_traceback(exc_tb)
venv\Lib\site-packages\sqlalchemy\pool\base.py:895: in __connect
    self.dbapi_connection = connection = pool._invoke_creator(self)
venv\Lib\site-packages\sqlalchemy\engine\create.py:661: in connect
    return dialect.connect(*cargs, **cparams)
_ _ _ _ _ _ _ _ _ _ _ _ _ _ _ _ _ _ _ _ _ _ _ _ _ _ _ _ _ _ _ _ _ _ _ _ _ _ _ _ _ _ _ _ _ _ _ _ _ _ _ _ _ _ _ _ _ _ _ _

self = &lt;sqlalchemy.dialects.sqlite.pysqlite.SQLiteDialect_pysqlite object at 0x0000018E10615150&gt;
cargs = ('C:\\Users\\LENOVO~1\\AppData\\Local\\Temp\\tmpqj5tk3s2',), cparams = {'check_same_thread': False}

    def connect(self, *cargs: Any, **cparams: Any) -&gt; DBAPIConnection:
        # inherits the docstring from interfaces.Dialect.connect
&gt;       return self.loaded_dbapi.connect(*cargs, **cparams)  # type: ignore[no-any-return]  # NOQA: E501
E       sqlalchemy.exc.OperationalError: (sqlite3.OperationalError) unable to open database file
E       (Background on this error at: https://sqlalche.me/e/20/e3q8)

venv\Lib\site-packages\sqlalchemy\engine\default.py:630: OperationalError</error></testcase><testcase classname="tests.test_dashboard_actions.TestDashboardActions" name="test_download_file_404_when_storage_returns_none" time="1.451"><error message="failed on setup with &quot;sqlalchemy.exc.OperationalError: (sqlite3.OperationalError) unable to open database file&#10;(Background on this error at: https://sqlalche.me/e/20/e3q8)&quot;">self = &lt;sqlalchemy.engine.base.Connection object at 0x0000018E1399A410&gt;
engine = Engine(sqlite:///C:\Users\LENOVO~1\AppData\Local\Temp\tmpqj5tk3s2), connection = None, _has_events = None
_allow_revalidate = True, _allow_autobegin = True

    def __init__(
        self,
        engine: Engine,
        connection: Optional[PoolProxiedConnection] = None,
        _has_events: Optional[bool] = None,
        _allow_revalidate: bool = True,
        _allow_autobegin: bool = True,
    ):
        """Construct a new Connection."""
        self.engine = engine
        self.dialect = dialect = engine.dialect
    
        if connection is None:
            try:
&gt;               self._dbapi_connection = engine.raw_connection()

venv\Lib\site-packages\sqlalchemy\engine\base.py:143: 
_ _ _ _ _ _ _ _ _ _ _ _ _ _ _ _ _ _ _ _ _ _ _ _ _ _ _ _ _ _ _ _ _ _ _ _ _ _ _ _ _ _ _ _ _ _ _ _ _ _ _ _ _ _ _ _ _ _ _ _
venv\Lib\site-packages\sqlalchemy\engine\base.py:3309: in raw_connection
    return self.pool.connect()
venv\Lib\site-packages\sqlalchemy\pool\base.py:447: in connect
    return _ConnectionFairy._checkout(self)
venv\Lib\site-packages\sqlalchemy\pool\base.py:1264: in _checkout
    fairy = _ConnectionRecord.checkout(pool)
venv\Lib\site-packages\sqlalchemy\pool\base.py:711: in checkout
    rec = pool._do_get()
venv\Lib\site-packages\sqlalchemy\pool\impl.py:177: in _do_get
    with util.safe_reraise():
venv\Lib\site-packages\sqlalchemy\util\langhelpers.py:224: in __exit__
    raise exc_value.with_traceback(exc_tb)
venv\Lib\site-packages\sqlalchemy\pool\impl.py:175: in _do_get
    return self._create_connection()
venv\Lib\site-packages\sqlalchemy\pool\base.py:388: in _create_connection
    return _ConnectionRecord(self)
venv\Lib\site-packages\sqlalchemy\pool\base.py:673: in __init__
    self.__connect()
venv\Lib\site-packages\sqlalchemy\pool\base.py:899: in __connect
    with util.safe_reraise():
venv\Lib\site-packages\sqlalchemy\util\langhelpers.py:224: in __exit__
    raise exc_value.with_traceback(exc_tb)
venv\Lib\site-packages\sqlalchemy\pool\base.py:895: in __connect
    self.dbapi_connection = connection = pool._invoke_creator(self)
venv\Lib\site-packages\sqlalchemy\engine\create.py:661: in connect
    return dialect.connect(*cargs, **cparams)
_ _ _ _ _ _ _ _ _ _ _ _ _ _ _ _ _ _ _ _ _ _ _ _ _ _ _ _ _ _ _ _ _ _ _ _ _ _ _ _ _ _ _ _ _ _ _ _ _ _ _ _ _ _ _ _ _ _ _ _

self = &lt;sqlalchemy.dialects.sqlite.pysqlite.SQLiteDialect_pysqlite object at 0x0000018E10267050&gt;
cargs = ('C:\\Users\\LENOVO~1\\AppData\\Local\\Temp\\tmpqj5tk3s2',), cparams = {'check_same_thread': False}

    def connect(self, *cargs: Any, **cparams: Any) -&gt; DBAPIConnection:
        # inherits the docstring from interfaces.Dialect.connect
&gt;       return self.loaded_dbapi.connect(*cargs, **cparams)  # type: ignore[no-any-return]  # NOQA: E501
E       sqlite3.OperationalError: unable to open database file

venv\Lib\site-packages\sqlalchemy\engine\default.py:630: OperationalError

The above exception was the direct cause of the following exception:

request = &lt;SubRequest 'testapp' for &lt;Function test_download_file_404_when_storage_returns_none&gt;&gt;

    @pytest.fixture()
    def testapp(request):
        app = create_app('appname.settings.TestConfig')
        client = app.test_client()
    
        db.app = app
        app_ctx = app.app_context()
        app_ctx.push()
&gt;       db.create_all()

tests\conftest.py:19: 
_ _ _ _ _ _ _ _ _ _ _ _ _ _ _ _ _ _ _ _ _ _ _ _ _ _ _ _ _ _ _ _ _ _ _ _ _ _ _ _ _ _ _ _ _ _ _ _ _ _ _ _ _ _ _ _ _ _ _ _
venv\Lib\site-packages\flask_sqlalchemy\extension.py:900: in create_all
    self._call_for_binds(bind_key, "create_all")
venv\Lib\site-packages\flask_sqlalchemy\extension.py:881: in _call_for_binds
    getattr(metadata, op_name)(bind=engine)
venv\Lib\site-packages\sqlalchemy\sql\schema.py:5928: in create_all
    bind._run_ddl_visitor(
venv\Lib\site-packages\sqlalchemy\engine\base.py:3259: in _run_ddl_visitor
    with self.begin() as conn:
C:\Python314\Lib\contextlib.py:141: in __enter__
    return next(self.gen)
venv\Lib\site-packages\sqlalchemy\engine\base.py:3249: in begin
    with self.connect() as conn:
venv\Lib\site-packages\sqlalchemy\engine\base.py:3285: in connect
    return self._connection_cls(self)
venv\Lib\site-packages\sqlalchemy\engine\base.py:145: in __init__
    Connection._handle_dbapi_exception_noconnection(
venv\Lib\site-packages\sqlalchemy\engine\base.py:2448: in _handle_dbapi_exception_noconnection
    raise sqlalchemy_exception.with_traceback(exc_info[2]) from e
venv\Lib\site-packages\sqlalchemy\engine\base.py:143: in __init__
    self._dbapi_connection = engine.raw_connection()
venv\Lib\site-packages\sqlalchemy\engine\base.py:3309: in raw_connection
    return self.pool.connect()
venv\Lib\site-packages\sqlalchemy\pool\base.py:447: in connect
    return _ConnectionFairy._checkout(self)
venv\Lib\site-packages\sqlalchemy\pool\base.py:1264: in _checkout
    fairy = _ConnectionRecord.checkout(pool)
venv\Lib\site-packages\sqlalchemy\pool\base.py:711: in checkout
    rec = pool._do_get()
venv\Lib\site-packages\sqlalchemy\pool\impl.py:177: in _do_get
    with util.safe_reraise():
venv\Lib\site-packages\sqlalchemy\util\langhelpers.py:224: in __exit__
    raise exc_value.with_traceback(exc_tb)
venv\Lib\site-packages\sqlalchemy\pool\impl.py:175: in _do_get
    return self._create_connection()
venv\Lib\site-packages\sqlalchemy\pool\base.py:388: in _create_connection
    return _ConnectionRecord(self)
venv\Lib\site-packages\sqlalchemy\pool\base.py:673: in __init__
    self.__connect()
venv\Lib\site-packages\sqlalchemy\pool\base.py:899: in __connect
    with util.safe_reraise():
venv\Lib\site-packages\sqlalchemy\util\langhelpers.py:224: in __exit__
    raise exc_value.with_traceback(exc_tb)
venv\Lib\site-packages\sqlalchemy\pool\base.py:895: in __connect
    self.dbapi_connection = connection = pool._invoke_creator(self)
venv\Lib\site-packages\sqlalchemy\engine\create.py:661: in connect
    return dialect.connect(*cargs, **cparams)
_ _ _ _ _ _ _ _ _ _ _ _ _ _ _ _ _ _ _ _ _ _ _ _ _ _ _ _ _ _ _ _ _ _ _ _ _ _ _ _ _ _ _ _ _ _ _ _ _ _ _ _ _ _ _ _ _ _ _ _

self = &lt;sqlalchemy.dialects.sqlite.pysqlite.SQLiteDialect_pysqlite object at 0x0000018E10267050&gt;
cargs = ('C:\\Users\\LENOVO~1\\AppData\\Local\\Temp\\tmpqj5tk3s2',), cparams = {'check_same_thread': False}

    def connect(self, *cargs: Any, **cparams: Any) -&gt; DBAPIConnection:
        # inherits the docstring from interfaces.Dialect.connect
&gt;       return self.loaded_dbapi.connect(*cargs, **cparams)  # type: ignore[no-any-return]  # NOQA: E501
E       sqlalchemy.exc.OperationalError: (sqlite3.OperationalError) unable to open database file
E       (Background on this error at: https://sqlalche.me/e/20/e3q8)

venv\Lib\site-packages\sqlalchemy\engine\default.py:630: OperationalError</error></testcase><testcase classname="tests.test_dashboard_actions.TestDashboardActions" name="test_destroy_file_404_for_invalid_team" time="1.494"><error message="failed on setup with &quot;sqlalchemy.exc.OperationalError: (sqlite3.OperationalError) unable to open database file&#10;(Background on this error at: https://sqlalche.me/e/20/e3q8)&quot;">self = &lt;sqlalchemy.engine.base.Connection object at 0x0000018E1399A270&gt;
engine = Engine(sqlite:///C:\Users\LENOVO~1\AppData\Local\Temp\tmpqj5tk3s2), connection = None, _has_events = None
_allow_revalidate = True, _allow_autobegin = True

    def __init__(
        self,
        engine: Engine,
        connection: Optional[PoolProxiedConnection] = None,
        _has_events: Optional[bool] = None,
        _allow_revalidate: bool = True,
        _allow_autobegin: bool = True,
    ):
        """Construct a new Connection."""
        self.engine = engine
        self.dialect = dialect = engine.dialect
    
        if connection is None:
            try:
&gt;               self._dbapi_connection = engine.raw_connection()

venv\Lib\site-packages\sqlalchemy\engine\base.py:143: 
_ _ _ _ _ _ _ _ _ _ _ _ _ _ _ _ _ _ _ _ _ _ _ _ _ _ _ _ _ _ _ _ _ _ _ _ _ _ _ _ _ _ _ _ _ _ _ _ _ _ _ _ _ _ _ _ _ _ _ _
venv\Lib\site-packages\sqlalchemy\engine\base.py:3309: in raw_connection
    return self.pool.connect()
venv\Lib\site-packages\sqlalchemy\pool\base.py:447: in connect
    return _ConnectionFairy._checkout(self)
venv\Lib\site-packages\sqlalchemy\pool\base.py:1264: in _checkout
    fairy = _ConnectionRecord.checkout(pool)
venv\Lib\site-packages\sqlalchemy\pool\base.py:711: in checkout
    rec = pool._do_get()
venv\Lib\site-packages\sqlalchemy\pool\impl.py:177: in _do_get
    with util.safe_reraise():
venv\Lib\site-packages\sqlalchemy\util\langhelpers.py:224: in __exit__
    raise exc_value.with_traceback(exc_tb)
venv\Lib\site-packages\sqlalchemy\pool\impl.py:175: in _do_get
    return self._create_connection()
venv\Lib\site-packages\sqlalchemy\pool\base.py:388: in _create_connection
    return _ConnectionRecord(self)
venv\Lib\site-packages\sqlalchemy\pool\base.py:673: in __init__
    self.__connect()
venv\Lib\site-packages\sqlalchemy\pool\base.py:899: in __connect
    with util.safe_reraise():
venv\Lib\site-packages\sqlalchemy\util\langhelpers.py:224: in __exit__
    raise exc_value.with_traceback(exc_tb)
venv\Lib\site-packages\sqlalchemy\pool\base.py:895: in __connect
    self.dbapi_connection = connection = pool._invoke_creator(self)
venv\Lib\site-packages\sqlalchemy\engine\create.py:661: in connect
    return dialect.connect(*cargs, **cparams)
_ _ _ _ _ _ _ _ _ _ _ _ _ _ _ _ _ _ _ _ _ _ _ _ _ _ _ _ _ _ _ _ _ _ _ _ _ _ _ _ _ _ _ _ _ _ _ _ _ _ _ _ _ _ _ _ _ _ _ _

self = &lt;sqlalchemy.dialects.sqlite.pysqlite.SQLiteDialect_pysqlite object at 0x0000018E1100E650&gt;
cargs = ('C:\\Users\\LENOVO~1\\AppData\\Local\\Temp\\tmpqj5tk3s2',), cparams = {'check_same_thread': False}

    def connect(self, *cargs: Any, **cparams: Any) -&gt; DBAPIConnection:
        # inherits the docstring from interfaces.Dialect.connect
&gt;       return self.loaded_dbapi.connect(*cargs, **cparams)  # type: ignore[no-any-return]  # NOQA: E501
E       sqlite3.OperationalError: unable to open database file

venv\Lib\site-packages\sqlalchemy\engine\default.py:630: OperationalError

The above exception was the direct cause of the following exception:

request = &lt;SubRequest 'testapp' for &lt;Function test_destroy_file_404_for_invalid_team&gt;&gt;

    @pytest.fixture()
    def testapp(request):
        app = create_app('appname.settings.TestConfig')
        client = app.test_client()
    
        db.app = app
        app_ctx = app.app_context()
        app_ctx.push()
&gt;       db.create_all()

tests\conftest.py:19: 
_ _ _ _ _ _ _ _ _ _ _ _ _ _ _ _ _ _ _ _ _ _ _ _ _ _ _ _ _ _ _ _ _ _ _ _ _ _ _ _ _ _ _ _ _ _ _ _ _ _ _ _ _ _ _ _ _ _ _ _
venv\Lib\site-packages\flask_sqlalchemy\extension.py:900: in create_all
    self._call_for_binds(bind_key, "create_all")
venv\Lib\site-packages\flask_sqlalchemy\extension.py:881: in _call_for_binds
    getattr(metadata, op_name)(bind=engine)
venv\Lib\site-packages\sqlalchemy\sql\schema.py:5928: in create_all
    bind._run_ddl_visitor(
venv\Lib\site-packages\sqlalchemy\engine\base.py:3259: in _run_ddl_visitor
    with self.begin() as conn:
C:\Python314\Lib\contextlib.py:141: in __enter__
    return next(self.gen)
venv\Lib\site-packages\sqlalchemy\engine\base.py:3249: in begin
    with self.connect() as conn:
venv\Lib\site-packages\sqlalchemy\engine\base.py:3285: in connect
    return self._connection_cls(self)
venv\Lib\site-packages\sqlalchemy\engine\base.py:145: in __init__
    Connection._handle_dbapi_exception_noconnection(
venv\Lib\site-packages\sqlalchemy\engine\base.py:2448: in _handle_dbapi_exception_noconnection
    raise sqlalchemy_exception.with_traceback(exc_info[2]) from e
venv\Lib\site-packages\sqlalchemy\engine\base.py:143: in __init__
    self._dbapi_connection = engine.raw_connection()
venv\Lib\site-packages\sqlalchemy\engine\base.py:3309: in raw_connection
    return self.pool.connect()
venv\Lib\site-packages\sqlalchemy\pool\base.py:447: in connect
    return _ConnectionFairy._checkout(self)
venv\Lib\site-packages\sqlalchemy\pool\base.py:1264: in _checkout
    fairy = _ConnectionRecord.checkout(pool)
venv\Lib\site-packages\sqlalchemy\pool\base.py:711: in checkout
    rec = pool._do_get()
venv\Lib\site-packages\sqlalchemy\pool\impl.py:177: in _do_get
    with util.safe_reraise():
venv\Lib\site-packages\sqlalchemy\util\langhelpers.py:224: in __exit__
    raise exc_value.with_traceback(exc_tb)
venv\Lib\site-packages\sqlalchemy\pool\impl.py:175: in _do_get
    return self._create_connection()
venv\Lib\site-packages\sqlalchemy\pool\base.py:388: in _create_connection
    return _ConnectionRecord(self)
venv\Lib\site-packages\sqlalchemy\pool\base.py:673: in __init__
    self.__connect()
venv\Lib\site-packages\sqlalchemy\pool\base.py:899: in __connect
    with util.safe_reraise():
venv\Lib\site-packages\sqlalchemy\util\langhelpers.py:224: in __exit__
    raise exc_value.with_traceback(exc_tb)
venv\Lib\site-packages\sqlalchemy\pool\base.py:895: in __connect
    self.dbapi_connection = connection = pool._invoke_creator(self)
venv\Lib\site-packages\sqlalchemy\engine\create.py:661: in connect
    return dialect.connect(*cargs, **cparams)
_ _ _ _ _ _ _ _ _ _ _ _ _ _ _ _ _ _ _ _ _ _ _ _ _ _ _ _ _ _ _ _ _ _ _ _ _ _ _ _ _ _ _ _ _ _ _ _ _ _ _ _ _ _ _ _ _ _ _ _

self = &lt;sqlalchemy.dialects.sqlite.pysqlite.SQLiteDialect_pysqlite object at 0x0000018E1100E650&gt;
cargs = ('C:\\Users\\LENOVO~1\\AppData\\Local\\Temp\\tmpqj5tk3s2',), cparams = {'check_same_thread': False}

    def connect(self, *cargs: Any, **cparams: Any) -&gt; DBAPIConnection:
        # inherits the docstring from interfaces.Dialect.connect
&gt;       return self.loaded_dbapi.connect(*cargs, **cparams)  # type: ignore[no-any-return]  # NOQA: E501
E       sqlalchemy.exc.OperationalError: (sqlite3.OperationalError) unable to open database file
E       (Background on this error at: https://sqlalche.me/e/20/e3q8)

venv\Lib\site-packages\sqlalchemy\engine\default.py:630: OperationalError</error></testcase><testcase classname="tests.test_dashboard_actions.TestDashboardActions" name="test_destroy_file_removes_file_and_storage_object" time="1.485"><error message="failed on setup with &quot;sqlalchemy.exc.OperationalError: (sqlite3.OperationalError) unable to open database file&#10;(Background on this error at: https://sqlalche.me/e/20/e3q8)&quot;">self = &lt;sqlalchemy.engine.base.Connection object at 0x0000018E1399BEE0&gt;
engine = Engine(sqlite:///C:\Users\LENOVO~1\AppData\Local\Temp\tmpqj5tk3s2), connection = None, _has_events = None
_allow_revalidate = True, _allow_autobegin = True

    def __init__(
        self,
        engine: Engine,
        connection: Optional[PoolProxiedConnection] = None,
        _has_events: Optional[bool] = None,
        _allow_revalidate: bool = True,
        _allow_autobegin: bool = True,
    ):
        """Construct a new Connection."""
        self.engine = engine
        self.dialect = dialect = engine.dialect
    
        if connection is None:
            try:
&gt;               self._dbapi_connection = engine.raw_connection()

venv\Lib\site-packages\sqlalchemy\engine\base.py:143: 
_ _ _ _ _ _ _ _ _ _ _ _ _ _ _ _ _ _ _ _ _ _ _ _ _ _ _ _ _ _ _ _ _ _ _ _ _ _ _ _ _ _ _ _ _ _ _ _ _ _ _ _ _ _ _ _ _ _ _ _
venv\Lib\site-packages\sqlalchemy\engine\base.py:3309: in raw_connection
    return self.pool.connect()
venv\Lib\site-packages\sqlalchemy\pool\base.py:447: in connect
    return _ConnectionFairy._checkout(self)
venv\Lib\site-packages\sqlalchemy\pool\base.py:1264: in _checkout
    fairy = _ConnectionRecord.checkout(pool)
venv\Lib\site-packages\sqlalchemy\pool\base.py:711: in checkout
    rec = pool._do_get()
venv\Lib\site-packages\sqlalchemy\pool\impl.py:177: in _do_get
    with util.safe_reraise():
venv\Lib\site-packages\sqlalchemy\util\langhelpers.py:224: in __exit__
    raise exc_value.with_traceback(exc_tb)
venv\Lib\site-packages\sqlalchemy\pool\impl.py:175: in _do_get
    return self._create_connection()
venv\Lib\site-packages\sqlalchemy\pool\base.py:388: in _create_connection
    return _ConnectionRecord(self)
venv\Lib\site-packages\sqlalchemy\pool\base.py:673: in __init__
    self.__connect()
venv\Lib\site-packages\sqlalchemy\pool\base.py:899: in __connect
    with util.safe_reraise():
venv\Lib\site-packages\sqlalchemy\util\langhelpers.py:224: in __exit__
    raise exc_value.with_traceback(exc_tb)
venv\Lib\site-packages\sqlalchemy\pool\base.py:895: in __connect
    self.dbapi_connection = connection = pool._invoke_creator(self)
venv\Lib\site-packages\sqlalchemy\engine\create.py:661: in connect
    return dialect.connect(*cargs, **cparams)
_ _ _ _ _ _ _ _ _ _ _ _ _ _ _ _ _ _ _ _ _ _ _ _ _ _ _ _ _ _ _ _ _ _ _ _ _ _ _ _ _ _ _ _ _ _ _ _ _ _ _ _ _ _ _ _ _ _ _ _

self = &lt;sqlalchemy.dialects.sqlite.pysqlite.SQLiteDialect_pysqlite object at 0x0000018E1100DC50&gt;
cargs = ('C:\\Users\\LENOVO~1\\AppData\\Local\\Temp\\tmpqj5tk3s2',), cparams = {'check_same_thread': False}

    def connect(self, *cargs: Any, **cparams: Any) -&gt; DBAPIConnection:
        # inherits the docstring from interfaces.Dialect.connect
&gt;       return self.loaded_dbapi.connect(*cargs, **cparams)  # type: ignore[no-any-return]  # NOQA: E501
E       sqlite3.OperationalError: unable to open database file

venv\Lib\site-packages\sqlalchemy\engine\default.py:630: OperationalError

The above exception was the direct cause of the following exception:

request = &lt;SubRequest 'testapp' for &lt;Function test_destroy_file_removes_file_and_storage_object&gt;&gt;

    @pytest.fixture()
    def testapp(request):
        app = create_app('appname.settings.TestConfig')
        client = app.test_client()
    
        db.app = app
        app_ctx = app.app_context()
        app_ctx.push()
&gt;       db.create_all()

tests\conftest.py:19: 
_ _ _ _ _ _ _ _ _ _ _ _ _ _ _ _ _ _ _ _ _ _ _ _ _ _ _ _ _ _ _ _ _ _ _ _ _ _ _ _ _ _ _ _ _ _ _ _ _ _ _ _ _ _ _ _ _ _ _ _
venv\Lib\site-packages\flask_sqlalchemy\extension.py:900: in create_all
    self._call_for_binds(bind_key, "create_all")
venv\Lib\site-packages\flask_sqlalchemy\extension.py:881: in _call_for_binds
    getattr(metadata, op_name)(bind=engine)
venv\Lib\site-packages\sqlalchemy\sql\schema.py:5928: in create_all
    bind._run_ddl_visitor(
venv\Lib\site-packages\sqlalchemy\engine\base.py:3259: in _run_ddl_visitor
    with self.begin() as conn:
C:\Python314\Lib\contextlib.py:141: in __enter__
    return next(self.gen)
venv\Lib\site-packages\sqlalchemy\engine\base.py:3249: in begin
    with self.connect() as conn:
venv\Lib\site-packages\sqlalchemy\engine\base.py:3285: in connect
    return self._connection_cls(self)
venv\Lib\site-packages\sqlalchemy\engine\base.py:145: in __init__
    Connection._handle_dbapi_exception_noconnection(
venv\Lib\site-packages\sqlalchemy\engine\base.py:2448: in _handle_dbapi_exception_noconnection
    raise sqlalchemy_exception.with_traceback(exc_info[2]) from e
venv\Lib\site-packages\sqlalchemy\engine\base.py:143: in __init__
    self._dbapi_connection = engine.raw_connection()
venv\Lib\site-packages\sqlalchemy\engine\base.py:3309: in raw_connection
    return self.pool.connect()
venv\Lib\site-packages\sqlalchemy\pool\base.py:447: in connect
    return _ConnectionFairy._checkout(self)
venv\Lib\site-packages\sqlalchemy\pool\base.py:1264: in _checkout
    fairy = _ConnectionRecord.checkout(pool)
venv\Lib\site-packages\sqlalchemy\pool\base.py:711: in checkout
    rec = pool._do_get()
venv\Lib\site-packages\sqlalchemy\pool\impl.py:177: in _do_get
    with util.safe_reraise():
venv\Lib\site-packages\sqlalchemy\util\langhelpers.py:224: in __exit__
    raise exc_value.with_traceback(exc_tb)
venv\Lib\site-packages\sqlalchemy\pool\impl.py:175: in _do_get
    return self._create_connection()
venv\Lib\site-packages\sqlalchemy\pool\base.py:388: in _create_connection
    return _ConnectionRecord(self)
venv\Lib\site-packages\sqlalchemy\pool\base.py:673: in __init__
    self.__connect()
venv\Lib\site-packages\sqlalchemy\pool\base.py:899: in __connect
    with util.safe_reraise():
venv\Lib\site-packages\sqlalchemy\util\langhelpers.py:224: in __exit__
    raise exc_value.with_traceback(exc_tb)
venv\Lib\site-packages\sqlalchemy\pool\base.py:895: in __connect
    self.dbapi_connection = connection = pool._invoke_creator(self)
venv\Lib\site-packages\sqlalchemy\engine\create.py:661: in connect
    return dialect.connect(*cargs, **cparams)
_ _ _ _ _ _ _ _ _ _ _ _ _ _ _ _ _ _ _ _ _ _ _ _ _ _ _ _ _ _ _ _ _ _ _ _ _ _ _ _ _ _ _ _ _ _ _ _ _ _ _ _ _ _ _ _ _ _ _ _

self = &lt;sqlalchemy.dialects.sqlite.pysqlite.SQLiteDialect_pysqlite object at 0x0000018E1100DC50&gt;
cargs = ('C:\\Users\\LENOVO~1\\AppData\\Local\\Temp\\tmpqj5tk3s2',), cparams = {'check_same_thread': False}

    def connect(self, *cargs: Any, **cparams: Any) -&gt; DBAPIConnection:
        # inherits the docstring from interfaces.Dialect.connect
&gt;       return self.loaded_dbapi.connect(*cargs, **cparams)  # type: ignore[no-any-return]  # NOQA: E501
E       sqlalchemy.exc.OperationalError: (sqlite3.OperationalError) unable to open database file
E       (Background on this error at: https://sqlalche.me/e/20/e3q8)

venv\Lib\site-packages\sqlalchemy\engine\default.py:630: OperationalError</error></testcase><testcase classname="tests.test_dashboard_actions.TestDashboardActions" name="test_destroy_file_removes_db_record_when_storage_object_missing" time="1.452"><error message="failed on setup with &quot;sqlalchemy.exc.OperationalError: (sqlite3.OperationalError) unable to open database file&#10;(Background on this error at: https://sqlalche.me/e/20/e3q8)&quot;">self = &lt;sqlalchemy.engine.base.Connection object at 0x0000018E13FE58B0&gt;
engine = Engine(sqlite:///C:\Users\LENOVO~1\AppData\Local\Temp\tmpqj5tk3s2), connection = None, _has_events = None
_allow_revalidate = True, _allow_autobegin = True

    def __init__(
        self,
        engine: Engine,
        connection: Optional[PoolProxiedConnection] = None,
        _has_events: Optional[bool] = None,
        _allow_revalidate: bool = True,
        _allow_autobegin: bool = True,
    ):
        """Construct a new Connection."""
        self.engine = engine
        self.dialect = dialect = engine.dialect
    
        if connection is None:
            try:
&gt;               self._dbapi_connection = engine.raw_connection()

venv\Lib\site-packages\sqlalchemy\engine\base.py:143: 
_ _ _ _ _ _ _ _ _ _ _ _ _ _ _ _ _ _ _ _ _ _ _ _ _ _ _ _ _ _ _ _ _ _ _ _ _ _ _ _ _ _ _ _ _ _ _ _ _ _ _ _ _ _ _ _ _ _ _ _
venv\Lib\site-packages\sqlalchemy\engine\base.py:3309: in raw_connection
    return self.pool.connect()
venv\Lib\site-packages\sqlalchemy\pool\base.py:447: in connect
    return _ConnectionFairy._checkout(self)
venv\Lib\site-packages\sqlalchemy\pool\base.py:1264: in _checkout
    fairy = _ConnectionRecord.checkout(pool)
venv\Lib\site-packages\sqlalchemy\pool\base.py:711: in checkout
    rec = pool._do_get()
venv\Lib\site-packages\sqlalchemy\pool\impl.py:177: in _do_get
    with util.safe_reraise():
venv\Lib\site-packages\sqlalchemy\util\langhelpers.py:224: in __exit__
    raise exc_value.with_traceback(exc_tb)
venv\Lib\site-packages\sqlalchemy\pool\impl.py:175: in _do_get
    return self._create_connection()
venv\Lib\site-packages\sqlalchemy\pool\base.py:388: in _create_connection
    return _ConnectionRecord(self)
venv\Lib\site-packages\sqlalchemy\pool\base.py:673: in __init__
    self.__connect()
venv\Lib\site-packages\sqlalchemy\pool\base.py:899: in __connect
    with util.safe_reraise():
venv\Lib\site-packages\sqlalchemy\util\langhelpers.py:224: in __exit__
    raise exc_value.with_traceback(exc_tb)
venv\Lib\site-packages\sqlalchemy\pool\base.py:895: in __connect
    self.dbapi_connection = connection = pool._invoke_creator(self)
venv\Lib\site-packages\sqlalchemy\engine\create.py:661: in connect
    return dialect.connect(*cargs, **cparams)
_ _ _ _ _ _ _ _ _ _ _ _ _ _ _ _ _ _ _ _ _ _ _ _ _ _ _ _ _ _ _ _ _ _ _ _ _ _ _ _ _ _ _ _ _ _ _ _ _ _ _ _ _ _ _ _ _ _ _ _

self = &lt;sqlalchemy.dialects.sqlite.pysqlite.SQLiteDialect_pysqlite object at 0x0000018E1100D250&gt;
cargs = ('C:\\Users\\LENOVO~1\\AppData\\Local\\Temp\\tmpqj5tk3s2',), cparams = {'check_same_thread': False}

    def connect(self, *cargs: Any, **cparams: Any) -&gt; DBAPIConnection:
        # inherits the docstring from interfaces.Dialect.connect
&gt;       return self.loaded_dbapi.connect(*cargs, **cparams)  # type: ignore[no-any-return]  # NOQA: E501
E       sqlite3.OperationalError: unable to open database file

venv\Lib\site-packages\sqlalchemy\engine\default.py:630: OperationalError

The above exception was the direct cause of the following exception:

request = &lt;SubRequest 'testapp' for &lt;Function test_destroy_file_removes_db_record_when_storage_object_missing&gt;&gt;

    @pytest.fixture()
    def testapp(request):
        app = create_app('appname.settings.TestConfig')
        client = app.test_client()
    
        db.app = app
        app_ctx = app.app_context()
        app_ctx.push()
&gt;       db.create_all()

tests\conftest.py:19: 
_ _ _ _ _ _ _ _ _ _ _ _ _ _ _ _ _ _ _ _ _ _ _ _ _ _ _ _ _ _ _ _ _ _ _ _ _ _ _ _ _ _ _ _ _ _ _ _ _ _ _ _ _ _ _ _ _ _ _ _
venv\Lib\site-packages\flask_sqlalchemy\extension.py:900: in create_all
    self._call_for_binds(bind_key, "create_all")
venv\Lib\site-packages\flask_sqlalchemy\extension.py:881: in _call_for_binds
    getattr(metadata, op_name)(bind=engine)
venv\Lib\site-packages\sqlalchemy\sql\schema.py:5928: in create_all
    bind._run_ddl_visitor(
venv\Lib\site-packages\sqlalchemy\engine\base.py:3259: in _run_ddl_visitor
    with self.begin() as conn:
C:\Python314\Lib\contextlib.py:141: in __enter__
    return next(self.gen)
venv\Lib\site-packages\sqlalchemy\engine\base.py:3249: in begin
    with self.connect() as conn:
venv\Lib\site-packages\sqlalchemy\engine\base.py:3285: in connect
    return self._connection_cls(self)
venv\Lib\site-packages\sqlalchemy\engine\base.py:145: in __init__
    Connection._handle_dbapi_exception_noconnection(
venv\Lib\site-packages\sqlalchemy\engine\base.py:2448: in _handle_dbapi_exception_noconnection
    raise sqlalchemy_exception.with_traceback(exc_info[2]) from e
venv\Lib\site-packages\sqlalchemy\engine\base.py:143: in __init__
    self._dbapi_connection = engine.raw_connection()
venv\Lib\site-packages\sqlalchemy\engine\base.py:3309: in raw_connection
    return self.pool.connect()
venv\Lib\site-packages\sqlalchemy\pool\base.py:447: in connect
    return _ConnectionFairy._checkout(self)
venv\Lib\site-packages\sqlalchemy\pool\base.py:1264: in _checkout
    fairy = _ConnectionRecord.checkout(pool)
venv\Lib\site-packages\sqlalchemy\pool\base.py:711: in checkout
    rec = pool._do_get()
venv\Lib\site-packages\sqlalchemy\pool\impl.py:177: in _do_get
    with util.safe_reraise():
venv\Lib\site-packages\sqlalchemy\util\langhelpers.py:224: in __exit__
    raise exc_value.with_traceback(exc_tb)
venv\Lib\site-packages\sqlalchemy\pool\impl.py:175: in _do_get
    return self._create_connection()
venv\Lib\site-packages\sqlalchemy\pool\base.py:388: in _create_connection
    return _ConnectionRecord(self)
venv\Lib\site-packages\sqlalchemy\pool\base.py:673: in __init__
    self.__connect()
venv\Lib\site-packages\sqlalchemy\pool\base.py:899: in __connect
    with util.safe_reraise():
venv\Lib\site-packages\sqlalchemy\util\langhelpers.py:224: in __exit__
    raise exc_value.with_traceback(exc_tb)
venv\Lib\site-packages\sqlalchemy\pool\base.py:895: in __connect
    self.dbapi_connection = connection = pool._invoke_creator(self)
venv\Lib\site-packages\sqlalchemy\engine\create.py:661: in connect
    return dialect.connect(*cargs, **cparams)
_ _ _ _ _ _ _ _ _ _ _ _ _ _ _ _ _ _ _ _ _ _ _ _ _ _ _ _ _ _ _ _ _ _ _ _ _ _ _ _ _ _ _ _ _ _ _ _ _ _ _ _ _ _ _ _ _ _ _ _

self = &lt;sqlalchemy.dialects.sqlite.pysqlite.SQLiteDialect_pysqlite object at 0x0000018E1100D250&gt;
cargs = ('C:\\Users\\LENOVO~1\\AppData\\Local\\Temp\\tmpqj5tk3s2',), cparams = {'check_same_thread': False}

    def connect(self, *cargs: Any, **cparams: Any) -&gt; DBAPIConnection:
        # inherits the docstring from interfaces.Dialect.connect
&gt;       return self.loaded_dbapi.connect(*cargs, **cparams)  # type: ignore[no-any-return]  # NOQA: E501
E       sqlalchemy.exc.OperationalError: (sqlite3.OperationalError) unable to open database file
E       (Background on this error at: https://sqlalche.me/e/20/e3q8)

venv\Lib\site-packages\sqlalchemy\engine\default.py:630: OperationalError</error></testcase><testcase classname="tests.test_login.TestLogin" name="test_login" time="1.464"><error message="failed on setup with &quot;sqlalchemy.exc.OperationalError: (sqlite3.OperationalError) unable to open database file&#10;(Background on this error at: https://sqlalche.me/e/20/e3q8)&quot;">self = &lt;sqlalchemy.engine.base.Connection object at 0x0000018E13FE7520&gt;
engine = Engine(sqlite:///C:\Users\LENOVO~1\AppData\Local\Temp\tmpqj5tk3s2), connection = None, _has_events = None
_allow_revalidate = True, _allow_autobegin = True

    def __init__(
        self,
        engine: Engine,
        connection: Optional[PoolProxiedConnection] = None,
        _has_events: Optional[bool] = None,
        _allow_revalidate: bool = True,
        _allow_autobegin: bool = True,
    ):
        """Construct a new Connection."""
        self.engine = engine
        self.dialect = dialect = engine.dialect
    
        if connection is None:
            try:
&gt;               self._dbapi_connection = engine.raw_connection()

venv\Lib\site-packages\sqlalchemy\engine\base.py:143: 
_ _ _ _ _ _ _ _ _ _ _ _ _ _ _ _ _ _ _ _ _ _ _ _ _ _ _ _ _ _ _ _ _ _ _ _ _ _ _ _ _ _ _ _ _ _ _ _ _ _ _ _ _ _ _ _ _ _ _ _
venv\Lib\site-packages\sqlalchemy\engine\base.py:3309: in raw_connection
    return self.pool.connect()
venv\Lib\site-packages\sqlalchemy\pool\base.py:447: in connect
    return _ConnectionFairy._checkout(self)
venv\Lib\site-packages\sqlalchemy\pool\base.py:1264: in _checkout
    fairy = _ConnectionRecord.checkout(pool)
venv\Lib\site-packages\sqlalchemy\pool\base.py:711: in checkout
    rec = pool._do_get()
venv\Lib\site-packages\sqlalchemy\pool\impl.py:177: in _do_get
    with util.safe_reraise():
venv\Lib\site-packages\sqlalchemy\util\langhelpers.py:224: in __exit__
    raise exc_value.with_traceback(exc_tb)
venv\Lib\site-packages\sqlalchemy\pool\impl.py:175: in _do_get
    return self._create_connection()
venv\Lib\site-packages\sqlalchemy\pool\base.py:388: in _create_connection
    return _ConnectionRecord(self)
venv\Lib\site-packages\sqlalchemy\pool\base.py:673: in __init__
    self.__connect()
venv\Lib\site-packages\sqlalchemy\pool\base.py:899: in __connect
    with util.safe_reraise():
venv\Lib\site-packages\sqlalchemy\util\langhelpers.py:224: in __exit__
    raise exc_value.with_traceback(exc_tb)
venv\Lib\site-packages\sqlalchemy\pool\base.py:895: in __connect
    self.dbapi_connection = connection = pool._invoke_creator(self)
venv\Lib\site-packages\sqlalchemy\engine\create.py:661: in connect
    return dialect.connect(*cargs, **cparams)
_ _ _ _ _ _ _ _ _ _ _ _ _ _ _ _ _ _ _ _ _ _ _ _ _ _ _ _ _ _ _ _ _ _ _ _ _ _ _ _ _ _ _ _ _ _ _ _ _ _ _ _ _ _ _ _ _ _ _ _

self = &lt;sqlalchemy.dialects.sqlite.pysqlite.SQLiteDialect_pysqlite object at 0x0000018E1100C550&gt;
cargs = ('C:\\Users\\LENOVO~1\\AppData\\Local\\Temp\\tmpqj5tk3s2',), cparams = {'check_same_thread': False}

    def connect(self, *cargs: Any, **cparams: Any) -&gt; DBAPIConnection:
        # inherits the docstring from interfaces.Dialect.connect
&gt;       return self.loaded_dbapi.connect(*cargs, **cparams)  # type: ignore[no-any-return]  # NOQA: E501
E       sqlite3.OperationalError: unable to open database file

venv\Lib\site-packages\sqlalchemy\engine\default.py:630: OperationalError

The above exception was the direct cause of the following exception:

request = &lt;SubRequest 'testapp' for &lt;Function test_login&gt;&gt;

    @pytest.fixture()
    def testapp(request):
        app = create_app('appname.settings.TestConfig')
        client = app.test_client()
    
        db.app = app
        app_ctx = app.app_context()
        app_ctx.push()
&gt;       db.create_all()

tests\conftest.py:19: 
_ _ _ _ _ _ _ _ _ _ _ _ _ _ _ _ _ _ _ _ _ _ _ _ _ _ _ _ _ _ _ _ _ _ _ _ _ _ _ _ _ _ _ _ _ _ _ _ _ _ _ _ _ _ _ _ _ _ _ _
venv\Lib\site-packages\flask_sqlalchemy\extension.py:900: in create_all
    self._call_for_binds(bind_key, "create_all")
venv\Lib\site-packages\flask_sqlalchemy\extension.py:881: in _call_for_binds
    getattr(metadata, op_name)(bind=engine)
venv\Lib\site-packages\sqlalchemy\sql\schema.py:5928: in create_all
    bind._run_ddl_visitor(
venv\Lib\site-packages\sqlalchemy\engine\base.py:3259: in _run_ddl_visitor
    with self.begin() as conn:
C:\Python314\Lib\contextlib.py:141: in __enter__
    return next(self.gen)
venv\Lib\site-packages\sqlalchemy\engine\base.py:3249: in begin
    with self.connect() as conn:
venv\Lib\site-packages\sqlalchemy\engine\base.py:3285: in connect
    return self._connection_cls(self)
venv\Lib\site-packages\sqlalchemy\engine\base.py:145: in __init__
    Connection._handle_dbapi_exception_noconnection(
venv\Lib\site-packages\sqlalchemy\engine\base.py:2448: in _handle_dbapi_exception_noconnection
    raise sqlalchemy_exception.with_traceback(exc_info[2]) from e
venv\Lib\site-packages\sqlalchemy\engine\base.py:143: in __init__
    self._dbapi_connection = engine.raw_connection()
venv\Lib\site-packages\sqlalchemy\engine\base.py:3309: in raw_connection
    return self.pool.connect()
venv\Lib\site-packages\sqlalchemy\pool\base.py:447: in connect
    return _ConnectionFairy._checkout(self)
venv\Lib\site-packages\sqlalchemy\pool\base.py:1264: in _checkout
    fairy = _ConnectionRecord.checkout(pool)
venv\Lib\site-packages\sqlalchemy\pool\base.py:711: in checkout
    rec = pool._do_get()
venv\Lib\site-packages\sqlalchemy\pool\impl.py:177: in _do_get
    with util.safe_reraise():
venv\Lib\site-packages\sqlalchemy\util\langhelpers.py:224: in __exit__
    raise exc_value.with_traceback(exc_tb)
venv\Lib\site-packages\sqlalchemy\pool\impl.py:175: in _do_get
    return self._create_connection()
venv\Lib\site-packages\sqlalchemy\pool\base.py:388: in _create_connection
    return _ConnectionRecord(self)
venv\Lib\site-packages\sqlalchemy\pool\base.py:673: in __init__
    self.__connect()
venv\Lib\site-packages\sqlalchemy\pool\base.py:899: in __connect
    with util.safe_reraise():
venv\Lib\site-packages\sqlalchemy\util\langhelpers.py:224: in __exit__
    raise exc_value.with_traceback(exc_tb)
venv\Lib\site-packages\sqlalchemy\pool\base.py:895: in __connect
    self.dbapi_connection = connection = pool._invoke_creator(self)
venv\Lib\site-packages\sqlalchemy\engine\create.py:661: in connect
    return dialect.connect(*cargs, **cparams)
_ _ _ _ _ _ _ _ _ _ _ _ _ _ _ _ _ _ _ _ _ _ _ _ _ _ _ _ _ _ _ _ _ _ _ _ _ _ _ _ _ _ _ _ _ _ _ _ _ _ _ _ _ _ _ _ _ _ _ _

self = &lt;sqlalchemy.dialects.sqlite.pysqlite.SQLiteDialect_pysqlite object at 0x0000018E1100C550&gt;
cargs = ('C:\\Users\\LENOVO~1\\AppData\\Local\\Temp\\tmpqj5tk3s2',), cparams = {'check_same_thread': False}

    def connect(self, *cargs: Any, **cparams: Any) -&gt; DBAPIConnection:
        # inherits the docstring from interfaces.Dialect.connect
&gt;       return self.loaded_dbapi.connect(*cargs, **cparams)  # type: ignore[no-any-return]  # NOQA: E501
E       sqlalchemy.exc.OperationalError: (sqlite3.OperationalError) unable to open database file
E       (Background on this error at: https://sqlalche.me/e/20/e3q8)

venv\Lib\site-packages\sqlalchemy\engine\default.py:630: OperationalError</error></testcase><testcase classname="tests.test_login.TestLogin" name="test_login_bad_email" time="1.468"><error message="failed on setup with &quot;sqlalchemy.exc.OperationalError: (sqlite3.OperationalError) unable to open database file&#10;(Background on this error at: https://sqlalche.me/e/20/e3q8)&quot;">self = &lt;sqlalchemy.engine.base.Connection object at 0x0000018E0FF77040&gt;
engine = Engine(sqlite:///C:\Users\LENOVO~1\AppData\Local\Temp\tmpqj5tk3s2), connection = None, _has_events = None
_allow_revalidate = True, _allow_autobegin = True

    def __init__(
        self,
        engine: Engine,
        connection: Optional[PoolProxiedConnection] = None,
        _has_events: Optional[bool] = None,
        _allow_revalidate: bool = True,
        _allow_autobegin: bool = True,
    ):
        """Construct a new Connection."""
        self.engine = engine
        self.dialect = dialect = engine.dialect
    
        if connection is None:
            try:
&gt;               self._dbapi_connection = engine.raw_connection()

venv\Lib\site-packages\sqlalchemy\engine\base.py:143: 
_ _ _ _ _ _ _ _ _ _ _ _ _ _ _ _ _ _ _ _ _ _ _ _ _ _ _ _ _ _ _ _ _ _ _ _ _ _ _ _ _ _ _ _ _ _ _ _ _ _ _ _ _ _ _ _ _ _ _ _
venv\Lib\site-packages\sqlalchemy\engine\base.py:3309: in raw_connection
    return self.pool.connect()
venv\Lib\site-packages\sqlalchemy\pool\base.py:447: in connect
    return _ConnectionFairy._checkout(self)
venv\Lib\site-packages\sqlalchemy\pool\base.py:1264: in _checkout
    fairy = _ConnectionRecord.checkout(pool)
venv\Lib\site-packages\sqlalchemy\pool\base.py:711: in checkout
    rec = pool._do_get()
venv\Lib\site-packages\sqlalchemy\pool\impl.py:177: in _do_get
    with util.safe_reraise():
venv\Lib\site-packages\sqlalchemy\util\langhelpers.py:224: in __exit__
    raise exc_value.with_traceback(exc_tb)
venv\Lib\site-packages\sqlalchemy\pool\impl.py:175: in _do_get
    return self._create_connection()
venv\Lib\site-packages\sqlalchemy\pool\base.py:388: in _create_connection
    return _ConnectionRecord(self)
venv\Lib\site-packages\sqlalchemy\pool\base.py:673: in __init__
    self.__connect()
venv\Lib\site-packages\sqlalchemy\pool\base.py:899: in __connect
    with util.safe_reraise():
venv\Lib\site-packages\sqlalchemy\util\langhelpers.py:224: in __exit__
    raise exc_value.with_traceback(exc_tb)
venv\Lib\site-packages\sqlalchemy\pool\base.py:895: in __connect
    self.dbapi_connection = connection = pool._invoke_creator(self)
venv\Lib\site-packages\sqlalchemy\engine\create.py:661: in connect
    return dialect.connect(*cargs, **cparams)
_ _ _ _ _ _ _ _ _ _ _ _ _ _ _ _ _ _ _ _ _ _ _ _ _ _ _ _ _ _ _ _ _ _ _ _ _ _ _ _ _ _ _ _ _ _ _ _ _ _ _ _ _ _ _ _ _ _ _ _

self = &lt;sqlalchemy.dialects.sqlite.pysqlite.SQLiteDialect_pysqlite object at 0x0000018E1100EA50&gt;
cargs = ('C:\\Users\\LENOVO~1\\AppData\\Local\\Temp\\tmpqj5tk3s2',), cparams = {'check_same_thread': False}

    def connect(self, *cargs: Any, **cparams: Any) -&gt; DBAPIConnection:
        # inherits the docstring from interfaces.Dialect.connect
&gt;       return self.loaded_dbapi.connect(*cargs, **cparams)  # type: ignore[no-any-return]  # NOQA: E501
E       sqlite3.OperationalError: unable to open database file

venv\Lib\site-packages\sqlalchemy\engine\default.py:630: OperationalError

The above exception was the direct cause of the following exception:

request = &lt;SubRequest 'testapp' for &lt;Function test_login_bad_email&gt;&gt;

    @pytest.fixture()
    def testapp(request):
        app = create_app('appname.settings.TestConfig')
        client = app.test_client()
    
        db.app = app
        app_ctx = app.app_context()
        app_ctx.push()
&gt;       db.create_all()

tests\conftest.py:19: 
_ _ _ _ _ _ _ _ _ _ _ _ _ _ _ _ _ _ _ _ _ _ _ _ _ _ _ _ _ _ _ _ _ _ _ _ _ _ _ _ _ _ _ _ _ _ _ _ _ _ _ _ _ _ _ _ _ _ _ _
venv\Lib\site-packages\flask_sqlalchemy\extension.py:900: in create_all
    self._call_for_binds(bind_key, "create_all")
venv\Lib\site-packages\flask_sqlalchemy\extension.py:881: in _call_for_binds
    getattr(metadata, op_name)(bind=engine)
venv\Lib\site-packages\sqlalchemy\sql\schema.py:5928: in create_all
    bind._run_ddl_visitor(
venv\Lib\site-packages\sqlalchemy\engine\base.py:3259: in _run_ddl_visitor
    with self.begin() as conn:
C:\Python314\Lib\contextlib.py:141: in __enter__
    return next(self.gen)
venv\Lib\site-packages\sqlalchemy\engine\base.py:3249: in begin
    with self.connect() as conn:
venv\Lib\site-packages\sqlalchemy\engine\base.py:3285: in connect
    return self._connection_cls(self)
venv\Lib\site-packages\sqlalchemy\engine\base.py:145: in __init__
    Connection._handle_dbapi_exception_noconnection(
venv\Lib\site-packages\sqlalchemy\engine\base.py:2448: in _handle_dbapi_exception_noconnection
    raise sqlalchemy_exception.with_traceback(exc_info[2]) from e
venv\Lib\site-packages\sqlalchemy\engine\base.py:143: in __init__
    self._dbapi_connection = engine.raw_connection()
venv\Lib\site-packages\sqlalchemy\engine\base.py:3309: in raw_connection
    return self.pool.connect()
venv\Lib\site-packages\sqlalchemy\pool\base.py:447: in connect
    return _ConnectionFairy._checkout(self)
venv\Lib\site-packages\sqlalchemy\pool\base.py:1264: in _checkout
    fairy = _ConnectionRecord.checkout(pool)
venv\Lib\site-packages\sqlalchemy\pool\base.py:711: in checkout
    rec = pool._do_get()
venv\Lib\site-packages\sqlalchemy\pool\impl.py:177: in _do_get
    with util.safe_reraise():
venv\Lib\site-packages\sqlalchemy\util\langhelpers.py:224: in __exit__
    raise exc_value.with_traceback(exc_tb)
venv\Lib\site-packages\sqlalchemy\pool\impl.py:175: in _do_get
    return self._create_connection()
venv\Lib\site-packages\sqlalchemy\pool\base.py:388: in _create_connection
    return _ConnectionRecord(self)
venv\Lib\site-packages\sqlalchemy\pool\base.py:673: in __init__
    self.__connect()
venv\Lib\site-packages\sqlalchemy\pool\base.py:899: in __connect
    with util.safe_reraise():
venv\Lib\site-packages\sqlalchemy\util\langhelpers.py:224: in __exit__
    raise exc_value.with_traceback(exc_tb)
venv\Lib\site-packages\sqlalchemy\pool\base.py:895: in __connect
    self.dbapi_connection = connection = pool._invoke_creator(self)
venv\Lib\site-packages\sqlalchemy\engine\create.py:661: in connect
    return dialect.connect(*cargs, **cparams)
_ _ _ _ _ _ _ _ _ _ _ _ _ _ _ _ _ _ _ _ _ _ _ _ _ _ _ _ _ _ _ _ _ _ _ _ _ _ _ _ _ _ _ _ _ _ _ _ _ _ _ _ _ _ _ _ _ _ _ _

self = &lt;sqlalchemy.dialects.sqlite.pysqlite.SQLiteDialect_pysqlite object at 0x0000018E1100EA50&gt;
cargs = ('C:\\Users\\LENOVO~1\\AppData\\Local\\Temp\\tmpqj5tk3s2',), cparams = {'check_same_thread': False}

    def connect(self, *cargs: Any, **cparams: Any) -&gt; DBAPIConnection:
        # inherits the docstring from interfaces.Dialect.connect
&gt;       return self.loaded_dbapi.connect(*cargs, **cparams)  # type: ignore[no-any-return]  # NOQA: E501
E       sqlalchemy.exc.OperationalError: (sqlite3.OperationalError) unable to open database file
E       (Background on this error at: https://sqlalche.me/e/20/e3q8)

venv\Lib\site-packages\sqlalchemy\engine\default.py:630: OperationalError</error></testcase><testcase classname="tests.test_login.TestLogin" name="test_login_bad_password" time="1.489"><error message="failed on setup with &quot;sqlalchemy.exc.OperationalError: (sqlite3.OperationalError) unable to open database file&#10;(Background on this error at: https://sqlalche.me/e/20/e3q8)&quot;">self = &lt;sqlalchemy.engine.base.Connection object at 0x0000018E122CCFC0&gt;
engine = Engine(sqlite:///C:\Users\LENOVO~1\AppData\Local\Temp\tmpqj5tk3s2), connection = None, _has_events = None
_allow_revalidate = True, _allow_autobegin = True

    def __init__(
        self,
        engine: Engine,
        connection: Optional[PoolProxiedConnection] = None,
        _has_events: Optional[bool] = None,
        _allow_revalidate: bool = True,
        _allow_autobegin: bool = True,
    ):
        """Construct a new Connection."""
        self.engine = engine
        self.dialect = dialect = engine.dialect
    
        if connection is None:
            try:
&gt;               self._dbapi_connection = engine.raw_connection()

venv\Lib\site-packages\sqlalchemy\engine\base.py:143: 
_ _ _ _ _ _ _ _ _ _ _ _ _ _ _ _ _ _ _ _ _ _ _ _ _ _ _ _ _ _ _ _ _ _ _ _ _ _ _ _ _ _ _ _ _ _ _ _ _ _ _ _ _ _ _ _ _ _ _ _
venv\Lib\site-packages\sqlalchemy\engine\base.py:3309: in raw_connection
    return self.pool.connect()
venv\Lib\site-packages\sqlalchemy\pool\base.py:447: in connect
    return _ConnectionFairy._checkout(self)
venv\Lib\site-packages\sqlalchemy\pool\base.py:1264: in _checkout
    fairy = _ConnectionRecord.checkout(pool)
venv\Lib\site-packages\sqlalchemy\pool\base.py:711: in checkout
    rec = pool._do_get()
venv\Lib\site-packages\sqlalchemy\pool\impl.py:177: in _do_get
    with util.safe_reraise():
venv\Lib\site-packages\sqlalchemy\util\langhelpers.py:224: in __exit__
    raise exc_value.with_traceback(exc_tb)
venv\Lib\site-packages\sqlalchemy\pool\impl.py:175: in _do_get
    return self._create_connection()
venv\Lib\site-packages\sqlalchemy\pool\base.py:388: in _create_connection
    return _ConnectionRecord(self)
venv\Lib\site-packages\sqlalchemy\pool\base.py:673: in __init__
    self.__connect()
venv\Lib\site-packages\sqlalchemy\pool\base.py:899: in __connect
    with util.safe_reraise():
venv\Lib\site-packages\sqlalchemy\util\langhelpers.py:224: in __exit__
    raise exc_value.with_traceback(exc_tb)
venv\Lib\site-packages\sqlalchemy\pool\base.py:895: in __connect
    self.dbapi_connection = connection = pool._invoke_creator(self)
venv\Lib\site-packages\sqlalchemy\engine\create.py:661: in connect
    return dialect.connect(*cargs, **cparams)
_ _ _ _ _ _ _ _ _ _ _ _ _ _ _ _ _ _ _ _ _ _ _ _ _ _ _ _ _ _ _ _ _ _ _ _ _ _ _ _ _ _ _ _ _ _ _ _ _ _ _ _ _ _ _ _ _ _ _ _

self = &lt;sqlalchemy.dialects.sqlite.pysqlite.SQLiteDialect_pysqlite object at 0x0000018E10265050&gt;
cargs = ('C:\\Users\\LENOVO~1\\AppData\\Local\\Temp\\tmpqj5tk3s2',), cparams = {'check_same_thread': False}

    def connect(self, *cargs: Any, **cparams: Any) -&gt; DBAPIConnection:
        # inherits the docstring from interfaces.Dialect.connect
&gt;       return self.loaded_dbapi.connect(*cargs, **cparams)  # type: ignore[no-any-return]  # NOQA: E501
E       sqlite3.OperationalError: unable to open database file

venv\Lib\site-packages\sqlalchemy\engine\default.py:630: OperationalError

The above exception was the direct cause of the following exception:

request = &lt;SubRequest 'testapp' for &lt;Function test_login_bad_password&gt;&gt;

    @pytest.fixture()
    def testapp(request):
        app = create_app('appname.settings.TestConfig')
        client = app.test_client()
    
        db.app = app
        app_ctx = app.app_context()
        app_ctx.push()
&gt;       db.create_all()

tests\conftest.py:19: 
_ _ _ _ _ _ _ _ _ _ _ _ _ _ _ _ _ _ _ _ _ _ _ _ _ _ _ _ _ _ _ _ _ _ _ _ _ _ _ _ _ _ _ _ _ _ _ _ _ _ _ _ _ _ _ _ _ _ _ _
venv\Lib\site-packages\flask_sqlalchemy\extension.py:900: in create_all
    self._call_for_binds(bind_key, "create_all")
venv\Lib\site-packages\flask_sqlalchemy\extension.py:881: in _call_for_binds
    getattr(metadata, op_name)(bind=engine)
venv\Lib\site-packages\sqlalchemy\sql\schema.py:5928: in create_all
    bind._run_ddl_visitor(
venv\Lib\site-packages\sqlalchemy\engine\base.py:3259: in _run_ddl_visitor
    with self.begin() as conn:
C:\Python314\Lib\contextlib.py:141: in __enter__
    return next(self.gen)
venv\Lib\site-packages\sqlalchemy\engine\base.py:3249: in begin
    with self.connect() as conn:
venv\Lib\site-packages\sqlalchemy\engine\base.py:3285: in connect
    return self._connection_cls(self)
venv\Lib\site-packages\sqlalchemy\engine\base.py:145: in __init__
    Connection._handle_dbapi_exception_noconnection(
venv\Lib\site-packages\sqlalchemy\engine\base.py:2448: in _handle_dbapi_exception_noconnection
    raise sqlalchemy_exception.with_traceback(exc_info[2]) from e
venv\Lib\site-packages\sqlalchemy\engine\base.py:143: in __init__
    self._dbapi_connection = engine.raw_connection()
venv\Lib\site-packages\sqlalchemy\engine\base.py:3309: in raw_connection
    return self.pool.connect()
venv\Lib\site-packages\sqlalchemy\pool\base.py:447: in connect
    return _ConnectionFairy._checkout(self)
venv\Lib\site-packages\sqlalchemy\pool\base.py:1264: in _checkout
    fairy = _ConnectionRecord.checkout(pool)
venv\Lib\site-packages\sqlalchemy\pool\base.py:711: in checkout
    rec = pool._do_get()
venv\Lib\site-packages\sqlalchemy\pool\impl.py:177: in _do_get
    with util.safe_reraise():
venv\Lib\site-packages\sqlalchemy\util\langhelpers.py:224: in __exit__
    raise exc_value.with_traceback(exc_tb)
venv\Lib\site-packages\sqlalchemy\pool\impl.py:175: in _do_get
    return self._create_connection()
venv\Lib\site-packages\sqlalchemy\pool\base.py:388: in _create_connection
    return _ConnectionRecord(self)
venv\Lib\site-packages\sqlalchemy\pool\base.py:673: in __init__
    self.__connect()
venv\Lib\site-packages\sqlalchemy\pool\base.py:899: in __connect
    with util.safe_reraise():
venv\Lib\site-packages\sqlalchemy\util\langhelpers.py:224: in __exit__
    raise exc_value.with_traceback(exc_tb)
venv\Lib\site-packages\sqlalchemy\pool\base.py:895: in __connect
    self.dbapi_connection = connection = pool._invoke_creator(self)
venv\Lib\site-packages\sqlalchemy\engine\create.py:661: in connect
    return dialect.connect(*cargs, **cparams)
_ _ _ _ _ _ _ _ _ _ _ _ _ _ _ _ _ _ _ _ _ _ _ _ _ _ _ _ _ _ _ _ _ _ _ _ _ _ _ _ _ _ _ _ _ _ _ _ _ _ _ _ _ _ _ _ _ _ _ _

self = &lt;sqlalchemy.dialects.sqlite.pysqlite.SQLiteDialect_pysqlite object at 0x0000018E10265050&gt;
cargs = ('C:\\Users\\LENOVO~1\\AppData\\Local\\Temp\\tmpqj5tk3s2',), cparams = {'check_same_thread': False}

    def connect(self, *cargs: Any, **cparams: Any) -&gt; DBAPIConnection:
        # inherits the docstring from interfaces.Dialect.connect
&gt;       return self.loaded_dbapi.connect(*cargs, **cparams)  # type: ignore[no-any-return]  # NOQA: E501
E       sqlalchemy.exc.OperationalError: (sqlite3.OperationalError) unable to open database file
E       (Background on this error at: https://sqlalche.me/e/20/e3q8)

venv\Lib\site-packages\sqlalchemy\engine\default.py:630: OperationalError</error></testcase><testcase classname="tests.test_roles_session_admin.TestAdminJobsAuth" name="test_jobs_dashboard_requires_authentication" time="1.454"><error message="failed on setup with &quot;sqlalchemy.exc.OperationalError: (sqlite3.OperationalError) unable to open database file&#10;(Background on this error at: https://sqlalche.me/e/20/e3q8)&quot;">self = &lt;sqlalchemy.engine.base.Connection object at 0x0000018E13FE5160&gt;
engine = Engine(sqlite:///C:\Users\LENOVO~1\AppData\Local\Temp\tmpqj5tk3s2), connection = None, _has_events = None
_allow_revalidate = True, _allow_autobegin = True

    def __init__(
        self,
        engine: Engine,
        connection: Optional[PoolProxiedConnection] = None,
        _has_events: Optional[bool] = None,
        _allow_revalidate: bool = True,
        _allow_autobegin: bool = True,
    ):
        """Construct a new Connection."""
        self.engine = engine
        self.dialect = dialect = engine.dialect
    
        if connection is None:
            try:
&gt;               self._dbapi_connection = engine.raw_connection()

venv\Lib\site-packages\sqlalchemy\engine\base.py:143: 
_ _ _ _ _ _ _ _ _ _ _ _ _ _ _ _ _ _ _ _ _ _ _ _ _ _ _ _ _ _ _ _ _ _ _ _ _ _ _ _ _ _ _ _ _ _ _ _ _ _ _ _ _ _ _ _ _ _ _ _
venv\Lib\site-packages\sqlalchemy\engine\base.py:3309: in raw_connection
    return self.pool.connect()
venv\Lib\site-packages\sqlalchemy\pool\base.py:447: in connect
    return _ConnectionFairy._checkout(self)
venv\Lib\site-packages\sqlalchemy\pool\base.py:1264: in _checkout
    fairy = _ConnectionRecord.checkout(pool)
venv\Lib\site-packages\sqlalchemy\pool\base.py:711: in checkout
    rec = pool._do_get()
venv\Lib\site-packages\sqlalchemy\pool\impl.py:177: in _do_get
    with util.safe_reraise():
venv\Lib\site-packages\sqlalchemy\util\langhelpers.py:224: in __exit__
    raise exc_value.with_traceback(exc_tb)
venv\Lib\site-packages\sqlalchemy\pool\impl.py:175: in _do_get
    return self._create_connection()
venv\Lib\site-packages\sqlalchemy\pool\base.py:388: in _create_connection
    return _ConnectionRecord(self)
venv\Lib\site-packages\sqlalchemy\pool\base.py:673: in __init__
    self.__connect()
venv\Lib\site-packages\sqlalchemy\pool\base.py:899: in __connect
    with util.safe_reraise():
venv\Lib\site-packages\sqlalchemy\util\langhelpers.py:224: in __exit__
    raise exc_value.with_traceback(exc_tb)
venv\Lib\site-packages\sqlalchemy\pool\base.py:895: in __connect
    self.dbapi_connection = connection = pool._invoke_creator(self)
venv\Lib\site-packages\sqlalchemy\engine\create.py:661: in connect
    return dialect.connect(*cargs, **cparams)
_ _ _ _ _ _ _ _ _ _ _ _ _ _ _ _ _ _ _ _ _ _ _ _ _ _ _ _ _ _ _ _ _ _ _ _ _ _ _ _ _ _ _ _ _ _ _ _ _ _ _ _ _ _ _ _ _ _ _ _

self = &lt;sqlalchemy.dialects.sqlite.pysqlite.SQLiteDialect_pysqlite object at 0x0000018E10614250&gt;
cargs = ('C:\\Users\\LENOVO~1\\AppData\\Local\\Temp\\tmpqj5tk3s2',), cparams = {'check_same_thread': False}

    def connect(self, *cargs: Any, **cparams: Any) -&gt; DBAPIConnection:
        # inherits the docstring from interfaces.Dialect.connect
&gt;       return self.loaded_dbapi.connect(*cargs, **cparams)  # type: ignore[no-any-return]  # NOQA: E501
E       sqlite3.OperationalError: unable to open database file

venv\Lib\site-packages\sqlalchemy\engine\default.py:630: OperationalError

The above exception was the direct cause of the following exception:

request = &lt;SubRequest 'testapp' for &lt;Function test_jobs_dashboard_requires_authentication&gt;&gt;

    @pytest.fixture()
    def testapp(request):
        app = create_app('appname.settings.TestConfig')
        client = app.test_client()
    
        db.app = app
        app_ctx = app.app_context()
        app_ctx.push()
&gt;       db.create_all()

tests\conftest.py:19: 
_ _ _ _ _ _ _ _ _ _ _ _ _ _ _ _ _ _ _ _ _ _ _ _ _ _ _ _ _ _ _ _ _ _ _ _ _ _ _ _ _ _ _ _ _ _ _ _ _ _ _ _ _ _ _ _ _ _ _ _
venv\Lib\site-packages\flask_sqlalchemy\extension.py:900: in create_all
    self._call_for_binds(bind_key, "create_all")
venv\Lib\site-packages\flask_sqlalchemy\extension.py:881: in _call_for_binds
    getattr(metadata, op_name)(bind=engine)
venv\Lib\site-packages\sqlalchemy\sql\schema.py:5928: in create_all
    bind._run_ddl_visitor(
venv\Lib\site-packages\sqlalchemy\engine\base.py:3259: in _run_ddl_visitor
    with self.begin() as conn:
C:\Python314\Lib\contextlib.py:141: in __enter__
    return next(self.gen)
venv\Lib\site-packages\sqlalchemy\engine\base.py:3249: in begin
    with self.connect() as conn:
venv\Lib\site-packages\sqlalchemy\engine\base.py:3285: in connect
    return self._connection_cls(self)
venv\Lib\site-packages\sqlalchemy\engine\base.py:145: in __init__
    Connection._handle_dbapi_exception_noconnection(
venv\Lib\site-packages\sqlalchemy\engine\base.py:2448: in _handle_dbapi_exception_noconnection
    raise sqlalchemy_exception.with_traceback(exc_info[2]) from e
venv\Lib\site-packages\sqlalchemy\engine\base.py:143: in __init__
    self._dbapi_connection = engine.raw_connection()
venv\Lib\site-packages\sqlalchemy\engine\base.py:3309: in raw_connection
    return self.pool.connect()
venv\Lib\site-packages\sqlalchemy\pool\base.py:447: in connect
    return _ConnectionFairy._checkout(self)
venv\Lib\site-packages\sqlalchemy\pool\base.py:1264: in _checkout
    fairy = _ConnectionRecord.checkout(pool)
venv\Lib\site-packages\sqlalchemy\pool\base.py:711: in checkout
    rec = pool._do_get()
venv\Lib\site-packages\sqlalchemy\pool\impl.py:177: in _do_get
    with util.safe_reraise():
venv\Lib\site-packages\sqlalchemy\util\langhelpers.py:224: in __exit__
    raise exc_value.with_traceback(exc_tb)
venv\Lib\site-packages\sqlalchemy\pool\impl.py:175: in _do_get
    return self._create_connection()
venv\Lib\site-packages\sqlalchemy\pool\base.py:388: in _create_connection
    return _ConnectionRecord(self)
venv\Lib\site-packages\sqlalchemy\pool\base.py:673: in __init__
    self.__connect()
venv\Lib\site-packages\sqlalchemy\pool\base.py:899: in __connect
    with util.safe_reraise():
venv\Lib\site-packages\sqlalchemy\util\langhelpers.py:224: in __exit__
    raise exc_value.with_traceback(exc_tb)
venv\Lib\site-packages\sqlalchemy\pool\base.py:895: in __connect
    self.dbapi_connection = connection = pool._invoke_creator(self)
venv\Lib\site-packages\sqlalchemy\engine\create.py:661: in connect
    return dialect.connect(*cargs, **cparams)
_ _ _ _ _ _ _ _ _ _ _ _ _ _ _ _ _ _ _ _ _ _ _ _ _ _ _ _ _ _ _ _ _ _ _ _ _ _ _ _ _ _ _ _ _ _ _ _ _ _ _ _ _ _ _ _ _ _ _ _

self = &lt;sqlalchemy.dialects.sqlite.pysqlite.SQLiteDialect_pysqlite object at 0x0000018E10614250&gt;
cargs = ('C:\\Users\\LENOVO~1\\AppData\\Local\\Temp\\tmpqj5tk3s2',), cparams = {'check_same_thread': False}

    def connect(self, *cargs: Any, **cparams: Any) -&gt; DBAPIConnection:
        # inherits the docstring from interfaces.Dialect.connect
&gt;       return self.loaded_dbapi.connect(*cargs, **cparams)  # type: ignore[no-any-return]  # NOQA: E501
E       sqlalchemy.exc.OperationalError: (sqlite3.OperationalError) unable to open database file
E       (Background on this error at: https://sqlalche.me/e/20/e3q8)

venv\Lib\site-packages\sqlalchemy\engine\default.py:630: OperationalError</error></testcase><testcase classname="tests.test_roles_session_admin.TestAdminJobsAuth" name="test_jobs_dashboard_for_non_admin_returns_403" time="1.491"><error message="failed on setup with &quot;sqlalchemy.exc.OperationalError: (sqlite3.OperationalError) unable to open database file&#10;(Background on this error at: https://sqlalche.me/e/20/e3q8)&quot;">self = &lt;sqlalchemy.engine.base.Connection object at 0x0000018E119A82C0&gt;
engine = Engine(sqlite:///C:\Users\LENOVO~1\AppData\Local\Temp\tmpqj5tk3s2), connection = None, _has_events = None
_allow_revalidate = True, _allow_autobegin = True

    def __init__(
        self,
        engine: Engine,
        connection: Optional[PoolProxiedConnection] = None,
        _has_events: Optional[bool] = None,
        _allow_revalidate: bool = True,
        _allow_autobegin: bool = True,
    ):
        """Construct a new Connection."""
        self.engine = engine
        self.dialect = dialect = engine.dialect
    
        if connection is None:
            try:
&gt;               self._dbapi_connection = engine.raw_connection()

venv\Lib\site-packages\sqlalchemy\engine\base.py:143: 
_ _ _ _ _ _ _ _ _ _ _ _ _ _ _ _ _ _ _ _ _ _ _ _ _ _ _ _ _ _ _ _ _ _ _ _ _ _ _ _ _ _ _ _ _ _ _ _ _ _ _ _ _ _ _ _ _ _ _ _
venv\Lib\site-packages\sqlalchemy\engine\base.py:3309: in raw_connection
    return self.pool.connect()
venv\Lib\site-packages\sqlalchemy\pool\base.py:447: in connect
    return _ConnectionFairy._checkout(self)
venv\Lib\site-packages\sqlalchemy\pool\base.py:1264: in _checkout
    fairy = _ConnectionRecord.checkout(pool)
venv\Lib\site-packages\sqlalchemy\pool\base.py:711: in checkout
    rec = pool._do_get()
venv\Lib\site-packages\sqlalchemy\pool\impl.py:177: in _do_get
    with util.safe_reraise():
venv\Lib\site-packages\sqlalchemy\util\langhelpers.py:224: in __exit__
    raise exc_value.with_traceback(exc_tb)
venv\Lib\site-packages\sqlalchemy\pool\impl.py:175: in _do_get
    return self._create_connection()
venv\Lib\site-packages\sqlalchemy\pool\base.py:388: in _create_connection
    return _ConnectionRecord(self)
venv\Lib\site-packages\sqlalchemy\pool\base.py:673: in __init__
    self.__connect()
venv\Lib\site-packages\sqlalchemy\pool\base.py:899: in __connect
    with util.safe_reraise():
venv\Lib\site-packages\sqlalchemy\util\langhelpers.py:224: in __exit__
    raise exc_value.with_traceback(exc_tb)
venv\Lib\site-packages\sqlalchemy\pool\base.py:895: in __connect
    self.dbapi_connection = connection = pool._invoke_creator(self)
venv\Lib\site-packages\sqlalchemy\engine\create.py:661: in connect
    return dialect.connect(*cargs, **cparams)
_ _ _ _ _ _ _ _ _ _ _ _ _ _ _ _ _ _ _ _ _ _ _ _ _ _ _ _ _ _ _ _ _ _ _ _ _ _ _ _ _ _ _ _ _ _ _ _ _ _ _ _ _ _ _ _ _ _ _ _

self = &lt;sqlalchemy.dialects.sqlite.pysqlite.SQLiteDialect_pysqlite object at 0x0000018E10617E50&gt;
cargs = ('C:\\Users\\LENOVO~1\\AppData\\Local\\Temp\\tmpqj5tk3s2',), cparams = {'check_same_thread': False}

    def connect(self, *cargs: Any, **cparams: Any) -&gt; DBAPIConnection:
        # inherits the docstring from interfaces.Dialect.connect
&gt;       return self.loaded_dbapi.connect(*cargs, **cparams)  # type: ignore[no-any-return]  # NOQA: E501
E       sqlite3.OperationalError: unable to open database file

venv\Lib\site-packages\sqlalchemy\engine\default.py:630: OperationalError

The above exception was the direct cause of the following exception:

request = &lt;SubRequest 'testapp' for &lt;Function test_jobs_dashboard_for_non_admin_returns_403&gt;&gt;

    @pytest.fixture()
    def testapp(request):
        app = create_app('appname.settings.TestConfig')
        client = app.test_client()
    
        db.app = app
        app_ctx = app.app_context()
        app_ctx.push()
&gt;       db.create_all()

tests\conftest.py:19: 
_ _ _ _ _ _ _ _ _ _ _ _ _ _ _ _ _ _ _ _ _ _ _ _ _ _ _ _ _ _ _ _ _ _ _ _ _ _ _ _ _ _ _ _ _ _ _ _ _ _ _ _ _ _ _ _ _ _ _ _
venv\Lib\site-packages\flask_sqlalchemy\extension.py:900: in create_all
    self._call_for_binds(bind_key, "create_all")
venv\Lib\site-packages\flask_sqlalchemy\extension.py:881: in _call_for_binds
    getattr(metadata, op_name)(bind=engine)
venv\Lib\site-packages\sqlalchemy\sql\schema.py:5928: in create_all
    bind._run_ddl_visitor(
venv\Lib\site-packages\sqlalchemy\engine\base.py:3259: in _run_ddl_visitor
    with self.begin() as conn:
C:\Python314\Lib\contextlib.py:141: in __enter__
    return next(self.gen)
venv\Lib\site-packages\sqlalchemy\engine\base.py:3249: in begin
    with self.connect() as conn:
venv\Lib\site-packages\sqlalchemy\engine\base.py:3285: in connect
    return self._connection_cls(self)
venv\Lib\site-packages\sqlalchemy\engine\base.py:145: in __init__
    Connection._handle_dbapi_exception_noconnection(
venv\Lib\site-packages\sqlalchemy\engine\base.py:2448: in _handle_dbapi_exception_noconnection
    raise sqlalchemy_exception.with_traceback(exc_info[2]) from e
venv\Lib\site-packages\sqlalchemy\engine\base.py:143: in __init__
    self._dbapi_connection = engine.raw_connection()
venv\Lib\site-packages\sqlalchemy\engine\base.py:3309: in raw_connection
    return self.pool.connect()
venv\Lib\site-packages\sqlalchemy\pool\base.py:447: in connect
    return _ConnectionFairy._checkout(self)
venv\Lib\site-packages\sqlalchemy\pool\base.py:1264: in _checkout
    fairy = _ConnectionRecord.checkout(pool)
venv\Lib\site-packages\sqlalchemy\pool\base.py:711: in checkout
    rec = pool._do_get()
venv\Lib\site-packages\sqlalchemy\pool\impl.py:177: in _do_get
    with util.safe_reraise():
venv\Lib\site-packages\sqlalchemy\util\langhelpers.py:224: in __exit__
    raise exc_value.with_traceback(exc_tb)
venv\Lib\site-packages\sqlalchemy\pool\impl.py:175: in _do_get
    return self._create_connection()
venv\Lib\site-packages\sqlalchemy\pool\base.py:388: in _create_connection
    return _ConnectionRecord(self)
venv\Lib\site-packages\sqlalchemy\pool\base.py:673: in __init__
    self.__connect()
venv\Lib\site-packages\sqlalchemy\pool\base.py:899: in __connect
    with util.safe_reraise():
venv\Lib\site-packages\sqlalchemy\util\langhelpers.py:224: in __exit__
    raise exc_value.with_traceback(exc_tb)
venv\Lib\site-packages\sqlalchemy\pool\base.py:895: in __connect
    self.dbapi_connection = connection = pool._invoke_creator(self)
venv\Lib\site-packages\sqlalchemy\engine\create.py:661: in connect
    return dialect.connect(*cargs, **cparams)
_ _ _ _ _ _ _ _ _ _ _ _ _ _ _ _ _ _ _ _ _ _ _ _ _ _ _ _ _ _ _ _ _ _ _ _ _ _ _ _ _ _ _ _ _ _ _ _ _ _ _ _ _ _ _ _ _ _ _ _

self = &lt;sqlalchemy.dialects.sqlite.pysqlite.SQLiteDialect_pysqlite object at 0x0000018E10617E50&gt;
cargs = ('C:\\Users\\LENOVO~1\\AppData\\Local\\Temp\\tmpqj5tk3s2',), cparams = {'check_same_thread': False}

    def connect(self, *cargs: Any, **cparams: Any) -&gt; DBAPIConnection:
        # inherits the docstring from interfaces.Dialect.connect
&gt;       return self.loaded_dbapi.connect(*cargs, **cparams)  # type: ignore[no-any-return]  # NOQA: E501
E       sqlalchemy.exc.OperationalError: (sqlite3.OperationalError) unable to open database file
E       (Background on this error at: https://sqlalche.me/e/20/e3q8)

venv\Lib\site-packages\sqlalchemy\engine\default.py:630: OperationalError</error></testcase><testcase classname="tests.test_roles_session_admin.TestSessionHelper" name="test_current_membership_defaults_to_first_active_membership" time="1.465"><error message="failed on setup with &quot;sqlalchemy.exc.OperationalError: (sqlite3.OperationalError) unable to open database file&#10;(Background on this error at: https://sqlalche.me/e/20/e3q8)&quot;">self = &lt;sqlalchemy.engine.base.Connection object at 0x0000018E13FE4A10&gt;
engine = Engine(sqlite:///C:\Users\LENOVO~1\AppData\Local\Temp\tmpqj5tk3s2), connection = None, _has_events = None
_allow_revalidate = True, _allow_autobegin = True

    def __init__(
        self,
        engine: Engine,
        connection: Optional[PoolProxiedConnection] = None,
        _has_events: Optional[bool] = None,
        _allow_revalidate: bool = True,
        _allow_autobegin: bool = True,
    ):
        """Construct a new Connection."""
        self.engine = engine
        self.dialect = dialect = engine.dialect
    
        if connection is None:
            try:
&gt;               self._dbapi_connection = engine.raw_connection()

venv\Lib\site-packages\sqlalchemy\engine\base.py:143: 
_ _ _ _ _ _ _ _ _ _ _ _ _ _ _ _ _ _ _ _ _ _ _ _ _ _ _ _ _ _ _ _ _ _ _ _ _ _ _ _ _ _ _ _ _ _ _ _ _ _ _ _ _ _ _ _ _ _ _ _
venv\Lib\site-packages\sqlalchemy\engine\base.py:3309: in raw_connection
    return self.pool.connect()
venv\Lib\site-packages\sqlalchemy\pool\base.py:447: in connect
    return _ConnectionFairy._checkout(self)
venv\Lib\site-packages\sqlalchemy\pool\base.py:1264: in _checkout
    fairy = _ConnectionRecord.checkout(pool)
venv\Lib\site-packages\sqlalchemy\pool\base.py:711: in checkout
    rec = pool._do_get()
venv\Lib\site-packages\sqlalchemy\pool\impl.py:177: in _do_get
    with util.safe_reraise():
venv\Lib\site-packages\sqlalchemy\util\langhelpers.py:224: in __exit__
    raise exc_value.with_traceback(exc_tb)
venv\Lib\site-packages\sqlalchemy\pool\impl.py:175: in _do_get
    return self._create_connection()
venv\Lib\site-packages\sqlalchemy\pool\base.py:388: in _create_connection
    return _ConnectionRecord(self)
venv\Lib\site-packages\sqlalchemy\pool\base.py:673: in __init__
    self.__connect()
venv\Lib\site-packages\sqlalchemy\pool\base.py:899: in __connect
    with util.safe_reraise():
venv\Lib\site-packages\sqlalchemy\util\langhelpers.py:224: in __exit__
    raise exc_value.with_traceback(exc_tb)
venv\Lib\site-packages\sqlalchemy\pool\base.py:895: in __connect
    self.dbapi_connection = connection = pool._invoke_creator(self)
venv\Lib\site-packages\sqlalchemy\engine\create.py:661: in connect
    return dialect.connect(*cargs, **cparams)
_ _ _ _ _ _ _ _ _ _ _ _ _ _ _ _ _ _ _ _ _ _ _ _ _ _ _ _ _ _ _ _ _ _ _ _ _ _ _ _ _ _ _ _ _ _ _ _ _ _ _ _ _ _ _ _ _ _ _ _

self = &lt;sqlalchemy.dialects.sqlite.pysqlite.SQLiteDialect_pysqlite object at 0x0000018E10DD0750&gt;
cargs = ('C:\\Users\\LENOVO~1\\AppData\\Local\\Temp\\tmpqj5tk3s2',), cparams = {'check_same_thread': False}

    def connect(self, *cargs: Any, **cparams: Any) -&gt; DBAPIConnection:
        # inherits the docstring from interfaces.Dialect.connect
&gt;       return self.loaded_dbapi.connect(*cargs, **cparams)  # type: ignore[no-any-return]  # NOQA: E501
E       sqlite3.OperationalError: unable to open database file

venv\Lib\site-packages\sqlalchemy\engine\default.py:630: OperationalError

The above exception was the direct cause of the following exception:

request = &lt;SubRequest 'testapp' for &lt;Function test_current_membership_defaults_to_first_active_membership&gt;&gt;

    @pytest.fixture()
    def testapp(request):
        app = create_app('appname.settings.TestConfig')
        client = app.test_client()
    
        db.app = app
        app_ctx = app.app_context()
        app_ctx.push()
&gt;       db.create_all()

tests\conftest.py:19: 
_ _ _ _ _ _ _ _ _ _ _ _ _ _ _ _ _ _ _ _ _ _ _ _ _ _ _ _ _ _ _ _ _ _ _ _ _ _ _ _ _ _ _ _ _ _ _ _ _ _ _ _ _ _ _ _ _ _ _ _
venv\Lib\site-packages\flask_sqlalchemy\extension.py:900: in create_all
    self._call_for_binds(bind_key, "create_all")
venv\Lib\site-packages\flask_sqlalchemy\extension.py:881: in _call_for_binds
    getattr(metadata, op_name)(bind=engine)
venv\Lib\site-packages\sqlalchemy\sql\schema.py:5928: in create_all
    bind._run_ddl_visitor(
venv\Lib\site-packages\sqlalchemy\engine\base.py:3259: in _run_ddl_visitor
    with self.begin() as conn:
C:\Python314\Lib\contextlib.py:141: in __enter__
    return next(self.gen)
venv\Lib\site-packages\sqlalchemy\engine\base.py:3249: in begin
    with self.connect() as conn:
venv\Lib\site-packages\sqlalchemy\engine\base.py:3285: in connect
    return self._connection_cls(self)
venv\Lib\site-packages\sqlalchemy\engine\base.py:145: in __init__
    Connection._handle_dbapi_exception_noconnection(
venv\Lib\site-packages\sqlalchemy\engine\base.py:2448: in _handle_dbapi_exception_noconnection
    raise sqlalchemy_exception.with_traceback(exc_info[2]) from e
venv\Lib\site-packages\sqlalchemy\engine\base.py:143: in __init__
    self._dbapi_connection = engine.raw_connection()
venv\Lib\site-packages\sqlalchemy\engine\base.py:3309: in raw_connection
    return self.pool.connect()
venv\Lib\site-packages\sqlalchemy\pool\base.py:447: in connect
    return _ConnectionFairy._checkout(self)
venv\Lib\site-packages\sqlalchemy\pool\base.py:1264: in _checkout
    fairy = _ConnectionRecord.checkout(pool)
venv\Lib\site-packages\sqlalchemy\pool\base.py:711: in checkout
    rec = pool._do_get()
venv\Lib\site-packages\sqlalchemy\pool\impl.py:177: in _do_get
    with util.safe_reraise():
venv\Lib\site-packages\sqlalchemy\util\langhelpers.py:224: in __exit__
    raise exc_value.with_traceback(exc_tb)
venv\Lib\site-packages\sqlalchemy\pool\impl.py:175: in _do_get
    return self._create_connection()
venv\Lib\site-packages\sqlalchemy\pool\base.py:388: in _create_connection
    return _ConnectionRecord(self)
venv\Lib\site-packages\sqlalchemy\pool\base.py:673: in __init__
    self.__connect()
venv\Lib\site-packages\sqlalchemy\pool\base.py:899: in __connect
    with util.safe_reraise():
venv\Lib\site-packages\sqlalchemy\util\langhelpers.py:224: in __exit__
    raise exc_value.with_traceback(exc_tb)
venv\Lib\site-packages\sqlalchemy\pool\base.py:895: in __connect
    self.dbapi_connection = connection = pool._invoke_creator(self)
venv\Lib\site-packages\sqlalchemy\engine\create.py:661: in connect
    return dialect.connect(*cargs, **cparams)
_ _ _ _ _ _ _ _ _ _ _ _ _ _ _ _ _ _ _ _ _ _ _ _ _ _ _ _ _ _ _ _ _ _ _ _ _ _ _ _ _ _ _ _ _ _ _ _ _ _ _ _ _ _ _ _ _ _ _ _

self = &lt;sqlalchemy.dialects.sqlite.pysqlite.SQLiteDialect_pysqlite object at 0x0000018E10DD0750&gt;
cargs = ('C:\\Users\\LENOVO~1\\AppData\\Local\\Temp\\tmpqj5tk3s2',), cparams = {'check_same_thread': False}

    def connect(self, *cargs: Any, **cparams: Any) -&gt; DBAPIConnection:
        # inherits the docstring from interfaces.Dialect.connect
&gt;       return self.loaded_dbapi.connect(*cargs, **cparams)  # type: ignore[no-any-return]  # NOQA: E501
E       sqlalchemy.exc.OperationalError: (sqlite3.OperationalError) unable to open database file
E       (Background on this error at: https://sqlalche.me/e/20/e3q8)

venv\Lib\site-packages\sqlalchemy\engine\default.py:630: OperationalError</error></testcase><testcase classname="tests.test_roles_session_admin.TestSessionHelper" name="test_current_membership_returns_selected_membership" time="1.476"><error message="failed on setup with &quot;sqlalchemy.exc.OperationalError: (sqlite3.OperationalError) unable to open database file&#10;(Background on this error at: https://sqlalche.me/e/20/e3q8)&quot;">self = &lt;sqlalchemy.engine.base.Connection object at 0x0000018E139981F0&gt;
engine = Engine(sqlite:///C:\Users\LENOVO~1\AppData\Local\Temp\tmpqj5tk3s2), connection = None, _has_events = None
_allow_revalidate = True, _allow_autobegin = True

    def __init__(
        self,
        engine: Engine,
        connection: Optional[PoolProxiedConnection] = None,
        _has_events: Optional[bool] = None,
        _allow_revalidate: bool = True,
        _allow_autobegin: bool = True,
    ):
        """Construct a new Connection."""
        self.engine = engine
        self.dialect = dialect = engine.dialect
    
        if connection is None:
            try:
&gt;               self._dbapi_connection = engine.raw_connection()

venv\Lib\site-packages\sqlalchemy\engine\base.py:143: 
_ _ _ _ _ _ _ _ _ _ _ _ _ _ _ _ _ _ _ _ _ _ _ _ _ _ _ _ _ _ _ _ _ _ _ _ _ _ _ _ _ _ _ _ _ _ _ _ _ _ _ _ _ _ _ _ _ _ _ _
venv\Lib\site-packages\sqlalchemy\engine\base.py:3309: in raw_connection
    return self.pool.connect()
venv\Lib\site-packages\sqlalchemy\pool\base.py:447: in connect
    return _ConnectionFairy._checkout(self)
venv\Lib\site-packages\sqlalchemy\pool\base.py:1264: in _checkout
    fairy = _ConnectionRecord.checkout(pool)
venv\Lib\site-packages\sqlalchemy\pool\base.py:711: in checkout
    rec = pool._do_get()
venv\Lib\site-packages\sqlalchemy\pool\impl.py:177: in _do_get
    with util.safe_reraise():
venv\Lib\site-packages\sqlalchemy\util\langhelpers.py:224: in __exit__
    raise exc_value.with_traceback(exc_tb)
venv\Lib\site-packages\sqlalchemy\pool\impl.py:175: in _do_get
    return self._create_connection()
venv\Lib\site-packages\sqlalchemy\pool\base.py:388: in _create_connection
    return _ConnectionRecord(self)
venv\Lib\site-packages\sqlalchemy\pool\base.py:673: in __init__
    self.__connect()
venv\Lib\site-packages\sqlalchemy\pool\base.py:899: in __connect
    with util.safe_reraise():
venv\Lib\site-packages\sqlalchemy\util\langhelpers.py:224: in __exit__
    raise exc_value.with_traceback(exc_tb)
venv\Lib\site-packages\sqlalchemy\pool\base.py:895: in __connect
    self.dbapi_connection = connection = pool._invoke_creator(self)
venv\Lib\site-packages\sqlalchemy\engine\create.py:661: in connect
    return dialect.connect(*cargs, **cparams)
_ _ _ _ _ _ _ _ _ _ _ _ _ _ _ _ _ _ _ _ _ _ _ _ _ _ _ _ _ _ _ _ _ _ _ _ _ _ _ _ _ _ _ _ _ _ _ _ _ _ _ _ _ _ _ _ _ _ _ _

self = &lt;sqlalchemy.dialects.sqlite.pysqlite.SQLiteDialect_pysqlite object at 0x0000018E10DD3450&gt;
cargs = ('C:\\Users\\LENOVO~1\\AppData\\Local\\Temp\\tmpqj5tk3s2',), cparams = {'check_same_thread': False}

    def connect(self, *cargs: Any, **cparams: Any) -&gt; DBAPIConnection:
        # inherits the docstring from interfaces.Dialect.connect
&gt;       return self.loaded_dbapi.connect(*cargs, **cparams)  # type: ignore[no-any-return]  # NOQA: E501
E       sqlite3.OperationalError: unable to open database file

venv\Lib\site-packages\sqlalchemy\engine\default.py:630: OperationalError

The above exception was the direct cause of the following exception:

request = &lt;SubRequest 'testapp' for &lt;Function test_current_membership_returns_selected_membership&gt;&gt;

    @pytest.fixture()
    def testapp(request):
        app = create_app('appname.settings.TestConfig')
        client = app.test_client()
    
        db.app = app
        app_ctx = app.app_context()
        app_ctx.push()
&gt;       db.create_all()

tests\conftest.py:19: 
_ _ _ _ _ _ _ _ _ _ _ _ _ _ _ _ _ _ _ _ _ _ _ _ _ _ _ _ _ _ _ _ _ _ _ _ _ _ _ _ _ _ _ _ _ _ _ _ _ _ _ _ _ _ _ _ _ _ _ _
venv\Lib\site-packages\flask_sqlalchemy\extension.py:900: in create_all
    self._call_for_binds(bind_key, "create_all")
venv\Lib\site-packages\flask_sqlalchemy\extension.py:881: in _call_for_binds
    getattr(metadata, op_name)(bind=engine)
venv\Lib\site-packages\sqlalchemy\sql\schema.py:5928: in create_all
    bind._run_ddl_visitor(
venv\Lib\site-packages\sqlalchemy\engine\base.py:3259: in _run_ddl_visitor
    with self.begin() as conn:
C:\Python314\Lib\contextlib.py:141: in __enter__
    return next(self.gen)
venv\Lib\site-packages\sqlalchemy\engine\base.py:3249: in begin
    with self.connect() as conn:
venv\Lib\site-packages\sqlalchemy\engine\base.py:3285: in connect
    return self._connection_cls(self)
venv\Lib\site-packages\sqlalchemy\engine\base.py:145: in __init__
    Connection._handle_dbapi_exception_noconnection(
venv\Lib\site-packages\sqlalchemy\engine\base.py:2448: in _handle_dbapi_exception_noconnection
    raise sqlalchemy_exception.with_traceback(exc_info[2]) from e
venv\Lib\site-packages\sqlalchemy\engine\base.py:143: in __init__
    self._dbapi_connection = engine.raw_connection()
venv\Lib\site-packages\sqlalchemy\engine\base.py:3309: in raw_connection
    return self.pool.connect()
venv\Lib\site-packages\sqlalchemy\pool\base.py:447: in connect
    return _ConnectionFairy._checkout(self)
venv\Lib\site-packages\sqlalchemy\pool\base.py:1264: in _checkout
    fairy = _ConnectionRecord.checkout(pool)
venv\Lib\site-packages\sqlalchemy\pool\base.py:711: in checkout
    rec = pool._do_get()
venv\Lib\site-packages\sqlalchemy\pool\impl.py:177: in _do_get
    with util.safe_reraise():
venv\Lib\site-packages\sqlalchemy\util\langhelpers.py:224: in __exit__
    raise exc_value.with_traceback(exc_tb)
venv\Lib\site-packages\sqlalchemy\pool\impl.py:175: in _do_get
    return self._create_connection()
venv\Lib\site-packages\sqlalchemy\pool\base.py:388: in _create_connection
    return _ConnectionRecord(self)
venv\Lib\site-packages\sqlalchemy\pool\base.py:673: in __init__
    self.__connect()
venv\Lib\site-packages\sqlalchemy\pool\base.py:899: in __connect
    with util.safe_reraise():
venv\Lib\site-packages\sqlalchemy\util\langhelpers.py:224: in __exit__
    raise exc_value.with_traceback(exc_tb)
venv\Lib\site-packages\sqlalchemy\pool\base.py:895: in __connect
    self.dbapi_connection = connection = pool._invoke_creator(self)
venv\Lib\site-packages\sqlalchemy\engine\create.py:661: in connect
    return dialect.connect(*cargs, **cparams)
_ _ _ _ _ _ _ _ _ _ _ _ _ _ _ _ _ _ _ _ _ _ _ _ _ _ _ _ _ _ _ _ _ _ _ _ _ _ _ _ _ _ _ _ _ _ _ _ _ _ _ _ _ _ _ _ _ _ _ _

self = &lt;sqlalchemy.dialects.sqlite.pysqlite.SQLiteDialect_pysqlite object at 0x0000018E10DD3450&gt;
cargs = ('C:\\Users\\LENOVO~1\\AppData\\Local\\Temp\\tmpqj5tk3s2',), cparams = {'check_same_thread': False}

    def connect(self, *cargs: Any, **cparams: Any) -&gt; DBAPIConnection:
        # inherits the docstring from interfaces.Dialect.connect
&gt;       return self.loaded_dbapi.connect(*cargs, **cparams)  # type: ignore[no-any-return]  # NOQA: E501
E       sqlalchemy.exc.OperationalError: (sqlite3.OperationalError) unable to open database file
E       (Background on this error at: https://sqlalche.me/e/20/e3q8)

venv\Lib\site-packages\sqlalchemy\engine\default.py:630: OperationalError</error></testcase><testcase classname="tests.test_roles_session_admin.TestSessionHelper" name="test_current_membership_redirects_when_session_membership_is_invalid" time="1.456"><error message="failed on setup with &quot;sqlalchemy.exc.OperationalError: (sqlite3.OperationalError) unable to open database file&#10;(Background on this error at: https://sqlalche.me/e/20/e3q8)&quot;">self = &lt;sqlalchemy.engine.base.Connection object at 0x0000018E14A3A8F0&gt;
engine = Engine(sqlite:///C:\Users\LENOVO~1\AppData\Local\Temp\tmpqj5tk3s2), connection = None, _has_events = None
_allow_revalidate = True, _allow_autobegin = True

    def __init__(
        self,
        engine: Engine,
        connection: Optional[PoolProxiedConnection] = None,
        _has_events: Optional[bool] = None,
        _allow_revalidate: bool = True,
        _allow_autobegin: bool = True,
    ):
        """Construct a new Connection."""
        self.engine = engine
        self.dialect = dialect = engine.dialect
    
        if connection is None:
            try:
&gt;               self._dbapi_connection = engine.raw_connection()

venv\Lib\site-packages\sqlalchemy\engine\base.py:143: 
_ _ _ _ _ _ _ _ _ _ _ _ _ _ _ _ _ _ _ _ _ _ _ _ _ _ _ _ _ _ _ _ _ _ _ _ _ _ _ _ _ _ _ _ _ _ _ _ _ _ _ _ _ _ _ _ _ _ _ _
venv\Lib\site-packages\sqlalchemy\engine\base.py:3309: in raw_connection
    return self.pool.connect()
venv\Lib\site-packages\sqlalchemy\pool\base.py:447: in connect
    return _ConnectionFairy._checkout(self)
venv\Lib\site-packages\sqlalchemy\pool\base.py:1264: in _checkout
    fairy = _ConnectionRecord.checkout(pool)
venv\Lib\site-packages\sqlalchemy\pool\base.py:711: in checkout
    rec = pool._do_get()
venv\Lib\site-packages\sqlalchemy\pool\impl.py:177: in _do_get
    with util.safe_reraise():
venv\Lib\site-packages\sqlalchemy\util\langhelpers.py:224: in __exit__
    raise exc_value.with_traceback(exc_tb)
venv\Lib\site-packages\sqlalchemy\pool\impl.py:175: in _do_get
    return self._create_connection()
venv\Lib\site-packages\sqlalchemy\pool\base.py:388: in _create_connection
    return _ConnectionRecord(self)
venv\Lib\site-packages\sqlalchemy\pool\base.py:673: in __init__
    self.__connect()
venv\Lib\site-packages\sqlalchemy\pool\base.py:899: in __connect
    with util.safe_reraise():
venv\Lib\site-packages\sqlalchemy\util\langhelpers.py:224: in __exit__
    raise exc_value.with_traceback(exc_tb)
venv\Lib\site-packages\sqlalchemy\pool\base.py:895: in __connect
    self.dbapi_connection = connection = pool._invoke_creator(self)
venv\Lib\site-packages\sqlalchemy\engine\create.py:661: in connect
    return dialect.connect(*cargs, **cparams)
_ _ _ _ _ _ _ _ _ _ _ _ _ _ _ _ _ _ _ _ _ _ _ _ _ _ _ _ _ _ _ _ _ _ _ _ _ _ _ _ _ _ _ _ _ _ _ _ _ _ _ _ _ _ _ _ _ _ _ _

self = &lt;sqlalchemy.dialects.sqlite.pysqlite.SQLiteDialect_pysqlite object at 0x0000018E11F39850&gt;
cargs = ('C:\\Users\\LENOVO~1\\AppData\\Local\\Temp\\tmpqj5tk3s2',), cparams = {'check_same_thread': False}

    def connect(self, *cargs: Any, **cparams: Any) -&gt; DBAPIConnection:
        # inherits the docstring from interfaces.Dialect.connect
&gt;       return self.loaded_dbapi.connect(*cargs, **cparams)  # type: ignore[no-any-return]  # NOQA: E501
E       sqlite3.OperationalError: unable to open database file

venv\Lib\site-packages\sqlalchemy\engine\default.py:630: OperationalError

The above exception was the direct cause of the following exception:

request = &lt;SubRequest 'testapp' for &lt;Function test_current_membership_redirects_when_session_membership_is_invalid&gt;&gt;

    @pytest.fixture()
    def testapp(request):
        app = create_app('appname.settings.TestConfig')
        client = app.test_client()
    
        db.app = app
        app_ctx = app.app_context()
        app_ctx.push()
&gt;       db.create_all()

tests\conftest.py:19: 
_ _ _ _ _ _ _ _ _ _ _ _ _ _ _ _ _ _ _ _ _ _ _ _ _ _ _ _ _ _ _ _ _ _ _ _ _ _ _ _ _ _ _ _ _ _ _ _ _ _ _ _ _ _ _ _ _ _ _ _
venv\Lib\site-packages\flask_sqlalchemy\extension.py:900: in create_all
    self._call_for_binds(bind_key, "create_all")
venv\Lib\site-packages\flask_sqlalchemy\extension.py:881: in _call_for_binds
    getattr(metadata, op_name)(bind=engine)
venv\Lib\site-packages\sqlalchemy\sql\schema.py:5928: in create_all
    bind._run_ddl_visitor(
venv\Lib\site-packages\sqlalchemy\engine\base.py:3259: in _run_ddl_visitor
    with self.begin() as conn:
C:\Python314\Lib\contextlib.py:141: in __enter__
    return next(self.gen)
venv\Lib\site-packages\sqlalchemy\engine\base.py:3249: in begin
    with self.connect() as conn:
venv\Lib\site-packages\sqlalchemy\engine\base.py:3285: in connect
    return self._connection_cls(self)
venv\Lib\site-packages\sqlalchemy\engine\base.py:145: in __init__
    Connection._handle_dbapi_exception_noconnection(
venv\Lib\site-packages\sqlalchemy\engine\base.py:2448: in _handle_dbapi_exception_noconnection
    raise sqlalchemy_exception.with_traceback(exc_info[2]) from e
venv\Lib\site-packages\sqlalchemy\engine\base.py:143: in __init__
    self._dbapi_connection = engine.raw_connection()
venv\Lib\site-packages\sqlalchemy\engine\base.py:3309: in raw_connection
    return self.pool.connect()
venv\Lib\site-packages\sqlalchemy\pool\base.py:447: in connect
    return _ConnectionFairy._checkout(self)
venv\Lib\site-packages\sqlalchemy\pool\base.py:1264: in _checkout
    fairy = _ConnectionRecord.checkout(pool)
venv\Lib\site-packages\sqlalchemy\pool\base.py:711: in checkout
    rec = pool._do_get()
venv\Lib\site-packages\sqlalchemy\pool\impl.py:177: in _do_get
    with util.safe_reraise():
venv\Lib\site-packages\sqlalchemy\util\langhelpers.py:224: in __exit__
    raise exc_value.with_traceback(exc_tb)
venv\Lib\site-packages\sqlalchemy\pool\impl.py:175: in _do_get
    return self._create_connection()
venv\Lib\site-packages\sqlalchemy\pool\base.py:388: in _create_connection
    return _ConnectionRecord(self)
venv\Lib\site-packages\sqlalchemy\pool\base.py:673: in __init__
    self.__connect()
venv\Lib\site-packages\sqlalchemy\pool\base.py:899: in __connect
    with util.safe_reraise():
venv\Lib\site-packages\sqlalchemy\util\langhelpers.py:224: in __exit__
    raise exc_value.with_traceback(exc_tb)
venv\Lib\site-packages\sqlalchemy\pool\base.py:895: in __connect
    self.dbapi_connection = connection = pool._invoke_creator(self)
venv\Lib\site-packages\sqlalchemy\engine\create.py:661: in connect
    return dialect.connect(*cargs, **cparams)
_ _ _ _ _ _ _ _ _ _ _ _ _ _ _ _ _ _ _ _ _ _ _ _ _ _ _ _ _ _ _ _ _ _ _ _ _ _ _ _ _ _ _ _ _ _ _ _ _ _ _ _ _ _ _ _ _ _ _ _

self = &lt;sqlalchemy.dialects.sqlite.pysqlite.SQLiteDialect_pysqlite object at 0x0000018E11F39850&gt;
cargs = ('C:\\Users\\LENOVO~1\\AppData\\Local\\Temp\\tmpqj5tk3s2',), cparams = {'check_same_thread': False}

    def connect(self, *cargs: Any, **cparams: Any) -&gt; DBAPIConnection:
        # inherits the docstring from interfaces.Dialect.connect
&gt;       return self.loaded_dbapi.connect(*cargs, **cparams)  # type: ignore[no-any-return]  # NOQA: E501
E       sqlalchemy.exc.OperationalError: (sqlite3.OperationalError) unable to open database file
E       (Background on this error at: https://sqlalche.me/e/20/e3q8)

venv\Lib\site-packages\sqlalchemy\engine\default.py:630: OperationalError</error></testcase><testcase classname="tests.test_services_billing_utils.TestGDPRExport" name="test_export_user_pii_json_includes_user_and_related_models" time="1.454"><error message="failed on setup with &quot;sqlalchemy.exc.OperationalError: (sqlite3.OperationalError) unable to open database file&#10;(Background on this error at: https://sqlalche.me/e/20/e3q8)&quot;">self = &lt;sqlalchemy.engine.base.Connection object at 0x0000018E14A39640&gt;
engine = Engine(sqlite:///C:\Users\LENOVO~1\AppData\Local\Temp\tmpqj5tk3s2), connection = None, _has_events = None
_allow_revalidate = True, _allow_autobegin = True

    def __init__(
        self,
        engine: Engine,
        connection: Optional[PoolProxiedConnection] = None,
        _has_events: Optional[bool] = None,
        _allow_revalidate: bool = True,
        _allow_autobegin: bool = True,
    ):
        """Construct a new Connection."""
        self.engine = engine
        self.dialect = dialect = engine.dialect
    
        if connection is None:
            try:
&gt;               self._dbapi_connection = engine.raw_connection()

venv\Lib\site-packages\sqlalchemy\engine\base.py:143: 
_ _ _ _ _ _ _ _ _ _ _ _ _ _ _ _ _ _ _ _ _ _ _ _ _ _ _ _ _ _ _ _ _ _ _ _ _ _ _ _ _ _ _ _ _ _ _ _ _ _ _ _ _ _ _ _ _ _ _ _
venv\Lib\site-packages\sqlalchemy\engine\base.py:3309: in raw_connection
    return self.pool.connect()
venv\Lib\site-packages\sqlalchemy\pool\base.py:447: in connect
    return _ConnectionFairy._checkout(self)
venv\Lib\site-packages\sqlalchemy\pool\base.py:1264: in _checkout
    fairy = _ConnectionRecord.checkout(pool)
venv\Lib\site-packages\sqlalchemy\pool\base.py:711: in checkout
    rec = pool._do_get()
venv\Lib\site-packages\sqlalchemy\pool\impl.py:177: in _do_get
    with util.safe_reraise():
venv\Lib\site-packages\sqlalchemy\util\langhelpers.py:224: in __exit__
    raise exc_value.with_traceback(exc_tb)
venv\Lib\site-packages\sqlalchemy\pool\impl.py:175: in _do_get
    return self._create_connection()
venv\Lib\site-packages\sqlalchemy\pool\base.py:388: in _create_connection
    return _ConnectionRecord(self)
venv\Lib\site-packages\sqlalchemy\pool\base.py:673: in __init__
    self.__connect()
venv\Lib\site-packages\sqlalchemy\pool\base.py:899: in __connect
    with util.safe_reraise():
venv\Lib\site-packages\sqlalchemy\util\langhelpers.py:224: in __exit__
    raise exc_value.with_traceback(exc_tb)
venv\Lib\site-packages\sqlalchemy\pool\base.py:895: in __connect
    self.dbapi_connection = connection = pool._invoke_creator(self)
venv\Lib\site-packages\sqlalchemy\engine\create.py:661: in connect
    return dialect.connect(*cargs, **cparams)
_ _ _ _ _ _ _ _ _ _ _ _ _ _ _ _ _ _ _ _ _ _ _ _ _ _ _ _ _ _ _ _ _ _ _ _ _ _ _ _ _ _ _ _ _ _ _ _ _ _ _ _ _ _ _ _ _ _ _ _

self = &lt;sqlalchemy.dialects.sqlite.pysqlite.SQLiteDialect_pysqlite object at 0x0000018E11F38650&gt;
cargs = ('C:\\Users\\LENOVO~1\\AppData\\Local\\Temp\\tmpqj5tk3s2',), cparams = {'check_same_thread': False}

    def connect(self, *cargs: Any, **cparams: Any) -&gt; DBAPIConnection:
        # inherits the docstring from interfaces.Dialect.connect
&gt;       return self.loaded_dbapi.connect(*cargs, **cparams)  # type: ignore[no-any-return]  # NOQA: E501
E       sqlite3.OperationalError: unable to open database file

venv\Lib\site-packages\sqlalchemy\engine\default.py:630: OperationalError

The above exception was the direct cause of the following exception:

request = &lt;SubRequest 'testapp' for &lt;Function test_export_user_pii_json_includes_user_and_related_models&gt;&gt;

    @pytest.fixture()
    def testapp(request):
        app = create_app('appname.settings.TestConfig')
        client = app.test_client()
    
        db.app = app
        app_ctx = app.app_context()
        app_ctx.push()
&gt;       db.create_all()

tests\conftest.py:19: 
_ _ _ _ _ _ _ _ _ _ _ _ _ _ _ _ _ _ _ _ _ _ _ _ _ _ _ _ _ _ _ _ _ _ _ _ _ _ _ _ _ _ _ _ _ _ _ _ _ _ _ _ _ _ _ _ _ _ _ _
venv\Lib\site-packages\flask_sqlalchemy\extension.py:900: in create_all
    self._call_for_binds(bind_key, "create_all")
venv\Lib\site-packages\flask_sqlalchemy\extension.py:881: in _call_for_binds
    getattr(metadata, op_name)(bind=engine)
venv\Lib\site-packages\sqlalchemy\sql\schema.py:5928: in create_all
    bind._run_ddl_visitor(
venv\Lib\site-packages\sqlalchemy\engine\base.py:3259: in _run_ddl_visitor
    with self.begin() as conn:
C:\Python314\Lib\contextlib.py:141: in __enter__
    return next(self.gen)
venv\Lib\site-packages\sqlalchemy\engine\base.py:3249: in begin
    with self.connect() as conn:
venv\Lib\site-packages\sqlalchemy\engine\base.py:3285: in connect
    return self._connection_cls(self)
venv\Lib\site-packages\sqlalchemy\engine\base.py:145: in __init__
    Connection._handle_dbapi_exception_noconnection(
venv\Lib\site-packages\sqlalchemy\engine\base.py:2448: in _handle_dbapi_exception_noconnection
    raise sqlalchemy_exception.with_traceback(exc_info[2]) from e
venv\Lib\site-packages\sqlalchemy\engine\base.py:143: in __init__
    self._dbapi_connection = engine.raw_connection()
venv\Lib\site-packages\sqlalchemy\engine\base.py:3309: in raw_connection
    return self.pool.connect()
venv\Lib\site-packages\sqlalchemy\pool\base.py:447: in connect
    return _ConnectionFairy._checkout(self)
venv\Lib\site-packages\sqlalchemy\pool\base.py:1264: in _checkout
    fairy = _ConnectionRecord.checkout(pool)
venv\Lib\site-packages\sqlalchemy\pool\base.py:711: in checkout
    rec = pool._do_get()
venv\Lib\site-packages\sqlalchemy\pool\impl.py:177: in _do_get
    with util.safe_reraise():
venv\Lib\site-packages\sqlalchemy\util\langhelpers.py:224: in __exit__
    raise exc_value.with_traceback(exc_tb)
venv\Lib\site-packages\sqlalchemy\pool\impl.py:175: in _do_get
    return self._create_connection()
venv\Lib\site-packages\sqlalchemy\pool\base.py:388: in _create_connection
    return _ConnectionRecord(self)
venv\Lib\site-packages\sqlalchemy\pool\base.py:673: in __init__
    self.__connect()
venv\Lib\site-packages\sqlalchemy\pool\base.py:899: in __connect
    with util.safe_reraise():
venv\Lib\site-packages\sqlalchemy\util\langhelpers.py:224: in __exit__
    raise exc_value.with_traceback(exc_tb)
venv\Lib\site-packages\sqlalchemy\pool\base.py:895: in __connect
    self.dbapi_connection = connection = pool._invoke_creator(self)
venv\Lib\site-packages\sqlalchemy\engine\create.py:661: in connect
    return dialect.connect(*cargs, **cparams)
_ _ _ _ _ _ _ _ _ _ _ _ _ _ _ _ _ _ _ _ _ _ _ _ _ _ _ _ _ _ _ _ _ _ _ _ _ _ _ _ _ _ _ _ _ _ _ _ _ _ _ _ _ _ _ _ _ _ _ _

self = &lt;sqlalchemy.dialects.sqlite.pysqlite.SQLiteDialect_pysqlite object at 0x0000018E11F38650&gt;
cargs = ('C:\\Users\\LENOVO~1\\AppData\\Local\\Temp\\tmpqj5tk3s2',), cparams = {'check_same_thread': False}

    def connect(self, *cargs: Any, **cparams: Any) -&gt; DBAPIConnection:
        # inherits the docstring from interfaces.Dialect.connect
&gt;       return self.loaded_dbapi.connect(*cargs, **cparams)  # type: ignore[no-any-return]  # NOQA: E501
E       sqlalchemy.exc.OperationalError: (sqlite3.OperationalError) unable to open database file
E       (Background on this error at: https://sqlalche.me/e/20/e3q8)

venv\Lib\site-packages\sqlalchemy\engine\default.py:630: OperationalError</error></testcase><testcase classname="tests.test_services_billing_utils.TestGDPRExport" name="test_export_denies_non_admin_requesting_other_user" time="1.461"><error message="failed on setup with &quot;sqlalchemy.exc.OperationalError: (sqlite3.OperationalError) unable to open database file&#10;(Background on this error at: https://sqlalche.me/e/20/e3q8)&quot;">self = &lt;sqlalchemy.engine.base.Connection object at 0x0000018E14A3B5F0&gt;
engine = Engine(sqlite:///C:\Users\LENOVO~1\AppData\Local\Temp\tmpqj5tk3s2), connection = None, _has_events = None
_allow_revalidate = True, _allow_autobegin = True

    def __init__(
        self,
        engine: Engine,
        connection: Optional[PoolProxiedConnection] = None,
        _has_events: Optional[bool] = None,
        _allow_revalidate: bool = True,
        _allow_autobegin: bool = True,
    ):
        """Construct a new Connection."""
        self.engine = engine
        self.dialect = dialect = engine.dialect
    
        if connection is None:
            try:
&gt;               self._dbapi_connection = engine.raw_connection()

venv\Lib\site-packages\sqlalchemy\engine\base.py:143: 
_ _ _ _ _ _ _ _ _ _ _ _ _ _ _ _ _ _ _ _ _ _ _ _ _ _ _ _ _ _ _ _ _ _ _ _ _ _ _ _ _ _ _ _ _ _ _ _ _ _ _ _ _ _ _ _ _ _ _ _
venv\Lib\site-packages\sqlalchemy\engine\base.py:3309: in raw_connection
    return self.pool.connect()
venv\Lib\site-packages\sqlalchemy\pool\base.py:447: in connect
    return _ConnectionFairy._checkout(self)
venv\Lib\site-packages\sqlalchemy\pool\base.py:1264: in _checkout
    fairy = _ConnectionRecord.checkout(pool)
venv\Lib\site-packages\sqlalchemy\pool\base.py:711: in checkout
    rec = pool._do_get()
venv\Lib\site-packages\sqlalchemy\pool\impl.py:177: in _do_get
    with util.safe_reraise():
venv\Lib\site-packages\sqlalchemy\util\langhelpers.py:224: in __exit__
    raise exc_value.with_traceback(exc_tb)
venv\Lib\site-packages\sqlalchemy\pool\impl.py:175: in _do_get
    return self._create_connection()
venv\Lib\site-packages\sqlalchemy\pool\base.py:388: in _create_connection
    return _ConnectionRecord(self)
venv\Lib\site-packages\sqlalchemy\pool\base.py:673: in __init__
    self.__connect()
venv\Lib\site-packages\sqlalchemy\pool\base.py:899: in __connect
    with util.safe_reraise():
venv\Lib\site-packages\sqlalchemy\util\langhelpers.py:224: in __exit__
    raise exc_value.with_traceback(exc_tb)
venv\Lib\site-packages\sqlalchemy\pool\base.py:895: in __connect
    self.dbapi_connection = connection = pool._invoke_creator(self)
venv\Lib\site-packages\sqlalchemy\engine\create.py:661: in connect
    return dialect.connect(*cargs, **cparams)
_ _ _ _ _ _ _ _ _ _ _ _ _ _ _ _ _ _ _ _ _ _ _ _ _ _ _ _ _ _ _ _ _ _ _ _ _ _ _ _ _ _ _ _ _ _ _ _ _ _ _ _ _ _ _ _ _ _ _ _

self = &lt;sqlalchemy.dialects.sqlite.pysqlite.SQLiteDialect_pysqlite object at 0x0000018E11F38050&gt;
cargs = ('C:\\Users\\LENOVO~1\\AppData\\Local\\Temp\\tmpqj5tk3s2',), cparams = {'check_same_thread': False}

    def connect(self, *cargs: Any, **cparams: Any) -&gt; DBAPIConnection:
        # inherits the docstring from interfaces.Dialect.connect
&gt;       return self.loaded_dbapi.connect(*cargs, **cparams)  # type: ignore[no-any-return]  # NOQA: E501
E       sqlite3.OperationalError: unable to open database file

venv\Lib\site-packages\sqlalchemy\engine\default.py:630: OperationalError

The above exception was the direct cause of the following exception:

request = &lt;SubRequest 'testapp' for &lt;Function test_export_denies_non_admin_requesting_other_user&gt;&gt;

    @pytest.fixture()
    def testapp(request):
        app = create_app('appname.settings.TestConfig')
        client = app.test_client()
    
        db.app = app
        app_ctx = app.app_context()
        app_ctx.push()
&gt;       db.create_all()

tests\conftest.py:19: 
_ _ _ _ _ _ _ _ _ _ _ _ _ _ _ _ _ _ _ _ _ _ _ _ _ _ _ _ _ _ _ _ _ _ _ _ _ _ _ _ _ _ _ _ _ _ _ _ _ _ _ _ _ _ _ _ _ _ _ _
venv\Lib\site-packages\flask_sqlalchemy\extension.py:900: in create_all
    self._call_for_binds(bind_key, "create_all")
venv\Lib\site-packages\flask_sqlalchemy\extension.py:881: in _call_for_binds
    getattr(metadata, op_name)(bind=engine)
venv\Lib\site-packages\sqlalchemy\sql\schema.py:5928: in create_all
    bind._run_ddl_visitor(
venv\Lib\site-packages\sqlalchemy\engine\base.py:3259: in _run_ddl_visitor
    with self.begin() as conn:
C:\Python314\Lib\contextlib.py:141: in __enter__
    return next(self.gen)
venv\Lib\site-packages\sqlalchemy\engine\base.py:3249: in begin
    with self.connect() as conn:
venv\Lib\site-packages\sqlalchemy\engine\base.py:3285: in connect
    return self._connection_cls(self)
venv\Lib\site-packages\sqlalchemy\engine\base.py:145: in __init__
    Connection._handle_dbapi_exception_noconnection(
venv\Lib\site-packages\sqlalchemy\engine\base.py:2448: in _handle_dbapi_exception_noconnection
    raise sqlalchemy_exception.with_traceback(exc_info[2]) from e
venv\Lib\site-packages\sqlalchemy\engine\base.py:143: in __init__
    self._dbapi_connection = engine.raw_connection()
venv\Lib\site-packages\sqlalchemy\engine\base.py:3309: in raw_connection
    return self.pool.connect()
venv\Lib\site-packages\sqlalchemy\pool\base.py:447: in connect
    return _ConnectionFairy._checkout(self)
venv\Lib\site-packages\sqlalchemy\pool\base.py:1264: in _checkout
    fairy = _ConnectionRecord.checkout(pool)
venv\Lib\site-packages\sqlalchemy\pool\base.py:711: in checkout
    rec = pool._do_get()
venv\Lib\site-packages\sqlalchemy\pool\impl.py:177: in _do_get
    with util.safe_reraise():
venv\Lib\site-packages\sqlalchemy\util\langhelpers.py:224: in __exit__
    raise exc_value.with_traceback(exc_tb)
venv\Lib\site-packages\sqlalchemy\pool\impl.py:175: in _do_get
    return self._create_connection()
venv\Lib\site-packages\sqlalchemy\pool\base.py:388: in _create_connection
    return _ConnectionRecord(self)
venv\Lib\site-packages\sqlalchemy\pool\base.py:673: in __init__
    self.__connect()
venv\Lib\site-packages\sqlalchemy\pool\base.py:899: in __connect
    with util.safe_reraise():
venv\Lib\site-packages\sqlalchemy\util\langhelpers.py:224: in __exit__
    raise exc_value.with_traceback(exc_tb)
venv\Lib\site-packages\sqlalchemy\pool\base.py:895: in __connect
    self.dbapi_connection = connection = pool._invoke_creator(self)
venv\Lib\site-packages\sqlalchemy\engine\create.py:661: in connect
    return dialect.connect(*cargs, **cparams)
_ _ _ _ _ _ _ _ _ _ _ _ _ _ _ _ _ _ _ _ _ _ _ _ _ _ _ _ _ _ _ _ _ _ _ _ _ _ _ _ _ _ _ _ _ _ _ _ _ _ _ _ _ _ _ _ _ _ _ _

self = &lt;sqlalchemy.dialects.sqlite.pysqlite.SQLiteDialect_pysqlite object at 0x0000018E11F38050&gt;
cargs = ('C:\\Users\\LENOVO~1\\AppData\\Local\\Temp\\tmpqj5tk3s2',), cparams = {'check_same_thread': False}

    def connect(self, *cargs: Any, **cparams: Any) -&gt; DBAPIConnection:
        # inherits the docstring from interfaces.Dialect.connect
&gt;       return self.loaded_dbapi.connect(*cargs, **cparams)  # type: ignore[no-any-return]  # NOQA: E501
E       sqlalchemy.exc.OperationalError: (sqlite3.OperationalError) unable to open database file
E       (Background on this error at: https://sqlalche.me/e/20/e3q8)

venv\Lib\site-packages\sqlalchemy\engine\default.py:630: OperationalError</error></testcase><testcase classname="tests.test_services_billing_utils.TestGDPRExport" name="test_send_pii_export_builds_mail_with_attachment" time="1.465"><error message="failed on setup with &quot;sqlalchemy.exc.OperationalError: (sqlite3.OperationalError) unable to open database file&#10;(Background on this error at: https://sqlalche.me/e/20/e3q8)&quot;">self = &lt;sqlalchemy.engine.base.Connection object at 0x0000018E14A39B20&gt;
engine = Engine(sqlite:///C:\Users\LENOVO~1\AppData\Local\Temp\tmpqj5tk3s2), connection = None, _has_events = None
_allow_revalidate = True, _allow_autobegin = True

    def __init__(
        self,
        engine: Engine,
        connection: Optional[PoolProxiedConnection] = None,
        _has_events: Optional[bool] = None,
        _allow_revalidate: bool = True,
        _allow_autobegin: bool = True,
    ):
        """Construct a new Connection."""
        self.engine = engine
        self.dialect = dialect = engine.dialect
    
        if connection is None:
            try:
&gt;               self._dbapi_connection = engine.raw_connection()

venv\Lib\site-packages\sqlalchemy\engine\base.py:143: 
_ _ _ _ _ _ _ _ _ _ _ _ _ _ _ _ _ _ _ _ _ _ _ _ _ _ _ _ _ _ _ _ _ _ _ _ _ _ _ _ _ _ _ _ _ _ _ _ _ _ _ _ _ _ _ _ _ _ _ _
venv\Lib\site-packages\sqlalchemy\engine\base.py:3309: in raw_connection
    return self.pool.connect()
venv\Lib\site-packages\sqlalchemy\pool\base.py:447: in connect
    return _ConnectionFairy._checkout(self)
venv\Lib\site-packages\sqlalchemy\pool\base.py:1264: in _checkout
    fairy = _ConnectionRecord.checkout(pool)
venv\Lib\site-packages\sqlalchemy\pool\base.py:711: in checkout
    rec = pool._do_get()
venv\Lib\site-packages\sqlalchemy\pool\impl.py:177: in _do_get
    with util.safe_reraise():
venv\Lib\site-packages\sqlalchemy\util\langhelpers.py:224: in __exit__
    raise exc_value.with_traceback(exc_tb)
venv\Lib\site-packages\sqlalchemy\pool\impl.py:175: in _do_get
    return self._create_connection()
venv\Lib\site-packages\sqlalchemy\pool\base.py:388: in _create_connection
    return _ConnectionRecord(self)
venv\Lib\site-packages\sqlalchemy\pool\base.py:673: in __init__
    self.__connect()
venv\Lib\site-packages\sqlalchemy\pool\base.py:899: in __connect
    with util.safe_reraise():
venv\Lib\site-packages\sqlalchemy\util\langhelpers.py:224: in __exit__
    raise exc_value.with_traceback(exc_tb)
venv\Lib\site-packages\sqlalchemy\pool\base.py:895: in __connect
    self.dbapi_connection = connection = pool._invoke_creator(self)
venv\Lib\site-packages\sqlalchemy\engine\create.py:661: in connect
    return dialect.connect(*cargs, **cparams)
_ _ _ _ _ _ _ _ _ _ _ _ _ _ _ _ _ _ _ _ _ _ _ _ _ _ _ _ _ _ _ _ _ _ _ _ _ _ _ _ _ _ _ _ _ _ _ _ _ _ _ _ _ _ _ _ _ _ _ _

self = &lt;sqlalchemy.dialects.sqlite.pysqlite.SQLiteDialect_pysqlite object at 0x0000018E13D81B50&gt;
cargs = ('C:\\Users\\LENOVO~1\\AppData\\Local\\Temp\\tmpqj5tk3s2',), cparams = {'check_same_thread': False}

    def connect(self, *cargs: Any, **cparams: Any) -&gt; DBAPIConnection:
        # inherits the docstring from interfaces.Dialect.connect
&gt;       return self.loaded_dbapi.connect(*cargs, **cparams)  # type: ignore[no-any-return]  # NOQA: E501
E       sqlite3.OperationalError: unable to open database file

venv\Lib\site-packages\sqlalchemy\engine\default.py:630: OperationalError

The above exception was the direct cause of the following exception:

request = &lt;SubRequest 'testapp' for &lt;Function test_send_pii_export_builds_mail_with_attachment&gt;&gt;

    @pytest.fixture()
    def testapp(request):
        app = create_app('appname.settings.TestConfig')
        client = app.test_client()
    
        db.app = app
        app_ctx = app.app_context()
        app_ctx.push()
&gt;       db.create_all()

tests\conftest.py:19: 
_ _ _ _ _ _ _ _ _ _ _ _ _ _ _ _ _ _ _ _ _ _ _ _ _ _ _ _ _ _ _ _ _ _ _ _ _ _ _ _ _ _ _ _ _ _ _ _ _ _ _ _ _ _ _ _ _ _ _ _
venv\Lib\site-packages\flask_sqlalchemy\extension.py:900: in create_all
    self._call_for_binds(bind_key, "create_all")
venv\Lib\site-packages\flask_sqlalchemy\extension.py:881: in _call_for_binds
    getattr(metadata, op_name)(bind=engine)
venv\Lib\site-packages\sqlalchemy\sql\schema.py:5928: in create_all
    bind._run_ddl_visitor(
venv\Lib\site-packages\sqlalchemy\engine\base.py:3259: in _run_ddl_visitor
    with self.begin() as conn:
C:\Python314\Lib\contextlib.py:141: in __enter__
    return next(self.gen)
venv\Lib\site-packages\sqlalchemy\engine\base.py:3249: in begin
    with self.connect() as conn:
venv\Lib\site-packages\sqlalchemy\engine\base.py:3285: in connect
    return self._connection_cls(self)
venv\Lib\site-packages\sqlalchemy\engine\base.py:145: in __init__
    Connection._handle_dbapi_exception_noconnection(
venv\Lib\site-packages\sqlalchemy\engine\base.py:2448: in _handle_dbapi_exception_noconnection
    raise sqlalchemy_exception.with_traceback(exc_info[2]) from e
venv\Lib\site-packages\sqlalchemy\engine\base.py:143: in __init__
    self._dbapi_connection = engine.raw_connection()
venv\Lib\site-packages\sqlalchemy\engine\base.py:3309: in raw_connection
    return self.pool.connect()
venv\Lib\site-packages\sqlalchemy\pool\base.py:447: in connect
    return _ConnectionFairy._checkout(self)
venv\Lib\site-packages\sqlalchemy\pool\base.py:1264: in _checkout
    fairy = _ConnectionRecord.checkout(pool)
venv\Lib\site-packages\sqlalchemy\pool\base.py:711: in checkout
    rec = pool._do_get()
venv\Lib\site-packages\sqlalchemy\pool\impl.py:177: in _do_get
    with util.safe_reraise():
venv\Lib\site-packages\sqlalchemy\util\langhelpers.py:224: in __exit__
    raise exc_value.with_traceback(exc_tb)
venv\Lib\site-packages\sqlalchemy\pool\impl.py:175: in _do_get
    return self._create_connection()
venv\Lib\site-packages\sqlalchemy\pool\base.py:388: in _create_connection
    return _ConnectionRecord(self)
venv\Lib\site-packages\sqlalchemy\pool\base.py:673: in __init__
    self.__connect()
venv\Lib\site-packages\sqlalchemy\pool\base.py:899: in __connect
    with util.safe_reraise():
venv\Lib\site-packages\sqlalchemy\util\langhelpers.py:224: in __exit__
    raise exc_value.with_traceback(exc_tb)
venv\Lib\site-packages\sqlalchemy\pool\base.py:895: in __connect
    self.dbapi_connection = connection = pool._invoke_creator(self)
venv\Lib\site-packages\sqlalchemy\engine\create.py:661: in connect
    return dialect.connect(*cargs, **cparams)
_ _ _ _ _ _ _ _ _ _ _ _ _ _ _ _ _ _ _ _ _ _ _ _ _ _ _ _ _ _ _ _ _ _ _ _ _ _ _ _ _ _ _ _ _ _ _ _ _ _ _ _ _ _ _ _ _ _ _ _

self = &lt;sqlalchemy.dialects.sqlite.pysqlite.SQLiteDialect_pysqlite object at 0x0000018E13D81B50&gt;
cargs = ('C:\\Users\\LENOVO~1\\AppData\\Local\\Temp\\tmpqj5tk3s2',), cparams = {'check_same_thread': False}

    def connect(self, *cargs: Any, **cparams: Any) -&gt; DBAPIConnection:
        # inherits the docstring from interfaces.Dialect.connect
&gt;       return self.loaded_dbapi.connect(*cargs, **cparams)  # type: ignore[no-any-return]  # NOQA: E501
E       sqlalchemy.exc.OperationalError: (sqlite3.OperationalError) unable to open database file
E       (Background on this error at: https://sqlalche.me/e/20/e3q8)

venv\Lib\site-packages\sqlalchemy\engine\default.py:630: OperationalError</error></testcase><testcase classname="tests.test_services_billing_utils.TestStripeService" name="test_create_customer_returns_existing_customer_id" time="1.610"><error message="failed on setup with &quot;sqlalchemy.exc.OperationalError: (sqlite3.OperationalError) unable to open database file&#10;(Background on this error at: https://sqlalche.me/e/20/e3q8)&quot;">self = &lt;sqlalchemy.engine.base.Connection object at 0x0000018E11C5C390&gt;
engine = Engine(sqlite:///C:\Users\LENOVO~1\AppData\Local\Temp\tmpqj5tk3s2), connection = None, _has_events = None
_allow_revalidate = True, _allow_autobegin = True

    def __init__(
        self,
        engine: Engine,
        connection: Optional[PoolProxiedConnection] = None,
        _has_events: Optional[bool] = None,
        _allow_revalidate: bool = True,
        _allow_autobegin: bool = True,
    ):
        """Construct a new Connection."""
        self.engine = engine
        self.dialect = dialect = engine.dialect
    
        if connection is None:
            try:
&gt;               self._dbapi_connection = engine.raw_connection()

venv\Lib\site-packages\sqlalchemy\engine\base.py:143: 
_ _ _ _ _ _ _ _ _ _ _ _ _ _ _ _ _ _ _ _ _ _ _ _ _ _ _ _ _ _ _ _ _ _ _ _ _ _ _ _ _ _ _ _ _ _ _ _ _ _ _ _ _ _ _ _ _ _ _ _
venv\Lib\site-packages\sqlalchemy\engine\base.py:3309: in raw_connection
    return self.pool.connect()
venv\Lib\site-packages\sqlalchemy\pool\base.py:447: in connect
    return _ConnectionFairy._checkout(self)
venv\Lib\site-packages\sqlalchemy\pool\base.py:1264: in _checkout
    fairy = _ConnectionRecord.checkout(pool)
venv\Lib\site-packages\sqlalchemy\pool\base.py:711: in checkout
    rec = pool._do_get()
venv\Lib\site-packages\sqlalchemy\pool\impl.py:177: in _do_get
    with util.safe_reraise():
venv\Lib\site-packages\sqlalchemy\util\langhelpers.py:224: in __exit__
    raise exc_value.with_traceback(exc_tb)
venv\Lib\site-packages\sqlalchemy\pool\impl.py:175: in _do_get
    return self._create_connection()
venv\Lib\site-packages\sqlalchemy\pool\base.py:388: in _create_connection
    return _ConnectionRecord(self)
venv\Lib\site-packages\sqlalchemy\pool\base.py:673: in __init__
    self.__connect()
venv\Lib\site-packages\sqlalchemy\pool\base.py:899: in __connect
    with util.safe_reraise():
venv\Lib\site-packages\sqlalchemy\util\langhelpers.py:224: in __exit__
    raise exc_value.with_traceback(exc_tb)
venv\Lib\site-packages\sqlalchemy\pool\base.py:895: in __connect
    self.dbapi_connection = connection = pool._invoke_creator(self)
venv\Lib\site-packages\sqlalchemy\engine\create.py:661: in connect
    return dialect.connect(*cargs, **cparams)
_ _ _ _ _ _ _ _ _ _ _ _ _ _ _ _ _ _ _ _ _ _ _ _ _ _ _ _ _ _ _ _ _ _ _ _ _ _ _ _ _ _ _ _ _ _ _ _ _ _ _ _ _ _ _ _ _ _ _ _

self = &lt;sqlalchemy.dialects.sqlite.pysqlite.SQLiteDialect_pysqlite object at 0x0000018E13D82B50&gt;
cargs = ('C:\\Users\\LENOVO~1\\AppData\\Local\\Temp\\tmpqj5tk3s2',), cparams = {'check_same_thread': False}

    def connect(self, *cargs: Any, **cparams: Any) -&gt; DBAPIConnection:
        # inherits the docstring from interfaces.Dialect.connect
&gt;       return self.loaded_dbapi.connect(*cargs, **cparams)  # type: ignore[no-any-return]  # NOQA: E501
E       sqlite3.OperationalError: unable to open database file

venv\Lib\site-packages\sqlalchemy\engine\default.py:630: OperationalError

The above exception was the direct cause of the following exception:

request = &lt;SubRequest 'testapp' for &lt;Function test_create_customer_returns_existing_customer_id&gt;&gt;

    @pytest.fixture()
    def testapp(request):
        app = create_app('appname.settings.TestConfig')
        client = app.test_client()
    
        db.app = app
        app_ctx = app.app_context()
        app_ctx.push()
&gt;       db.create_all()

tests\conftest.py:19: 
_ _ _ _ _ _ _ _ _ _ _ _ _ _ _ _ _ _ _ _ _ _ _ _ _ _ _ _ _ _ _ _ _ _ _ _ _ _ _ _ _ _ _ _ _ _ _ _ _ _ _ _ _ _ _ _ _ _ _ _
venv\Lib\site-packages\flask_sqlalchemy\extension.py:900: in create_all
    self._call_for_binds(bind_key, "create_all")
venv\Lib\site-packages\flask_sqlalchemy\extension.py:881: in _call_for_binds
    getattr(metadata, op_name)(bind=engine)
venv\Lib\site-packages\sqlalchemy\sql\schema.py:5928: in create_all
    bind._run_ddl_visitor(
venv\Lib\site-packages\sqlalchemy\engine\base.py:3259: in _run_ddl_visitor
    with self.begin() as conn:
C:\Python314\Lib\contextlib.py:141: in __enter__
    return next(self.gen)
venv\Lib\site-packages\sqlalchemy\engine\base.py:3249: in begin
    with self.connect() as conn:
venv\Lib\site-packages\sqlalchemy\engine\base.py:3285: in connect
    return self._connection_cls(self)
venv\Lib\site-packages\sqlalchemy\engine\base.py:145: in __init__
    Connection._handle_dbapi_exception_noconnection(
venv\Lib\site-packages\sqlalchemy\engine\base.py:2448: in _handle_dbapi_exception_noconnection
    raise sqlalchemy_exception.with_traceback(exc_info[2]) from e
venv\Lib\site-packages\sqlalchemy\engine\base.py:143: in __init__
    self._dbapi_connection = engine.raw_connection()
venv\Lib\site-packages\sqlalchemy\engine\base.py:3309: in raw_connection
    return self.pool.connect()
venv\Lib\site-packages\sqlalchemy\pool\base.py:447: in connect
    return _ConnectionFairy._checkout(self)
venv\Lib\site-packages\sqlalchemy\pool\base.py:1264: in _checkout
    fairy = _ConnectionRecord.checkout(pool)
venv\Lib\site-packages\sqlalchemy\pool\base.py:711: in checkout
    rec = pool._do_get()
venv\Lib\site-packages\sqlalchemy\pool\impl.py:177: in _do_get
    with util.safe_reraise():
venv\Lib\site-packages\sqlalchemy\util\langhelpers.py:224: in __exit__
    raise exc_value.with_traceback(exc_tb)
venv\Lib\site-packages\sqlalchemy\pool\impl.py:175: in _do_get
    return self._create_connection()
venv\Lib\site-packages\sqlalchemy\pool\base.py:388: in _create_connection
    return _ConnectionRecord(self)
venv\Lib\site-packages\sqlalchemy\pool\base.py:673: in __init__
    self.__connect()
venv\Lib\site-packages\sqlalchemy\pool\base.py:899: in __connect
    with util.safe_reraise():
venv\Lib\site-packages\sqlalchemy\util\langhelpers.py:224: in __exit__
    raise exc_value.with_traceback(exc_tb)
venv\Lib\site-packages\sqlalchemy\pool\base.py:895: in __connect
    self.dbapi_connection = connection = pool._invoke_creator(self)
venv\Lib\site-packages\sqlalchemy\engine\create.py:661: in connect
    return dialect.connect(*cargs, **cparams)
_ _ _ _ _ _ _ _ _ _ _ _ _ _ _ _ _ _ _ _ _ _ _ _ _ _ _ _ _ _ _ _ _ _ _ _ _ _ _ _ _ _ _ _ _ _ _ _ _ _ _ _ _ _ _ _ _ _ _ _

self = &lt;sqlalchemy.dialects.sqlite.pysqlite.SQLiteDialect_pysqlite object at 0x0000018E13D82B50&gt;
cargs = ('C:\\Users\\LENOVO~1\\AppData\\Local\\Temp\\tmpqj5tk3s2',), cparams = {'check_same_thread': False}

    def connect(self, *cargs: Any, **cparams: Any) -&gt; DBAPIConnection:
        # inherits the docstring from interfaces.Dialect.connect
&gt;       return self.loaded_dbapi.connect(*cargs, **cparams)  # type: ignore[no-any-return]  # NOQA: E501
E       sqlalchemy.exc.OperationalError: (sqlite3.OperationalError) unable to open database file
E       (Background on this error at: https://sqlalche.me/e/20/e3q8)

venv\Lib\site-packages\sqlalchemy\engine\default.py:630: OperationalError</error></testcase><testcase classname="tests.test_services_billing_utils.TestStripeService" name="test_create_customer_creates_and_persists_id" time="1.487"><error message="failed on setup with &quot;sqlalchemy.exc.OperationalError: (sqlite3.OperationalError) unable to open database file&#10;(Background on this error at: https://sqlalche.me/e/20/e3q8)&quot;">self = &lt;sqlalchemy.engine.base.Connection object at 0x0000018E137671E0&gt;
engine = Engine(sqlite:///C:\Users\LENOVO~1\AppData\Local\Temp\tmpqj5tk3s2), connection = None, _has_events = None
_allow_revalidate = True, _allow_autobegin = True

    def __init__(
        self,
        engine: Engine,
        connection: Optional[PoolProxiedConnection] = None,
        _has_events: Optional[bool] = None,
        _allow_revalidate: bool = True,
        _allow_autobegin: bool = True,
    ):
        """Construct a new Connection."""
        self.engine = engine
        self.dialect = dialect = engine.dialect
    
        if connection is None:
            try:
&gt;               self._dbapi_connection = engine.raw_connection()

venv\Lib\site-packages\sqlalchemy\engine\base.py:143: 
_ _ _ _ _ _ _ _ _ _ _ _ _ _ _ _ _ _ _ _ _ _ _ _ _ _ _ _ _ _ _ _ _ _ _ _ _ _ _ _ _ _ _ _ _ _ _ _ _ _ _ _ _ _ _ _ _ _ _ _
venv\Lib\site-packages\sqlalchemy\engine\base.py:3309: in raw_connection
    return self.pool.connect()
venv\Lib\site-packages\sqlalchemy\pool\base.py:447: in connect
    return _ConnectionFairy._checkout(self)
venv\Lib\site-packages\sqlalchemy\pool\base.py:1264: in _checkout
    fairy = _ConnectionRecord.checkout(pool)
venv\Lib\site-packages\sqlalchemy\pool\base.py:711: in checkout
    rec = pool._do_get()
venv\Lib\site-packages\sqlalchemy\pool\impl.py:177: in _do_get
    with util.safe_reraise():
venv\Lib\site-packages\sqlalchemy\util\langhelpers.py:224: in __exit__
    raise exc_value.with_traceback(exc_tb)
venv\Lib\site-packages\sqlalchemy\pool\impl.py:175: in _do_get
    return self._create_connection()
venv\Lib\site-packages\sqlalchemy\pool\base.py:388: in _create_connection
    return _ConnectionRecord(self)
venv\Lib\site-packages\sqlalchemy\pool\base.py:673: in __init__
    self.__connect()
venv\Lib\site-packages\sqlalchemy\pool\base.py:899: in __connect
    with util.safe_reraise():
venv\Lib\site-packages\sqlalchemy\util\langhelpers.py:224: in __exit__
    raise exc_value.with_traceback(exc_tb)
venv\Lib\site-packages\sqlalchemy\pool\base.py:895: in __connect
    self.dbapi_connection = connection = pool._invoke_creator(self)
venv\Lib\site-packages\sqlalchemy\engine\create.py:661: in connect
    return dialect.connect(*cargs, **cparams)
_ _ _ _ _ _ _ _ _ _ _ _ _ _ _ _ _ _ _ _ _ _ _ _ _ _ _ _ _ _ _ _ _ _ _ _ _ _ _ _ _ _ _ _ _ _ _ _ _ _ _ _ _ _ _ _ _ _ _ _

self = &lt;sqlalchemy.dialects.sqlite.pysqlite.SQLiteDialect_pysqlite object at 0x0000018E11F38750&gt;
cargs = ('C:\\Users\\LENOVO~1\\AppData\\Local\\Temp\\tmpqj5tk3s2',), cparams = {'check_same_thread': False}

    def connect(self, *cargs: Any, **cparams: Any) -&gt; DBAPIConnection:
        # inherits the docstring from interfaces.Dialect.connect
&gt;       return self.loaded_dbapi.connect(*cargs, **cparams)  # type: ignore[no-any-return]  # NOQA: E501
E       sqlite3.OperationalError: unable to open database file

venv\Lib\site-packages\sqlalchemy\engine\default.py:630: OperationalError

The above exception was the direct cause of the following exception:

request = &lt;SubRequest 'testapp' for &lt;Function test_create_customer_creates_and_persists_id&gt;&gt;

    @pytest.fixture()
    def testapp(request):
        app = create_app('appname.settings.TestConfig')
        client = app.test_client()
    
        db.app = app
        app_ctx = app.app_context()
        app_ctx.push()
&gt;       db.create_all()

tests\conftest.py:19: 
_ _ _ _ _ _ _ _ _ _ _ _ _ _ _ _ _ _ _ _ _ _ _ _ _ _ _ _ _ _ _ _ _ _ _ _ _ _ _ _ _ _ _ _ _ _ _ _ _ _ _ _ _ _ _ _ _ _ _ _
venv\Lib\site-packages\flask_sqlalchemy\extension.py:900: in create_all
    self._call_for_binds(bind_key, "create_all")
venv\Lib\site-packages\flask_sqlalchemy\extension.py:881: in _call_for_binds
    getattr(metadata, op_name)(bind=engine)
venv\Lib\site-packages\sqlalchemy\sql\schema.py:5928: in create_all
    bind._run_ddl_visitor(
venv\Lib\site-packages\sqlalchemy\engine\base.py:3259: in _run_ddl_visitor
    with self.begin() as conn:
C:\Python314\Lib\contextlib.py:141: in __enter__
    return next(self.gen)
venv\Lib\site-packages\sqlalchemy\engine\base.py:3249: in begin
    with self.connect() as conn:
venv\Lib\site-packages\sqlalchemy\engine\base.py:3285: in connect
    return self._connection_cls(self)
venv\Lib\site-packages\sqlalchemy\engine\base.py:145: in __init__
    Connection._handle_dbapi_exception_noconnection(
venv\Lib\site-packages\sqlalchemy\engine\base.py:2448: in _handle_dbapi_exception_noconnection
    raise sqlalchemy_exception.with_traceback(exc_info[2]) from e
venv\Lib\site-packages\sqlalchemy\engine\base.py:143: in __init__
    self._dbapi_connection = engine.raw_connection()
venv\Lib\site-packages\sqlalchemy\engine\base.py:3309: in raw_connection
    return self.pool.connect()
venv\Lib\site-packages\sqlalchemy\pool\base.py:447: in connect
    return _ConnectionFairy._checkout(self)
venv\Lib\site-packages\sqlalchemy\pool\base.py:1264: in _checkout
    fairy = _ConnectionRecord.checkout(pool)
venv\Lib\site-packages\sqlalchemy\pool\base.py:711: in checkout
    rec = pool._do_get()
venv\Lib\site-packages\sqlalchemy\pool\impl.py:177: in _do_get
    with util.safe_reraise():
venv\Lib\site-packages\sqlalchemy\util\langhelpers.py:224: in __exit__
    raise exc_value.with_traceback(exc_tb)
venv\Lib\site-packages\sqlalchemy\pool\impl.py:175: in _do_get
    return self._create_connection()
venv\Lib\site-packages\sqlalchemy\pool\base.py:388: in _create_connection
    return _ConnectionRecord(self)
venv\Lib\site-packages\sqlalchemy\pool\base.py:673: in __init__
    self.__connect()
venv\Lib\site-packages\sqlalchemy\pool\base.py:899: in __connect
    with util.safe_reraise():
venv\Lib\site-packages\sqlalchemy\util\langhelpers.py:224: in __exit__
    raise exc_value.with_traceback(exc_tb)
venv\Lib\site-packages\sqlalchemy\pool\base.py:895: in __connect
    self.dbapi_connection = connection = pool._invoke_creator(self)
venv\Lib\site-packages\sqlalchemy\engine\create.py:661: in connect
    return dialect.connect(*cargs, **cparams)
_ _ _ _ _ _ _ _ _ _ _ _ _ _ _ _ _ _ _ _ _ _ _ _ _ _ _ _ _ _ _ _ _ _ _ _ _ _ _ _ _ _ _ _ _ _ _ _ _ _ _ _ _ _ _ _ _ _ _ _

self = &lt;sqlalchemy.dialects.sqlite.pysqlite.SQLiteDialect_pysqlite object at 0x0000018E11F38750&gt;
cargs = ('C:\\Users\\LENOVO~1\\AppData\\Local\\Temp\\tmpqj5tk3s2',), cparams = {'check_same_thread': False}

    def connect(self, *cargs: Any, **cparams: Any) -&gt; DBAPIConnection:
        # inherits the docstring from interfaces.Dialect.connect
&gt;       return self.loaded_dbapi.connect(*cargs, **cparams)  # type: ignore[no-any-return]  # NOQA: E501
E       sqlalchemy.exc.OperationalError: (sqlite3.OperationalError) unable to open database file
E       (Background on this error at: https://sqlalche.me/e/20/e3q8)

venv\Lib\site-packages\sqlalchemy\engine\default.py:630: OperationalError</error></testcase><testcase classname="tests.test_services_billing_utils.TestStripeService" name="test_customer_portal_link" time="1.458"><error message="failed on setup with &quot;sqlalchemy.exc.OperationalError: (sqlite3.OperationalError) unable to open database file&#10;(Background on this error at: https://sqlalche.me/e/20/e3q8)&quot;">self = &lt;sqlalchemy.engine.base.Connection object at 0x0000018E10024120&gt;
engine = Engine(sqlite:///C:\Users\LENOVO~1\AppData\Local\Temp\tmpqj5tk3s2), connection = None, _has_events = None
_allow_revalidate = True, _allow_autobegin = True

    def __init__(
        self,
        engine: Engine,
        connection: Optional[PoolProxiedConnection] = None,
        _has_events: Optional[bool] = None,
        _allow_revalidate: bool = True,
        _allow_autobegin: bool = True,
    ):
        """Construct a new Connection."""
        self.engine = engine
        self.dialect = dialect = engine.dialect
    
        if connection is None:
            try:
&gt;               self._dbapi_connection = engine.raw_connection()

venv\Lib\site-packages\sqlalchemy\engine\base.py:143: 
_ _ _ _ _ _ _ _ _ _ _ _ _ _ _ _ _ _ _ _ _ _ _ _ _ _ _ _ _ _ _ _ _ _ _ _ _ _ _ _ _ _ _ _ _ _ _ _ _ _ _ _ _ _ _ _ _ _ _ _
venv\Lib\site-packages\sqlalchemy\engine\base.py:3309: in raw_connection
    return self.pool.connect()
venv\Lib\site-packages\sqlalchemy\pool\base.py:447: in connect
    return _ConnectionFairy._checkout(self)
venv\Lib\site-packages\sqlalchemy\pool\base.py:1264: in _checkout
    fairy = _ConnectionRecord.checkout(pool)
venv\Lib\site-packages\sqlalchemy\pool\base.py:711: in checkout
    rec = pool._do_get()
venv\Lib\site-packages\sqlalchemy\pool\impl.py:177: in _do_get
    with util.safe_reraise():
venv\Lib\site-packages\sqlalchemy\util\langhelpers.py:224: in __exit__
    raise exc_value.with_traceback(exc_tb)
venv\Lib\site-packages\sqlalchemy\pool\impl.py:175: in _do_get
    return self._create_connection()
venv\Lib\site-packages\sqlalchemy\pool\base.py:388: in _create_connection
    return _ConnectionRecord(self)
venv\Lib\site-packages\sqlalchemy\pool\base.py:673: in __init__
    self.__connect()
venv\Lib\site-packages\sqlalchemy\pool\base.py:899: in __connect
    with util.safe_reraise():
venv\Lib\site-packages\sqlalchemy\util\langhelpers.py:224: in __exit__
    raise exc_value.with_traceback(exc_tb)
venv\Lib\site-packages\sqlalchemy\pool\base.py:895: in __connect
    self.dbapi_connection = connection = pool._invoke_creator(self)
venv\Lib\site-packages\sqlalchemy\engine\create.py:661: in connect
    return dialect.connect(*cargs, **cparams)
_ _ _ _ _ _ _ _ _ _ _ _ _ _ _ _ _ _ _ _ _ _ _ _ _ _ _ _ _ _ _ _ _ _ _ _ _ _ _ _ _ _ _ _ _ _ _ _ _ _ _ _ _ _ _ _ _ _ _ _

self = &lt;sqlalchemy.dialects.sqlite.pysqlite.SQLiteDialect_pysqlite object at 0x0000018E11F3B550&gt;
cargs = ('C:\\Users\\LENOVO~1\\AppData\\Local\\Temp\\tmpqj5tk3s2',), cparams = {'check_same_thread': False}

    def connect(self, *cargs: Any, **cparams: Any) -&gt; DBAPIConnection:
        # inherits the docstring from interfaces.Dialect.connect
&gt;       return self.loaded_dbapi.connect(*cargs, **cparams)  # type: ignore[no-any-return]  # NOQA: E501
E       sqlite3.OperationalError: unable to open database file

venv\Lib\site-packages\sqlalchemy\engine\default.py:630: OperationalError

The above exception was the direct cause of the following exception:

request = &lt;SubRequest 'testapp' for &lt;Function test_customer_portal_link&gt;&gt;

    @pytest.fixture()
    def testapp(request):
        app = create_app('appname.settings.TestConfig')
        client = app.test_client()
    
        db.app = app
        app_ctx = app.app_context()
        app_ctx.push()
&gt;       db.create_all()

tests\conftest.py:19: 
_ _ _ _ _ _ _ _ _ _ _ _ _ _ _ _ _ _ _ _ _ _ _ _ _ _ _ _ _ _ _ _ _ _ _ _ _ _ _ _ _ _ _ _ _ _ _ _ _ _ _ _ _ _ _ _ _ _ _ _
venv\Lib\site-packages\flask_sqlalchemy\extension.py:900: in create_all
    self._call_for_binds(bind_key, "create_all")
venv\Lib\site-packages\flask_sqlalchemy\extension.py:881: in _call_for_binds
    getattr(metadata, op_name)(bind=engine)
venv\Lib\site-packages\sqlalchemy\sql\schema.py:5928: in create_all
    bind._run_ddl_visitor(
venv\Lib\site-packages\sqlalchemy\engine\base.py:3259: in _run_ddl_visitor
    with self.begin() as conn:
C:\Python314\Lib\contextlib.py:141: in __enter__
    return next(self.gen)
venv\Lib\site-packages\sqlalchemy\engine\base.py:3249: in begin
    with self.connect() as conn:
venv\Lib\site-packages\sqlalchemy\engine\base.py:3285: in connect
    return self._connection_cls(self)
venv\Lib\site-packages\sqlalchemy\engine\base.py:145: in __init__
    Connection._handle_dbapi_exception_noconnection(
venv\Lib\site-packages\sqlalchemy\engine\base.py:2448: in _handle_dbapi_exception_noconnection
    raise sqlalchemy_exception.with_traceback(exc_info[2]) from e
venv\Lib\site-packages\sqlalchemy\engine\base.py:143: in __init__
    self._dbapi_connection = engine.raw_connection()
venv\Lib\site-packages\sqlalchemy\engine\base.py:3309: in raw_connection
    return self.pool.connect()
venv\Lib\site-packages\sqlalchemy\pool\base.py:447: in connect
    return _ConnectionFairy._checkout(self)
venv\Lib\site-packages\sqlalchemy\pool\base.py:1264: in _checkout
    fairy = _ConnectionRecord.checkout(pool)
venv\Lib\site-packages\sqlalchemy\pool\base.py:711: in checkout
    rec = pool._do_get()
venv\Lib\site-packages\sqlalchemy\pool\impl.py:177: in _do_get
    with util.safe_reraise():
venv\Lib\site-packages\sqlalchemy\util\langhelpers.py:224: in __exit__
    raise exc_value.with_traceback(exc_tb)
venv\Lib\site-packages\sqlalchemy\pool\impl.py:175: in _do_get
    return self._create_connection()
venv\Lib\site-packages\sqlalchemy\pool\base.py:388: in _create_connection
    return _ConnectionRecord(self)
venv\Lib\site-packages\sqlalchemy\pool\base.py:673: in __init__
    self.__connect()
venv\Lib\site-packages\sqlalchemy\pool\base.py:899: in __connect
    with util.safe_reraise():
venv\Lib\site-packages\sqlalchemy\util\langhelpers.py:224: in __exit__
    raise exc_value.with_traceback(exc_tb)
venv\Lib\site-packages\sqlalchemy\pool\base.py:895: in __connect
    self.dbapi_connection = connection = pool._invoke_creator(self)
venv\Lib\site-packages\sqlalchemy\engine\create.py:661: in connect
    return dialect.connect(*cargs, **cparams)
_ _ _ _ _ _ _ _ _ _ _ _ _ _ _ _ _ _ _ _ _ _ _ _ _ _ _ _ _ _ _ _ _ _ _ _ _ _ _ _ _ _ _ _ _ _ _ _ _ _ _ _ _ _ _ _ _ _ _ _

self = &lt;sqlalchemy.dialects.sqlite.pysqlite.SQLiteDialect_pysqlite object at 0x0000018E11F3B550&gt;
cargs = ('C:\\Users\\LENOVO~1\\AppData\\Local\\Temp\\tmpqj5tk3s2',), cparams = {'check_same_thread': False}

    def connect(self, *cargs: Any, **cparams: Any) -&gt; DBAPIConnection:
        # inherits the docstring from interfaces.Dialect.connect
&gt;       return self.loaded_dbapi.connect(*cargs, **cparams)  # type: ignore[no-any-return]  # NOQA: E501
E       sqlalchemy.exc.OperationalError: (sqlite3.OperationalError) unable to open database file
E       (Background on this error at: https://sqlalche.me/e/20/e3q8)

venv\Lib\site-packages\sqlalchemy\engine\default.py:630: OperationalError</error></testcase><testcase classname="tests.test_services_billing_utils.TestStripeService" name="test_usage_reporting_and_subscription_item_listing" time="1.481"><error message="failed on setup with &quot;sqlalchemy.exc.OperationalError: (sqlite3.OperationalError) unable to open database file&#10;(Background on this error at: https://sqlalche.me/e/20/e3q8)&quot;">self = &lt;sqlalchemy.engine.base.Connection object at 0x0000018E13FE7AD0&gt;
engine = Engine(sqlite:///C:\Users\LENOVO~1\AppData\Local\Temp\tmpqj5tk3s2), connection = None, _has_events = None
_allow_revalidate = True, _allow_autobegin = True

    def __init__(
        self,
        engine: Engine,
        connection: Optional[PoolProxiedConnection] = None,
        _has_events: Optional[bool] = None,
        _allow_revalidate: bool = True,
        _allow_autobegin: bool = True,
    ):
        """Construct a new Connection."""
        self.engine = engine
        self.dialect = dialect = engine.dialect
    
        if connection is None:
            try:
&gt;               self._dbapi_connection = engine.raw_connection()

venv\Lib\site-packages\sqlalchemy\engine\base.py:143: 
_ _ _ _ _ _ _ _ _ _ _ _ _ _ _ _ _ _ _ _ _ _ _ _ _ _ _ _ _ _ _ _ _ _ _ _ _ _ _ _ _ _ _ _ _ _ _ _ _ _ _ _ _ _ _ _ _ _ _ _
venv\Lib\site-packages\sqlalchemy\engine\base.py:3309: in raw_connection
    return self.pool.connect()
venv\Lib\site-packages\sqlalchemy\pool\base.py:447: in connect
    return _ConnectionFairy._checkout(self)
venv\Lib\site-packages\sqlalchemy\pool\base.py:1264: in _checkout
    fairy = _ConnectionRecord.checkout(pool)
venv\Lib\site-packages\sqlalchemy\pool\base.py:711: in checkout
    rec = pool._do_get()
venv\Lib\site-packages\sqlalchemy\pool\impl.py:177: in _do_get
    with util.safe_reraise():
venv\Lib\site-packages\sqlalchemy\util\langhelpers.py:224: in __exit__
    raise exc_value.with_traceback(exc_tb)
venv\Lib\site-packages\sqlalchemy\pool\impl.py:175: in _do_get
    return self._create_connection()
venv\Lib\site-packages\sqlalchemy\pool\base.py:388: in _create_connection
    return _ConnectionRecord(self)
venv\Lib\site-packages\sqlalchemy\pool\base.py:673: in __init__
    self.__connect()
venv\Lib\site-packages\sqlalchemy\pool\base.py:899: in __connect
    with util.safe_reraise():
venv\Lib\site-packages\sqlalchemy\util\langhelpers.py:224: in __exit__
    raise exc_value.with_traceback(exc_tb)
venv\Lib\site-packages\sqlalchemy\pool\base.py:895: in __connect
    self.dbapi_connection = connection = pool._invoke_creator(self)
venv\Lib\site-packages\sqlalchemy\engine\create.py:661: in connect
    return dialect.connect(*cargs, **cparams)
_ _ _ _ _ _ _ _ _ _ _ _ _ _ _ _ _ _ _ _ _ _ _ _ _ _ _ _ _ _ _ _ _ _ _ _ _ _ _ _ _ _ _ _ _ _ _ _ _ _ _ _ _ _ _ _ _ _ _ _

self = &lt;sqlalchemy.dialects.sqlite.pysqlite.SQLiteDialect_pysqlite object at 0x0000018E11F3A450&gt;
cargs = ('C:\\Users\\LENOVO~1\\AppData\\Local\\Temp\\tmpqj5tk3s2',), cparams = {'check_same_thread': False}

    def connect(self, *cargs: Any, **cparams: Any) -&gt; DBAPIConnection:
        # inherits the docstring from interfaces.Dialect.connect
&gt;       return self.loaded_dbapi.connect(*cargs, **cparams)  # type: ignore[no-any-return]  # NOQA: E501
E       sqlite3.OperationalError: unable to open database file

venv\Lib\site-packages\sqlalchemy\engine\default.py:630: OperationalError

The above exception was the direct cause of the following exception:

request = &lt;SubRequest 'testapp' for &lt;Function test_usage_reporting_and_subscription_item_listing&gt;&gt;

    @pytest.fixture()
    def testapp(request):
        app = create_app('appname.settings.TestConfig')
        client = app.test_client()
    
        db.app = app
        app_ctx = app.app_context()
        app_ctx.push()
&gt;       db.create_all()

tests\conftest.py:19: 
_ _ _ _ _ _ _ _ _ _ _ _ _ _ _ _ _ _ _ _ _ _ _ _ _ _ _ _ _ _ _ _ _ _ _ _ _ _ _ _ _ _ _ _ _ _ _ _ _ _ _ _ _ _ _ _ _ _ _ _
venv\Lib\site-packages\flask_sqlalchemy\extension.py:900: in create_all
    self._call_for_binds(bind_key, "create_all")
venv\Lib\site-packages\flask_sqlalchemy\extension.py:881: in _call_for_binds
    getattr(metadata, op_name)(bind=engine)
venv\Lib\site-packages\sqlalchemy\sql\schema.py:5928: in create_all
    bind._run_ddl_visitor(
venv\Lib\site-packages\sqlalchemy\engine\base.py:3259: in _run_ddl_visitor
    with self.begin() as conn:
C:\Python314\Lib\contextlib.py:141: in __enter__
    return next(self.gen)
venv\Lib\site-packages\sqlalchemy\engine\base.py:3249: in begin
    with self.connect() as conn:
venv\Lib\site-packages\sqlalchemy\engine\base.py:3285: in connect
    return self._connection_cls(self)
venv\Lib\site-packages\sqlalchemy\engine\base.py:145: in __init__
    Connection._handle_dbapi_exception_noconnection(
venv\Lib\site-packages\sqlalchemy\engine\base.py:2448: in _handle_dbapi_exception_noconnection
    raise sqlalchemy_exception.with_traceback(exc_info[2]) from e
venv\Lib\site-packages\sqlalchemy\engine\base.py:143: in __init__
    self._dbapi_connection = engine.raw_connection()
venv\Lib\site-packages\sqlalchemy\engine\base.py:3309: in raw_connection
    return self.pool.connect()
venv\Lib\site-packages\sqlalchemy\pool\base.py:447: in connect
    return _ConnectionFairy._checkout(self)
venv\Lib\site-packages\sqlalchemy\pool\base.py:1264: in _checkout
    fairy = _ConnectionRecord.checkout(pool)
venv\Lib\site-packages\sqlalchemy\pool\base.py:711: in checkout
    rec = pool._do_get()
venv\Lib\site-packages\sqlalchemy\pool\impl.py:177: in _do_get
    with util.safe_reraise():
venv\Lib\site-packages\sqlalchemy\util\langhelpers.py:224: in __exit__
    raise exc_value.with_traceback(exc_tb)
venv\Lib\site-packages\sqlalchemy\pool\impl.py:175: in _do_get
    return self._create_connection()
venv\Lib\site-packages\sqlalchemy\pool\base.py:388: in _create_connection
    return _ConnectionRecord(self)
venv\Lib\site-packages\sqlalchemy\pool\base.py:673: in __init__
    self.__connect()
venv\Lib\site-packages\sqlalchemy\pool\base.py:899: in __connect
    with util.safe_reraise():
venv\Lib\site-packages\sqlalchemy\util\langhelpers.py:224: in __exit__
    raise exc_value.with_traceback(exc_tb)
venv\Lib\site-packages\sqlalchemy\pool\base.py:895: in __connect
    self.dbapi_connection = connection = pool._invoke_creator(self)
venv\Lib\site-packages\sqlalchemy\engine\create.py:661: in connect
    return dialect.connect(*cargs, **cparams)
_ _ _ _ _ _ _ _ _ _ _ _ _ _ _ _ _ _ _ _ _ _ _ _ _ _ _ _ _ _ _ _ _ _ _ _ _ _ _ _ _ _ _ _ _ _ _ _ _ _ _ _ _ _ _ _ _ _ _ _

self = &lt;sqlalchemy.dialects.sqlite.pysqlite.SQLiteDialect_pysqlite object at 0x0000018E11F3A450&gt;
cargs = ('C:\\Users\\LENOVO~1\\AppData\\Local\\Temp\\tmpqj5tk3s2',), cparams = {'check_same_thread': False}

    def connect(self, *cargs: Any, **cparams: Any) -&gt; DBAPIConnection:
        # inherits the docstring from interfaces.Dialect.connect
&gt;       return self.loaded_dbapi.connect(*cargs, **cparams)  # type: ignore[no-any-return]  # NOQA: E501
E       sqlalchemy.exc.OperationalError: (sqlite3.OperationalError) unable to open database file
E       (Background on this error at: https://sqlalche.me/e/20/e3q8)

venv\Lib\site-packages\sqlalchemy\engine\default.py:630: OperationalError</error></testcase><testcase classname="tests.test_services_billing_utils.TestStripeService" name="test_parse_webhook_uses_signature_header" time="1.462"><error message="failed on setup with &quot;sqlalchemy.exc.OperationalError: (sqlite3.OperationalError) unable to open database file&#10;(Background on this error at: https://sqlalche.me/e/20/e3q8)&quot;">self = &lt;sqlalchemy.engine.base.Connection object at 0x0000018E14A39300&gt;
engine = Engine(sqlite:///C:\Users\LENOVO~1\AppData\Local\Temp\tmpqj5tk3s2), connection = None, _has_events = None
_allow_revalidate = True, _allow_autobegin = True

    def __init__(
        self,
        engine: Engine,
        connection: Optional[PoolProxiedConnection] = None,
        _has_events: Optional[bool] = None,
        _allow_revalidate: bool = True,
        _allow_autobegin: bool = True,
    ):
        """Construct a new Connection."""
        self.engine = engine
        self.dialect = dialect = engine.dialect
    
        if connection is None:
            try:
&gt;               self._dbapi_connection = engine.raw_connection()

venv\Lib\site-packages\sqlalchemy\engine\base.py:143: 
_ _ _ _ _ _ _ _ _ _ _ _ _ _ _ _ _ _ _ _ _ _ _ _ _ _ _ _ _ _ _ _ _ _ _ _ _ _ _ _ _ _ _ _ _ _ _ _ _ _ _ _ _ _ _ _ _ _ _ _
venv\Lib\site-packages\sqlalchemy\engine\base.py:3309: in raw_connection
    return self.pool.connect()
venv\Lib\site-packages\sqlalchemy\pool\base.py:447: in connect
    return _ConnectionFairy._checkout(self)
venv\Lib\site-packages\sqlalchemy\pool\base.py:1264: in _checkout
    fairy = _ConnectionRecord.checkout(pool)
venv\Lib\site-packages\sqlalchemy\pool\base.py:711: in checkout
    rec = pool._do_get()
venv\Lib\site-packages\sqlalchemy\pool\impl.py:177: in _do_get
    with util.safe_reraise():
venv\Lib\site-packages\sqlalchemy\util\langhelpers.py:224: in __exit__
    raise exc_value.with_traceback(exc_tb)
venv\Lib\site-packages\sqlalchemy\pool\impl.py:175: in _do_get
    return self._create_connection()
venv\Lib\site-packages\sqlalchemy\pool\base.py:388: in _create_connection
    return _ConnectionRecord(self)
venv\Lib\site-packages\sqlalchemy\pool\base.py:673: in __init__
    self.__connect()
venv\Lib\site-packages\sqlalchemy\pool\base.py:899: in __connect
    with util.safe_reraise():
venv\Lib\site-packages\sqlalchemy\util\langhelpers.py:224: in __exit__
    raise exc_value.with_traceback(exc_tb)
venv\Lib\site-packages\sqlalchemy\pool\base.py:895: in __connect
    self.dbapi_connection = connection = pool._invoke_creator(self)
venv\Lib\site-packages\sqlalchemy\engine\create.py:661: in connect
    return dialect.connect(*cargs, **cparams)
_ _ _ _ _ _ _ _ _ _ _ _ _ _ _ _ _ _ _ _ _ _ _ _ _ _ _ _ _ _ _ _ _ _ _ _ _ _ _ _ _ _ _ _ _ _ _ _ _ _ _ _ _ _ _ _ _ _ _ _

self = &lt;sqlalchemy.dialects.sqlite.pysqlite.SQLiteDialect_pysqlite object at 0x0000018E11F38450&gt;
cargs = ('C:\\Users\\LENOVO~1\\AppData\\Local\\Temp\\tmpqj5tk3s2',), cparams = {'check_same_thread': False}

    def connect(self, *cargs: Any, **cparams: Any) -&gt; DBAPIConnection:
        # inherits the docstring from interfaces.Dialect.connect
&gt;       return self.loaded_dbapi.connect(*cargs, **cparams)  # type: ignore[no-any-return]  # NOQA: E501
E       sqlite3.OperationalError: unable to open database file

venv\Lib\site-packages\sqlalchemy\engine\default.py:630: OperationalError

The above exception was the direct cause of the following exception:

request = &lt;SubRequest 'testapp' for &lt;Function test_parse_webhook_uses_signature_header&gt;&gt;

    @pytest.fixture()
    def testapp(request):
        app = create_app('appname.settings.TestConfig')
        client = app.test_client()
    
        db.app = app
        app_ctx = app.app_context()
        app_ctx.push()
&gt;       db.create_all()

tests\conftest.py:19: 
_ _ _ _ _ _ _ _ _ _ _ _ _ _ _ _ _ _ _ _ _ _ _ _ _ _ _ _ _ _ _ _ _ _ _ _ _ _ _ _ _ _ _ _ _ _ _ _ _ _ _ _ _ _ _ _ _ _ _ _
venv\Lib\site-packages\flask_sqlalchemy\extension.py:900: in create_all
    self._call_for_binds(bind_key, "create_all")
venv\Lib\site-packages\flask_sqlalchemy\extension.py:881: in _call_for_binds
    getattr(metadata, op_name)(bind=engine)
venv\Lib\site-packages\sqlalchemy\sql\schema.py:5928: in create_all
    bind._run_ddl_visitor(
venv\Lib\site-packages\sqlalchemy\engine\base.py:3259: in _run_ddl_visitor
    with self.begin() as conn:
C:\Python314\Lib\contextlib.py:141: in __enter__
    return next(self.gen)
venv\Lib\site-packages\sqlalchemy\engine\base.py:3249: in begin
    with self.connect() as conn:
venv\Lib\site-packages\sqlalchemy\engine\base.py:3285: in connect
    return self._connection_cls(self)
venv\Lib\site-packages\sqlalchemy\engine\base.py:145: in __init__
    Connection._handle_dbapi_exception_noconnection(
venv\Lib\site-packages\sqlalchemy\engine\base.py:2448: in _handle_dbapi_exception_noconnection
    raise sqlalchemy_exception.with_traceback(exc_info[2]) from e
venv\Lib\site-packages\sqlalchemy\engine\base.py:143: in __init__
    self._dbapi_connection = engine.raw_connection()
venv\Lib\site-packages\sqlalchemy\engine\base.py:3309: in raw_connection
    return self.pool.connect()
venv\Lib\site-packages\sqlalchemy\pool\base.py:447: in connect
    return _ConnectionFairy._checkout(self)
venv\Lib\site-packages\sqlalchemy\pool\base.py:1264: in _checkout
    fairy = _ConnectionRecord.checkout(pool)
venv\Lib\site-packages\sqlalchemy\pool\base.py:711: in checkout
    rec = pool._do_get()
venv\Lib\site-packages\sqlalchemy\pool\impl.py:177: in _do_get
    with util.safe_reraise():
venv\Lib\site-packages\sqlalchemy\util\langhelpers.py:224: in __exit__
    raise exc_value.with_traceback(exc_tb)
venv\Lib\site-packages\sqlalchemy\pool\impl.py:175: in _do_get
    return self._create_connection()
venv\Lib\site-packages\sqlalchemy\pool\base.py:388: in _create_connection
    return _ConnectionRecord(self)
venv\Lib\site-packages\sqlalchemy\pool\base.py:673: in __init__
    self.__connect()
venv\Lib\site-packages\sqlalchemy\pool\base.py:899: in __connect
    with util.safe_reraise():
venv\Lib\site-packages\sqlalchemy\util\langhelpers.py:224: in __exit__
    raise exc_value.with_traceback(exc_tb)
venv\Lib\site-packages\sqlalchemy\pool\base.py:895: in __connect
    self.dbapi_connection = connection = pool._invoke_creator(self)
venv\Lib\site-packages\sqlalchemy\engine\create.py:661: in connect
    return dialect.connect(*cargs, **cparams)
_ _ _ _ _ _ _ _ _ _ _ _ _ _ _ _ _ _ _ _ _ _ _ _ _ _ _ _ _ _ _ _ _ _ _ _ _ _ _ _ _ _ _ _ _ _ _ _ _ _ _ _ _ _ _ _ _ _ _ _

self = &lt;sqlalchemy.dialects.sqlite.pysqlite.SQLiteDialect_pysqlite object at 0x0000018E11F38450&gt;
cargs = ('C:\\Users\\LENOVO~1\\AppData\\Local\\Temp\\tmpqj5tk3s2',), cparams = {'check_same_thread': False}

    def connect(self, *cargs: Any, **cparams: Any) -&gt; DBAPIConnection:
        # inherits the docstring from interfaces.Dialect.connect
&gt;       return self.loaded_dbapi.connect(*cargs, **cparams)  # type: ignore[no-any-return]  # NOQA: E501
E       sqlalchemy.exc.OperationalError: (sqlite3.OperationalError) unable to open database file
E       (Background on this error at: https://sqlalche.me/e/20/e3q8)

venv\Lib\site-packages\sqlalchemy\engine\default.py:630: OperationalError</error></testcase><testcase classname="tests.test_services_billing_utils.TestBillingPlans" name="test_free_plan_member_limit" time="1.456"><error message="failed on setup with &quot;sqlalchemy.exc.OperationalError: (sqlite3.OperationalError) unable to open database file&#10;(Background on this error at: https://sqlalche.me/e/20/e3q8)&quot;">self = &lt;sqlalchemy.engine.base.Connection object at 0x0000018E14A3A680&gt;
engine = Engine(sqlite:///C:\Users\LENOVO~1\AppData\Local\Temp\tmpqj5tk3s2), connection = None, _has_events = None
_allow_revalidate = True, _allow_autobegin = True

    def __init__(
        self,
        engine: Engine,
        connection: Optional[PoolProxiedConnection] = None,
        _has_events: Optional[bool] = None,
        _allow_revalidate: bool = True,
        _allow_autobegin: bool = True,
    ):
        """Construct a new Connection."""
        self.engine = engine
        self.dialect = dialect = engine.dialect
    
        if connection is None:
            try:
&gt;               self._dbapi_connection = engine.raw_connection()

venv\Lib\site-packages\sqlalchemy\engine\base.py:143: 
_ _ _ _ _ _ _ _ _ _ _ _ _ _ _ _ _ _ _ _ _ _ _ _ _ _ _ _ _ _ _ _ _ _ _ _ _ _ _ _ _ _ _ _ _ _ _ _ _ _ _ _ _ _ _ _ _ _ _ _
venv\Lib\site-packages\sqlalchemy\engine\base.py:3309: in raw_connection
    return self.pool.connect()
venv\Lib\site-packages\sqlalchemy\pool\base.py:447: in connect
    return _ConnectionFairy._checkout(self)
venv\Lib\site-packages\sqlalchemy\pool\base.py:1264: in _checkout
    fairy = _ConnectionRecord.checkout(pool)
venv\Lib\site-packages\sqlalchemy\pool\base.py:711: in checkout
    rec = pool._do_get()
venv\Lib\site-packages\sqlalchemy\pool\impl.py:177: in _do_get
    with util.safe_reraise():
venv\Lib\site-packages\sqlalchemy\util\langhelpers.py:224: in __exit__
    raise exc_value.with_traceback(exc_tb)
venv\Lib\site-packages\sqlalchemy\pool\impl.py:175: in _do_get
    return self._create_connection()
venv\Lib\site-packages\sqlalchemy\pool\base.py:388: in _create_connection
    return _ConnectionRecord(self)
venv\Lib\site-packages\sqlalchemy\pool\base.py:673: in __init__
    self.__connect()
venv\Lib\site-packages\sqlalchemy\pool\base.py:899: in __connect
    with util.safe_reraise():
venv\Lib\site-packages\sqlalchemy\util\langhelpers.py:224: in __exit__
    raise exc_value.with_traceback(exc_tb)
venv\Lib\site-packages\sqlalchemy\pool\base.py:895: in __connect
    self.dbapi_connection = connection = pool._invoke_creator(self)
venv\Lib\site-packages\sqlalchemy\engine\create.py:661: in connect
    return dialect.connect(*cargs, **cparams)
_ _ _ _ _ _ _ _ _ _ _ _ _ _ _ _ _ _ _ _ _ _ _ _ _ _ _ _ _ _ _ _ _ _ _ _ _ _ _ _ _ _ _ _ _ _ _ _ _ _ _ _ _ _ _ _ _ _ _ _

self = &lt;sqlalchemy.dialects.sqlite.pysqlite.SQLiteDialect_pysqlite object at 0x0000018E11F3B950&gt;
cargs = ('C:\\Users\\LENOVO~1\\AppData\\Local\\Temp\\tmpqj5tk3s2',), cparams = {'check_same_thread': False}

    def connect(self, *cargs: Any, **cparams: Any) -&gt; DBAPIConnection:
        # inherits the docstring from interfaces.Dialect.connect
&gt;       return self.loaded_dbapi.connect(*cargs, **cparams)  # type: ignore[no-any-return]  # NOQA: E501
E       sqlite3.OperationalError: unable to open database file

venv\Lib\site-packages\sqlalchemy\engine\default.py:630: OperationalError

The above exception was the direct cause of the following exception:

request = &lt;SubRequest 'testapp' for &lt;Function test_free_plan_member_limit&gt;&gt;

    @pytest.fixture()
    def testapp(request):
        app = create_app('appname.settings.TestConfig')
        client = app.test_client()
    
        db.app = app
        app_ctx = app.app_context()
        app_ctx.push()
&gt;       db.create_all()

tests\conftest.py:19: 
_ _ _ _ _ _ _ _ _ _ _ _ _ _ _ _ _ _ _ _ _ _ _ _ _ _ _ _ _ _ _ _ _ _ _ _ _ _ _ _ _ _ _ _ _ _ _ _ _ _ _ _ _ _ _ _ _ _ _ _
venv\Lib\site-packages\flask_sqlalchemy\extension.py:900: in create_all
    self._call_for_binds(bind_key, "create_all")
venv\Lib\site-packages\flask_sqlalchemy\extension.py:881: in _call_for_binds
    getattr(metadata, op_name)(bind=engine)
venv\Lib\site-packages\sqlalchemy\sql\schema.py:5928: in create_all
    bind._run_ddl_visitor(
venv\Lib\site-packages\sqlalchemy\engine\base.py:3259: in _run_ddl_visitor
    with self.begin() as conn:
C:\Python314\Lib\contextlib.py:141: in __enter__
    return next(self.gen)
venv\Lib\site-packages\sqlalchemy\engine\base.py:3249: in begin
    with self.connect() as conn:
venv\Lib\site-packages\sqlalchemy\engine\base.py:3285: in connect
    return self._connection_cls(self)
venv\Lib\site-packages\sqlalchemy\engine\base.py:145: in __init__
    Connection._handle_dbapi_exception_noconnection(
venv\Lib\site-packages\sqlalchemy\engine\base.py:2448: in _handle_dbapi_exception_noconnection
    raise sqlalchemy_exception.with_traceback(exc_info[2]) from e
venv\Lib\site-packages\sqlalchemy\engine\base.py:143: in __init__
    self._dbapi_connection = engine.raw_connection()
venv\Lib\site-packages\sqlalchemy\engine\base.py:3309: in raw_connection
    return self.pool.connect()
venv\Lib\site-packages\sqlalchemy\pool\base.py:447: in connect
    return _ConnectionFairy._checkout(self)
venv\Lib\site-packages\sqlalchemy\pool\base.py:1264: in _checkout
    fairy = _ConnectionRecord.checkout(pool)
venv\Lib\site-packages\sqlalchemy\pool\base.py:711: in checkout
    rec = pool._do_get()
venv\Lib\site-packages\sqlalchemy\pool\impl.py:177: in _do_get
    with util.safe_reraise():
venv\Lib\site-packages\sqlalchemy\util\langhelpers.py:224: in __exit__
    raise exc_value.with_traceback(exc_tb)
venv\Lib\site-packages\sqlalchemy\pool\impl.py:175: in _do_get
    return self._create_connection()
venv\Lib\site-packages\sqlalchemy\pool\base.py:388: in _create_connection
    return _ConnectionRecord(self)
venv\Lib\site-packages\sqlalchemy\pool\base.py:673: in __init__
    self.__connect()
venv\Lib\site-packages\sqlalchemy\pool\base.py:899: in __connect
    with util.safe_reraise():
venv\Lib\site-packages\sqlalchemy\util\langhelpers.py:224: in __exit__
    raise exc_value.with_traceback(exc_tb)
venv\Lib\site-packages\sqlalchemy\pool\base.py:895: in __connect
    self.dbapi_connection = connection = pool._invoke_creator(self)
venv\Lib\site-packages\sqlalchemy\engine\create.py:661: in connect
    return dialect.connect(*cargs, **cparams)
_ _ _ _ _ _ _ _ _ _ _ _ _ _ _ _ _ _ _ _ _ _ _ _ _ _ _ _ _ _ _ _ _ _ _ _ _ _ _ _ _ _ _ _ _ _ _ _ _ _ _ _ _ _ _ _ _ _ _ _

self = &lt;sqlalchemy.dialects.sqlite.pysqlite.SQLiteDialect_pysqlite object at 0x0000018E11F3B950&gt;
cargs = ('C:\\Users\\LENOVO~1\\AppData\\Local\\Temp\\tmpqj5tk3s2',), cparams = {'check_same_thread': False}

    def connect(self, *cargs: Any, **cparams: Any) -&gt; DBAPIConnection:
        # inherits the docstring from interfaces.Dialect.connect
&gt;       return self.loaded_dbapi.connect(*cargs, **cparams)  # type: ignore[no-any-return]  # NOQA: E501
E       sqlalchemy.exc.OperationalError: (sqlite3.OperationalError) unable to open database file
E       (Background on this error at: https://sqlalche.me/e/20/e3q8)

venv\Lib\site-packages\sqlalchemy\engine\default.py:630: OperationalError</error></testcase><testcase classname="tests.test_services_billing_utils.TestBillingPlans" name="test_metered_plan_records_usage" time="1.507"><error message="failed on setup with &quot;sqlalchemy.exc.OperationalError: (sqlite3.OperationalError) unable to open database file&#10;(Background on this error at: https://sqlalche.me/e/20/e3q8)&quot;">self = &lt;sqlalchemy.engine.base.Connection object at 0x0000018E1399A340&gt;
engine = Engine(sqlite:///C:\Users\LENOVO~1\AppData\Local\Temp\tmpqj5tk3s2), connection = None, _has_events = None
_allow_revalidate = True, _allow_autobegin = True

    def __init__(
        self,
        engine: Engine,
        connection: Optional[PoolProxiedConnection] = None,
        _has_events: Optional[bool] = None,
        _allow_revalidate: bool = True,
        _allow_autobegin: bool = True,
    ):
        """Construct a new Connection."""
        self.engine = engine
        self.dialect = dialect = engine.dialect
    
        if connection is None:
            try:
&gt;               self._dbapi_connection = engine.raw_connection()

venv\Lib\site-packages\sqlalchemy\engine\base.py:143: 
_ _ _ _ _ _ _ _ _ _ _ _ _ _ _ _ _ _ _ _ _ _ _ _ _ _ _ _ _ _ _ _ _ _ _ _ _ _ _ _ _ _ _ _ _ _ _ _ _ _ _ _ _ _ _ _ _ _ _ _
venv\Lib\site-packages\sqlalchemy\engine\base.py:3309: in raw_connection
    return self.pool.connect()
venv\Lib\site-packages\sqlalchemy\pool\base.py:447: in connect
    return _ConnectionFairy._checkout(self)
venv\Lib\site-packages\sqlalchemy\pool\base.py:1264: in _checkout
    fairy = _ConnectionRecord.checkout(pool)
venv\Lib\site-packages\sqlalchemy\pool\base.py:711: in checkout
    rec = pool._do_get()
venv\Lib\site-packages\sqlalchemy\pool\impl.py:177: in _do_get
    with util.safe_reraise():
venv\Lib\site-packages\sqlalchemy\util\langhelpers.py:224: in __exit__
    raise exc_value.with_traceback(exc_tb)
venv\Lib\site-packages\sqlalchemy\pool\impl.py:175: in _do_get
    return self._create_connection()
venv\Lib\site-packages\sqlalchemy\pool\base.py:388: in _create_connection
    return _ConnectionRecord(self)
venv\Lib\site-packages\sqlalchemy\pool\base.py:673: in __init__
    self.__connect()
venv\Lib\site-packages\sqlalchemy\pool\base.py:899: in __connect
    with util.safe_reraise():
venv\Lib\site-packages\sqlalchemy\util\langhelpers.py:224: in __exit__
    raise exc_value.with_traceback(exc_tb)
venv\Lib\site-packages\sqlalchemy\pool\base.py:895: in __connect
    self.dbapi_connection = connection = pool._invoke_creator(self)
venv\Lib\site-packages\sqlalchemy\engine\create.py:661: in connect
    return dialect.connect(*cargs, **cparams)
_ _ _ _ _ _ _ _ _ _ _ _ _ _ _ _ _ _ _ _ _ _ _ _ _ _ _ _ _ _ _ _ _ _ _ _ _ _ _ _ _ _ _ _ _ _ _ _ _ _ _ _ _ _ _ _ _ _ _ _

self = &lt;sqlalchemy.dialects.sqlite.pysqlite.SQLiteDialect_pysqlite object at 0x0000018E11F39C50&gt;
cargs = ('C:\\Users\\LENOVO~1\\AppData\\Local\\Temp\\tmpqj5tk3s2',), cparams = {'check_same_thread': False}

    def connect(self, *cargs: Any, **cparams: Any) -&gt; DBAPIConnection:
        # inherits the docstring from interfaces.Dialect.connect
&gt;       return self.loaded_dbapi.connect(*cargs, **cparams)  # type: ignore[no-any-return]  # NOQA: E501
E       sqlite3.OperationalError: unable to open database file

venv\Lib\site-packages\sqlalchemy\engine\default.py:630: OperationalError

The above exception was the direct cause of the following exception:

request = &lt;SubRequest 'testapp' for &lt;Function test_metered_plan_records_usage&gt;&gt;

    @pytest.fixture()
    def testapp(request):
        app = create_app('appname.settings.TestConfig')
        client = app.test_client()
    
        db.app = app
        app_ctx = app.app_context()
        app_ctx.push()
&gt;       db.create_all()

tests\conftest.py:19: 
_ _ _ _ _ _ _ _ _ _ _ _ _ _ _ _ _ _ _ _ _ _ _ _ _ _ _ _ _ _ _ _ _ _ _ _ _ _ _ _ _ _ _ _ _ _ _ _ _ _ _ _ _ _ _ _ _ _ _ _
venv\Lib\site-packages\flask_sqlalchemy\extension.py:900: in create_all
    self._call_for_binds(bind_key, "create_all")
venv\Lib\site-packages\flask_sqlalchemy\extension.py:881: in _call_for_binds
    getattr(metadata, op_name)(bind=engine)
venv\Lib\site-packages\sqlalchemy\sql\schema.py:5928: in create_all
    bind._run_ddl_visitor(
venv\Lib\site-packages\sqlalchemy\engine\base.py:3259: in _run_ddl_visitor
    with self.begin() as conn:
C:\Python314\Lib\contextlib.py:141: in __enter__
    return next(self.gen)
venv\Lib\site-packages\sqlalchemy\engine\base.py:3249: in begin
    with self.connect() as conn:
venv\Lib\site-packages\sqlalchemy\engine\base.py:3285: in connect
    return self._connection_cls(self)
venv\Lib\site-packages\sqlalchemy\engine\base.py:145: in __init__
    Connection._handle_dbapi_exception_noconnection(
venv\Lib\site-packages\sqlalchemy\engine\base.py:2448: in _handle_dbapi_exception_noconnection
    raise sqlalchemy_exception.with_traceback(exc_info[2]) from e
venv\Lib\site-packages\sqlalchemy\engine\base.py:143: in __init__
    self._dbapi_connection = engine.raw_connection()
venv\Lib\site-packages\sqlalchemy\engine\base.py:3309: in raw_connection
    return self.pool.connect()
venv\Lib\site-packages\sqlalchemy\pool\base.py:447: in connect
    return _ConnectionFairy._checkout(self)
venv\Lib\site-packages\sqlalchemy\pool\base.py:1264: in _checkout
    fairy = _ConnectionRecord.checkout(pool)
venv\Lib\site-packages\sqlalchemy\pool\base.py:711: in checkout
    rec = pool._do_get()
venv\Lib\site-packages\sqlalchemy\pool\impl.py:177: in _do_get
    with util.safe_reraise():
venv\Lib\site-packages\sqlalchemy\util\langhelpers.py:224: in __exit__
    raise exc_value.with_traceback(exc_tb)
venv\Lib\site-packages\sqlalchemy\pool\impl.py:175: in _do_get
    return self._create_connection()
venv\Lib\site-packages\sqlalchemy\pool\base.py:388: in _create_connection
    return _ConnectionRecord(self)
venv\Lib\site-packages\sqlalchemy\pool\base.py:673: in __init__
    self.__connect()
venv\Lib\site-packages\sqlalchemy\pool\base.py:899: in __connect
    with util.safe_reraise():
venv\Lib\site-packages\sqlalchemy\util\langhelpers.py:224: in __exit__
    raise exc_value.with_traceback(exc_tb)
venv\Lib\site-packages\sqlalchemy\pool\base.py:895: in __connect
    self.dbapi_connection = connection = pool._invoke_creator(self)
venv\Lib\site-packages\sqlalchemy\engine\create.py:661: in connect
    return dialect.connect(*cargs, **cparams)
_ _ _ _ _ _ _ _ _ _ _ _ _ _ _ _ _ _ _ _ _ _ _ _ _ _ _ _ _ _ _ _ _ _ _ _ _ _ _ _ _ _ _ _ _ _ _ _ _ _ _ _ _ _ _ _ _ _ _ _

self = &lt;sqlalchemy.dialects.sqlite.pysqlite.SQLiteDialect_pysqlite object at 0x0000018E11F39C50&gt;
cargs = ('C:\\Users\\LENOVO~1\\AppData\\Local\\Temp\\tmpqj5tk3s2',), cparams = {'check_same_thread': False}

    def connect(self, *cargs: Any, **cparams: Any) -&gt; DBAPIConnection:
        # inherits the docstring from interfaces.Dialect.connect
&gt;       return self.loaded_dbapi.connect(*cargs, **cparams)  # type: ignore[no-any-return]  # NOQA: E501
E       sqlalchemy.exc.OperationalError: (sqlite3.OperationalError) unable to open database file
E       (Background on this error at: https://sqlalche.me/e/20/e3q8)

venv\Lib\site-packages\sqlalchemy\engine\default.py:630: OperationalError</error></testcase><testcase classname="tests.test_services_billing_utils.TestBillingPlans" name="test_metered_plan_raises_when_subscription_item_missing" time="1.469"><error message="failed on setup with &quot;sqlalchemy.exc.OperationalError: (sqlite3.OperationalError) unable to open database file&#10;(Background on this error at: https://sqlalche.me/e/20/e3q8)&quot;">self = &lt;sqlalchemy.engine.base.Connection object at 0x0000018E13FE6270&gt;
engine = Engine(sqlite:///C:\Users\LENOVO~1\AppData\Local\Temp\tmpqj5tk3s2), connection = None, _has_events = None
_allow_revalidate = True, _allow_autobegin = True

    def __init__(
        self,
        engine: Engine,
        connection: Optional[PoolProxiedConnection] = None,
        _has_events: Optional[bool] = None,
        _allow_revalidate: bool = True,
        _allow_autobegin: bool = True,
    ):
        """Construct a new Connection."""
        self.engine = engine
        self.dialect = dialect = engine.dialect
    
        if connection is None:
            try:
&gt;               self._dbapi_connection = engine.raw_connection()

venv\Lib\site-packages\sqlalchemy\engine\base.py:143: 
_ _ _ _ _ _ _ _ _ _ _ _ _ _ _ _ _ _ _ _ _ _ _ _ _ _ _ _ _ _ _ _ _ _ _ _ _ _ _ _ _ _ _ _ _ _ _ _ _ _ _ _ _ _ _ _ _ _ _ _
venv\Lib\site-packages\sqlalchemy\engine\base.py:3309: in raw_connection
    return self.pool.connect()
venv\Lib\site-packages\sqlalchemy\pool\base.py:447: in connect
    return _ConnectionFairy._checkout(self)
venv\Lib\site-packages\sqlalchemy\pool\base.py:1264: in _checkout
    fairy = _ConnectionRecord.checkout(pool)
venv\Lib\site-packages\sqlalchemy\pool\base.py:711: in checkout
    rec = pool._do_get()
venv\Lib\site-packages\sqlalchemy\pool\impl.py:177: in _do_get
    with util.safe_reraise():
venv\Lib\site-packages\sqlalchemy\util\langhelpers.py:224: in __exit__
    raise exc_value.with_traceback(exc_tb)
venv\Lib\site-packages\sqlalchemy\pool\impl.py:175: in _do_get
    return self._create_connection()
venv\Lib\site-packages\sqlalchemy\pool\base.py:388: in _create_connection
    return _ConnectionRecord(self)
venv\Lib\site-packages\sqlalchemy\pool\base.py:673: in __init__
    self.__connect()
venv\Lib\site-packages\sqlalchemy\pool\base.py:899: in __connect
    with util.safe_reraise():
venv\Lib\site-packages\sqlalchemy\util\langhelpers.py:224: in __exit__
    raise exc_value.with_traceback(exc_tb)
venv\Lib\site-packages\sqlalchemy\pool\base.py:895: in __connect
    self.dbapi_connection = connection = pool._invoke_creator(self)
venv\Lib\site-packages\sqlalchemy\engine\create.py:661: in connect
    return dialect.connect(*cargs, **cparams)
_ _ _ _ _ _ _ _ _ _ _ _ _ _ _ _ _ _ _ _ _ _ _ _ _ _ _ _ _ _ _ _ _ _ _ _ _ _ _ _ _ _ _ _ _ _ _ _ _ _ _ _ _ _ _ _ _ _ _ _

self = &lt;sqlalchemy.dialects.sqlite.pysqlite.SQLiteDialect_pysqlite object at 0x0000018E11F3A550&gt;
cargs = ('C:\\Users\\LENOVO~1\\AppData\\Local\\Temp\\tmpqj5tk3s2',), cparams = {'check_same_thread': False}

    def connect(self, *cargs: Any, **cparams: Any) -&gt; DBAPIConnection:
        # inherits the docstring from interfaces.Dialect.connect
&gt;       return self.loaded_dbapi.connect(*cargs, **cparams)  # type: ignore[no-any-return]  # NOQA: E501
E       sqlite3.OperationalError: unable to open database file

venv\Lib\site-packages\sqlalchemy\engine\default.py:630: OperationalError

The above exception was the direct cause of the following exception:

request = &lt;SubRequest 'testapp' for &lt;Function test_metered_plan_raises_when_subscription_item_missing&gt;&gt;

    @pytest.fixture()
    def testapp(request):
        app = create_app('appname.settings.TestConfig')
        client = app.test_client()
    
        db.app = app
        app_ctx = app.app_context()
        app_ctx.push()
&gt;       db.create_all()

tests\conftest.py:19: 
_ _ _ _ _ _ _ _ _ _ _ _ _ _ _ _ _ _ _ _ _ _ _ _ _ _ _ _ _ _ _ _ _ _ _ _ _ _ _ _ _ _ _ _ _ _ _ _ _ _ _ _ _ _ _ _ _ _ _ _
venv\Lib\site-packages\flask_sqlalchemy\extension.py:900: in create_all
    self._call_for_binds(bind_key, "create_all")
venv\Lib\site-packages\flask_sqlalchemy\extension.py:881: in _call_for_binds
    getattr(metadata, op_name)(bind=engine)
venv\Lib\site-packages\sqlalchemy\sql\schema.py:5928: in create_all
    bind._run_ddl_visitor(
venv\Lib\site-packages\sqlalchemy\engine\base.py:3259: in _run_ddl_visitor
    with self.begin() as conn:
C:\Python314\Lib\contextlib.py:141: in __enter__
    return next(self.gen)
venv\Lib\site-packages\sqlalchemy\engine\base.py:3249: in begin
    with self.connect() as conn:
venv\Lib\site-packages\sqlalchemy\engine\base.py:3285: in connect
    return self._connection_cls(self)
venv\Lib\site-packages\sqlalchemy\engine\base.py:145: in __init__
    Connection._handle_dbapi_exception_noconnection(
venv\Lib\site-packages\sqlalchemy\engine\base.py:2448: in _handle_dbapi_exception_noconnection
    raise sqlalchemy_exception.with_traceback(exc_info[2]) from e
venv\Lib\site-packages\sqlalchemy\engine\base.py:143: in __init__
    self._dbapi_connection = engine.raw_connection()
venv\Lib\site-packages\sqlalchemy\engine\base.py:3309: in raw_connection
    return self.pool.connect()
venv\Lib\site-packages\sqlalchemy\pool\base.py:447: in connect
    return _ConnectionFairy._checkout(self)
venv\Lib\site-packages\sqlalchemy\pool\base.py:1264: in _checkout
    fairy = _ConnectionRecord.checkout(pool)
venv\Lib\site-packages\sqlalchemy\pool\base.py:711: in checkout
    rec = pool._do_get()
venv\Lib\site-packages\sqlalchemy\pool\impl.py:177: in _do_get
    with util.safe_reraise():
venv\Lib\site-packages\sqlalchemy\util\langhelpers.py:224: in __exit__
    raise exc_value.with_traceback(exc_tb)
venv\Lib\site-packages\sqlalchemy\pool\impl.py:175: in _do_get
    return self._create_connection()
venv\Lib\site-packages\sqlalchemy\pool\base.py:388: in _create_connection
    return _ConnectionRecord(self)
venv\Lib\site-packages\sqlalchemy\pool\base.py:673: in __init__
    self.__connect()
venv\Lib\site-packages\sqlalchemy\pool\base.py:899: in __connect
    with util.safe_reraise():
venv\Lib\site-packages\sqlalchemy\util\langhelpers.py:224: in __exit__
    raise exc_value.with_traceback(exc_tb)
venv\Lib\site-packages\sqlalchemy\pool\base.py:895: in __connect
    self.dbapi_connection = connection = pool._invoke_creator(self)
venv\Lib\site-packages\sqlalchemy\engine\create.py:661: in connect
    return dialect.connect(*cargs, **cparams)
_ _ _ _ _ _ _ _ _ _ _ _ _ _ _ _ _ _ _ _ _ _ _ _ _ _ _ _ _ _ _ _ _ _ _ _ _ _ _ _ _ _ _ _ _ _ _ _ _ _ _ _ _ _ _ _ _ _ _ _

self = &lt;sqlalchemy.dialects.sqlite.pysqlite.SQLiteDialect_pysqlite object at 0x0000018E11F3A550&gt;
cargs = ('C:\\Users\\LENOVO~1\\AppData\\Local\\Temp\\tmpqj5tk3s2',), cparams = {'check_same_thread': False}

    def connect(self, *cargs: Any, **cparams: Any) -&gt; DBAPIConnection:
        # inherits the docstring from interfaces.Dialect.connect
&gt;       return self.loaded_dbapi.connect(*cargs, **cparams)  # type: ignore[no-any-return]  # NOQA: E501
E       sqlalchemy.exc.OperationalError: (sqlite3.OperationalError) unable to open database file
E       (Background on this error at: https://sqlalche.me/e/20/e3q8)

venv\Lib\site-packages\sqlalchemy\engine\default.py:630: OperationalError</error></testcase><testcase classname="tests.test_services_billing_utils.TestBillingPlans" name="test_set_team_plan_updates_team_value" time="1.489"><error message="failed on setup with &quot;sqlalchemy.exc.OperationalError: (sqlite3.OperationalError) unable to open database file&#10;(Background on this error at: https://sqlalche.me/e/20/e3q8)&quot;">self = &lt;sqlalchemy.engine.base.Connection object at 0x0000018E13FE4AE0&gt;
engine = Engine(sqlite:///C:\Users\LENOVO~1\AppData\Local\Temp\tmpqj5tk3s2), connection = None, _has_events = None
_allow_revalidate = True, _allow_autobegin = True

    def __init__(
        self,
        engine: Engine,
        connection: Optional[PoolProxiedConnection] = None,
        _has_events: Optional[bool] = None,
        _allow_revalidate: bool = True,
        _allow_autobegin: bool = True,
    ):
        """Construct a new Connection."""
        self.engine = engine
        self.dialect = dialect = engine.dialect
    
        if connection is None:
            try:
&gt;               self._dbapi_connection = engine.raw_connection()

venv\Lib\site-packages\sqlalchemy\engine\base.py:143: 
_ _ _ _ _ _ _ _ _ _ _ _ _ _ _ _ _ _ _ _ _ _ _ _ _ _ _ _ _ _ _ _ _ _ _ _ _ _ _ _ _ _ _ _ _ _ _ _ _ _ _ _ _ _ _ _ _ _ _ _
venv\Lib\site-packages\sqlalchemy\engine\base.py:3309: in raw_connection
    return self.pool.connect()
venv\Lib\site-packages\sqlalchemy\pool\base.py:447: in connect
    return _ConnectionFairy._checkout(self)
venv\Lib\site-packages\sqlalchemy\pool\base.py:1264: in _checkout
    fairy = _ConnectionRecord.checkout(pool)
venv\Lib\site-packages\sqlalchemy\pool\base.py:711: in checkout
    rec = pool._do_get()
venv\Lib\site-packages\sqlalchemy\pool\impl.py:177: in _do_get
    with util.safe_reraise():
venv\Lib\site-packages\sqlalchemy\util\langhelpers.py:224: in __exit__
    raise exc_value.with_traceback(exc_tb)
venv\Lib\site-packages\sqlalchemy\pool\impl.py:175: in _do_get
    return self._create_connection()
venv\Lib\site-packages\sqlalchemy\pool\base.py:388: in _create_connection
    return _ConnectionRecord(self)
venv\Lib\site-packages\sqlalchemy\pool\base.py:673: in __init__
    self.__connect()
venv\Lib\site-packages\sqlalchemy\pool\base.py:899: in __connect
    with util.safe_reraise():
venv\Lib\site-packages\sqlalchemy\util\langhelpers.py:224: in __exit__
    raise exc_value.with_traceback(exc_tb)
venv\Lib\site-packages\sqlalchemy\pool\base.py:895: in __connect
    self.dbapi_connection = connection = pool._invoke_creator(self)
venv\Lib\site-packages\sqlalchemy\engine\create.py:661: in connect
    return dialect.connect(*cargs, **cparams)
_ _ _ _ _ _ _ _ _ _ _ _ _ _ _ _ _ _ _ _ _ _ _ _ _ _ _ _ _ _ _ _ _ _ _ _ _ _ _ _ _ _ _ _ _ _ _ _ _ _ _ _ _ _ _ _ _ _ _ _

self = &lt;sqlalchemy.dialects.sqlite.pysqlite.SQLiteDialect_pysqlite object at 0x0000018E11F38850&gt;
cargs = ('C:\\Users\\LENOVO~1\\AppData\\Local\\Temp\\tmpqj5tk3s2',), cparams = {'check_same_thread': False}

    def connect(self, *cargs: Any, **cparams: Any) -&gt; DBAPIConnection:
        # inherits the docstring from interfaces.Dialect.connect
&gt;       return self.loaded_dbapi.connect(*cargs, **cparams)  # type: ignore[no-any-return]  # NOQA: E501
E       sqlite3.OperationalError: unable to open database file

venv\Lib\site-packages\sqlalchemy\engine\default.py:630: OperationalError

The above exception was the direct cause of the following exception:

request = &lt;SubRequest 'testapp' for &lt;Function test_set_team_plan_updates_team_value&gt;&gt;

    @pytest.fixture()
    def testapp(request):
        app = create_app('appname.settings.TestConfig')
        client = app.test_client()
    
        db.app = app
        app_ctx = app.app_context()
        app_ctx.push()
&gt;       db.create_all()

tests\conftest.py:19: 
_ _ _ _ _ _ _ _ _ _ _ _ _ _ _ _ _ _ _ _ _ _ _ _ _ _ _ _ _ _ _ _ _ _ _ _ _ _ _ _ _ _ _ _ _ _ _ _ _ _ _ _ _ _ _ _ _ _ _ _
venv\Lib\site-packages\flask_sqlalchemy\extension.py:900: in create_all
    self._call_for_binds(bind_key, "create_all")
venv\Lib\site-packages\flask_sqlalchemy\extension.py:881: in _call_for_binds
    getattr(metadata, op_name)(bind=engine)
venv\Lib\site-packages\sqlalchemy\sql\schema.py:5928: in create_all
    bind._run_ddl_visitor(
venv\Lib\site-packages\sqlalchemy\engine\base.py:3259: in _run_ddl_visitor
    with self.begin() as conn:
C:\Python314\Lib\contextlib.py:141: in __enter__
    return next(self.gen)
venv\Lib\site-packages\sqlalchemy\engine\base.py:3249: in begin
    with self.connect() as conn:
venv\Lib\site-packages\sqlalchemy\engine\base.py:3285: in connect
    return self._connection_cls(self)
venv\Lib\site-packages\sqlalchemy\engine\base.py:145: in __init__
    Connection._handle_dbapi_exception_noconnection(
venv\Lib\site-packages\sqlalchemy\engine\base.py:2448: in _handle_dbapi_exception_noconnection
    raise sqlalchemy_exception.with_traceback(exc_info[2]) from e
venv\Lib\site-packages\sqlalchemy\engine\base.py:143: in __init__
    self._dbapi_connection = engine.raw_connection()
venv\Lib\site-packages\sqlalchemy\engine\base.py:3309: in raw_connection
    return self.pool.connect()
venv\Lib\site-packages\sqlalchemy\pool\base.py:447: in connect
    return _ConnectionFairy._checkout(self)
venv\Lib\site-packages\sqlalchemy\pool\base.py:1264: in _checkout
    fairy = _ConnectionRecord.checkout(pool)
venv\Lib\site-packages\sqlalchemy\pool\base.py:711: in checkout
    rec = pool._do_get()
venv\Lib\site-packages\sqlalchemy\pool\impl.py:177: in _do_get
    with util.safe_reraise():
venv\Lib\site-packages\sqlalchemy\util\langhelpers.py:224: in __exit__
    raise exc_value.with_traceback(exc_tb)
venv\Lib\site-packages\sqlalchemy\pool\impl.py:175: in _do_get
    return self._create_connection()
venv\Lib\site-packages\sqlalchemy\pool\base.py:388: in _create_connection
    return _ConnectionRecord(self)
venv\Lib\site-packages\sqlalchemy\pool\base.py:673: in __init__
    self.__connect()
venv\Lib\site-packages\sqlalchemy\pool\base.py:899: in __connect
    with util.safe_reraise():
venv\Lib\site-packages\sqlalchemy\util\langhelpers.py:224: in __exit__
    raise exc_value.with_traceback(exc_tb)
venv\Lib\site-packages\sqlalchemy\pool\base.py:895: in __connect
    self.dbapi_connection = connection = pool._invoke_creator(self)
venv\Lib\site-packages\sqlalchemy\engine\create.py:661: in connect
    return dialect.connect(*cargs, **cparams)
_ _ _ _ _ _ _ _ _ _ _ _ _ _ _ _ _ _ _ _ _ _ _ _ _ _ _ _ _ _ _ _ _ _ _ _ _ _ _ _ _ _ _ _ _ _ _ _ _ _ _ _ _ _ _ _ _ _ _ _

self = &lt;sqlalchemy.dialects.sqlite.pysqlite.SQLiteDialect_pysqlite object at 0x0000018E11F38850&gt;
cargs = ('C:\\Users\\LENOVO~1\\AppData\\Local\\Temp\\tmpqj5tk3s2',), cparams = {'check_same_thread': False}

    def connect(self, *cargs: Any, **cparams: Any) -&gt; DBAPIConnection:
        # inherits the docstring from interfaces.Dialect.connect
&gt;       return self.loaded_dbapi.connect(*cargs, **cparams)  # type: ignore[no-any-return]  # NOQA: E501
E       sqlalchemy.exc.OperationalError: (sqlite3.OperationalError) unable to open database file
E       (Background on this error at: https://sqlalche.me/e/20/e3q8)

venv\Lib\site-packages\sqlalchemy\engine\default.py:630: OperationalError</error></testcase><testcase classname="tests.test_services_billing_utils.TestUtilsAndMailers" name="test_math_helpers" time="1.470"><error message="failed on setup with &quot;sqlalchemy.exc.OperationalError: (sqlite3.OperationalError) unable to open database file&#10;(Background on this error at: https://sqlalche.me/e/20/e3q8)&quot;">self = &lt;sqlalchemy.engine.base.Connection object at 0x0000018E13A19230&gt;
engine = Engine(sqlite:///C:\Users\LENOVO~1\AppData\Local\Temp\tmpqj5tk3s2), connection = None, _has_events = None
_allow_revalidate = True, _allow_autobegin = True

    def __init__(
        self,
        engine: Engine,
        connection: Optional[PoolProxiedConnection] = None,
        _has_events: Optional[bool] = None,
        _allow_revalidate: bool = True,
        _allow_autobegin: bool = True,
    ):
        """Construct a new Connection."""
        self.engine = engine
        self.dialect = dialect = engine.dialect
    
        if connection is None:
            try:
&gt;               self._dbapi_connection = engine.raw_connection()

venv\Lib\site-packages\sqlalchemy\engine\base.py:143: 
_ _ _ _ _ _ _ _ _ _ _ _ _ _ _ _ _ _ _ _ _ _ _ _ _ _ _ _ _ _ _ _ _ _ _ _ _ _ _ _ _ _ _ _ _ _ _ _ _ _ _ _ _ _ _ _ _ _ _ _
venv\Lib\site-packages\sqlalchemy\engine\base.py:3309: in raw_connection
    return self.pool.connect()
venv\Lib\site-packages\sqlalchemy\pool\base.py:447: in connect
    return _ConnectionFairy._checkout(self)
venv\Lib\site-packages\sqlalchemy\pool\base.py:1264: in _checkout
    fairy = _ConnectionRecord.checkout(pool)
venv\Lib\site-packages\sqlalchemy\pool\base.py:711: in checkout
    rec = pool._do_get()
venv\Lib\site-packages\sqlalchemy\pool\impl.py:177: in _do_get
    with util.safe_reraise():
venv\Lib\site-packages\sqlalchemy\util\langhelpers.py:224: in __exit__
    raise exc_value.with_traceback(exc_tb)
venv\Lib\site-packages\sqlalchemy\pool\impl.py:175: in _do_get
    return self._create_connection()
venv\Lib\site-packages\sqlalchemy\pool\base.py:388: in _create_connection
    return _ConnectionRecord(self)
venv\Lib\site-packages\sqlalchemy\pool\base.py:673: in __init__
    self.__connect()
venv\Lib\site-packages\sqlalchemy\pool\base.py:899: in __connect
    with util.safe_reraise():
venv\Lib\site-packages\sqlalchemy\util\langhelpers.py:224: in __exit__
    raise exc_value.with_traceback(exc_tb)
venv\Lib\site-packages\sqlalchemy\pool\base.py:895: in __connect
    self.dbapi_connection = connection = pool._invoke_creator(self)
venv\Lib\site-packages\sqlalchemy\engine\create.py:661: in connect
    return dialect.connect(*cargs, **cparams)
_ _ _ _ _ _ _ _ _ _ _ _ _ _ _ _ _ _ _ _ _ _ _ _ _ _ _ _ _ _ _ _ _ _ _ _ _ _ _ _ _ _ _ _ _ _ _ _ _ _ _ _ _ _ _ _ _ _ _ _

self = &lt;sqlalchemy.dialects.sqlite.pysqlite.SQLiteDialect_pysqlite object at 0x0000018E11F3BC50&gt;
cargs = ('C:\\Users\\LENOVO~1\\AppData\\Local\\Temp\\tmpqj5tk3s2',), cparams = {'check_same_thread': False}

    def connect(self, *cargs: Any, **cparams: Any) -&gt; DBAPIConnection:
        # inherits the docstring from interfaces.Dialect.connect
&gt;       return self.loaded_dbapi.connect(*cargs, **cparams)  # type: ignore[no-any-return]  # NOQA: E501
E       sqlite3.OperationalError: unable to open database file

venv\Lib\site-packages\sqlalchemy\engine\default.py:630: OperationalError

The above exception was the direct cause of the following exception:

request = &lt;SubRequest 'testapp' for &lt;Function test_math_helpers&gt;&gt;

    @pytest.fixture()
    def testapp(request):
        app = create_app('appname.settings.TestConfig')
        client = app.test_client()
    
        db.app = app
        app_ctx = app.app_context()
        app_ctx.push()
&gt;       db.create_all()

tests\conftest.py:19: 
_ _ _ _ _ _ _ _ _ _ _ _ _ _ _ _ _ _ _ _ _ _ _ _ _ _ _ _ _ _ _ _ _ _ _ _ _ _ _ _ _ _ _ _ _ _ _ _ _ _ _ _ _ _ _ _ _ _ _ _
venv\Lib\site-packages\flask_sqlalchemy\extension.py:900: in create_all
    self._call_for_binds(bind_key, "create_all")
venv\Lib\site-packages\flask_sqlalchemy\extension.py:881: in _call_for_binds
    getattr(metadata, op_name)(bind=engine)
venv\Lib\site-packages\sqlalchemy\sql\schema.py:5928: in create_all
    bind._run_ddl_visitor(
venv\Lib\site-packages\sqlalchemy\engine\base.py:3259: in _run_ddl_visitor
    with self.begin() as conn:
C:\Python314\Lib\contextlib.py:141: in __enter__
    return next(self.gen)
venv\Lib\site-packages\sqlalchemy\engine\base.py:3249: in begin
    with self.connect() as conn:
venv\Lib\site-packages\sqlalchemy\engine\base.py:3285: in connect
    return self._connection_cls(self)
venv\Lib\site-packages\sqlalchemy\engine\base.py:145: in __init__
    Connection._handle_dbapi_exception_noconnection(
venv\Lib\site-packages\sqlalchemy\engine\base.py:2448: in _handle_dbapi_exception_noconnection
    raise sqlalchemy_exception.with_traceback(exc_info[2]) from e
venv\Lib\site-packages\sqlalchemy\engine\base.py:143: in __init__
    self._dbapi_connection = engine.raw_connection()
venv\Lib\site-packages\sqlalchemy\engine\base.py:3309: in raw_connection
    return self.pool.connect()
venv\Lib\site-packages\sqlalchemy\pool\base.py:447: in connect
    return _ConnectionFairy._checkout(self)
venv\Lib\site-packages\sqlalchemy\pool\base.py:1264: in _checkout
    fairy = _ConnectionRecord.checkout(pool)
venv\Lib\site-packages\sqlalchemy\pool\base.py:711: in checkout
    rec = pool._do_get()
venv\Lib\site-packages\sqlalchemy\pool\impl.py:177: in _do_get
    with util.safe_reraise():
venv\Lib\site-packages\sqlalchemy\util\langhelpers.py:224: in __exit__
    raise exc_value.with_traceback(exc_tb)
venv\Lib\site-packages\sqlalchemy\pool\impl.py:175: in _do_get
    return self._create_connection()
venv\Lib\site-packages\sqlalchemy\pool\base.py:388: in _create_connection
    return _ConnectionRecord(self)
venv\Lib\site-packages\sqlalchemy\pool\base.py:673: in __init__
    self.__connect()
venv\Lib\site-packages\sqlalchemy\pool\base.py:899: in __connect
    with util.safe_reraise():
venv\Lib\site-packages\sqlalchemy\util\langhelpers.py:224: in __exit__
    raise exc_value.with_traceback(exc_tb)
venv\Lib\site-packages\sqlalchemy\pool\base.py:895: in __connect
    self.dbapi_connection = connection = pool._invoke_creator(self)
venv\Lib\site-packages\sqlalchemy\engine\create.py:661: in connect
    return dialect.connect(*cargs, **cparams)
_ _ _ _ _ _ _ _ _ _ _ _ _ _ _ _ _ _ _ _ _ _ _ _ _ _ _ _ _ _ _ _ _ _ _ _ _ _ _ _ _ _ _ _ _ _ _ _ _ _ _ _ _ _ _ _ _ _ _ _

self = &lt;sqlalchemy.dialects.sqlite.pysqlite.SQLiteDialect_pysqlite object at 0x0000018E11F3BC50&gt;
cargs = ('C:\\Users\\LENOVO~1\\AppData\\Local\\Temp\\tmpqj5tk3s2',), cparams = {'check_same_thread': False}

    def connect(self, *cargs: Any, **cparams: Any) -&gt; DBAPIConnection:
        # inherits the docstring from interfaces.Dialect.connect
&gt;       return self.loaded_dbapi.connect(*cargs, **cparams)  # type: ignore[no-any-return]  # NOQA: E501
E       sqlalchemy.exc.OperationalError: (sqlite3.OperationalError) unable to open database file
E       (Background on this error at: https://sqlalche.me/e/20/e3q8)

venv\Lib\site-packages\sqlalchemy\engine\default.py:630: OperationalError</error></testcase><testcase classname="tests.test_services_billing_utils.TestUtilsAndMailers" name="test_text_pluralize" time="1.516"><error message="failed on setup with &quot;sqlalchemy.exc.OperationalError: (sqlite3.OperationalError) unable to open database file&#10;(Background on this error at: https://sqlalche.me/e/20/e3q8)&quot;">self = &lt;sqlalchemy.engine.base.Connection object at 0x0000018E13A19F30&gt;
engine = Engine(sqlite:///C:\Users\LENOVO~1\AppData\Local\Temp\tmpqj5tk3s2), connection = None, _has_events = None
_allow_revalidate = True, _allow_autobegin = True

    def __init__(
        self,
        engine: Engine,
        connection: Optional[PoolProxiedConnection] = None,
        _has_events: Optional[bool] = None,
        _allow_revalidate: bool = True,
        _allow_autobegin: bool = True,
    ):
        """Construct a new Connection."""
        self.engine = engine
        self.dialect = dialect = engine.dialect
    
        if connection is None:
            try:
&gt;               self._dbapi_connection = engine.raw_connection()

venv\Lib\site-packages\sqlalchemy\engine\base.py:143: 
_ _ _ _ _ _ _ _ _ _ _ _ _ _ _ _ _ _ _ _ _ _ _ _ _ _ _ _ _ _ _ _ _ _ _ _ _ _ _ _ _ _ _ _ _ _ _ _ _ _ _ _ _ _ _ _ _ _ _ _
venv\Lib\site-packages\sqlalchemy\engine\base.py:3309: in raw_connection
    return self.pool.connect()
venv\Lib\site-packages\sqlalchemy\pool\base.py:447: in connect
    return _ConnectionFairy._checkout(self)
venv\Lib\site-packages\sqlalchemy\pool\base.py:1264: in _checkout
    fairy = _ConnectionRecord.checkout(pool)
venv\Lib\site-packages\sqlalchemy\pool\base.py:711: in checkout
    rec = pool._do_get()
venv\Lib\site-packages\sqlalchemy\pool\impl.py:177: in _do_get
    with util.safe_reraise():
venv\Lib\site-packages\sqlalchemy\util\langhelpers.py:224: in __exit__
    raise exc_value.with_traceback(exc_tb)
venv\Lib\site-packages\sqlalchemy\pool\impl.py:175: in _do_get
    return self._create_connection()
venv\Lib\site-packages\sqlalchemy\pool\base.py:388: in _create_connection
    return _ConnectionRecord(self)
venv\Lib\site-packages\sqlalchemy\pool\base.py:673: in __init__
    self.__connect()
venv\Lib\site-packages\sqlalchemy\pool\base.py:899: in __connect
    with util.safe_reraise():
venv\Lib\site-packages\sqlalchemy\util\langhelpers.py:224: in __exit__
    raise exc_value.with_traceback(exc_tb)
venv\Lib\site-packages\sqlalchemy\pool\base.py:895: in __connect
    self.dbapi_connection = connection = pool._invoke_creator(self)
venv\Lib\site-packages\sqlalchemy\engine\create.py:661: in connect
    return dialect.connect(*cargs, **cparams)
_ _ _ _ _ _ _ _ _ _ _ _ _ _ _ _ _ _ _ _ _ _ _ _ _ _ _ _ _ _ _ _ _ _ _ _ _ _ _ _ _ _ _ _ _ _ _ _ _ _ _ _ _ _ _ _ _ _ _ _

self = &lt;sqlalchemy.dialects.sqlite.pysqlite.SQLiteDialect_pysqlite object at 0x0000018E11F38150&gt;
cargs = ('C:\\Users\\LENOVO~1\\AppData\\Local\\Temp\\tmpqj5tk3s2',), cparams = {'check_same_thread': False}

    def connect(self, *cargs: Any, **cparams: Any) -&gt; DBAPIConnection:
        # inherits the docstring from interfaces.Dialect.connect
&gt;       return self.loaded_dbapi.connect(*cargs, **cparams)  # type: ignore[no-any-return]  # NOQA: E501
E       sqlite3.OperationalError: unable to open database file

venv\Lib\site-packages\sqlalchemy\engine\default.py:630: OperationalError

The above exception was the direct cause of the following exception:

request = &lt;SubRequest 'testapp' for &lt;Function test_text_pluralize&gt;&gt;

    @pytest.fixture()
    def testapp(request):
        app = create_app('appname.settings.TestConfig')
        client = app.test_client()
    
        db.app = app
        app_ctx = app.app_context()
        app_ctx.push()
&gt;       db.create_all()

tests\conftest.py:19: 
_ _ _ _ _ _ _ _ _ _ _ _ _ _ _ _ _ _ _ _ _ _ _ _ _ _ _ _ _ _ _ _ _ _ _ _ _ _ _ _ _ _ _ _ _ _ _ _ _ _ _ _ _ _ _ _ _ _ _ _
venv\Lib\site-packages\flask_sqlalchemy\extension.py:900: in create_all
    self._call_for_binds(bind_key, "create_all")
venv\Lib\site-packages\flask_sqlalchemy\extension.py:881: in _call_for_binds
    getattr(metadata, op_name)(bind=engine)
venv\Lib\site-packages\sqlalchemy\sql\schema.py:5928: in create_all
    bind._run_ddl_visitor(
venv\Lib\site-packages\sqlalchemy\engine\base.py:3259: in _run_ddl_visitor
    with self.begin() as conn:
C:\Python314\Lib\contextlib.py:141: in __enter__
    return next(self.gen)
venv\Lib\site-packages\sqlalchemy\engine\base.py:3249: in begin
    with self.connect() as conn:
venv\Lib\site-packages\sqlalchemy\engine\base.py:3285: in connect
    return self._connection_cls(self)
venv\Lib\site-packages\sqlalchemy\engine\base.py:145: in __init__
    Connection._handle_dbapi_exception_noconnection(
venv\Lib\site-packages\sqlalchemy\engine\base.py:2448: in _handle_dbapi_exception_noconnection
    raise sqlalchemy_exception.with_traceback(exc_info[2]) from e
venv\Lib\site-packages\sqlalchemy\engine\base.py:143: in __init__
    self._dbapi_connection = engine.raw_connection()
venv\Lib\site-packages\sqlalchemy\engine\base.py:3309: in raw_connection
    return self.pool.connect()
venv\Lib\site-packages\sqlalchemy\pool\base.py:447: in connect
    return _ConnectionFairy._checkout(self)
venv\Lib\site-packages\sqlalchemy\pool\base.py:1264: in _checkout
    fairy = _ConnectionRecord.checkout(pool)
venv\Lib\site-packages\sqlalchemy\pool\base.py:711: in checkout
    rec = pool._do_get()
venv\Lib\site-packages\sqlalchemy\pool\impl.py:177: in _do_get
    with util.safe_reraise():
venv\Lib\site-packages\sqlalchemy\util\langhelpers.py:224: in __exit__
    raise exc_value.with_traceback(exc_tb)
venv\Lib\site-packages\sqlalchemy\pool\impl.py:175: in _do_get
    return self._create_connection()
venv\Lib\site-packages\sqlalchemy\pool\base.py:388: in _create_connection
    return _ConnectionRecord(self)
venv\Lib\site-packages\sqlalchemy\pool\base.py:673: in __init__
    self.__connect()
venv\Lib\site-packages\sqlalchemy\pool\base.py:899: in __connect
    with util.safe_reraise():
venv\Lib\site-packages\sqlalchemy\util\langhelpers.py:224: in __exit__
    raise exc_value.with_traceback(exc_tb)
venv\Lib\site-packages\sqlalchemy\pool\base.py:895: in __connect
    self.dbapi_connection = connection = pool._invoke_creator(self)
venv\Lib\site-packages\sqlalchemy\engine\create.py:661: in connect
    return dialect.connect(*cargs, **cparams)
_ _ _ _ _ _ _ _ _ _ _ _ _ _ _ _ _ _ _ _ _ _ _ _ _ _ _ _ _ _ _ _ _ _ _ _ _ _ _ _ _ _ _ _ _ _ _ _ _ _ _ _ _ _ _ _ _ _ _ _

self = &lt;sqlalchemy.dialects.sqlite.pysqlite.SQLiteDialect_pysqlite object at 0x0000018E11F38150&gt;
cargs = ('C:\\Users\\LENOVO~1\\AppData\\Local\\Temp\\tmpqj5tk3s2',), cparams = {'check_same_thread': False}

    def connect(self, *cargs: Any, **cparams: Any) -&gt; DBAPIConnection:
        # inherits the docstring from interfaces.Dialect.connect
&gt;       return self.loaded_dbapi.connect(*cargs, **cparams)  # type: ignore[no-any-return]  # NOQA: E501
E       sqlalchemy.exc.OperationalError: (sqlite3.OperationalError) unable to open database file
E       (Background on this error at: https://sqlalche.me/e/20/e3q8)

venv\Lib\site-packages\sqlalchemy\engine\default.py:630: OperationalError</error></testcase><testcase classname="tests.test_services_billing_utils.TestUtilsAndMailers" name="test_time_helpers" time="1.523"><error message="failed on setup with &quot;sqlalchemy.exc.OperationalError: (sqlite3.OperationalError) unable to open database file&#10;(Background on this error at: https://sqlalche.me/e/20/e3q8)&quot;">self = &lt;sqlalchemy.engine.base.Connection object at 0x0000018E13A1A4E0&gt;
engine = Engine(sqlite:///C:\Users\LENOVO~1\AppData\Local\Temp\tmpqj5tk3s2), connection = None, _has_events = None
_allow_revalidate = True, _allow_autobegin = True

    def __init__(
        self,
        engine: Engine,
        connection: Optional[PoolProxiedConnection] = None,
        _has_events: Optional[bool] = None,
        _allow_revalidate: bool = True,
        _allow_autobegin: bool = True,
    ):
        """Construct a new Connection."""
        self.engine = engine
        self.dialect = dialect = engine.dialect
    
        if connection is None:
            try:
&gt;               self._dbapi_connection = engine.raw_connection()

venv\Lib\site-packages\sqlalchemy\engine\base.py:143: 
_ _ _ _ _ _ _ _ _ _ _ _ _ _ _ _ _ _ _ _ _ _ _ _ _ _ _ _ _ _ _ _ _ _ _ _ _ _ _ _ _ _ _ _ _ _ _ _ _ _ _ _ _ _ _ _ _ _ _ _
venv\Lib\site-packages\sqlalchemy\engine\base.py:3309: in raw_connection
    return self.pool.connect()
venv\Lib\site-packages\sqlalchemy\pool\base.py:447: in connect
    return _ConnectionFairy._checkout(self)
venv\Lib\site-packages\sqlalchemy\pool\base.py:1264: in _checkout
    fairy = _ConnectionRecord.checkout(pool)
venv\Lib\site-packages\sqlalchemy\pool\base.py:711: in checkout
    rec = pool._do_get()
venv\Lib\site-packages\sqlalchemy\pool\impl.py:177: in _do_get
    with util.safe_reraise():
venv\Lib\site-packages\sqlalchemy\util\langhelpers.py:224: in __exit__
    raise exc_value.with_traceback(exc_tb)
venv\Lib\site-packages\sqlalchemy\pool\impl.py:175: in _do_get
    return self._create_connection()
venv\Lib\site-packages\sqlalchemy\pool\base.py:388: in _create_connection
    return _ConnectionRecord(self)
venv\Lib\site-packages\sqlalchemy\pool\base.py:673: in __init__
    self.__connect()
venv\Lib\site-packages\sqlalchemy\pool\base.py:899: in __connect
    with util.safe_reraise():
venv\Lib\site-packages\sqlalchemy\util\langhelpers.py:224: in __exit__
    raise exc_value.with_traceback(exc_tb)
venv\Lib\site-packages\sqlalchemy\pool\base.py:895: in __connect
    self.dbapi_connection = connection = pool._invoke_creator(self)
venv\Lib\site-packages\sqlalchemy\engine\create.py:661: in connect
    return dialect.connect(*cargs, **cparams)
_ _ _ _ _ _ _ _ _ _ _ _ _ _ _ _ _ _ _ _ _ _ _ _ _ _ _ _ _ _ _ _ _ _ _ _ _ _ _ _ _ _ _ _ _ _ _ _ _ _ _ _ _ _ _ _ _ _ _ _

self = &lt;sqlalchemy.dialects.sqlite.pysqlite.SQLiteDialect_pysqlite object at 0x0000018E11F3AD50&gt;
cargs = ('C:\\Users\\LENOVO~1\\AppData\\Local\\Temp\\tmpqj5tk3s2',), cparams = {'check_same_thread': False}

    def connect(self, *cargs: Any, **cparams: Any) -&gt; DBAPIConnection:
        # inherits the docstring from interfaces.Dialect.connect
&gt;       return self.loaded_dbapi.connect(*cargs, **cparams)  # type: ignore[no-any-return]  # NOQA: E501
E       sqlite3.OperationalError: unable to open database file

venv\Lib\site-packages\sqlalchemy\engine\default.py:630: OperationalError

The above exception was the direct cause of the following exception:

request = &lt;SubRequest 'testapp' for &lt;Function test_time_helpers&gt;&gt;

    @pytest.fixture()
    def testapp(request):
        app = create_app('appname.settings.TestConfig')
        client = app.test_client()
    
        db.app = app
        app_ctx = app.app_context()
        app_ctx.push()
&gt;       db.create_all()

tests\conftest.py:19: 
_ _ _ _ _ _ _ _ _ _ _ _ _ _ _ _ _ _ _ _ _ _ _ _ _ _ _ _ _ _ _ _ _ _ _ _ _ _ _ _ _ _ _ _ _ _ _ _ _ _ _ _ _ _ _ _ _ _ _ _
venv\Lib\site-packages\flask_sqlalchemy\extension.py:900: in create_all
    self._call_for_binds(bind_key, "create_all")
venv\Lib\site-packages\flask_sqlalchemy\extension.py:881: in _call_for_binds
    getattr(metadata, op_name)(bind=engine)
venv\Lib\site-packages\sqlalchemy\sql\schema.py:5928: in create_all
    bind._run_ddl_visitor(
venv\Lib\site-packages\sqlalchemy\engine\base.py:3259: in _run_ddl_visitor
    with self.begin() as conn:
C:\Python314\Lib\contextlib.py:141: in __enter__
    return next(self.gen)
venv\Lib\site-packages\sqlalchemy\engine\base.py:3249: in begin
    with self.connect() as conn:
venv\Lib\site-packages\sqlalchemy\engine\base.py:3285: in connect
    return self._connection_cls(self)
venv\Lib\site-packages\sqlalchemy\engine\base.py:145: in __init__
    Connection._handle_dbapi_exception_noconnection(
venv\Lib\site-packages\sqlalchemy\engine\base.py:2448: in _handle_dbapi_exception_noconnection
    raise sqlalchemy_exception.with_traceback(exc_info[2]) from e
venv\Lib\site-packages\sqlalchemy\engine\base.py:143: in __init__
    self._dbapi_connection = engine.raw_connection()
venv\Lib\site-packages\sqlalchemy\engine\base.py:3309: in raw_connection
    return self.pool.connect()
venv\Lib\site-packages\sqlalchemy\pool\base.py:447: in connect
    return _ConnectionFairy._checkout(self)
venv\Lib\site-packages\sqlalchemy\pool\base.py:1264: in _checkout
    fairy = _ConnectionRecord.checkout(pool)
venv\Lib\site-packages\sqlalchemy\pool\base.py:711: in checkout
    rec = pool._do_get()
venv\Lib\site-packages\sqlalchemy\pool\impl.py:177: in _do_get
    with util.safe_reraise():
venv\Lib\site-packages\sqlalchemy\util\langhelpers.py:224: in __exit__
    raise exc_value.with_traceback(exc_tb)
venv\Lib\site-packages\sqlalchemy\pool\impl.py:175: in _do_get
    return self._create_connection()
venv\Lib\site-packages\sqlalchemy\pool\base.py:388: in _create_connection
    return _ConnectionRecord(self)
venv\Lib\site-packages\sqlalchemy\pool\base.py:673: in __init__
    self.__connect()
venv\Lib\site-packages\sqlalchemy\pool\base.py:899: in __connect
    with util.safe_reraise():
venv\Lib\site-packages\sqlalchemy\util\langhelpers.py:224: in __exit__
    raise exc_value.with_traceback(exc_tb)
venv\Lib\site-packages\sqlalchemy\pool\base.py:895: in __connect
    self.dbapi_connection = connection = pool._invoke_creator(self)
venv\Lib\site-packages\sqlalchemy\engine\create.py:661: in connect
    return dialect.connect(*cargs, **cparams)
_ _ _ _ _ _ _ _ _ _ _ _ _ _ _ _ _ _ _ _ _ _ _ _ _ _ _ _ _ _ _ _ _ _ _ _ _ _ _ _ _ _ _ _ _ _ _ _ _ _ _ _ _ _ _ _ _ _ _ _

self = &lt;sqlalchemy.dialects.sqlite.pysqlite.SQLiteDialect_pysqlite object at 0x0000018E11F3AD50&gt;
cargs = ('C:\\Users\\LENOVO~1\\AppData\\Local\\Temp\\tmpqj5tk3s2',), cparams = {'check_same_thread': False}

    def connect(self, *cargs: Any, **cparams: Any) -&gt; DBAPIConnection:
        # inherits the docstring from interfaces.Dialect.connect
&gt;       return self.loaded_dbapi.connect(*cargs, **cparams)  # type: ignore[no-any-return]  # NOQA: E501
E       sqlalchemy.exc.OperationalError: (sqlite3.OperationalError) unable to open database file
E       (Background on this error at: https://sqlalche.me/e/20/e3q8)

venv\Lib\site-packages\sqlalchemy\engine\default.py:630: OperationalError</error></testcase><testcase classname="tests.test_services_billing_utils.TestUtilsAndMailers" name="test_token_helpers" time="1.516"><error message="failed on setup with &quot;sqlalchemy.exc.OperationalError: (sqlite3.OperationalError) unable to open database file&#10;(Background on this error at: https://sqlalche.me/e/20/e3q8)&quot;">self = &lt;sqlalchemy.engine.base.Connection object at 0x0000018E156060D0&gt;
engine = Engine(sqlite:///C:\Users\LENOVO~1\AppData\Local\Temp\tmpqj5tk3s2), connection = None, _has_events = None
_allow_revalidate = True, _allow_autobegin = True

    def __init__(
        self,
        engine: Engine,
        connection: Optional[PoolProxiedConnection] = None,
        _has_events: Optional[bool] = None,
        _allow_revalidate: bool = True,
        _allow_autobegin: bool = True,
    ):
        """Construct a new Connection."""
        self.engine = engine
        self.dialect = dialect = engine.dialect
    
        if connection is None:
            try:
&gt;               self._dbapi_connection = engine.raw_connection()

venv\Lib\site-packages\sqlalchemy\engine\base.py:143: 
_ _ _ _ _ _ _ _ _ _ _ _ _ _ _ _ _ _ _ _ _ _ _ _ _ _ _ _ _ _ _ _ _ _ _ _ _ _ _ _ _ _ _ _ _ _ _ _ _ _ _ _ _ _ _ _ _ _ _ _
venv\Lib\site-packages\sqlalchemy\engine\base.py:3309: in raw_connection
    return self.pool.connect()
venv\Lib\site-packages\sqlalchemy\pool\base.py:447: in connect
    return _ConnectionFairy._checkout(self)
venv\Lib\site-packages\sqlalchemy\pool\base.py:1264: in _checkout
    fairy = _ConnectionRecord.checkout(pool)
venv\Lib\site-packages\sqlalchemy\pool\base.py:711: in checkout
    rec = pool._do_get()
venv\Lib\site-packages\sqlalchemy\pool\impl.py:177: in _do_get
    with util.safe_reraise():
venv\Lib\site-packages\sqlalchemy\util\langhelpers.py:224: in __exit__
    raise exc_value.with_traceback(exc_tb)
venv\Lib\site-packages\sqlalchemy\pool\impl.py:175: in _do_get
    return self._create_connection()
venv\Lib\site-packages\sqlalchemy\pool\base.py:388: in _create_connection
    return _ConnectionRecord(self)
venv\Lib\site-packages\sqlalchemy\pool\base.py:673: in __init__
    self.__connect()
venv\Lib\site-packages\sqlalchemy\pool\base.py:899: in __connect
    with util.safe_reraise():
venv\Lib\site-packages\sqlalchemy\util\langhelpers.py:224: in __exit__
    raise exc_value.with_traceback(exc_tb)
venv\Lib\site-packages\sqlalchemy\pool\base.py:895: in __connect
    self.dbapi_connection = connection = pool._invoke_creator(self)
venv\Lib\site-packages\sqlalchemy\engine\create.py:661: in connect
    return dialect.connect(*cargs, **cparams)
_ _ _ _ _ _ _ _ _ _ _ _ _ _ _ _ _ _ _ _ _ _ _ _ _ _ _ _ _ _ _ _ _ _ _ _ _ _ _ _ _ _ _ _ _ _ _ _ _ _ _ _ _ _ _ _ _ _ _ _

self = &lt;sqlalchemy.dialects.sqlite.pysqlite.SQLiteDialect_pysqlite object at 0x0000018E11F39A50&gt;
cargs = ('C:\\Users\\LENOVO~1\\AppData\\Local\\Temp\\tmpqj5tk3s2',), cparams = {'check_same_thread': False}

    def connect(self, *cargs: Any, **cparams: Any) -&gt; DBAPIConnection:
        # inherits the docstring from interfaces.Dialect.connect
&gt;       return self.loaded_dbapi.connect(*cargs, **cparams)  # type: ignore[no-any-return]  # NOQA: E501
E       sqlite3.OperationalError: unable to open database file

venv\Lib\site-packages\sqlalchemy\engine\default.py:630: OperationalError

The above exception was the direct cause of the following exception:

request = &lt;SubRequest 'testapp' for &lt;Function test_token_helpers&gt;&gt;

    @pytest.fixture()
    def testapp(request):
        app = create_app('appname.settings.TestConfig')
        client = app.test_client()
    
        db.app = app
        app_ctx = app.app_context()
        app_ctx.push()
&gt;       db.create_all()

tests\conftest.py:19: 
_ _ _ _ _ _ _ _ _ _ _ _ _ _ _ _ _ _ _ _ _ _ _ _ _ _ _ _ _ _ _ _ _ _ _ _ _ _ _ _ _ _ _ _ _ _ _ _ _ _ _ _ _ _ _ _ _ _ _ _
venv\Lib\site-packages\flask_sqlalchemy\extension.py:900: in create_all
    self._call_for_binds(bind_key, "create_all")
venv\Lib\site-packages\flask_sqlalchemy\extension.py:881: in _call_for_binds
    getattr(metadata, op_name)(bind=engine)
venv\Lib\site-packages\sqlalchemy\sql\schema.py:5928: in create_all
    bind._run_ddl_visitor(
venv\Lib\site-packages\sqlalchemy\engine\base.py:3259: in _run_ddl_visitor
    with self.begin() as conn:
C:\Python314\Lib\contextlib.py:141: in __enter__
    return next(self.gen)
venv\Lib\site-packages\sqlalchemy\engine\base.py:3249: in begin
    with self.connect() as conn:
venv\Lib\site-packages\sqlalchemy\engine\base.py:3285: in connect
    return self._connection_cls(self)
venv\Lib\site-packages\sqlalchemy\engine\base.py:145: in __init__
    Connection._handle_dbapi_exception_noconnection(
venv\Lib\site-packages\sqlalchemy\engine\base.py:2448: in _handle_dbapi_exception_noconnection
    raise sqlalchemy_exception.with_traceback(exc_info[2]) from e
venv\Lib\site-packages\sqlalchemy\engine\base.py:143: in __init__
    self._dbapi_connection = engine.raw_connection()
venv\Lib\site-packages\sqlalchemy\engine\base.py:3309: in raw_connection
    return self.pool.connect()
venv\Lib\site-packages\sqlalchemy\pool\base.py:447: in connect
    return _ConnectionFairy._checkout(self)
venv\Lib\site-packages\sqlalchemy\pool\base.py:1264: in _checkout
    fairy = _ConnectionRecord.checkout(pool)
venv\Lib\site-packages\sqlalchemy\pool\base.py:711: in checkout
    rec = pool._do_get()
venv\Lib\site-packages\sqlalchemy\pool\impl.py:177: in _do_get
    with util.safe_reraise():
venv\Lib\site-packages\sqlalchemy\util\langhelpers.py:224: in __exit__
    raise exc_value.with_traceback(exc_tb)
venv\Lib\site-packages\sqlalchemy\pool\impl.py:175: in _do_get
    return self._create_connection()
venv\Lib\site-packages\sqlalchemy\pool\base.py:388: in _create_connection
    return _ConnectionRecord(self)
venv\Lib\site-packages\sqlalchemy\pool\base.py:673: in __init__
    self.__connect()
venv\Lib\site-packages\sqlalchemy\pool\base.py:899: in __connect
    with util.safe_reraise():
venv\Lib\site-packages\sqlalchemy\util\langhelpers.py:224: in __exit__
    raise exc_value.with_traceback(exc_tb)
venv\Lib\site-packages\sqlalchemy\pool\base.py:895: in __connect
    self.dbapi_connection = connection = pool._invoke_creator(self)
venv\Lib\site-packages\sqlalchemy\engine\create.py:661: in connect
    return dialect.connect(*cargs, **cparams)
_ _ _ _ _ _ _ _ _ _ _ _ _ _ _ _ _ _ _ _ _ _ _ _ _ _ _ _ _ _ _ _ _ _ _ _ _ _ _ _ _ _ _ _ _ _ _ _ _ _ _ _ _ _ _ _ _ _ _ _

self = &lt;sqlalchemy.dialects.sqlite.pysqlite.SQLiteDialect_pysqlite object at 0x0000018E11F39A50&gt;
cargs = ('C:\\Users\\LENOVO~1\\AppData\\Local\\Temp\\tmpqj5tk3s2',), cparams = {'check_same_thread': False}

    def connect(self, *cargs: Any, **cparams: Any) -&gt; DBAPIConnection:
        # inherits the docstring from interfaces.Dialect.connect
&gt;       return self.loaded_dbapi.connect(*cargs, **cparams)  # type: ignore[no-any-return]  # NOQA: E501
E       sqlalchemy.exc.OperationalError: (sqlite3.OperationalError) unable to open database file
E       (Background on this error at: https://sqlalche.me/e/20/e3q8)

venv\Lib\site-packages\sqlalchemy\engine\default.py:630: OperationalError</error></testcase><testcase classname="tests.test_services_billing_utils.TestUtilsAndMailers" name="test_notification_mailer_send_renders_and_delivers" time="1.495"><error message="failed on setup with &quot;sqlalchemy.exc.OperationalError: (sqlite3.OperationalError) unable to open database file&#10;(Background on this error at: https://sqlalche.me/e/20/e3q8)&quot;">self = &lt;sqlalchemy.engine.base.Connection object at 0x0000018E15607790&gt;
engine = Engine(sqlite:///C:\Users\LENOVO~1\AppData\Local\Temp\tmpqj5tk3s2), connection = None, _has_events = None
_allow_revalidate = True, _allow_autobegin = True

    def __init__(
        self,
        engine: Engine,
        connection: Optional[PoolProxiedConnection] = None,
        _has_events: Optional[bool] = None,
        _allow_revalidate: bool = True,
        _allow_autobegin: bool = True,
    ):
        """Construct a new Connection."""
        self.engine = engine
        self.dialect = dialect = engine.dialect
    
        if connection is None:
            try:
&gt;               self._dbapi_connection = engine.raw_connection()

venv\Lib\site-packages\sqlalchemy\engine\base.py:143: 
_ _ _ _ _ _ _ _ _ _ _ _ _ _ _ _ _ _ _ _ _ _ _ _ _ _ _ _ _ _ _ _ _ _ _ _ _ _ _ _ _ _ _ _ _ _ _ _ _ _ _ _ _ _ _ _ _ _ _ _
venv\Lib\site-packages\sqlalchemy\engine\base.py:3309: in raw_connection
    return self.pool.connect()
venv\Lib\site-packages\sqlalchemy\pool\base.py:447: in connect
    return _ConnectionFairy._checkout(self)
venv\Lib\site-packages\sqlalchemy\pool\base.py:1264: in _checkout
    fairy = _ConnectionRecord.checkout(pool)
venv\Lib\site-packages\sqlalchemy\pool\base.py:711: in checkout
    rec = pool._do_get()
venv\Lib\site-packages\sqlalchemy\pool\impl.py:177: in _do_get
    with util.safe_reraise():
venv\Lib\site-packages\sqlalchemy\util\langhelpers.py:224: in __exit__
    raise exc_value.with_traceback(exc_tb)
venv\Lib\site-packages\sqlalchemy\pool\impl.py:175: in _do_get
    return self._create_connection()
venv\Lib\site-packages\sqlalchemy\pool\base.py:388: in _create_connection
    return _ConnectionRecord(self)
venv\Lib\site-packages\sqlalchemy\pool\base.py:673: in __init__
    self.__connect()
venv\Lib\site-packages\sqlalchemy\pool\base.py:899: in __connect
    with util.safe_reraise():
venv\Lib\site-packages\sqlalchemy\util\langhelpers.py:224: in __exit__
    raise exc_value.with_traceback(exc_tb)
venv\Lib\site-packages\sqlalchemy\pool\base.py:895: in __connect
    self.dbapi_connection = connection = pool._invoke_creator(self)
venv\Lib\site-packages\sqlalchemy\engine\create.py:661: in connect
    return dialect.connect(*cargs, **cparams)
_ _ _ _ _ _ _ _ _ _ _ _ _ _ _ _ _ _ _ _ _ _ _ _ _ _ _ _ _ _ _ _ _ _ _ _ _ _ _ _ _ _ _ _ _ _ _ _ _ _ _ _ _ _ _ _ _ _ _ _

self = &lt;sqlalchemy.dialects.sqlite.pysqlite.SQLiteDialect_pysqlite object at 0x0000018E11F39250&gt;
cargs = ('C:\\Users\\LENOVO~1\\AppData\\Local\\Temp\\tmpqj5tk3s2',), cparams = {'check_same_thread': False}

    def connect(self, *cargs: Any, **cparams: Any) -&gt; DBAPIConnection:
        # inherits the docstring from interfaces.Dialect.connect
&gt;       return self.loaded_dbapi.connect(*cargs, **cparams)  # type: ignore[no-any-return]  # NOQA: E501
E       sqlite3.OperationalError: unable to open database file

venv\Lib\site-packages\sqlalchemy\engine\default.py:630: OperationalError

The above exception was the direct cause of the following exception:

request = &lt;SubRequest 'testapp' for &lt;Function test_notification_mailer_send_renders_and_delivers&gt;&gt;

    @pytest.fixture()
    def testapp(request):
        app = create_app('appname.settings.TestConfig')
        client = app.test_client()
    
        db.app = app
        app_ctx = app.app_context()
        app_ctx.push()
&gt;       db.create_all()

tests\conftest.py:19: 
_ _ _ _ _ _ _ _ _ _ _ _ _ _ _ _ _ _ _ _ _ _ _ _ _ _ _ _ _ _ _ _ _ _ _ _ _ _ _ _ _ _ _ _ _ _ _ _ _ _ _ _ _ _ _ _ _ _ _ _
venv\Lib\site-packages\flask_sqlalchemy\extension.py:900: in create_all
    self._call_for_binds(bind_key, "create_all")
venv\Lib\site-packages\flask_sqlalchemy\extension.py:881: in _call_for_binds
    getattr(metadata, op_name)(bind=engine)
venv\Lib\site-packages\sqlalchemy\sql\schema.py:5928: in create_all
    bind._run_ddl_visitor(
venv\Lib\site-packages\sqlalchemy\engine\base.py:3259: in _run_ddl_visitor
    with self.begin() as conn:
C:\Python314\Lib\contextlib.py:141: in __enter__
    return next(self.gen)
venv\Lib\site-packages\sqlalchemy\engine\base.py:3249: in begin
    with self.connect() as conn:
venv\Lib\site-packages\sqlalchemy\engine\base.py:3285: in connect
    return self._connection_cls(self)
venv\Lib\site-packages\sqlalchemy\engine\base.py:145: in __init__
    Connection._handle_dbapi_exception_noconnection(
venv\Lib\site-packages\sqlalchemy\engine\base.py:2448: in _handle_dbapi_exception_noconnection
    raise sqlalchemy_exception.with_traceback(exc_info[2]) from e
venv\Lib\site-packages\sqlalchemy\engine\base.py:143: in __init__
    self._dbapi_connection = engine.raw_connection()
venv\Lib\site-packages\sqlalchemy\engine\base.py:3309: in raw_connection
    return self.pool.connect()
venv\Lib\site-packages\sqlalchemy\pool\base.py:447: in connect
    return _ConnectionFairy._checkout(self)
venv\Lib\site-packages\sqlalchemy\pool\base.py:1264: in _checkout
    fairy = _ConnectionRecord.checkout(pool)
venv\Lib\site-packages\sqlalchemy\pool\base.py:711: in checkout
    rec = pool._do_get()
venv\Lib\site-packages\sqlalchemy\pool\impl.py:177: in _do_get
    with util.safe_reraise():
venv\Lib\site-packages\sqlalchemy\util\langhelpers.py:224: in __exit__
    raise exc_value.with_traceback(exc_tb)
venv\Lib\site-packages\sqlalchemy\pool\impl.py:175: in _do_get
    return self._create_connection()
venv\Lib\site-packages\sqlalchemy\pool\base.py:388: in _create_connection
    return _ConnectionRecord(self)
venv\Lib\site-packages\sqlalchemy\pool\base.py:673: in __init__
    self.__connect()
venv\Lib\site-packages\sqlalchemy\pool\base.py:899: in __connect
    with util.safe_reraise():
venv\Lib\site-packages\sqlalchemy\util\langhelpers.py:224: in __exit__
    raise exc_value.with_traceback(exc_tb)
venv\Lib\site-packages\sqlalchemy\pool\base.py:895: in __connect
    self.dbapi_connection = connection = pool._invoke_creator(self)
venv\Lib\site-packages\sqlalchemy\engine\create.py:661: in connect
    return dialect.connect(*cargs, **cparams)
_ _ _ _ _ _ _ _ _ _ _ _ _ _ _ _ _ _ _ _ _ _ _ _ _ _ _ _ _ _ _ _ _ _ _ _ _ _ _ _ _ _ _ _ _ _ _ _ _ _ _ _ _ _ _ _ _ _ _ _

self = &lt;sqlalchemy.dialects.sqlite.pysqlite.SQLiteDialect_pysqlite object at 0x0000018E11F39250&gt;
cargs = ('C:\\Users\\LENOVO~1\\AppData\\Local\\Temp\\tmpqj5tk3s2',), cparams = {'check_same_thread': False}

    def connect(self, *cargs: Any, **cparams: Any) -&gt; DBAPIConnection:
        # inherits the docstring from interfaces.Dialect.connect
&gt;       return self.loaded_dbapi.connect(*cargs, **cparams)  # type: ignore[no-any-return]  # NOQA: E501
E       sqlalchemy.exc.OperationalError: (sqlite3.OperationalError) unable to open database file
E       (Background on this error at: https://sqlalche.me/e/20/e3q8)

venv\Lib\site-packages\sqlalchemy\engine\default.py:630: OperationalError</error></testcase><testcase classname="tests.test_signup_dashboard.TestSignupAndDashboard" name="test_signup_page_loads" time="1.505"><error message="failed on setup with &quot;sqlalchemy.exc.OperationalError: (sqlite3.OperationalError) unable to open database file&#10;(Background on this error at: https://sqlalche.me/e/20/e3q8)&quot;">self = &lt;sqlalchemy.engine.base.Connection object at 0x0000018E15607BA0&gt;
engine = Engine(sqlite:///C:\Users\LENOVO~1\AppData\Local\Temp\tmpqj5tk3s2), connection = None, _has_events = None
_allow_revalidate = True, _allow_autobegin = True

    def __init__(
        self,
        engine: Engine,
        connection: Optional[PoolProxiedConnection] = None,
        _has_events: Optional[bool] = None,
        _allow_revalidate: bool = True,
        _allow_autobegin: bool = True,
    ):
        """Construct a new Connection."""
        self.engine = engine
        self.dialect = dialect = engine.dialect
    
        if connection is None:
            try:
&gt;               self._dbapi_connection = engine.raw_connection()

venv\Lib\site-packages\sqlalchemy\engine\base.py:143: 
_ _ _ _ _ _ _ _ _ _ _ _ _ _ _ _ _ _ _ _ _ _ _ _ _ _ _ _ _ _ _ _ _ _ _ _ _ _ _ _ _ _ _ _ _ _ _ _ _ _ _ _ _ _ _ _ _ _ _ _
venv\Lib\site-packages\sqlalchemy\engine\base.py:3309: in raw_connection
    return self.pool.connect()
venv\Lib\site-packages\sqlalchemy\pool\base.py:447: in connect
    return _ConnectionFairy._checkout(self)
venv\Lib\site-packages\sqlalchemy\pool\base.py:1264: in _checkout
    fairy = _ConnectionRecord.checkout(pool)
venv\Lib\site-packages\sqlalchemy\pool\base.py:711: in checkout
    rec = pool._do_get()
venv\Lib\site-packages\sqlalchemy\pool\impl.py:177: in _do_get
    with util.safe_reraise():
venv\Lib\site-packages\sqlalchemy\util\langhelpers.py:224: in __exit__
    raise exc_value.with_traceback(exc_tb)
venv\Lib\site-packages\sqlalchemy\pool\impl.py:175: in _do_get
    return self._create_connection()
venv\Lib\site-packages\sqlalchemy\pool\base.py:388: in _create_connection
    return _ConnectionRecord(self)
venv\Lib\site-packages\sqlalchemy\pool\base.py:673: in __init__
    self.__connect()
venv\Lib\site-packages\sqlalchemy\pool\base.py:899: in __connect
    with util.safe_reraise():
venv\Lib\site-packages\sqlalchemy\util\langhelpers.py:224: in __exit__
    raise exc_value.with_traceback(exc_tb)
venv\Lib\site-packages\sqlalchemy\pool\base.py:895: in __connect
    self.dbapi_connection = connection = pool._invoke_creator(self)
venv\Lib\site-packages\sqlalchemy\engine\create.py:661: in connect
    return dialect.connect(*cargs, **cparams)
_ _ _ _ _ _ _ _ _ _ _ _ _ _ _ _ _ _ _ _ _ _ _ _ _ _ _ _ _ _ _ _ _ _ _ _ _ _ _ _ _ _ _ _ _ _ _ _ _ _ _ _ _ _ _ _ _ _ _ _

self = &lt;sqlalchemy.dialects.sqlite.pysqlite.SQLiteDialect_pysqlite object at 0x0000018E11F3A050&gt;
cargs = ('C:\\Users\\LENOVO~1\\AppData\\Local\\Temp\\tmpqj5tk3s2',), cparams = {'check_same_thread': False}

    def connect(self, *cargs: Any, **cparams: Any) -&gt; DBAPIConnection:
        # inherits the docstring from interfaces.Dialect.connect
&gt;       return self.loaded_dbapi.connect(*cargs, **cparams)  # type: ignore[no-any-return]  # NOQA: E501
E       sqlite3.OperationalError: unable to open database file

venv\Lib\site-packages\sqlalchemy\engine\default.py:630: OperationalError

The above exception was the direct cause of the following exception:

request = &lt;SubRequest 'testapp' for &lt;Function test_signup_page_loads&gt;&gt;

    @pytest.fixture()
    def testapp(request):
        app = create_app('appname.settings.TestConfig')
        client = app.test_client()
    
        db.app = app
        app_ctx = app.app_context()
        app_ctx.push()
&gt;       db.create_all()

tests\conftest.py:19: 
_ _ _ _ _ _ _ _ _ _ _ _ _ _ _ _ _ _ _ _ _ _ _ _ _ _ _ _ _ _ _ _ _ _ _ _ _ _ _ _ _ _ _ _ _ _ _ _ _ _ _ _ _ _ _ _ _ _ _ _
venv\Lib\site-packages\flask_sqlalchemy\extension.py:900: in create_all
    self._call_for_binds(bind_key, "create_all")
venv\Lib\site-packages\flask_sqlalchemy\extension.py:881: in _call_for_binds
    getattr(metadata, op_name)(bind=engine)
venv\Lib\site-packages\sqlalchemy\sql\schema.py:5928: in create_all
    bind._run_ddl_visitor(
venv\Lib\site-packages\sqlalchemy\engine\base.py:3259: in _run_ddl_visitor
    with self.begin() as conn:
C:\Python314\Lib\contextlib.py:141: in __enter__
    return next(self.gen)
venv\Lib\site-packages\sqlalchemy\engine\base.py:3249: in begin
    with self.connect() as conn:
venv\Lib\site-packages\sqlalchemy\engine\base.py:3285: in connect
    return self._connection_cls(self)
venv\Lib\site-packages\sqlalchemy\engine\base.py:145: in __init__
    Connection._handle_dbapi_exception_noconnection(
venv\Lib\site-packages\sqlalchemy\engine\base.py:2448: in _handle_dbapi_exception_noconnection
    raise sqlalchemy_exception.with_traceback(exc_info[2]) from e
venv\Lib\site-packages\sqlalchemy\engine\base.py:143: in __init__
    self._dbapi_connection = engine.raw_connection()
venv\Lib\site-packages\sqlalchemy\engine\base.py:3309: in raw_connection
    return self.pool.connect()
venv\Lib\site-packages\sqlalchemy\pool\base.py:447: in connect
    return _ConnectionFairy._checkout(self)
venv\Lib\site-packages\sqlalchemy\pool\base.py:1264: in _checkout
    fairy = _ConnectionRecord.checkout(pool)
venv\Lib\site-packages\sqlalchemy\pool\base.py:711: in checkout
    rec = pool._do_get()
venv\Lib\site-packages\sqlalchemy\pool\impl.py:177: in _do_get
    with util.safe_reraise():
venv\Lib\site-packages\sqlalchemy\util\langhelpers.py:224: in __exit__
    raise exc_value.with_traceback(exc_tb)
venv\Lib\site-packages\sqlalchemy\pool\impl.py:175: in _do_get
    return self._create_connection()
venv\Lib\site-packages\sqlalchemy\pool\base.py:388: in _create_connection
    return _ConnectionRecord(self)
venv\Lib\site-packages\sqlalchemy\pool\base.py:673: in __init__
    self.__connect()
venv\Lib\site-packages\sqlalchemy\pool\base.py:899: in __connect
    with util.safe_reraise():
venv\Lib\site-packages\sqlalchemy\util\langhelpers.py:224: in __exit__
    raise exc_value.with_traceback(exc_tb)
venv\Lib\site-packages\sqlalchemy\pool\base.py:895: in __connect
    self.dbapi_connection = connection = pool._invoke_creator(self)
venv\Lib\site-packages\sqlalchemy\engine\create.py:661: in connect
    return dialect.connect(*cargs, **cparams)
_ _ _ _ _ _ _ _ _ _ _ _ _ _ _ _ _ _ _ _ _ _ _ _ _ _ _ _ _ _ _ _ _ _ _ _ _ _ _ _ _ _ _ _ _ _ _ _ _ _ _ _ _ _ _ _ _ _ _ _

self = &lt;sqlalchemy.dialects.sqlite.pysqlite.SQLiteDialect_pysqlite object at 0x0000018E11F3A050&gt;
cargs = ('C:\\Users\\LENOVO~1\\AppData\\Local\\Temp\\tmpqj5tk3s2',), cparams = {'check_same_thread': False}

    def connect(self, *cargs: Any, **cparams: Any) -&gt; DBAPIConnection:
        # inherits the docstring from interfaces.Dialect.connect
&gt;       return self.loaded_dbapi.connect(*cargs, **cparams)  # type: ignore[no-any-return]  # NOQA: E501
E       sqlalchemy.exc.OperationalError: (sqlite3.OperationalError) unable to open database file
E       (Background on this error at: https://sqlalche.me/e/20/e3q8)

venv\Lib\site-packages\sqlalchemy\engine\default.py:630: OperationalError</error></testcase><testcase classname="tests.test_signup_dashboard.TestSignupAndDashboard" name="test_signup_creates_user_and_lands_on_dashboard" time="1.485"><error message="failed on setup with &quot;sqlalchemy.exc.OperationalError: (sqlite3.OperationalError) unable to open database file&#10;(Background on this error at: https://sqlalche.me/e/20/e3q8)&quot;">self = &lt;sqlalchemy.engine.base.Connection object at 0x0000018E15607A00&gt;
engine = Engine(sqlite:///C:\Users\LENOVO~1\AppData\Local\Temp\tmpqj5tk3s2), connection = None, _has_events = None
_allow_revalidate = True, _allow_autobegin = True

    def __init__(
        self,
        engine: Engine,
        connection: Optional[PoolProxiedConnection] = None,
        _has_events: Optional[bool] = None,
        _allow_revalidate: bool = True,
        _allow_autobegin: bool = True,
    ):
        """Construct a new Connection."""
        self.engine = engine
        self.dialect = dialect = engine.dialect
    
        if connection is None:
            try:
&gt;               self._dbapi_connection = engine.raw_connection()

venv\Lib\site-packages\sqlalchemy\engine\base.py:143: 
_ _ _ _ _ _ _ _ _ _ _ _ _ _ _ _ _ _ _ _ _ _ _ _ _ _ _ _ _ _ _ _ _ _ _ _ _ _ _ _ _ _ _ _ _ _ _ _ _ _ _ _ _ _ _ _ _ _ _ _
venv\Lib\site-packages\sqlalchemy\engine\base.py:3309: in raw_connection
    return self.pool.connect()
venv\Lib\site-packages\sqlalchemy\pool\base.py:447: in connect
    return _ConnectionFairy._checkout(self)
venv\Lib\site-packages\sqlalchemy\pool\base.py:1264: in _checkout
    fairy = _ConnectionRecord.checkout(pool)
venv\Lib\site-packages\sqlalchemy\pool\base.py:711: in checkout
    rec = pool._do_get()
venv\Lib\site-packages\sqlalchemy\pool\impl.py:177: in _do_get
    with util.safe_reraise():
venv\Lib\site-packages\sqlalchemy\util\langhelpers.py:224: in __exit__
    raise exc_value.with_traceback(exc_tb)
venv\Lib\site-packages\sqlalchemy\pool\impl.py:175: in _do_get
    return self._create_connection()
venv\Lib\site-packages\sqlalchemy\pool\base.py:388: in _create_connection
    return _ConnectionRecord(self)
venv\Lib\site-packages\sqlalchemy\pool\base.py:673: in __init__
    self.__connect()
venv\Lib\site-packages\sqlalchemy\pool\base.py:899: in __connect
    with util.safe_reraise():
venv\Lib\site-packages\sqlalchemy\util\langhelpers.py:224: in __exit__
    raise exc_value.with_traceback(exc_tb)
venv\Lib\site-packages\sqlalchemy\pool\base.py:895: in __connect
    self.dbapi_connection = connection = pool._invoke_creator(self)
venv\Lib\site-packages\sqlalchemy\engine\create.py:661: in connect
    return dialect.connect(*cargs, **cparams)
_ _ _ _ _ _ _ _ _ _ _ _ _ _ _ _ _ _ _ _ _ _ _ _ _ _ _ _ _ _ _ _ _ _ _ _ _ _ _ _ _ _ _ _ _ _ _ _ _ _ _ _ _ _ _ _ _ _ _ _

self = &lt;sqlalchemy.dialects.sqlite.pysqlite.SQLiteDialect_pysqlite object at 0x0000018E11F3A150&gt;
cargs = ('C:\\Users\\LENOVO~1\\AppData\\Local\\Temp\\tmpqj5tk3s2',), cparams = {'check_same_thread': False}

    def connect(self, *cargs: Any, **cparams: Any) -&gt; DBAPIConnection:
        # inherits the docstring from interfaces.Dialect.connect
&gt;       return self.loaded_dbapi.connect(*cargs, **cparams)  # type: ignore[no-any-return]  # NOQA: E501
E       sqlite3.OperationalError: unable to open database file

venv\Lib\site-packages\sqlalchemy\engine\default.py:630: OperationalError

The above exception was the direct cause of the following exception:

request = &lt;SubRequest 'testapp' for &lt;Function test_signup_creates_user_and_lands_on_dashboard&gt;&gt;

    @pytest.fixture()
    def testapp(request):
        app = create_app('appname.settings.TestConfig')
        client = app.test_client()
    
        db.app = app
        app_ctx = app.app_context()
        app_ctx.push()
&gt;       db.create_all()

tests\conftest.py:19: 
_ _ _ _ _ _ _ _ _ _ _ _ _ _ _ _ _ _ _ _ _ _ _ _ _ _ _ _ _ _ _ _ _ _ _ _ _ _ _ _ _ _ _ _ _ _ _ _ _ _ _ _ _ _ _ _ _ _ _ _
venv\Lib\site-packages\flask_sqlalchemy\extension.py:900: in create_all
    self._call_for_binds(bind_key, "create_all")
venv\Lib\site-packages\flask_sqlalchemy\extension.py:881: in _call_for_binds
    getattr(metadata, op_name)(bind=engine)
venv\Lib\site-packages\sqlalchemy\sql\schema.py:5928: in create_all
    bind._run_ddl_visitor(
venv\Lib\site-packages\sqlalchemy\engine\base.py:3259: in _run_ddl_visitor
    with self.begin() as conn:
C:\Python314\Lib\contextlib.py:141: in __enter__
    return next(self.gen)
venv\Lib\site-packages\sqlalchemy\engine\base.py:3249: in begin
    with self.connect() as conn:
venv\Lib\site-packages\sqlalchemy\engine\base.py:3285: in connect
    return self._connection_cls(self)
venv\Lib\site-packages\sqlalchemy\engine\base.py:145: in __init__
    Connection._handle_dbapi_exception_noconnection(
venv\Lib\site-packages\sqlalchemy\engine\base.py:2448: in _handle_dbapi_exception_noconnection
    raise sqlalchemy_exception.with_traceback(exc_info[2]) from e
venv\Lib\site-packages\sqlalchemy\engine\base.py:143: in __init__
    self._dbapi_connection = engine.raw_connection()
venv\Lib\site-packages\sqlalchemy\engine\base.py:3309: in raw_connection
    return self.pool.connect()
venv\Lib\site-packages\sqlalchemy\pool\base.py:447: in connect
    return _ConnectionFairy._checkout(self)
venv\Lib\site-packages\sqlalchemy\pool\base.py:1264: in _checkout
    fairy = _ConnectionRecord.checkout(pool)
venv\Lib\site-packages\sqlalchemy\pool\base.py:711: in checkout
    rec = pool._do_get()
venv\Lib\site-packages\sqlalchemy\pool\impl.py:177: in _do_get
    with util.safe_reraise():
venv\Lib\site-packages\sqlalchemy\util\langhelpers.py:224: in __exit__
    raise exc_value.with_traceback(exc_tb)
venv\Lib\site-packages\sqlalchemy\pool\impl.py:175: in _do_get
    return self._create_connection()
venv\Lib\site-packages\sqlalchemy\pool\base.py:388: in _create_connection
    return _ConnectionRecord(self)
venv\Lib\site-packages\sqlalchemy\pool\base.py:673: in __init__
    self.__connect()
venv\Lib\site-packages\sqlalchemy\pool\base.py:899: in __connect
    with util.safe_reraise():
venv\Lib\site-packages\sqlalchemy\util\langhelpers.py:224: in __exit__
    raise exc_value.with_traceback(exc_tb)
venv\Lib\site-packages\sqlalchemy\pool\base.py:895: in __connect
    self.dbapi_connection = connection = pool._invoke_creator(self)
venv\Lib\site-packages\sqlalchemy\engine\create.py:661: in connect
    return dialect.connect(*cargs, **cparams)
_ _ _ _ _ _ _ _ _ _ _ _ _ _ _ _ _ _ _ _ _ _ _ _ _ _ _ _ _ _ _ _ _ _ _ _ _ _ _ _ _ _ _ _ _ _ _ _ _ _ _ _ _ _ _ _ _ _ _ _

self = &lt;sqlalchemy.dialects.sqlite.pysqlite.SQLiteDialect_pysqlite object at 0x0000018E11F3A150&gt;
cargs = ('C:\\Users\\LENOVO~1\\AppData\\Local\\Temp\\tmpqj5tk3s2',), cparams = {'check_same_thread': False}

    def connect(self, *cargs: Any, **cparams: Any) -&gt; DBAPIConnection:
        # inherits the docstring from interfaces.Dialect.connect
&gt;       return self.loaded_dbapi.connect(*cargs, **cparams)  # type: ignore[no-any-return]  # NOQA: E501
E       sqlalchemy.exc.OperationalError: (sqlite3.OperationalError) unable to open database file
E       (Background on this error at: https://sqlalche.me/e/20/e3q8)

venv\Lib\site-packages\sqlalchemy\engine\default.py:630: OperationalError</error></testcase><testcase classname="tests.test_signup_dashboard.TestSignupAndDashboard" name="test_signup_rejects_duplicate_email" time="1.500"><error message="failed on setup with &quot;sqlalchemy.exc.OperationalError: (sqlite3.OperationalError) unable to open database file&#10;(Background on this error at: https://sqlalche.me/e/20/e3q8)&quot;">self = &lt;sqlalchemy.engine.base.Connection object at 0x0000018E15606DD0&gt;
engine = Engine(sqlite:///C:\Users\LENOVO~1\AppData\Local\Temp\tmpqj5tk3s2), connection = None, _has_events = None
_allow_revalidate = True, _allow_autobegin = True

    def __init__(
        self,
        engine: Engine,
        connection: Optional[PoolProxiedConnection] = None,
        _has_events: Optional[bool] = None,
        _allow_revalidate: bool = True,
        _allow_autobegin: bool = True,
    ):
        """Construct a new Connection."""
        self.engine = engine
        self.dialect = dialect = engine.dialect
    
        if connection is None:
            try:
&gt;               self._dbapi_connection = engine.raw_connection()

venv\Lib\site-packages\sqlalchemy\engine\base.py:143: 
_ _ _ _ _ _ _ _ _ _ _ _ _ _ _ _ _ _ _ _ _ _ _ _ _ _ _ _ _ _ _ _ _ _ _ _ _ _ _ _ _ _ _ _ _ _ _ _ _ _ _ _ _ _ _ _ _ _ _ _
venv\Lib\site-packages\sqlalchemy\engine\base.py:3309: in raw_connection
    return self.pool.connect()
venv\Lib\site-packages\sqlalchemy\pool\base.py:447: in connect
    return _ConnectionFairy._checkout(self)
venv\Lib\site-packages\sqlalchemy\pool\base.py:1264: in _checkout
    fairy = _ConnectionRecord.checkout(pool)
venv\Lib\site-packages\sqlalchemy\pool\base.py:711: in checkout
    rec = pool._do_get()
venv\Lib\site-packages\sqlalchemy\pool\impl.py:177: in _do_get
    with util.safe_reraise():
venv\Lib\site-packages\sqlalchemy\util\langhelpers.py:224: in __exit__
    raise exc_value.with_traceback(exc_tb)
venv\Lib\site-packages\sqlalchemy\pool\impl.py:175: in _do_get
    return self._create_connection()
venv\Lib\site-packages\sqlalchemy\pool\base.py:388: in _create_connection
    return _ConnectionRecord(self)
venv\Lib\site-packages\sqlalchemy\pool\base.py:673: in __init__
    self.__connect()
venv\Lib\site-packages\sqlalchemy\pool\base.py:899: in __connect
    with util.safe_reraise():
venv\Lib\site-packages\sqlalchemy\util\langhelpers.py:224: in __exit__
    raise exc_value.with_traceback(exc_tb)
venv\Lib\site-packages\sqlalchemy\pool\base.py:895: in __connect
    self.dbapi_connection = connection = pool._invoke_creator(self)
venv\Lib\site-packages\sqlalchemy\engine\create.py:661: in connect
    return dialect.connect(*cargs, **cparams)
_ _ _ _ _ _ _ _ _ _ _ _ _ _ _ _ _ _ _ _ _ _ _ _ _ _ _ _ _ _ _ _ _ _ _ _ _ _ _ _ _ _ _ _ _ _ _ _ _ _ _ _ _ _ _ _ _ _ _ _

self = &lt;sqlalchemy.dialects.sqlite.pysqlite.SQLiteDialect_pysqlite object at 0x0000018E10DD3650&gt;
cargs = ('C:\\Users\\LENOVO~1\\AppData\\Local\\Temp\\tmpqj5tk3s2',), cparams = {'check_same_thread': False}

    def connect(self, *cargs: Any, **cparams: Any) -&gt; DBAPIConnection:
        # inherits the docstring from interfaces.Dialect.connect
&gt;       return self.loaded_dbapi.connect(*cargs, **cparams)  # type: ignore[no-any-return]  # NOQA: E501
E       sqlite3.OperationalError: unable to open database file

venv\Lib\site-packages\sqlalchemy\engine\default.py:630: OperationalError

The above exception was the direct cause of the following exception:

request = &lt;SubRequest 'testapp' for &lt;Function test_signup_rejects_duplicate_email&gt;&gt;

    @pytest.fixture()
    def testapp(request):
        app = create_app('appname.settings.TestConfig')
        client = app.test_client()
    
        db.app = app
        app_ctx = app.app_context()
        app_ctx.push()
&gt;       db.create_all()

tests\conftest.py:19: 
_ _ _ _ _ _ _ _ _ _ _ _ _ _ _ _ _ _ _ _ _ _ _ _ _ _ _ _ _ _ _ _ _ _ _ _ _ _ _ _ _ _ _ _ _ _ _ _ _ _ _ _ _ _ _ _ _ _ _ _
venv\Lib\site-packages\flask_sqlalchemy\extension.py:900: in create_all
    self._call_for_binds(bind_key, "create_all")
venv\Lib\site-packages\flask_sqlalchemy\extension.py:881: in _call_for_binds
    getattr(metadata, op_name)(bind=engine)
venv\Lib\site-packages\sqlalchemy\sql\schema.py:5928: in create_all
    bind._run_ddl_visitor(
venv\Lib\site-packages\sqlalchemy\engine\base.py:3259: in _run_ddl_visitor
    with self.begin() as conn:
C:\Python314\Lib\contextlib.py:141: in __enter__
    return next(self.gen)
venv\Lib\site-packages\sqlalchemy\engine\base.py:3249: in begin
    with self.connect() as conn:
venv\Lib\site-packages\sqlalchemy\engine\base.py:3285: in connect
    return self._connection_cls(self)
venv\Lib\site-packages\sqlalchemy\engine\base.py:145: in __init__
    Connection._handle_dbapi_exception_noconnection(
venv\Lib\site-packages\sqlalchemy\engine\base.py:2448: in _handle_dbapi_exception_noconnection
    raise sqlalchemy_exception.with_traceback(exc_info[2]) from e
venv\Lib\site-packages\sqlalchemy\engine\base.py:143: in __init__
    self._dbapi_connection = engine.raw_connection()
venv\Lib\site-packages\sqlalchemy\engine\base.py:3309: in raw_connection
    return self.pool.connect()
venv\Lib\site-packages\sqlalchemy\pool\base.py:447: in connect
    return _ConnectionFairy._checkout(self)
venv\Lib\site-packages\sqlalchemy\pool\base.py:1264: in _checkout
    fairy = _ConnectionRecord.checkout(pool)
venv\Lib\site-packages\sqlalchemy\pool\base.py:711: in checkout
    rec = pool._do_get()
venv\Lib\site-packages\sqlalchemy\pool\impl.py:177: in _do_get
    with util.safe_reraise():
venv\Lib\site-packages\sqlalchemy\util\langhelpers.py:224: in __exit__
    raise exc_value.with_traceback(exc_tb)
venv\Lib\site-packages\sqlalchemy\pool\impl.py:175: in _do_get
    return self._create_connection()
venv\Lib\site-packages\sqlalchemy\pool\base.py:388: in _create_connection
    return _ConnectionRecord(self)
venv\Lib\site-packages\sqlalchemy\pool\base.py:673: in __init__
    self.__connect()
venv\Lib\site-packages\sqlalchemy\pool\base.py:899: in __connect
    with util.safe_reraise():
venv\Lib\site-packages\sqlalchemy\util\langhelpers.py:224: in __exit__
    raise exc_value.with_traceback(exc_tb)
venv\Lib\site-packages\sqlalchemy\pool\base.py:895: in __connect
    self.dbapi_connection = connection = pool._invoke_creator(self)
venv\Lib\site-packages\sqlalchemy\engine\create.py:661: in connect
    return dialect.connect(*cargs, **cparams)
_ _ _ _ _ _ _ _ _ _ _ _ _ _ _ _ _ _ _ _ _ _ _ _ _ _ _ _ _ _ _ _ _ _ _ _ _ _ _ _ _ _ _ _ _ _ _ _ _ _ _ _ _ _ _ _ _ _ _ _

self = &lt;sqlalchemy.dialects.sqlite.pysqlite.SQLiteDialect_pysqlite object at 0x0000018E10DD3650&gt;
cargs = ('C:\\Users\\LENOVO~1\\AppData\\Local\\Temp\\tmpqj5tk3s2',), cparams = {'check_same_thread': False}

    def connect(self, *cargs: Any, **cparams: Any) -&gt; DBAPIConnection:
        # inherits the docstring from interfaces.Dialect.connect
&gt;       return self.loaded_dbapi.connect(*cargs, **cparams)  # type: ignore[no-any-return]  # NOQA: E501
E       sqlalchemy.exc.OperationalError: (sqlite3.OperationalError) unable to open database file
E       (Background on this error at: https://sqlalche.me/e/20/e3q8)

venv\Lib\site-packages\sqlalchemy\engine\default.py:630: OperationalError</error></testcase><testcase classname="tests.test_signup_dashboard.TestSignupAndDashboard" name="test_dashboard_home_loads_for_logged_in_user" time="1.500"><error message="failed on setup with &quot;sqlalchemy.exc.OperationalError: (sqlite3.OperationalError) unable to open database file&#10;(Background on this error at: https://sqlalche.me/e/20/e3q8)&quot;">self = &lt;sqlalchemy.engine.base.Connection object at 0x0000018E14DEBA00&gt;
engine = Engine(sqlite:///C:\Users\LENOVO~1\AppData\Local\Temp\tmpqj5tk3s2), connection = None, _has_events = None
_allow_revalidate = True, _allow_autobegin = True

    def __init__(
        self,
        engine: Engine,
        connection: Optional[PoolProxiedConnection] = None,
        _has_events: Optional[bool] = None,
        _allow_revalidate: bool = True,
        _allow_autobegin: bool = True,
    ):
        """Construct a new Connection."""
        self.engine = engine
        self.dialect = dialect = engine.dialect
    
        if connection is None:
            try:
&gt;               self._dbapi_connection = engine.raw_connection()

venv\Lib\site-packages\sqlalchemy\engine\base.py:143: 
_ _ _ _ _ _ _ _ _ _ _ _ _ _ _ _ _ _ _ _ _ _ _ _ _ _ _ _ _ _ _ _ _ _ _ _ _ _ _ _ _ _ _ _ _ _ _ _ _ _ _ _ _ _ _ _ _ _ _ _
venv\Lib\site-packages\sqlalchemy\engine\base.py:3309: in raw_connection
    return self.pool.connect()
venv\Lib\site-packages\sqlalchemy\pool\base.py:447: in connect
    return _ConnectionFairy._checkout(self)
venv\Lib\site-packages\sqlalchemy\pool\base.py:1264: in _checkout
    fairy = _ConnectionRecord.checkout(pool)
venv\Lib\site-packages\sqlalchemy\pool\base.py:711: in checkout
    rec = pool._do_get()
venv\Lib\site-packages\sqlalchemy\pool\impl.py:177: in _do_get
    with util.safe_reraise():
venv\Lib\site-packages\sqlalchemy\util\langhelpers.py:224: in __exit__
    raise exc_value.with_traceback(exc_tb)
venv\Lib\site-packages\sqlalchemy\pool\impl.py:175: in _do_get
    return self._create_connection()
venv\Lib\site-packages\sqlalchemy\pool\base.py:388: in _create_connection
    return _ConnectionRecord(self)
venv\Lib\site-packages\sqlalchemy\pool\base.py:673: in __init__
    self.__connect()
venv\Lib\site-packages\sqlalchemy\pool\base.py:899: in __connect
    with util.safe_reraise():
venv\Lib\site-packages\sqlalchemy\util\langhelpers.py:224: in __exit__
    raise exc_value.with_traceback(exc_tb)
venv\Lib\site-packages\sqlalchemy\pool\base.py:895: in __connect
    self.dbapi_connection = connection = pool._invoke_creator(self)
venv\Lib\site-packages\sqlalchemy\engine\create.py:661: in connect
    return dialect.connect(*cargs, **cparams)
_ _ _ _ _ _ _ _ _ _ _ _ _ _ _ _ _ _ _ _ _ _ _ _ _ _ _ _ _ _ _ _ _ _ _ _ _ _ _ _ _ _ _ _ _ _ _ _ _ _ _ _ _ _ _ _ _ _ _ _

self = &lt;sqlalchemy.dialects.sqlite.pysqlite.SQLiteDialect_pysqlite object at 0x0000018E10DD3850&gt;
cargs = ('C:\\Users\\LENOVO~1\\AppData\\Local\\Temp\\tmpqj5tk3s2',), cparams = {'check_same_thread': False}

    def connect(self, *cargs: Any, **cparams: Any) -&gt; DBAPIConnection:
        # inherits the docstring from interfaces.Dialect.connect
&gt;       return self.loaded_dbapi.connect(*cargs, **cparams)  # type: ignore[no-any-return]  # NOQA: E501
E       sqlite3.OperationalError: unable to open database file

venv\Lib\site-packages\sqlalchemy\engine\default.py:630: OperationalError

The above exception was the direct cause of the following exception:

request = &lt;SubRequest 'testapp' for &lt;Function test_dashboard_home_loads_for_logged_in_user&gt;&gt;

    @pytest.fixture()
    def testapp(request):
        app = create_app('appname.settings.TestConfig')
        client = app.test_client()
    
        db.app = app
        app_ctx = app.app_context()
        app_ctx.push()
&gt;       db.create_all()

tests\conftest.py:19: 
_ _ _ _ _ _ _ _ _ _ _ _ _ _ _ _ _ _ _ _ _ _ _ _ _ _ _ _ _ _ _ _ _ _ _ _ _ _ _ _ _ _ _ _ _ _ _ _ _ _ _ _ _ _ _ _ _ _ _ _
venv\Lib\site-packages\flask_sqlalchemy\extension.py:900: in create_all
    self._call_for_binds(bind_key, "create_all")
venv\Lib\site-packages\flask_sqlalchemy\extension.py:881: in _call_for_binds
    getattr(metadata, op_name)(bind=engine)
venv\Lib\site-packages\sqlalchemy\sql\schema.py:5928: in create_all
    bind._run_ddl_visitor(
venv\Lib\site-packages\sqlalchemy\engine\base.py:3259: in _run_ddl_visitor
    with self.begin() as conn:
C:\Python314\Lib\contextlib.py:141: in __enter__
    return next(self.gen)
venv\Lib\site-packages\sqlalchemy\engine\base.py:3249: in begin
    with self.connect() as conn:
venv\Lib\site-packages\sqlalchemy\engine\base.py:3285: in connect
    return self._connection_cls(self)
venv\Lib\site-packages\sqlalchemy\engine\base.py:145: in __init__
    Connection._handle_dbapi_exception_noconnection(
venv\Lib\site-packages\sqlalchemy\engine\base.py:2448: in _handle_dbapi_exception_noconnection
    raise sqlalchemy_exception.with_traceback(exc_info[2]) from e
venv\Lib\site-packages\sqlalchemy\engine\base.py:143: in __init__
    self._dbapi_connection = engine.raw_connection()
venv\Lib\site-packages\sqlalchemy\engine\base.py:3309: in raw_connection
    return self.pool.connect()
venv\Lib\site-packages\sqlalchemy\pool\base.py:447: in connect
    return _ConnectionFairy._checkout(self)
venv\Lib\site-packages\sqlalchemy\pool\base.py:1264: in _checkout
    fairy = _ConnectionRecord.checkout(pool)
venv\Lib\site-packages\sqlalchemy\pool\base.py:711: in checkout
    rec = pool._do_get()
venv\Lib\site-packages\sqlalchemy\pool\impl.py:177: in _do_get
    with util.safe_reraise():
venv\Lib\site-packages\sqlalchemy\util\langhelpers.py:224: in __exit__
    raise exc_value.with_traceback(exc_tb)
venv\Lib\site-packages\sqlalchemy\pool\impl.py:175: in _do_get
    return self._create_connection()
venv\Lib\site-packages\sqlalchemy\pool\base.py:388: in _create_connection
    return _ConnectionRecord(self)
venv\Lib\site-packages\sqlalchemy\pool\base.py:673: in __init__
    self.__connect()
venv\Lib\site-packages\sqlalchemy\pool\base.py:899: in __connect
    with util.safe_reraise():
venv\Lib\site-packages\sqlalchemy\util\langhelpers.py:224: in __exit__
    raise exc_value.with_traceback(exc_tb)
venv\Lib\site-packages\sqlalchemy\pool\base.py:895: in __connect
    self.dbapi_connection = connection = pool._invoke_creator(self)
venv\Lib\site-packages\sqlalchemy\engine\create.py:661: in connect
    return dialect.connect(*cargs, **cparams)
_ _ _ _ _ _ _ _ _ _ _ _ _ _ _ _ _ _ _ _ _ _ _ _ _ _ _ _ _ _ _ _ _ _ _ _ _ _ _ _ _ _ _ _ _ _ _ _ _ _ _ _ _ _ _ _ _ _ _ _

self = &lt;sqlalchemy.dialects.sqlite.pysqlite.SQLiteDialect_pysqlite object at 0x0000018E10DD3850&gt;
cargs = ('C:\\Users\\LENOVO~1\\AppData\\Local\\Temp\\tmpqj5tk3s2',), cparams = {'check_same_thread': False}

    def connect(self, *cargs: Any, **cparams: Any) -&gt; DBAPIConnection:
        # inherits the docstring from interfaces.Dialect.connect
&gt;       return self.loaded_dbapi.connect(*cargs, **cparams)  # type: ignore[no-any-return]  # NOQA: E501
E       sqlalchemy.exc.OperationalError: (sqlite3.OperationalError) unable to open database file
E       (Background on this error at: https://sqlalche.me/e/20/e3q8)

venv\Lib\site-packages\sqlalchemy\engine\default.py:630: OperationalError</error></testcase><testcase classname="tests.test_signup_dashboard.TestSignupAndDashboard" name="test_dashboard_team_page_loads_for_logged_in_user" time="1.498"><error message="failed on setup with &quot;sqlalchemy.exc.OperationalError: (sqlite3.OperationalError) unable to open database file&#10;(Background on this error at: https://sqlalche.me/e/20/e3q8)&quot;">self = &lt;sqlalchemy.engine.base.Connection object at 0x0000018E15604FC0&gt;
engine = Engine(sqlite:///C:\Users\LENOVO~1\AppData\Local\Temp\tmpqj5tk3s2), connection = None, _has_events = None
_allow_revalidate = True, _allow_autobegin = True

    def __init__(
        self,
        engine: Engine,
        connection: Optional[PoolProxiedConnection] = None,
        _has_events: Optional[bool] = None,
        _allow_revalidate: bool = True,
        _allow_autobegin: bool = True,
    ):
        """Construct a new Connection."""
        self.engine = engine
        self.dialect = dialect = engine.dialect
    
        if connection is None:
            try:
&gt;               self._dbapi_connection = engine.raw_connection()

venv\Lib\site-packages\sqlalchemy\engine\base.py:143: 
_ _ _ _ _ _ _ _ _ _ _ _ _ _ _ _ _ _ _ _ _ _ _ _ _ _ _ _ _ _ _ _ _ _ _ _ _ _ _ _ _ _ _ _ _ _ _ _ _ _ _ _ _ _ _ _ _ _ _ _
venv\Lib\site-packages\sqlalchemy\engine\base.py:3309: in raw_connection
    return self.pool.connect()
venv\Lib\site-packages\sqlalchemy\pool\base.py:447: in connect
    return _ConnectionFairy._checkout(self)
venv\Lib\site-packages\sqlalchemy\pool\base.py:1264: in _checkout
    fairy = _ConnectionRecord.checkout(pool)
venv\Lib\site-packages\sqlalchemy\pool\base.py:711: in checkout
    rec = pool._do_get()
venv\Lib\site-packages\sqlalchemy\pool\impl.py:177: in _do_get
    with util.safe_reraise():
venv\Lib\site-packages\sqlalchemy\util\langhelpers.py:224: in __exit__
    raise exc_value.with_traceback(exc_tb)
venv\Lib\site-packages\sqlalchemy\pool\impl.py:175: in _do_get
    return self._create_connection()
venv\Lib\site-packages\sqlalchemy\pool\base.py:388: in _create_connection
    return _ConnectionRecord(self)
venv\Lib\site-packages\sqlalchemy\pool\base.py:673: in __init__
    self.__connect()
venv\Lib\site-packages\sqlalchemy\pool\base.py:899: in __connect
    with util.safe_reraise():
venv\Lib\site-packages\sqlalchemy\util\langhelpers.py:224: in __exit__
    raise exc_value.with_traceback(exc_tb)
venv\Lib\site-packages\sqlalchemy\pool\base.py:895: in __connect
    self.dbapi_connection = connection = pool._invoke_creator(self)
venv\Lib\site-packages\sqlalchemy\engine\create.py:661: in connect
    return dialect.connect(*cargs, **cparams)
_ _ _ _ _ _ _ _ _ _ _ _ _ _ _ _ _ _ _ _ _ _ _ _ _ _ _ _ _ _ _ _ _ _ _ _ _ _ _ _ _ _ _ _ _ _ _ _ _ _ _ _ _ _ _ _ _ _ _ _

self = &lt;sqlalchemy.dialects.sqlite.pysqlite.SQLiteDialect_pysqlite object at 0x0000018E10DD3C50&gt;
cargs = ('C:\\Users\\LENOVO~1\\AppData\\Local\\Temp\\tmpqj5tk3s2',), cparams = {'check_same_thread': False}

    def connect(self, *cargs: Any, **cparams: Any) -&gt; DBAPIConnection:
        # inherits the docstring from interfaces.Dialect.connect
&gt;       return self.loaded_dbapi.connect(*cargs, **cparams)  # type: ignore[no-any-return]  # NOQA: E501
E       sqlite3.OperationalError: unable to open database file

venv\Lib\site-packages\sqlalchemy\engine\default.py:630: OperationalError

The above exception was the direct cause of the following exception:

request = &lt;SubRequest 'testapp' for &lt;Function test_dashboard_team_page_loads_for_logged_in_user&gt;&gt;

    @pytest.fixture()
    def testapp(request):
        app = create_app('appname.settings.TestConfig')
        client = app.test_client()
    
        db.app = app
        app_ctx = app.app_context()
        app_ctx.push()
&gt;       db.create_all()

tests\conftest.py:19: 
_ _ _ _ _ _ _ _ _ _ _ _ _ _ _ _ _ _ _ _ _ _ _ _ _ _ _ _ _ _ _ _ _ _ _ _ _ _ _ _ _ _ _ _ _ _ _ _ _ _ _ _ _ _ _ _ _ _ _ _
venv\Lib\site-packages\flask_sqlalchemy\extension.py:900: in create_all
    self._call_for_binds(bind_key, "create_all")
venv\Lib\site-packages\flask_sqlalchemy\extension.py:881: in _call_for_binds
    getattr(metadata, op_name)(bind=engine)
venv\Lib\site-packages\sqlalchemy\sql\schema.py:5928: in create_all
    bind._run_ddl_visitor(
venv\Lib\site-packages\sqlalchemy\engine\base.py:3259: in _run_ddl_visitor
    with self.begin() as conn:
C:\Python314\Lib\contextlib.py:141: in __enter__
    return next(self.gen)
venv\Lib\site-packages\sqlalchemy\engine\base.py:3249: in begin
    with self.connect() as conn:
venv\Lib\site-packages\sqlalchemy\engine\base.py:3285: in connect
    return self._connection_cls(self)
venv\Lib\site-packages\sqlalchemy\engine\base.py:145: in __init__
    Connection._handle_dbapi_exception_noconnection(
venv\Lib\site-packages\sqlalchemy\engine\base.py:2448: in _handle_dbapi_exception_noconnection
    raise sqlalchemy_exception.with_traceback(exc_info[2]) from e
venv\Lib\site-packages\sqlalchemy\engine\base.py:143: in __init__
    self._dbapi_connection = engine.raw_connection()
venv\Lib\site-packages\sqlalchemy\engine\base.py:3309: in raw_connection
    return self.pool.connect()
venv\Lib\site-packages\sqlalchemy\pool\base.py:447: in connect
    return _ConnectionFairy._checkout(self)
venv\Lib\site-packages\sqlalchemy\pool\base.py:1264: in _checkout
    fairy = _ConnectionRecord.checkout(pool)
venv\Lib\site-packages\sqlalchemy\pool\base.py:711: in checkout
    rec = pool._do_get()
venv\Lib\site-packages\sqlalchemy\pool\impl.py:177: in _do_get
    with util.safe_reraise():
venv\Lib\site-packages\sqlalchemy\util\langhelpers.py:224: in __exit__
    raise exc_value.with_traceback(exc_tb)
venv\Lib\site-packages\sqlalchemy\pool\impl.py:175: in _do_get
    return self._create_connection()
venv\Lib\site-packages\sqlalchemy\pool\base.py:388: in _create_connection
    return _ConnectionRecord(self)
venv\Lib\site-packages\sqlalchemy\pool\base.py:673: in __init__
    self.__connect()
venv\Lib\site-packages\sqlalchemy\pool\base.py:899: in __connect
    with util.safe_reraise():
venv\Lib\site-packages\sqlalchemy\util\langhelpers.py:224: in __exit__
    raise exc_value.with_traceback(exc_tb)
venv\Lib\site-packages\sqlalchemy\pool\base.py:895: in __connect
    self.dbapi_connection = connection = pool._invoke_creator(self)
venv\Lib\site-packages\sqlalchemy\engine\create.py:661: in connect
    return dialect.connect(*cargs, **cparams)
_ _ _ _ _ _ _ _ _ _ _ _ _ _ _ _ _ _ _ _ _ _ _ _ _ _ _ _ _ _ _ _ _ _ _ _ _ _ _ _ _ _ _ _ _ _ _ _ _ _ _ _ _ _ _ _ _ _ _ _

self = &lt;sqlalchemy.dialects.sqlite.pysqlite.SQLiteDialect_pysqlite object at 0x0000018E10DD3C50&gt;
cargs = ('C:\\Users\\LENOVO~1\\AppData\\Local\\Temp\\tmpqj5tk3s2',), cparams = {'check_same_thread': False}

    def connect(self, *cargs: Any, **cparams: Any) -&gt; DBAPIConnection:
        # inherits the docstring from interfaces.Dialect.connect
&gt;       return self.loaded_dbapi.connect(*cargs, **cparams)  # type: ignore[no-any-return]  # NOQA: E501
E       sqlalchemy.exc.OperationalError: (sqlite3.OperationalError) unable to open database file
E       (Background on this error at: https://sqlalche.me/e/20/e3q8)

venv\Lib\site-packages\sqlalchemy\engine\default.py:630: OperationalError</error></testcase><testcase classname="tests.test_signup_dashboard.TestSignupAndDashboard" name="test_dashboard_files_page_loads_for_logged_in_user" time="1.502"><error message="failed on setup with &quot;sqlalchemy.exc.OperationalError: (sqlite3.OperationalError) unable to open database file&#10;(Background on this error at: https://sqlalche.me/e/20/e3q8)&quot;">self = &lt;sqlalchemy.engine.base.Connection object at 0x0000018E14DE81F0&gt;
engine = Engine(sqlite:///C:\Users\LENOVO~1\AppData\Local\Temp\tmpqj5tk3s2), connection = None, _has_events = None
_allow_revalidate = True, _allow_autobegin = True

    def __init__(
        self,
        engine: Engine,
        connection: Optional[PoolProxiedConnection] = None,
        _has_events: Optional[bool] = None,
        _allow_revalidate: bool = True,
        _allow_autobegin: bool = True,
    ):
        """Construct a new Connection."""
        self.engine = engine
        self.dialect = dialect = engine.dialect
    
        if connection is None:
            try:
&gt;               self._dbapi_connection = engine.raw_connection()

venv\Lib\site-packages\sqlalchemy\engine\base.py:143: 
_ _ _ _ _ _ _ _ _ _ _ _ _ _ _ _ _ _ _ _ _ _ _ _ _ _ _ _ _ _ _ _ _ _ _ _ _ _ _ _ _ _ _ _ _ _ _ _ _ _ _ _ _ _ _ _ _ _ _ _
venv\Lib\site-packages\sqlalchemy\engine\base.py:3309: in raw_connection
    return self.pool.connect()
venv\Lib\site-packages\sqlalchemy\pool\base.py:447: in connect
    return _ConnectionFairy._checkout(self)
venv\Lib\site-packages\sqlalchemy\pool\base.py:1264: in _checkout
    fairy = _ConnectionRecord.checkout(pool)
venv\Lib\site-packages\sqlalchemy\pool\base.py:711: in checkout
    rec = pool._do_get()
venv\Lib\site-packages\sqlalchemy\pool\impl.py:177: in _do_get
    with util.safe_reraise():
venv\Lib\site-packages\sqlalchemy\util\langhelpers.py:224: in __exit__
    raise exc_value.with_traceback(exc_tb)
venv\Lib\site-packages\sqlalchemy\pool\impl.py:175: in _do_get
    return self._create_connection()
venv\Lib\site-packages\sqlalchemy\pool\base.py:388: in _create_connection
    return _ConnectionRecord(self)
venv\Lib\site-packages\sqlalchemy\pool\base.py:673: in __init__
    self.__connect()
venv\Lib\site-packages\sqlalchemy\pool\base.py:899: in __connect
    with util.safe_reraise():
venv\Lib\site-packages\sqlalchemy\util\langhelpers.py:224: in __exit__
    raise exc_value.with_traceback(exc_tb)
venv\Lib\site-packages\sqlalchemy\pool\base.py:895: in __connect
    self.dbapi_connection = connection = pool._invoke_creator(self)
venv\Lib\site-packages\sqlalchemy\engine\create.py:661: in connect
    return dialect.connect(*cargs, **cparams)
_ _ _ _ _ _ _ _ _ _ _ _ _ _ _ _ _ _ _ _ _ _ _ _ _ _ _ _ _ _ _ _ _ _ _ _ _ _ _ _ _ _ _ _ _ _ _ _ _ _ _ _ _ _ _ _ _ _ _ _

self = &lt;sqlalchemy.dialects.sqlite.pysqlite.SQLiteDialect_pysqlite object at 0x0000018E10DD2450&gt;
cargs = ('C:\\Users\\LENOVO~1\\AppData\\Local\\Temp\\tmpqj5tk3s2',), cparams = {'check_same_thread': False}

    def connect(self, *cargs: Any, **cparams: Any) -&gt; DBAPIConnection:
        # inherits the docstring from interfaces.Dialect.connect
&gt;       return self.loaded_dbapi.connect(*cargs, **cparams)  # type: ignore[no-any-return]  # NOQA: E501
E       sqlite3.OperationalError: unable to open database file

venv\Lib\site-packages\sqlalchemy\engine\default.py:630: OperationalError

The above exception was the direct cause of the following exception:

request = &lt;SubRequest 'testapp' for &lt;Function test_dashboard_files_page_loads_for_logged_in_user&gt;&gt;

    @pytest.fixture()
    def testapp(request):
        app = create_app('appname.settings.TestConfig')
        client = app.test_client()
    
        db.app = app
        app_ctx = app.app_context()
        app_ctx.push()
&gt;       db.create_all()

tests\conftest.py:19: 
_ _ _ _ _ _ _ _ _ _ _ _ _ _ _ _ _ _ _ _ _ _ _ _ _ _ _ _ _ _ _ _ _ _ _ _ _ _ _ _ _ _ _ _ _ _ _ _ _ _ _ _ _ _ _ _ _ _ _ _
venv\Lib\site-packages\flask_sqlalchemy\extension.py:900: in create_all
    self._call_for_binds(bind_key, "create_all")
venv\Lib\site-packages\flask_sqlalchemy\extension.py:881: in _call_for_binds
    getattr(metadata, op_name)(bind=engine)
venv\Lib\site-packages\sqlalchemy\sql\schema.py:5928: in create_all
    bind._run_ddl_visitor(
venv\Lib\site-packages\sqlalchemy\engine\base.py:3259: in _run_ddl_visitor
    with self.begin() as conn:
C:\Python314\Lib\contextlib.py:141: in __enter__
    return next(self.gen)
venv\Lib\site-packages\sqlalchemy\engine\base.py:3249: in begin
    with self.connect() as conn:
venv\Lib\site-packages\sqlalchemy\engine\base.py:3285: in connect
    return self._connection_cls(self)
venv\Lib\site-packages\sqlalchemy\engine\base.py:145: in __init__
    Connection._handle_dbapi_exception_noconnection(
venv\Lib\site-packages\sqlalchemy\engine\base.py:2448: in _handle_dbapi_exception_noconnection
    raise sqlalchemy_exception.with_traceback(exc_info[2]) from e
venv\Lib\site-packages\sqlalchemy\engine\base.py:143: in __init__
    self._dbapi_connection = engine.raw_connection()
venv\Lib\site-packages\sqlalchemy\engine\base.py:3309: in raw_connection
    return self.pool.connect()
venv\Lib\site-packages\sqlalchemy\pool\base.py:447: in connect
    return _ConnectionFairy._checkout(self)
venv\Lib\site-packages\sqlalchemy\pool\base.py:1264: in _checkout
    fairy = _ConnectionRecord.checkout(pool)
venv\Lib\site-packages\sqlalchemy\pool\base.py:711: in checkout
    rec = pool._do_get()
venv\Lib\site-packages\sqlalchemy\pool\impl.py:177: in _do_get
    with util.safe_reraise():
venv\Lib\site-packages\sqlalchemy\util\langhelpers.py:224: in __exit__
    raise exc_value.with_traceback(exc_tb)
venv\Lib\site-packages\sqlalchemy\pool\impl.py:175: in _do_get
    return self._create_connection()
venv\Lib\site-packages\sqlalchemy\pool\base.py:388: in _create_connection
    return _ConnectionRecord(self)
venv\Lib\site-packages\sqlalchemy\pool\base.py:673: in __init__
    self.__connect()
venv\Lib\site-packages\sqlalchemy\pool\base.py:899: in __connect
    with util.safe_reraise():
venv\Lib\site-packages\sqlalchemy\util\langhelpers.py:224: in __exit__
    raise exc_value.with_traceback(exc_tb)
venv\Lib\site-packages\sqlalchemy\pool\base.py:895: in __connect
    self.dbapi_connection = connection = pool._invoke_creator(self)
venv\Lib\site-packages\sqlalchemy\engine\create.py:661: in connect
    return dialect.connect(*cargs, **cparams)
_ _ _ _ _ _ _ _ _ _ _ _ _ _ _ _ _ _ _ _ _ _ _ _ _ _ _ _ _ _ _ _ _ _ _ _ _ _ _ _ _ _ _ _ _ _ _ _ _ _ _ _ _ _ _ _ _ _ _ _

self = &lt;sqlalchemy.dialects.sqlite.pysqlite.SQLiteDialect_pysqlite object at 0x0000018E10DD2450&gt;
cargs = ('C:\\Users\\LENOVO~1\\AppData\\Local\\Temp\\tmpqj5tk3s2',), cparams = {'check_same_thread': False}

    def connect(self, *cargs: Any, **cparams: Any) -&gt; DBAPIConnection:
        # inherits the docstring from interfaces.Dialect.connect
&gt;       return self.loaded_dbapi.connect(*cargs, **cparams)  # type: ignore[no-any-return]  # NOQA: E501
E       sqlalchemy.exc.OperationalError: (sqlite3.OperationalError) unable to open database file
E       (Background on this error at: https://sqlalche.me/e/20/e3q8)

venv\Lib\site-packages\sqlalchemy\engine\default.py:630: OperationalError</error></testcase><testcase classname="tests.test_team.TestTeam" name="test_user_creation_of_team" time="1.499"><error message="failed on setup with &quot;sqlalchemy.exc.OperationalError: (sqlite3.OperationalError) unable to open database file&#10;(Background on this error at: https://sqlalche.me/e/20/e3q8)&quot;">self = &lt;sqlalchemy.engine.base.Connection object at 0x0000018E14DEAD00&gt;
engine = Engine(sqlite:///C:\Users\LENOVO~1\AppData\Local\Temp\tmpqj5tk3s2), connection = None, _has_events = None
_allow_revalidate = True, _allow_autobegin = True

    def __init__(
        self,
        engine: Engine,
        connection: Optional[PoolProxiedConnection] = None,
        _has_events: Optional[bool] = None,
        _allow_revalidate: bool = True,
        _allow_autobegin: bool = True,
    ):
        """Construct a new Connection."""
        self.engine = engine
        self.dialect = dialect = engine.dialect
    
        if connection is None:
            try:
&gt;               self._dbapi_connection = engine.raw_connection()

venv\Lib\site-packages\sqlalchemy\engine\base.py:143: 
_ _ _ _ _ _ _ _ _ _ _ _ _ _ _ _ _ _ _ _ _ _ _ _ _ _ _ _ _ _ _ _ _ _ _ _ _ _ _ _ _ _ _ _ _ _ _ _ _ _ _ _ _ _ _ _ _ _ _ _
venv\Lib\site-packages\sqlalchemy\engine\base.py:3309: in raw_connection
    return self.pool.connect()
venv\Lib\site-packages\sqlalchemy\pool\base.py:447: in connect
    return _ConnectionFairy._checkout(self)
venv\Lib\site-packages\sqlalchemy\pool\base.py:1264: in _checkout
    fairy = _ConnectionRecord.checkout(pool)
venv\Lib\site-packages\sqlalchemy\pool\base.py:711: in checkout
    rec = pool._do_get()
venv\Lib\site-packages\sqlalchemy\pool\impl.py:177: in _do_get
    with util.safe_reraise():
venv\Lib\site-packages\sqlalchemy\util\langhelpers.py:224: in __exit__
    raise exc_value.with_traceback(exc_tb)
venv\Lib\site-packages\sqlalchemy\pool\impl.py:175: in _do_get
    return self._create_connection()
venv\Lib\site-packages\sqlalchemy\pool\base.py:388: in _create_connection
    return _ConnectionRecord(self)
venv\Lib\site-packages\sqlalchemy\pool\base.py:673: in __init__
    self.__connect()
venv\Lib\site-packages\sqlalchemy\pool\base.py:899: in __connect
    with util.safe_reraise():
venv\Lib\site-packages\sqlalchemy\util\langhelpers.py:224: in __exit__
    raise exc_value.with_traceback(exc_tb)
venv\Lib\site-packages\sqlalchemy\pool\base.py:895: in __connect
    self.dbapi_connection = connection = pool._invoke_creator(self)
venv\Lib\site-packages\sqlalchemy\engine\create.py:661: in connect
    return dialect.connect(*cargs, **cparams)
_ _ _ _ _ _ _ _ _ _ _ _ _ _ _ _ _ _ _ _ _ _ _ _ _ _ _ _ _ _ _ _ _ _ _ _ _ _ _ _ _ _ _ _ _ _ _ _ _ _ _ _ _ _ _ _ _ _ _ _

self = &lt;sqlalchemy.dialects.sqlite.pysqlite.SQLiteDialect_pysqlite object at 0x0000018E10DD0350&gt;
cargs = ('C:\\Users\\LENOVO~1\\AppData\\Local\\Temp\\tmpqj5tk3s2',), cparams = {'check_same_thread': False}

    def connect(self, *cargs: Any, **cparams: Any) -&gt; DBAPIConnection:
        # inherits the docstring from interfaces.Dialect.connect
&gt;       return self.loaded_dbapi.connect(*cargs, **cparams)  # type: ignore[no-any-return]  # NOQA: E501
E       sqlite3.OperationalError: unable to open database file

venv\Lib\site-packages\sqlalchemy\engine\default.py:630: OperationalError

The above exception was the direct cause of the following exception:

request = &lt;SubRequest 'testapp' for &lt;Function test_user_creation_of_team&gt;&gt;

    @pytest.fixture()
    def testapp(request):
        app = create_app('appname.settings.TestConfig')
        client = app.test_client()
    
        db.app = app
        app_ctx = app.app_context()
        app_ctx.push()
&gt;       db.create_all()

tests\conftest.py:19: 
_ _ _ _ _ _ _ _ _ _ _ _ _ _ _ _ _ _ _ _ _ _ _ _ _ _ _ _ _ _ _ _ _ _ _ _ _ _ _ _ _ _ _ _ _ _ _ _ _ _ _ _ _ _ _ _ _ _ _ _
venv\Lib\site-packages\flask_sqlalchemy\extension.py:900: in create_all
    self._call_for_binds(bind_key, "create_all")
venv\Lib\site-packages\flask_sqlalchemy\extension.py:881: in _call_for_binds
    getattr(metadata, op_name)(bind=engine)
venv\Lib\site-packages\sqlalchemy\sql\schema.py:5928: in create_all
    bind._run_ddl_visitor(
venv\Lib\site-packages\sqlalchemy\engine\base.py:3259: in _run_ddl_visitor
    with self.begin() as conn:
C:\Python314\Lib\contextlib.py:141: in __enter__
    return next(self.gen)
venv\Lib\site-packages\sqlalchemy\engine\base.py:3249: in begin
    with self.connect() as conn:
venv\Lib\site-packages\sqlalchemy\engine\base.py:3285: in connect
    return self._connection_cls(self)
venv\Lib\site-packages\sqlalchemy\engine\base.py:145: in __init__
    Connection._handle_dbapi_exception_noconnection(
venv\Lib\site-packages\sqlalchemy\engine\base.py:2448: in _handle_dbapi_exception_noconnection
    raise sqlalchemy_exception.with_traceback(exc_info[2]) from e
venv\Lib\site-packages\sqlalchemy\engine\base.py:143: in __init__
    self._dbapi_connection = engine.raw_connection()
venv\Lib\site-packages\sqlalchemy\engine\base.py:3309: in raw_connection
    return self.pool.connect()
venv\Lib\site-packages\sqlalchemy\pool\base.py:447: in connect
    return _ConnectionFairy._checkout(self)
venv\Lib\site-packages\sqlalchemy\pool\base.py:1264: in _checkout
    fairy = _ConnectionRecord.checkout(pool)
venv\Lib\site-packages\sqlalchemy\pool\base.py:711: in checkout
    rec = pool._do_get()
venv\Lib\site-packages\sqlalchemy\pool\impl.py:177: in _do_get
    with util.safe_reraise():
venv\Lib\site-packages\sqlalchemy\util\langhelpers.py:224: in __exit__
    raise exc_value.with_traceback(exc_tb)
venv\Lib\site-packages\sqlalchemy\pool\impl.py:175: in _do_get
    return self._create_connection()
venv\Lib\site-packages\sqlalchemy\pool\base.py:388: in _create_connection
    return _ConnectionRecord(self)
venv\Lib\site-packages\sqlalchemy\pool\base.py:673: in __init__
    self.__connect()
venv\Lib\site-packages\sqlalchemy\pool\base.py:899: in __connect
    with util.safe_reraise():
venv\Lib\site-packages\sqlalchemy\util\langhelpers.py:224: in __exit__
    raise exc_value.with_traceback(exc_tb)
venv\Lib\site-packages\sqlalchemy\pool\base.py:895: in __connect
    self.dbapi_connection = connection = pool._invoke_creator(self)
venv\Lib\site-packages\sqlalchemy\engine\create.py:661: in connect
    return dialect.connect(*cargs, **cparams)
_ _ _ _ _ _ _ _ _ _ _ _ _ _ _ _ _ _ _ _ _ _ _ _ _ _ _ _ _ _ _ _ _ _ _ _ _ _ _ _ _ _ _ _ _ _ _ _ _ _ _ _ _ _ _ _ _ _ _ _

self = &lt;sqlalchemy.dialects.sqlite.pysqlite.SQLiteDialect_pysqlite object at 0x0000018E10DD0350&gt;
cargs = ('C:\\Users\\LENOVO~1\\AppData\\Local\\Temp\\tmpqj5tk3s2',), cparams = {'check_same_thread': False}

    def connect(self, *cargs: Any, **cparams: Any) -&gt; DBAPIConnection:
        # inherits the docstring from interfaces.Dialect.connect
&gt;       return self.loaded_dbapi.connect(*cargs, **cparams)  # type: ignore[no-any-return]  # NOQA: E501
E       sqlalchemy.exc.OperationalError: (sqlite3.OperationalError) unable to open database file
E       (Background on this error at: https://sqlalche.me/e/20/e3q8)

venv\Lib\site-packages\sqlalchemy\engine\default.py:630: OperationalError</error></testcase><testcase classname="tests.test_ui" name="test_login_page[chromium]" time="1.503"><error message="failed on setup with &quot;sqlalchemy.exc.OperationalError: (sqlite3.OperationalError) unable to open database file&#10;(Background on this error at: https://sqlalche.me/e/20/e3q8)&quot;">self = &lt;sqlalchemy.engine.base.Connection object at 0x0000018E14DEA750&gt;
engine = Engine(sqlite:///C:\Users\LENOVO~1\AppData\Local\Temp\tmpqj5tk3s2), connection = None, _has_events = None
_allow_revalidate = True, _allow_autobegin = True

    def __init__(
        self,
        engine: Engine,
        connection: Optional[PoolProxiedConnection] = None,
        _has_events: Optional[bool] = None,
        _allow_revalidate: bool = True,
        _allow_autobegin: bool = True,
    ):
        """Construct a new Connection."""
        self.engine = engine
        self.dialect = dialect = engine.dialect
    
        if connection is None:
            try:
&gt;               self._dbapi_connection = engine.raw_connection()

venv\Lib\site-packages\sqlalchemy\engine\base.py:143: 
_ _ _ _ _ _ _ _ _ _ _ _ _ _ _ _ _ _ _ _ _ _ _ _ _ _ _ _ _ _ _ _ _ _ _ _ _ _ _ _ _ _ _ _ _ _ _ _ _ _ _ _ _ _ _ _ _ _ _ _
venv\Lib\site-packages\sqlalchemy\engine\base.py:3309: in raw_connection
    return self.pool.connect()
venv\Lib\site-packages\sqlalchemy\pool\base.py:447: in connect
    return _ConnectionFairy._checkout(self)
venv\Lib\site-packages\sqlalchemy\pool\base.py:1264: in _checkout
    fairy = _ConnectionRecord.checkout(pool)
venv\Lib\site-packages\sqlalchemy\pool\base.py:711: in checkout
    rec = pool._do_get()
venv\Lib\site-packages\sqlalchemy\pool\impl.py:177: in _do_get
    with util.safe_reraise():
venv\Lib\site-packages\sqlalchemy\util\langhelpers.py:224: in __exit__
    raise exc_value.with_traceback(exc_tb)
venv\Lib\site-packages\sqlalchemy\pool\impl.py:175: in _do_get
    return self._create_connection()
venv\Lib\site-packages\sqlalchemy\pool\base.py:388: in _create_connection
    return _ConnectionRecord(self)
venv\Lib\site-packages\sqlalchemy\pool\base.py:673: in __init__
    self.__connect()
venv\Lib\site-packages\sqlalchemy\pool\base.py:899: in __connect
    with util.safe_reraise():
venv\Lib\site-packages\sqlalchemy\util\langhelpers.py:224: in __exit__
    raise exc_value.with_traceback(exc_tb)
venv\Lib\site-packages\sqlalchemy\pool\base.py:895: in __connect
    self.dbapi_connection = connection = pool._invoke_creator(self)
venv\Lib\site-packages\sqlalchemy\engine\create.py:661: in connect
    return dialect.connect(*cargs, **cparams)
_ _ _ _ _ _ _ _ _ _ _ _ _ _ _ _ _ _ _ _ _ _ _ _ _ _ _ _ _ _ _ _ _ _ _ _ _ _ _ _ _ _ _ _ _ _ _ _ _ _ _ _ _ _ _ _ _ _ _ _

self = &lt;sqlalchemy.dialects.sqlite.pysqlite.SQLiteDialect_pysqlite object at 0x0000018E10DD2750&gt;
cargs = ('C:\\Users\\LENOVO~1\\AppData\\Local\\Temp\\tmpqj5tk3s2',), cparams = {'check_same_thread': False}

    def connect(self, *cargs: Any, **cparams: Any) -&gt; DBAPIConnection:
        # inherits the docstring from interfaces.Dialect.connect
&gt;       return self.loaded_dbapi.connect(*cargs, **cparams)  # type: ignore[no-any-return]  # NOQA: E501
E       sqlite3.OperationalError: unable to open database file

venv\Lib\site-packages\sqlalchemy\engine\default.py:630: OperationalError

The above exception was the direct cause of the following exception:

    @pytest.fixture(scope="session")
    def live_server():
        app = create_app("appname.settings.TestConfig")
    
        with app.app_context():
&gt;           db.create_all()

tests\test_ui.py:17: 
_ _ _ _ _ _ _ _ _ _ _ _ _ _ _ _ _ _ _ _ _ _ _ _ _ _ _ _ _ _ _ _ _ _ _ _ _ _ _ _ _ _ _ _ _ _ _ _ _ _ _ _ _ _ _ _ _ _ _ _
venv\Lib\site-packages\flask_sqlalchemy\extension.py:900: in create_all
    self._call_for_binds(bind_key, "create_all")
venv\Lib\site-packages\flask_sqlalchemy\extension.py:881: in _call_for_binds
    getattr(metadata, op_name)(bind=engine)
venv\Lib\site-packages\sqlalchemy\sql\schema.py:5928: in create_all
    bind._run_ddl_visitor(
venv\Lib\site-packages\sqlalchemy\engine\base.py:3259: in _run_ddl_visitor
    with self.begin() as conn:
C:\Python314\Lib\contextlib.py:141: in __enter__
    return next(self.gen)
venv\Lib\site-packages\sqlalchemy\engine\base.py:3249: in begin
    with self.connect() as conn:
venv\Lib\site-packages\sqlalchemy\engine\base.py:3285: in connect
    return self._connection_cls(self)
venv\Lib\site-packages\sqlalchemy\engine\base.py:145: in __init__
    Connection._handle_dbapi_exception_noconnection(
venv\Lib\site-packages\sqlalchemy\engine\base.py:2448: in _handle_dbapi_exception_noconnection
    raise sqlalchemy_exception.with_traceback(exc_info[2]) from e
venv\Lib\site-packages\sqlalchemy\engine\base.py:143: in __init__
    self._dbapi_connection = engine.raw_connection()
venv\Lib\site-packages\sqlalchemy\engine\base.py:3309: in raw_connection
    return self.pool.connect()
venv\Lib\site-packages\sqlalchemy\pool\base.py:447: in connect
    return _ConnectionFairy._checkout(self)
venv\Lib\site-packages\sqlalchemy\pool\base.py:1264: in _checkout
    fairy = _ConnectionRecord.checkout(pool)
venv\Lib\site-packages\sqlalchemy\pool\base.py:711: in checkout
    rec = pool._do_get()
venv\Lib\site-packages\sqlalchemy\pool\impl.py:177: in _do_get
    with util.safe_reraise():
venv\Lib\site-packages\sqlalchemy\util\langhelpers.py:224: in __exit__
    raise exc_value.with_traceback(exc_tb)
venv\Lib\site-packages\sqlalchemy\pool\impl.py:175: in _do_get
    return self._create_connection()
venv\Lib\site-packages\sqlalchemy\pool\base.py:388: in _create_connection
    return _ConnectionRecord(self)
venv\Lib\site-packages\sqlalchemy\pool\base.py:673: in __init__
    self.__connect()
venv\Lib\site-packages\sqlalchemy\pool\base.py:899: in __connect
    with util.safe_reraise():
venv\Lib\site-packages\sqlalchemy\util\langhelpers.py:224: in __exit__
    raise exc_value.with_traceback(exc_tb)
venv\Lib\site-packages\sqlalchemy\pool\base.py:895: in __connect
    self.dbapi_connection = connection = pool._invoke_creator(self)
venv\Lib\site-packages\sqlalchemy\engine\create.py:661: in connect
    return dialect.connect(*cargs, **cparams)
_ _ _ _ _ _ _ _ _ _ _ _ _ _ _ _ _ _ _ _ _ _ _ _ _ _ _ _ _ _ _ _ _ _ _ _ _ _ _ _ _ _ _ _ _ _ _ _ _ _ _ _ _ _ _ _ _ _ _ _

self = &lt;sqlalchemy.dialects.sqlite.pysqlite.SQLiteDialect_pysqlite object at 0x0000018E10DD2750&gt;
cargs = ('C:\\Users\\LENOVO~1\\AppData\\Local\\Temp\\tmpqj5tk3s2',), cparams = {'check_same_thread': False}

    def connect(self, *cargs: Any, **cparams: Any) -&gt; DBAPIConnection:
        # inherits the docstring from interfaces.Dialect.connect
&gt;       return self.loaded_dbapi.connect(*cargs, **cparams)  # type: ignore[no-any-return]  # NOQA: E501
E       sqlalchemy.exc.OperationalError: (sqlite3.OperationalError) unable to open database file
E       (Background on this error at: https://sqlalche.me/e/20/e3q8)

venv\Lib\site-packages\sqlalchemy\engine\default.py:630: OperationalError</error></testcase><testcase classname="tests.test_ui" name="test_user_can_login[chromium]" time="0.000"><error message="failed on setup with &quot;sqlalchemy.exc.OperationalError: (sqlite3.OperationalError) unable to open database file&#10;(Background on this error at: https://sqlalche.me/e/20/e3q8)&quot;">self = &lt;sqlalchemy.engine.base.Connection object at 0x0000018E14DEA750&gt;
engine = Engine(sqlite:///C:\Users\LENOVO~1\AppData\Local\Temp\tmpqj5tk3s2), connection = None, _has_events = None
_allow_revalidate = True, _allow_autobegin = True

    def __init__(
        self,
        engine: Engine,
        connection: Optional[PoolProxiedConnection] = None,
        _has_events: Optional[bool] = None,
        _allow_revalidate: bool = True,
        _allow_autobegin: bool = True,
    ):
        """Construct a new Connection."""
        self.engine = engine
        self.dialect = dialect = engine.dialect
    
        if connection is None:
            try:
&gt;               self._dbapi_connection = engine.raw_connection()

venv\Lib\site-packages\sqlalchemy\engine\base.py:143: 
_ _ _ _ _ _ _ _ _ _ _ _ _ _ _ _ _ _ _ _ _ _ _ _ _ _ _ _ _ _ _ _ _ _ _ _ _ _ _ _ _ _ _ _ _ _ _ _ _ _ _ _ _ _ _ _ _ _ _ _
venv\Lib\site-packages\sqlalchemy\engine\base.py:3309: in raw_connection
    return self.pool.connect()
venv\Lib\site-packages\sqlalchemy\pool\base.py:447: in connect
    return _ConnectionFairy._checkout(self)
venv\Lib\site-packages\sqlalchemy\pool\base.py:1264: in _checkout
    fairy = _ConnectionRecord.checkout(pool)
venv\Lib\site-packages\sqlalchemy\pool\base.py:711: in checkout
    rec = pool._do_get()
venv\Lib\site-packages\sqlalchemy\pool\impl.py:177: in _do_get
    with util.safe_reraise():
venv\Lib\site-packages\sqlalchemy\util\langhelpers.py:224: in __exit__
    raise exc_value.with_traceback(exc_tb)
venv\Lib\site-packages\sqlalchemy\pool\impl.py:175: in _do_get
    return self._create_connection()
venv\Lib\site-packages\sqlalchemy\pool\base.py:388: in _create_connection
    return _ConnectionRecord(self)
venv\Lib\site-packages\sqlalchemy\pool\base.py:673: in __init__
    self.__connect()
venv\Lib\site-packages\sqlalchemy\pool\base.py:899: in __connect
    with util.safe_reraise():
venv\Lib\site-packages\sqlalchemy\util\langhelpers.py:224: in __exit__
    raise exc_value.with_traceback(exc_tb)
venv\Lib\site-packages\sqlalchemy\pool\base.py:895: in __connect
    self.dbapi_connection = connection = pool._invoke_creator(self)
venv\Lib\site-packages\sqlalchemy\engine\create.py:661: in connect
    return dialect.connect(*cargs, **cparams)
_ _ _ _ _ _ _ _ _ _ _ _ _ _ _ _ _ _ _ _ _ _ _ _ _ _ _ _ _ _ _ _ _ _ _ _ _ _ _ _ _ _ _ _ _ _ _ _ _ _ _ _ _ _ _ _ _ _ _ _

self = &lt;sqlalchemy.dialects.sqlite.pysqlite.SQLiteDialect_pysqlite object at 0x0000018E10DD2750&gt;
cargs = ('C:\\Users\\LENOVO~1\\AppData\\Local\\Temp\\tmpqj5tk3s2',), cparams = {'check_same_thread': False}

    def connect(self, *cargs: Any, **cparams: Any) -&gt; DBAPIConnection:
        # inherits the docstring from interfaces.Dialect.connect
&gt;       return self.loaded_dbapi.connect(*cargs, **cparams)  # type: ignore[no-any-return]  # NOQA: E501
E       sqlite3.OperationalError: unable to open database file

venv\Lib\site-packages\sqlalchemy\engine\default.py:630: OperationalError

The above exception was the direct cause of the following exception:

    @pytest.fixture(scope="session")
    def live_server():
        app = create_app("appname.settings.TestConfig")
    
        with app.app_context():
&gt;           db.create_all()

tests\test_ui.py:17: 
_ _ _ _ _ _ _ _ _ _ _ _ _ _ _ _ _ _ _ _ _ _ _ _ _ _ _ _ _ _ _ _ _ _ _ _ _ _ _ _ _ _ _ _ _ _ _ _ _ _ _ _ _ _ _ _ _ _ _ _
venv\Lib\site-packages\flask_sqlalchemy\extension.py:900: in create_all
    self._call_for_binds(bind_key, "create_all")
venv\Lib\site-packages\flask_sqlalchemy\extension.py:881: in _call_for_binds
    getattr(metadata, op_name)(bind=engine)
venv\Lib\site-packages\sqlalchemy\sql\schema.py:5928: in create_all
    bind._run_ddl_visitor(
venv\Lib\site-packages\sqlalchemy\engine\base.py:3259: in _run_ddl_visitor
    with self.begin() as conn:
C:\Python314\Lib\contextlib.py:141: in __enter__
    return next(self.gen)
venv\Lib\site-packages\sqlalchemy\engine\base.py:3249: in begin
    with self.connect() as conn:
venv\Lib\site-packages\sqlalchemy\engine\base.py:3285: in connect
    return self._connection_cls(self)
venv\Lib\site-packages\sqlalchemy\engine\base.py:145: in __init__
    Connection._handle_dbapi_exception_noconnection(
venv\Lib\site-packages\sqlalchemy\engine\base.py:2448: in _handle_dbapi_exception_noconnection
    raise sqlalchemy_exception.with_traceback(exc_info[2]) from e
venv\Lib\site-packages\sqlalchemy\engine\base.py:143: in __init__
    self._dbapi_connection = engine.raw_connection()
venv\Lib\site-packages\sqlalchemy\engine\base.py:3309: in raw_connection
    return self.pool.connect()
venv\Lib\site-packages\sqlalchemy\pool\base.py:447: in connect
    return _ConnectionFairy._checkout(self)
venv\Lib\site-packages\sqlalchemy\pool\base.py:1264: in _checkout
    fairy = _ConnectionRecord.checkout(pool)
venv\Lib\site-packages\sqlalchemy\pool\base.py:711: in checkout
    rec = pool._do_get()
venv\Lib\site-packages\sqlalchemy\pool\impl.py:177: in _do_get
    with util.safe_reraise():
venv\Lib\site-packages\sqlalchemy\util\langhelpers.py:224: in __exit__
    raise exc_value.with_traceback(exc_tb)
venv\Lib\site-packages\sqlalchemy\pool\impl.py:175: in _do_get
    return self._create_connection()
venv\Lib\site-packages\sqlalchemy\pool\base.py:388: in _create_connection
    return _ConnectionRecord(self)
venv\Lib\site-packages\sqlalchemy\pool\base.py:673: in __init__
    self.__connect()
venv\Lib\site-packages\sqlalchemy\pool\base.py:899: in __connect
    with util.safe_reraise():
venv\Lib\site-packages\sqlalchemy\util\langhelpers.py:224: in __exit__
    raise exc_value.with_traceback(exc_tb)
venv\Lib\site-packages\sqlalchemy\pool\base.py:895: in __connect
    self.dbapi_connection = connection = pool._invoke_creator(self)
venv\Lib\site-packages\sqlalchemy\engine\create.py:661: in connect
    return dialect.connect(*cargs, **cparams)
_ _ _ _ _ _ _ _ _ _ _ _ _ _ _ _ _ _ _ _ _ _ _ _ _ _ _ _ _ _ _ _ _ _ _ _ _ _ _ _ _ _ _ _ _ _ _ _ _ _ _ _ _ _ _ _ _ _ _ _

self = &lt;sqlalchemy.dialects.sqlite.pysqlite.SQLiteDialect_pysqlite object at 0x0000018E10DD2750&gt;
cargs = ('C:\\Users\\LENOVO~1\\AppData\\Local\\Temp\\tmpqj5tk3s2',), cparams = {'check_same_thread': False}

    def connect(self, *cargs: Any, **cparams: Any) -&gt; DBAPIConnection:
        # inherits the docstring from interfaces.Dialect.connect
&gt;       return self.loaded_dbapi.connect(*cargs, **cparams)  # type: ignore[no-any-return]  # NOQA: E501
E       sqlalchemy.exc.OperationalError: (sqlite3.OperationalError) unable to open database file
E       (Background on this error at: https://sqlalche.me/e/20/e3q8)

venv\Lib\site-packages\sqlalchemy\engine\default.py:630: OperationalError</error></testcase><testcase classname="tests.test_urls.TestURLs" name="test_home" time="1.481"><error message="failed on setup with &quot;sqlalchemy.exc.OperationalError: (sqlite3.OperationalError) unable to open database file&#10;(Background on this error at: https://sqlalche.me/e/20/e3q8)&quot;">self = &lt;sqlalchemy.engine.base.Connection object at 0x0000018E14D95300&gt;
engine = Engine(sqlite:///C:\Users\LENOVO~1\AppData\Local\Temp\tmpqj5tk3s2), connection = None, _has_events = None
_allow_revalidate = True, _allow_autobegin = True

    def __init__(
        self,
        engine: Engine,
        connection: Optional[PoolProxiedConnection] = None,
        _has_events: Optional[bool] = None,
        _allow_revalidate: bool = True,
        _allow_autobegin: bool = True,
    ):
        """Construct a new Connection."""
        self.engine = engine
        self.dialect = dialect = engine.dialect
    
        if connection is None:
            try:
&gt;               self._dbapi_connection = engine.raw_connection()

venv\Lib\site-packages\sqlalchemy\engine\base.py:143: 
_ _ _ _ _ _ _ _ _ _ _ _ _ _ _ _ _ _ _ _ _ _ _ _ _ _ _ _ _ _ _ _ _ _ _ _ _ _ _ _ _ _ _ _ _ _ _ _ _ _ _ _ _ _ _ _ _ _ _ _
venv\Lib\site-packages\sqlalchemy\engine\base.py:3309: in raw_connection
    return self.pool.connect()
venv\Lib\site-packages\sqlalchemy\pool\base.py:447: in connect
    return _ConnectionFairy._checkout(self)
venv\Lib\site-packages\sqlalchemy\pool\base.py:1264: in _checkout
    fairy = _ConnectionRecord.checkout(pool)
venv\Lib\site-packages\sqlalchemy\pool\base.py:711: in checkout
    rec = pool._do_get()
venv\Lib\site-packages\sqlalchemy\pool\impl.py:177: in _do_get
    with util.safe_reraise():
venv\Lib\site-packages\sqlalchemy\util\langhelpers.py:224: in __exit__
    raise exc_value.with_traceback(exc_tb)
venv\Lib\site-packages\sqlalchemy\pool\impl.py:175: in _do_get
    return self._create_connection()
venv\Lib\site-packages\sqlalchemy\pool\base.py:388: in _create_connection
    return _ConnectionRecord(self)
venv\Lib\site-packages\sqlalchemy\pool\base.py:673: in __init__
    self.__connect()
venv\Lib\site-packages\sqlalchemy\pool\base.py:899: in __connect
    with util.safe_reraise():
venv\Lib\site-packages\sqlalchemy\util\langhelpers.py:224: in __exit__
    raise exc_value.with_traceback(exc_tb)
venv\Lib\site-packages\sqlalchemy\pool\base.py:895: in __connect
    self.dbapi_connection = connection = pool._invoke_creator(self)
venv\Lib\site-packages\sqlalchemy\engine\create.py:661: in connect
    return dialect.connect(*cargs, **cparams)
_ _ _ _ _ _ _ _ _ _ _ _ _ _ _ _ _ _ _ _ _ _ _ _ _ _ _ _ _ _ _ _ _ _ _ _ _ _ _ _ _ _ _ _ _ _ _ _ _ _ _ _ _ _ _ _ _ _ _ _

self = &lt;sqlalchemy.dialects.sqlite.pysqlite.SQLiteDialect_pysqlite object at 0x0000018E10DD0150&gt;
cargs = ('C:\\Users\\LENOVO~1\\AppData\\Local\\Temp\\tmpqj5tk3s2',), cparams = {'check_same_thread': False}

    def connect(self, *cargs: Any, **cparams: Any) -&gt; DBAPIConnection:
        # inherits the docstring from interfaces.Dialect.connect
&gt;       return self.loaded_dbapi.connect(*cargs, **cparams)  # type: ignore[no-any-return]  # NOQA: E501
E       sqlite3.OperationalError: unable to open database file

venv\Lib\site-packages\sqlalchemy\engine\default.py:630: OperationalError

The above exception was the direct cause of the following exception:

request = &lt;SubRequest 'testapp' for &lt;Function test_home&gt;&gt;

    @pytest.fixture()
    def testapp(request):
        app = create_app('appname.settings.TestConfig')
        client = app.test_client()
    
        db.app = app
        app_ctx = app.app_context()
        app_ctx.push()
&gt;       db.create_all()

tests\conftest.py:19: 
_ _ _ _ _ _ _ _ _ _ _ _ _ _ _ _ _ _ _ _ _ _ _ _ _ _ _ _ _ _ _ _ _ _ _ _ _ _ _ _ _ _ _ _ _ _ _ _ _ _ _ _ _ _ _ _ _ _ _ _
venv\Lib\site-packages\flask_sqlalchemy\extension.py:900: in create_all
    self._call_for_binds(bind_key, "create_all")
venv\Lib\site-packages\flask_sqlalchemy\extension.py:881: in _call_for_binds
    getattr(metadata, op_name)(bind=engine)
venv\Lib\site-packages\sqlalchemy\sql\schema.py:5928: in create_all
    bind._run_ddl_visitor(
venv\Lib\site-packages\sqlalchemy\engine\base.py:3259: in _run_ddl_visitor
    with self.begin() as conn:
C:\Python314\Lib\contextlib.py:141: in __enter__
    return next(self.gen)
venv\Lib\site-packages\sqlalchemy\engine\base.py:3249: in begin
    with self.connect() as conn:
venv\Lib\site-packages\sqlalchemy\engine\base.py:3285: in connect
    return self._connection_cls(self)
venv\Lib\site-packages\sqlalchemy\engine\base.py:145: in __init__
    Connection._handle_dbapi_exception_noconnection(
venv\Lib\site-packages\sqlalchemy\engine\base.py:2448: in _handle_dbapi_exception_noconnection
    raise sqlalchemy_exception.with_traceback(exc_info[2]) from e
venv\Lib\site-packages\sqlalchemy\engine\base.py:143: in __init__
    self._dbapi_connection = engine.raw_connection()
venv\Lib\site-packages\sqlalchemy\engine\base.py:3309: in raw_connection
    return self.pool.connect()
venv\Lib\site-packages\sqlalchemy\pool\base.py:447: in connect
    return _ConnectionFairy._checkout(self)
venv\Lib\site-packages\sqlalchemy\pool\base.py:1264: in _checkout
    fairy = _ConnectionRecord.checkout(pool)
venv\Lib\site-packages\sqlalchemy\pool\base.py:711: in checkout
    rec = pool._do_get()
venv\Lib\site-packages\sqlalchemy\pool\impl.py:177: in _do_get
    with util.safe_reraise():
venv\Lib\site-packages\sqlalchemy\util\langhelpers.py:224: in __exit__
    raise exc_value.with_traceback(exc_tb)
venv\Lib\site-packages\sqlalchemy\pool\impl.py:175: in _do_get
    return self._create_connection()
venv\Lib\site-packages\sqlalchemy\pool\base.py:388: in _create_connection
    return _ConnectionRecord(self)
venv\Lib\site-packages\sqlalchemy\pool\base.py:673: in __init__
    self.__connect()
venv\Lib\site-packages\sqlalchemy\pool\base.py:899: in __connect
    with util.safe_reraise():
venv\Lib\site-packages\sqlalchemy\util\langhelpers.py:224: in __exit__
    raise exc_value.with_traceback(exc_tb)
venv\Lib\site-packages\sqlalchemy\pool\base.py:895: in __connect
    self.dbapi_connection = connection = pool._invoke_creator(self)
venv\Lib\site-packages\sqlalchemy\engine\create.py:661: in connect
    return dialect.connect(*cargs, **cparams)
_ _ _ _ _ _ _ _ _ _ _ _ _ _ _ _ _ _ _ _ _ _ _ _ _ _ _ _ _ _ _ _ _ _ _ _ _ _ _ _ _ _ _ _ _ _ _ _ _ _ _ _ _ _ _ _ _ _ _ _

self = &lt;sqlalchemy.dialects.sqlite.pysqlite.SQLiteDialect_pysqlite object at 0x0000018E10DD0150&gt;
cargs = ('C:\\Users\\LENOVO~1\\AppData\\Local\\Temp\\tmpqj5tk3s2',), cparams = {'check_same_thread': False}

    def connect(self, *cargs: Any, **cparams: Any) -&gt; DBAPIConnection:
        # inherits the docstring from interfaces.Dialect.connect
&gt;       return self.loaded_dbapi.connect(*cargs, **cparams)  # type: ignore[no-any-return]  # NOQA: E501
E       sqlalchemy.exc.OperationalError: (sqlite3.OperationalError) unable to open database file
E       (Background on this error at: https://sqlalche.me/e/20/e3q8)

venv\Lib\site-packages\sqlalchemy\engine\default.py:630: OperationalError</error></testcase><testcase classname="tests.test_urls.TestURLs" name="test_login" time="1.486"><error message="failed on setup with &quot;sqlalchemy.exc.OperationalError: (sqlite3.OperationalError) unable to open database file&#10;(Background on this error at: https://sqlalche.me/e/20/e3q8)&quot;">self = &lt;sqlalchemy.engine.base.Connection object at 0x0000018E14D96340&gt;
engine = Engine(sqlite:///C:\Users\LENOVO~1\AppData\Local\Temp\tmpqj5tk3s2), connection = None, _has_events = None
_allow_revalidate = True, _allow_autobegin = True

    def __init__(
        self,
        engine: Engine,
        connection: Optional[PoolProxiedConnection] = None,
        _has_events: Optional[bool] = None,
        _allow_revalidate: bool = True,
        _allow_autobegin: bool = True,
    ):
        """Construct a new Connection."""
        self.engine = engine
        self.dialect = dialect = engine.dialect
    
        if connection is None:
            try:
&gt;               self._dbapi_connection = engine.raw_connection()

venv\Lib\site-packages\sqlalchemy\engine\base.py:143: 
_ _ _ _ _ _ _ _ _ _ _ _ _ _ _ _ _ _ _ _ _ _ _ _ _ _ _ _ _ _ _ _ _ _ _ _ _ _ _ _ _ _ _ _ _ _ _ _ _ _ _ _ _ _ _ _ _ _ _ _
venv\Lib\site-packages\sqlalchemy\engine\base.py:3309: in raw_connection
    return self.pool.connect()
venv\Lib\site-packages\sqlalchemy\pool\base.py:447: in connect
    return _ConnectionFairy._checkout(self)
venv\Lib\site-packages\sqlalchemy\pool\base.py:1264: in _checkout
    fairy = _ConnectionRecord.checkout(pool)
venv\Lib\site-packages\sqlalchemy\pool\base.py:711: in checkout
    rec = pool._do_get()
venv\Lib\site-packages\sqlalchemy\pool\impl.py:177: in _do_get
    with util.safe_reraise():
venv\Lib\site-packages\sqlalchemy\util\langhelpers.py:224: in __exit__
    raise exc_value.with_traceback(exc_tb)
venv\Lib\site-packages\sqlalchemy\pool\impl.py:175: in _do_get
    return self._create_connection()
venv\Lib\site-packages\sqlalchemy\pool\base.py:388: in _create_connection
    return _ConnectionRecord(self)
venv\Lib\site-packages\sqlalchemy\pool\base.py:673: in __init__
    self.__connect()
venv\Lib\site-packages\sqlalchemy\pool\base.py:899: in __connect
    with util.safe_reraise():
venv\Lib\site-packages\sqlalchemy\util\langhelpers.py:224: in __exit__
    raise exc_value.with_traceback(exc_tb)
venv\Lib\site-packages\sqlalchemy\pool\base.py:895: in __connect
    self.dbapi_connection = connection = pool._invoke_creator(self)
venv\Lib\site-packages\sqlalchemy\engine\create.py:661: in connect
    return dialect.connect(*cargs, **cparams)
_ _ _ _ _ _ _ _ _ _ _ _ _ _ _ _ _ _ _ _ _ _ _ _ _ _ _ _ _ _ _ _ _ _ _ _ _ _ _ _ _ _ _ _ _ _ _ _ _ _ _ _ _ _ _ _ _ _ _ _

self = &lt;sqlalchemy.dialects.sqlite.pysqlite.SQLiteDialect_pysqlite object at 0x0000018E10615B50&gt;
cargs = ('C:\\Users\\LENOVO~1\\AppData\\Local\\Temp\\tmpqj5tk3s2',), cparams = {'check_same_thread': False}

    def connect(self, *cargs: Any, **cparams: Any) -&gt; DBAPIConnection:
        # inherits the docstring from interfaces.Dialect.connect
&gt;       return self.loaded_dbapi.connect(*cargs, **cparams)  # type: ignore[no-any-return]  # NOQA: E501
E       sqlite3.OperationalError: unable to open database file

venv\Lib\site-packages\sqlalchemy\engine\default.py:630: OperationalError

The above exception was the direct cause of the following exception:

request = &lt;SubRequest 'testapp' for &lt;Function test_login&gt;&gt;

    @pytest.fixture()
    def testapp(request):
        app = create_app('appname.settings.TestConfig')
        client = app.test_client()
    
        db.app = app
        app_ctx = app.app_context()
        app_ctx.push()
&gt;       db.create_all()

tests\conftest.py:19: 
_ _ _ _ _ _ _ _ _ _ _ _ _ _ _ _ _ _ _ _ _ _ _ _ _ _ _ _ _ _ _ _ _ _ _ _ _ _ _ _ _ _ _ _ _ _ _ _ _ _ _ _ _ _ _ _ _ _ _ _
venv\Lib\site-packages\flask_sqlalchemy\extension.py:900: in create_all
    self._call_for_binds(bind_key, "create_all")
venv\Lib\site-packages\flask_sqlalchemy\extension.py:881: in _call_for_binds
    getattr(metadata, op_name)(bind=engine)
venv\Lib\site-packages\sqlalchemy\sql\schema.py:5928: in create_all
    bind._run_ddl_visitor(
venv\Lib\site-packages\sqlalchemy\engine\base.py:3259: in _run_ddl_visitor
    with self.begin() as conn:
C:\Python314\Lib\contextlib.py:141: in __enter__
    return next(self.gen)
venv\Lib\site-packages\sqlalchemy\engine\base.py:3249: in begin
    with self.connect() as conn:
venv\Lib\site-packages\sqlalchemy\engine\base.py:3285: in connect
    return self._connection_cls(self)
venv\Lib\site-packages\sqlalchemy\engine\base.py:145: in __init__
    Connection._handle_dbapi_exception_noconnection(
venv\Lib\site-packages\sqlalchemy\engine\base.py:2448: in _handle_dbapi_exception_noconnection
    raise sqlalchemy_exception.with_traceback(exc_info[2]) from e
venv\Lib\site-packages\sqlalchemy\engine\base.py:143: in __init__
    self._dbapi_connection = engine.raw_connection()
venv\Lib\site-packages\sqlalchemy\engine\base.py:3309: in raw_connection
    return self.pool.connect()
venv\Lib\site-packages\sqlalchemy\pool\base.py:447: in connect
    return _ConnectionFairy._checkout(self)
venv\Lib\site-packages\sqlalchemy\pool\base.py:1264: in _checkout
    fairy = _ConnectionRecord.checkout(pool)
venv\Lib\site-packages\sqlalchemy\pool\base.py:711: in checkout
    rec = pool._do_get()
venv\Lib\site-packages\sqlalchemy\pool\impl.py:177: in _do_get
    with util.safe_reraise():
venv\Lib\site-packages\sqlalchemy\util\langhelpers.py:224: in __exit__
    raise exc_value.with_traceback(exc_tb)
venv\Lib\site-packages\sqlalchemy\pool\impl.py:175: in _do_get
    return self._create_connection()
venv\Lib\site-packages\sqlalchemy\pool\base.py:388: in _create_connection
    return _ConnectionRecord(self)
venv\Lib\site-packages\sqlalchemy\pool\base.py:673: in __init__
    self.__connect()
venv\Lib\site-packages\sqlalchemy\pool\base.py:899: in __connect
    with util.safe_reraise():
venv\Lib\site-packages\sqlalchemy\util\langhelpers.py:224: in __exit__
    raise exc_value.with_traceback(exc_tb)
venv\Lib\site-packages\sqlalchemy\pool\base.py:895: in __connect
    self.dbapi_connection = connection = pool._invoke_creator(self)
venv\Lib\site-packages\sqlalchemy\engine\create.py:661: in connect
    return dialect.connect(*cargs, **cparams)
_ _ _ _ _ _ _ _ _ _ _ _ _ _ _ _ _ _ _ _ _ _ _ _ _ _ _ _ _ _ _ _ _ _ _ _ _ _ _ _ _ _ _ _ _ _ _ _ _ _ _ _ _ _ _ _ _ _ _ _

self = &lt;sqlalchemy.dialects.sqlite.pysqlite.SQLiteDialect_pysqlite object at 0x0000018E10615B50&gt;
cargs = ('C:\\Users\\LENOVO~1\\AppData\\Local\\Temp\\tmpqj5tk3s2',), cparams = {'check_same_thread': False}

    def connect(self, *cargs: Any, **cparams: Any) -&gt; DBAPIConnection:
        # inherits the docstring from interfaces.Dialect.connect
&gt;       return self.loaded_dbapi.connect(*cargs, **cparams)  # type: ignore[no-any-return]  # NOQA: E501
E       sqlalchemy.exc.OperationalError: (sqlite3.OperationalError) unable to open database file
E       (Background on this error at: https://sqlalche.me/e/20/e3q8)

venv\Lib\site-packages\sqlalchemy\engine\default.py:630: OperationalError</error></testcase><testcase classname="tests.test_urls.TestURLs" name="test_logout" time="1.483"><error message="failed on setup with &quot;sqlalchemy.exc.OperationalError: (sqlite3.OperationalError) unable to open database file&#10;(Background on this error at: https://sqlalche.me/e/20/e3q8)&quot;">self = &lt;sqlalchemy.engine.base.Connection object at 0x0000018E13765BF0&gt;
engine = Engine(sqlite:///C:\Users\LENOVO~1\AppData\Local\Temp\tmpqj5tk3s2), connection = None, _has_events = None
_allow_revalidate = True, _allow_autobegin = True

    def __init__(
        self,
        engine: Engine,
        connection: Optional[PoolProxiedConnection] = None,
        _has_events: Optional[bool] = None,
        _allow_revalidate: bool = True,
        _allow_autobegin: bool = True,
    ):
        """Construct a new Connection."""
        self.engine = engine
        self.dialect = dialect = engine.dialect
    
        if connection is None:
            try:
&gt;               self._dbapi_connection = engine.raw_connection()

venv\Lib\site-packages\sqlalchemy\engine\base.py:143: 
_ _ _ _ _ _ _ _ _ _ _ _ _ _ _ _ _ _ _ _ _ _ _ _ _ _ _ _ _ _ _ _ _ _ _ _ _ _ _ _ _ _ _ _ _ _ _ _ _ _ _ _ _ _ _ _ _ _ _ _
venv\Lib\site-packages\sqlalchemy\engine\base.py:3309: in raw_connection
    return self.pool.connect()
venv\Lib\site-packages\sqlalchemy\pool\base.py:447: in connect
    return _ConnectionFairy._checkout(self)
venv\Lib\site-packages\sqlalchemy\pool\base.py:1264: in _checkout
    fairy = _ConnectionRecord.checkout(pool)
venv\Lib\site-packages\sqlalchemy\pool\base.py:711: in checkout
    rec = pool._do_get()
venv\Lib\site-packages\sqlalchemy\pool\impl.py:177: in _do_get
    with util.safe_reraise():
venv\Lib\site-packages\sqlalchemy\util\langhelpers.py:224: in __exit__
    raise exc_value.with_traceback(exc_tb)
venv\Lib\site-packages\sqlalchemy\pool\impl.py:175: in _do_get
    return self._create_connection()
venv\Lib\site-packages\sqlalchemy\pool\base.py:388: in _create_connection
    return _ConnectionRecord(self)
venv\Lib\site-packages\sqlalchemy\pool\base.py:673: in __init__
    self.__connect()
venv\Lib\site-packages\sqlalchemy\pool\base.py:899: in __connect
    with util.safe_reraise():
venv\Lib\site-packages\sqlalchemy\util\langhelpers.py:224: in __exit__
    raise exc_value.with_traceback(exc_tb)
venv\Lib\site-packages\sqlalchemy\pool\base.py:895: in __connect
    self.dbapi_connection = connection = pool._invoke_creator(self)
venv\Lib\site-packages\sqlalchemy\engine\create.py:661: in connect
    return dialect.connect(*cargs, **cparams)
_ _ _ _ _ _ _ _ _ _ _ _ _ _ _ _ _ _ _ _ _ _ _ _ _ _ _ _ _ _ _ _ _ _ _ _ _ _ _ _ _ _ _ _ _ _ _ _ _ _ _ _ _ _ _ _ _ _ _ _

self = &lt;sqlalchemy.dialects.sqlite.pysqlite.SQLiteDialect_pysqlite object at 0x0000018E10DD3050&gt;
cargs = ('C:\\Users\\LENOVO~1\\AppData\\Local\\Temp\\tmpqj5tk3s2',), cparams = {'check_same_thread': False}

    def connect(self, *cargs: Any, **cparams: Any) -&gt; DBAPIConnection:
        # inherits the docstring from interfaces.Dialect.connect
&gt;       return self.loaded_dbapi.connect(*cargs, **cparams)  # type: ignore[no-any-return]  # NOQA: E501
E       sqlite3.OperationalError: unable to open database file

venv\Lib\site-packages\sqlalchemy\engine\default.py:630: OperationalError

The above exception was the direct cause of the following exception:

request = &lt;SubRequest 'testapp' for &lt;Function test_logout&gt;&gt;

    @pytest.fixture()
    def testapp(request):
        app = create_app('appname.settings.TestConfig')
        client = app.test_client()
    
        db.app = app
        app_ctx = app.app_context()
        app_ctx.push()
&gt;       db.create_all()

tests\conftest.py:19: 
_ _ _ _ _ _ _ _ _ _ _ _ _ _ _ _ _ _ _ _ _ _ _ _ _ _ _ _ _ _ _ _ _ _ _ _ _ _ _ _ _ _ _ _ _ _ _ _ _ _ _ _ _ _ _ _ _ _ _ _
venv\Lib\site-packages\flask_sqlalchemy\extension.py:900: in create_all
    self._call_for_binds(bind_key, "create_all")
venv\Lib\site-packages\flask_sqlalchemy\extension.py:881: in _call_for_binds
    getattr(metadata, op_name)(bind=engine)
venv\Lib\site-packages\sqlalchemy\sql\schema.py:5928: in create_all
    bind._run_ddl_visitor(
venv\Lib\site-packages\sqlalchemy\engine\base.py:3259: in _run_ddl_visitor
    with self.begin() as conn:
C:\Python314\Lib\contextlib.py:141: in __enter__
    return next(self.gen)
venv\Lib\site-packages\sqlalchemy\engine\base.py:3249: in begin
    with self.connect() as conn:
venv\Lib\site-packages\sqlalchemy\engine\base.py:3285: in connect
    return self._connection_cls(self)
venv\Lib\site-packages\sqlalchemy\engine\base.py:145: in __init__
    Connection._handle_dbapi_exception_noconnection(
venv\Lib\site-packages\sqlalchemy\engine\base.py:2448: in _handle_dbapi_exception_noconnection
    raise sqlalchemy_exception.with_traceback(exc_info[2]) from e
venv\Lib\site-packages\sqlalchemy\engine\base.py:143: in __init__
    self._dbapi_connection = engine.raw_connection()
venv\Lib\site-packages\sqlalchemy\engine\base.py:3309: in raw_connection
    return self.pool.connect()
venv\Lib\site-packages\sqlalchemy\pool\base.py:447: in connect
    return _ConnectionFairy._checkout(self)
venv\Lib\site-packages\sqlalchemy\pool\base.py:1264: in _checkout
    fairy = _ConnectionRecord.checkout(pool)
venv\Lib\site-packages\sqlalchemy\pool\base.py:711: in checkout
    rec = pool._do_get()
venv\Lib\site-packages\sqlalchemy\pool\impl.py:177: in _do_get
    with util.safe_reraise():
venv\Lib\site-packages\sqlalchemy\util\langhelpers.py:224: in __exit__
    raise exc_value.with_traceback(exc_tb)
venv\Lib\site-packages\sqlalchemy\pool\impl.py:175: in _do_get
    return self._create_connection()
venv\Lib\site-packages\sqlalchemy\pool\base.py:388: in _create_connection
    return _ConnectionRecord(self)
venv\Lib\site-packages\sqlalchemy\pool\base.py:673: in __init__
    self.__connect()
venv\Lib\site-packages\sqlalchemy\pool\base.py:899: in __connect
    with util.safe_reraise():
venv\Lib\site-packages\sqlalchemy\util\langhelpers.py:224: in __exit__
    raise exc_value.with_traceback(exc_tb)
venv\Lib\site-packages\sqlalchemy\pool\base.py:895: in __connect
    self.dbapi_connection = connection = pool._invoke_creator(self)
venv\Lib\site-packages\sqlalchemy\engine\create.py:661: in connect
    return dialect.connect(*cargs, **cparams)
_ _ _ _ _ _ _ _ _ _ _ _ _ _ _ _ _ _ _ _ _ _ _ _ _ _ _ _ _ _ _ _ _ _ _ _ _ _ _ _ _ _ _ _ _ _ _ _ _ _ _ _ _ _ _ _ _ _ _ _

self = &lt;sqlalchemy.dialects.sqlite.pysqlite.SQLiteDialect_pysqlite object at 0x0000018E10DD3050&gt;
cargs = ('C:\\Users\\LENOVO~1\\AppData\\Local\\Temp\\tmpqj5tk3s2',), cparams = {'check_same_thread': False}

    def connect(self, *cargs: Any, **cparams: Any) -&gt; DBAPIConnection:
        # inherits the docstring from interfaces.Dialect.connect
&gt;       return self.loaded_dbapi.connect(*cargs, **cparams)  # type: ignore[no-any-return]  # NOQA: E501
E       sqlalchemy.exc.OperationalError: (sqlite3.OperationalError) unable to open database file
E       (Background on this error at: https://sqlalche.me/e/20/e3q8)

venv\Lib\site-packages\sqlalchemy\engine\default.py:630: OperationalError</error></testcase><testcase classname="tests.test_urls.TestURLs" name="test_signup" time="1.475"><error message="failed on setup with &quot;sqlalchemy.exc.OperationalError: (sqlite3.OperationalError) unable to open database file&#10;(Background on this error at: https://sqlalche.me/e/20/e3q8)&quot;">self = &lt;sqlalchemy.engine.base.Connection object at 0x0000018E14D95D90&gt;
engine = Engine(sqlite:///C:\Users\LENOVO~1\AppData\Local\Temp\tmpqj5tk3s2), connection = None, _has_events = None
_allow_revalidate = True, _allow_autobegin = True

    def __init__(
        self,
        engine: Engine,
        connection: Optional[PoolProxiedConnection] = None,
        _has_events: Optional[bool] = None,
        _allow_revalidate: bool = True,
        _allow_autobegin: bool = True,
    ):
        """Construct a new Connection."""
        self.engine = engine
        self.dialect = dialect = engine.dialect
    
        if connection is None:
            try:
&gt;               self._dbapi_connection = engine.raw_connection()

venv\Lib\site-packages\sqlalchemy\engine\base.py:143: 
_ _ _ _ _ _ _ _ _ _ _ _ _ _ _ _ _ _ _ _ _ _ _ _ _ _ _ _ _ _ _ _ _ _ _ _ _ _ _ _ _ _ _ _ _ _ _ _ _ _ _ _ _ _ _ _ _ _ _ _
venv\Lib\site-packages\sqlalchemy\engine\base.py:3309: in raw_connection
    return self.pool.connect()
venv\Lib\site-packages\sqlalchemy\pool\base.py:447: in connect
    return _ConnectionFairy._checkout(self)
venv\Lib\site-packages\sqlalchemy\pool\base.py:1264: in _checkout
    fairy = _ConnectionRecord.checkout(pool)
venv\Lib\site-packages\sqlalchemy\pool\base.py:711: in checkout
    rec = pool._do_get()
venv\Lib\site-packages\sqlalchemy\pool\impl.py:177: in _do_get
    with util.safe_reraise():
venv\Lib\site-packages\sqlalchemy\util\langhelpers.py:224: in __exit__
    raise exc_value.with_traceback(exc_tb)
venv\Lib\site-packages\sqlalchemy\pool\impl.py:175: in _do_get
    return self._create_connection()
venv\Lib\site-packages\sqlalchemy\pool\base.py:388: in _create_connection
    return _ConnectionRecord(self)
venv\Lib\site-packages\sqlalchemy\pool\base.py:673: in __init__
    self.__connect()
venv\Lib\site-packages\sqlalchemy\pool\base.py:899: in __connect
    with util.safe_reraise():
venv\Lib\site-packages\sqlalchemy\util\langhelpers.py:224: in __exit__
    raise exc_value.with_traceback(exc_tb)
venv\Lib\site-packages\sqlalchemy\pool\base.py:895: in __connect
    self.dbapi_connection = connection = pool._invoke_creator(self)
venv\Lib\site-packages\sqlalchemy\engine\create.py:661: in connect
    return dialect.connect(*cargs, **cparams)
_ _ _ _ _ _ _ _ _ _ _ _ _ _ _ _ _ _ _ _ _ _ _ _ _ _ _ _ _ _ _ _ _ _ _ _ _ _ _ _ _ _ _ _ _ _ _ _ _ _ _ _ _ _ _ _ _ _ _ _

self = &lt;sqlalchemy.dialects.sqlite.pysqlite.SQLiteDialect_pysqlite object at 0x0000018E10264350&gt;
cargs = ('C:\\Users\\LENOVO~1\\AppData\\Local\\Temp\\tmpqj5tk3s2',), cparams = {'check_same_thread': False}

    def connect(self, *cargs: Any, **cparams: Any) -&gt; DBAPIConnection:
        # inherits the docstring from interfaces.Dialect.connect
&gt;       return self.loaded_dbapi.connect(*cargs, **cparams)  # type: ignore[no-any-return]  # NOQA: E501
E       sqlite3.OperationalError: unable to open database file

venv\Lib\site-packages\sqlalchemy\engine\default.py:630: OperationalError

The above exception was the direct cause of the following exception:

request = &lt;SubRequest 'testapp' for &lt;Function test_signup&gt;&gt;

    @pytest.fixture()
    def testapp(request):
        app = create_app('appname.settings.TestConfig')
        client = app.test_client()
    
        db.app = app
        app_ctx = app.app_context()
        app_ctx.push()
&gt;       db.create_all()

tests\conftest.py:19: 
_ _ _ _ _ _ _ _ _ _ _ _ _ _ _ _ _ _ _ _ _ _ _ _ _ _ _ _ _ _ _ _ _ _ _ _ _ _ _ _ _ _ _ _ _ _ _ _ _ _ _ _ _ _ _ _ _ _ _ _
venv\Lib\site-packages\flask_sqlalchemy\extension.py:900: in create_all
    self._call_for_binds(bind_key, "create_all")
venv\Lib\site-packages\flask_sqlalchemy\extension.py:881: in _call_for_binds
    getattr(metadata, op_name)(bind=engine)
venv\Lib\site-packages\sqlalchemy\sql\schema.py:5928: in create_all
    bind._run_ddl_visitor(
venv\Lib\site-packages\sqlalchemy\engine\base.py:3259: in _run_ddl_visitor
    with self.begin() as conn:
C:\Python314\Lib\contextlib.py:141: in __enter__
    return next(self.gen)
venv\Lib\site-packages\sqlalchemy\engine\base.py:3249: in begin
    with self.connect() as conn:
venv\Lib\site-packages\sqlalchemy\engine\base.py:3285: in connect
    return self._connection_cls(self)
venv\Lib\site-packages\sqlalchemy\engine\base.py:145: in __init__
    Connection._handle_dbapi_exception_noconnection(
venv\Lib\site-packages\sqlalchemy\engine\base.py:2448: in _handle_dbapi_exception_noconnection
    raise sqlalchemy_exception.with_traceback(exc_info[2]) from e
venv\Lib\site-packages\sqlalchemy\engine\base.py:143: in __init__
    self._dbapi_connection = engine.raw_connection()
venv\Lib\site-packages\sqlalchemy\engine\base.py:3309: in raw_connection
    return self.pool.connect()
venv\Lib\site-packages\sqlalchemy\pool\base.py:447: in connect
    return _ConnectionFairy._checkout(self)
venv\Lib\site-packages\sqlalchemy\pool\base.py:1264: in _checkout
    fairy = _ConnectionRecord.checkout(pool)
venv\Lib\site-packages\sqlalchemy\pool\base.py:711: in checkout
    rec = pool._do_get()
venv\Lib\site-packages\sqlalchemy\pool\impl.py:177: in _do_get
    with util.safe_reraise():
venv\Lib\site-packages\sqlalchemy\util\langhelpers.py:224: in __exit__
    raise exc_value.with_traceback(exc_tb)
venv\Lib\site-packages\sqlalchemy\pool\impl.py:175: in _do_get
    return self._create_connection()
venv\Lib\site-packages\sqlalchemy\pool\base.py:388: in _create_connection
    return _ConnectionRecord(self)
venv\Lib\site-packages\sqlalchemy\pool\base.py:673: in __init__
    self.__connect()
venv\Lib\site-packages\sqlalchemy\pool\base.py:899: in __connect
    with util.safe_reraise():
venv\Lib\site-packages\sqlalchemy\util\langhelpers.py:224: in __exit__
    raise exc_value.with_traceback(exc_tb)
venv\Lib\site-packages\sqlalchemy\pool\base.py:895: in __connect
    self.dbapi_connection = connection = pool._invoke_creator(self)
venv\Lib\site-packages\sqlalchemy\engine\create.py:661: in connect
    return dialect.connect(*cargs, **cparams)
_ _ _ _ _ _ _ _ _ _ _ _ _ _ _ _ _ _ _ _ _ _ _ _ _ _ _ _ _ _ _ _ _ _ _ _ _ _ _ _ _ _ _ _ _ _ _ _ _ _ _ _ _ _ _ _ _ _ _ _

self = &lt;sqlalchemy.dialects.sqlite.pysqlite.SQLiteDialect_pysqlite object at 0x0000018E10264350&gt;
cargs = ('C:\\Users\\LENOVO~1\\AppData\\Local\\Temp\\tmpqj5tk3s2',), cparams = {'check_same_thread': False}

    def connect(self, *cargs: Any, **cparams: Any) -&gt; DBAPIConnection:
        # inherits the docstring from interfaces.Dialect.connect
&gt;       return self.loaded_dbapi.connect(*cargs, **cparams)  # type: ignore[no-any-return]  # NOQA: E501
E       sqlalchemy.exc.OperationalError: (sqlite3.OperationalError) unable to open database file
E       (Background on this error at: https://sqlalche.me/e/20/e3q8)

venv\Lib\site-packages\sqlalchemy\engine\default.py:630: OperationalError</error></testcase><testcase classname="tests.test_urls.TestURLs" name="test_dashboard_logged_out" time="1.479"><error message="failed on setup with &quot;sqlalchemy.exc.OperationalError: (sqlite3.OperationalError) unable to open database file&#10;(Background on this error at: https://sqlalche.me/e/20/e3q8)&quot;">self = &lt;sqlalchemy.engine.base.Connection object at 0x0000018E14D965B0&gt;
engine = Engine(sqlite:///C:\Users\LENOVO~1\AppData\Local\Temp\tmpqj5tk3s2), connection = None, _has_events = None
_allow_revalidate = True, _allow_autobegin = True

    def __init__(
        self,
        engine: Engine,
        connection: Optional[PoolProxiedConnection] = None,
        _has_events: Optional[bool] = None,
        _allow_revalidate: bool = True,
        _allow_autobegin: bool = True,
    ):
        """Construct a new Connection."""
        self.engine = engine
        self.dialect = dialect = engine.dialect
    
        if connection is None:
            try:
&gt;               self._dbapi_connection = engine.raw_connection()

venv\Lib\site-packages\sqlalchemy\engine\base.py:143: 
_ _ _ _ _ _ _ _ _ _ _ _ _ _ _ _ _ _ _ _ _ _ _ _ _ _ _ _ _ _ _ _ _ _ _ _ _ _ _ _ _ _ _ _ _ _ _ _ _ _ _ _ _ _ _ _ _ _ _ _
venv\Lib\site-packages\sqlalchemy\engine\base.py:3309: in raw_connection
    return self.pool.connect()
venv\Lib\site-packages\sqlalchemy\pool\base.py:447: in connect
    return _ConnectionFairy._checkout(self)
venv\Lib\site-packages\sqlalchemy\pool\base.py:1264: in _checkout
    fairy = _ConnectionRecord.checkout(pool)
venv\Lib\site-packages\sqlalchemy\pool\base.py:711: in checkout
    rec = pool._do_get()
venv\Lib\site-packages\sqlalchemy\pool\impl.py:177: in _do_get
    with util.safe_reraise():
venv\Lib\site-packages\sqlalchemy\util\langhelpers.py:224: in __exit__
    raise exc_value.with_traceback(exc_tb)
venv\Lib\site-packages\sqlalchemy\pool\impl.py:175: in _do_get
    return self._create_connection()
venv\Lib\site-packages\sqlalchemy\pool\base.py:388: in _create_connection
    return _ConnectionRecord(self)
venv\Lib\site-packages\sqlalchemy\pool\base.py:673: in __init__
    self.__connect()
venv\Lib\site-packages\sqlalchemy\pool\base.py:899: in __connect
    with util.safe_reraise():
venv\Lib\site-packages\sqlalchemy\util\langhelpers.py:224: in __exit__
    raise exc_value.with_traceback(exc_tb)
venv\Lib\site-packages\sqlalchemy\pool\base.py:895: in __connect
    self.dbapi_connection = connection = pool._invoke_creator(self)
venv\Lib\site-packages\sqlalchemy\engine\create.py:661: in connect
    return dialect.connect(*cargs, **cparams)
_ _ _ _ _ _ _ _ _ _ _ _ _ _ _ _ _ _ _ _ _ _ _ _ _ _ _ _ _ _ _ _ _ _ _ _ _ _ _ _ _ _ _ _ _ _ _ _ _ _ _ _ _ _ _ _ _ _ _ _

self = &lt;sqlalchemy.dialects.sqlite.pysqlite.SQLiteDialect_pysqlite object at 0x0000018E1100E150&gt;
cargs = ('C:\\Users\\LENOVO~1\\AppData\\Local\\Temp\\tmpqj5tk3s2',), cparams = {'check_same_thread': False}

    def connect(self, *cargs: Any, **cparams: Any) -&gt; DBAPIConnection:
        # inherits the docstring from interfaces.Dialect.connect
&gt;       return self.loaded_dbapi.connect(*cargs, **cparams)  # type: ignore[no-any-return]  # NOQA: E501
E       sqlite3.OperationalError: unable to open database file

venv\Lib\site-packages\sqlalchemy\engine\default.py:630: OperationalError

The above exception was the direct cause of the following exception:

request = &lt;SubRequest 'testapp' for &lt;Function test_dashboard_logged_out&gt;&gt;

    @pytest.fixture()
    def testapp(request):
        app = create_app('appname.settings.TestConfig')
        client = app.test_client()
    
        db.app = app
        app_ctx = app.app_context()
        app_ctx.push()
&gt;       db.create_all()

tests\conftest.py:19: 
_ _ _ _ _ _ _ _ _ _ _ _ _ _ _ _ _ _ _ _ _ _ _ _ _ _ _ _ _ _ _ _ _ _ _ _ _ _ _ _ _ _ _ _ _ _ _ _ _ _ _ _ _ _ _ _ _ _ _ _
venv\Lib\site-packages\flask_sqlalchemy\extension.py:900: in create_all
    self._call_for_binds(bind_key, "create_all")
venv\Lib\site-packages\flask_sqlalchemy\extension.py:881: in _call_for_binds
    getattr(metadata, op_name)(bind=engine)
venv\Lib\site-packages\sqlalchemy\sql\schema.py:5928: in create_all
    bind._run_ddl_visitor(
venv\Lib\site-packages\sqlalchemy\engine\base.py:3259: in _run_ddl_visitor
    with self.begin() as conn:
C:\Python314\Lib\contextlib.py:141: in __enter__
    return next(self.gen)
venv\Lib\site-packages\sqlalchemy\engine\base.py:3249: in begin
    with self.connect() as conn:
venv\Lib\site-packages\sqlalchemy\engine\base.py:3285: in connect
    return self._connection_cls(self)
venv\Lib\site-packages\sqlalchemy\engine\base.py:145: in __init__
    Connection._handle_dbapi_exception_noconnection(
venv\Lib\site-packages\sqlalchemy\engine\base.py:2448: in _handle_dbapi_exception_noconnection
    raise sqlalchemy_exception.with_traceback(exc_info[2]) from e
venv\Lib\site-packages\sqlalchemy\engine\base.py:143: in __init__
    self._dbapi_connection = engine.raw_connection()
venv\Lib\site-packages\sqlalchemy\engine\base.py:3309: in raw_connection
    return self.pool.connect()
venv\Lib\site-packages\sqlalchemy\pool\base.py:447: in connect
    return _ConnectionFairy._checkout(self)
venv\Lib\site-packages\sqlalchemy\pool\base.py:1264: in _checkout
    fairy = _ConnectionRecord.checkout(pool)
venv\Lib\site-packages\sqlalchemy\pool\base.py:711: in checkout
    rec = pool._do_get()
venv\Lib\site-packages\sqlalchemy\pool\impl.py:177: in _do_get
    with util.safe_reraise():
venv\Lib\site-packages\sqlalchemy\util\langhelpers.py:224: in __exit__
    raise exc_value.with_traceback(exc_tb)
venv\Lib\site-packages\sqlalchemy\pool\impl.py:175: in _do_get
    return self._create_connection()
venv\Lib\site-packages\sqlalchemy\pool\base.py:388: in _create_connection
    return _ConnectionRecord(self)
venv\Lib\site-packages\sqlalchemy\pool\base.py:673: in __init__
    self.__connect()
venv\Lib\site-packages\sqlalchemy\pool\base.py:899: in __connect
    with util.safe_reraise():
venv\Lib\site-packages\sqlalchemy\util\langhelpers.py:224: in __exit__
    raise exc_value.with_traceback(exc_tb)
venv\Lib\site-packages\sqlalchemy\pool\base.py:895: in __connect
    self.dbapi_connection = connection = pool._invoke_creator(self)
venv\Lib\site-packages\sqlalchemy\engine\create.py:661: in connect
    return dialect.connect(*cargs, **cparams)
_ _ _ _ _ _ _ _ _ _ _ _ _ _ _ _ _ _ _ _ _ _ _ _ _ _ _ _ _ _ _ _ _ _ _ _ _ _ _ _ _ _ _ _ _ _ _ _ _ _ _ _ _ _ _ _ _ _ _ _

self = &lt;sqlalchemy.dialects.sqlite.pysqlite.SQLiteDialect_pysqlite object at 0x0000018E1100E150&gt;
cargs = ('C:\\Users\\LENOVO~1\\AppData\\Local\\Temp\\tmpqj5tk3s2',), cparams = {'check_same_thread': False}

    def connect(self, *cargs: Any, **cparams: Any) -&gt; DBAPIConnection:
        # inherits the docstring from interfaces.Dialect.connect
&gt;       return self.loaded_dbapi.connect(*cargs, **cparams)  # type: ignore[no-any-return]  # NOQA: E501
E       sqlalchemy.exc.OperationalError: (sqlite3.OperationalError) unable to open database file
E       (Background on this error at: https://sqlalche.me/e/20/e3q8)

venv\Lib\site-packages\sqlalchemy\engine\default.py:630: OperationalError</error></testcase><testcase classname="tests.test_user.TestModels" name="test_user_save" time="1.476"><error message="failed on setup with &quot;sqlalchemy.exc.OperationalError: (sqlite3.OperationalError) unable to open database file&#10;(Background on this error at: https://sqlalche.me/e/20/e3q8)&quot;">self = &lt;sqlalchemy.engine.base.Connection object at 0x0000018E15E9A340&gt;
engine = Engine(sqlite:///C:\Users\LENOVO~1\AppData\Local\Temp\tmpqj5tk3s2), connection = None, _has_events = None
_allow_revalidate = True, _allow_autobegin = True

    def __init__(
        self,
        engine: Engine,
        connection: Optional[PoolProxiedConnection] = None,
        _has_events: Optional[bool] = None,
        _allow_revalidate: bool = True,
        _allow_autobegin: bool = True,
    ):
        """Construct a new Connection."""
        self.engine = engine
        self.dialect = dialect = engine.dialect
    
        if connection is None:
            try:
&gt;               self._dbapi_connection = engine.raw_connection()

venv\Lib\site-packages\sqlalchemy\engine\base.py:143: 
_ _ _ _ _ _ _ _ _ _ _ _ _ _ _ _ _ _ _ _ _ _ _ _ _ _ _ _ _ _ _ _ _ _ _ _ _ _ _ _ _ _ _ _ _ _ _ _ _ _ _ _ _ _ _ _ _ _ _ _
venv\Lib\site-packages\sqlalchemy\engine\base.py:3309: in raw_connection
    return self.pool.connect()
venv\Lib\site-packages\sqlalchemy\pool\base.py:447: in connect
    return _ConnectionFairy._checkout(self)
venv\Lib\site-packages\sqlalchemy\pool\base.py:1264: in _checkout
    fairy = _ConnectionRecord.checkout(pool)
venv\Lib\site-packages\sqlalchemy\pool\base.py:711: in checkout
    rec = pool._do_get()
venv\Lib\site-packages\sqlalchemy\pool\impl.py:177: in _do_get
    with util.safe_reraise():
venv\Lib\site-packages\sqlalchemy\util\langhelpers.py:224: in __exit__
    raise exc_value.with_traceback(exc_tb)
venv\Lib\site-packages\sqlalchemy\pool\impl.py:175: in _do_get
    return self._create_connection()
venv\Lib\site-packages\sqlalchemy\pool\base.py:388: in _create_connection
    return _ConnectionRecord(self)
venv\Lib\site-packages\sqlalchemy\pool\base.py:673: in __init__
    self.__connect()
venv\Lib\site-packages\sqlalchemy\pool\base.py:899: in __connect
    with util.safe_reraise():
venv\Lib\site-packages\sqlalchemy\util\langhelpers.py:224: in __exit__
    raise exc_value.with_traceback(exc_tb)
venv\Lib\site-packages\sqlalchemy\pool\base.py:895: in __connect
    self.dbapi_connection = connection = pool._invoke_creator(self)
venv\Lib\site-packages\sqlalchemy\engine\create.py:661: in connect
    return dialect.connect(*cargs, **cparams)
_ _ _ _ _ _ _ _ _ _ _ _ _ _ _ _ _ _ _ _ _ _ _ _ _ _ _ _ _ _ _ _ _ _ _ _ _ _ _ _ _ _ _ _ _ _ _ _ _ _ _ _ _ _ _ _ _ _ _ _

self = &lt;sqlalchemy.dialects.sqlite.pysqlite.SQLiteDialect_pysqlite object at 0x0000018E1100F450&gt;
cargs = ('C:\\Users\\LENOVO~1\\AppData\\Local\\Temp\\tmpqj5tk3s2',), cparams = {'check_same_thread': False}

    def connect(self, *cargs: Any, **cparams: Any) -&gt; DBAPIConnection:
        # inherits the docstring from interfaces.Dialect.connect
&gt;       return self.loaded_dbapi.connect(*cargs, **cparams)  # type: ignore[no-any-return]  # NOQA: E501
E       sqlite3.OperationalError: unable to open database file

venv\Lib\site-packages\sqlalchemy\engine\default.py:630: OperationalError

The above exception was the direct cause of the following exception:

request = &lt;SubRequest 'testapp' for &lt;Function test_user_save&gt;&gt;

    @pytest.fixture()
    def testapp(request):
        app = create_app('appname.settings.TestConfig')
        client = app.test_client()
    
        db.app = app
        app_ctx = app.app_context()
        app_ctx.push()
&gt;       db.create_all()

tests\conftest.py:19: 
_ _ _ _ _ _ _ _ _ _ _ _ _ _ _ _ _ _ _ _ _ _ _ _ _ _ _ _ _ _ _ _ _ _ _ _ _ _ _ _ _ _ _ _ _ _ _ _ _ _ _ _ _ _ _ _ _ _ _ _
venv\Lib\site-packages\flask_sqlalchemy\extension.py:900: in create_all
    self._call_for_binds(bind_key, "create_all")
venv\Lib\site-packages\flask_sqlalchemy\extension.py:881: in _call_for_binds
    getattr(metadata, op_name)(bind=engine)
venv\Lib\site-packages\sqlalchemy\sql\schema.py:5928: in create_all
    bind._run_ddl_visitor(
venv\Lib\site-packages\sqlalchemy\engine\base.py:3259: in _run_ddl_visitor
    with self.begin() as conn:
C:\Python314\Lib\contextlib.py:141: in __enter__
    return next(self.gen)
venv\Lib\site-packages\sqlalchemy\engine\base.py:3249: in begin
    with self.connect() as conn:
venv\Lib\site-packages\sqlalchemy\engine\base.py:3285: in connect
    return self._connection_cls(self)
venv\Lib\site-packages\sqlalchemy\engine\base.py:145: in __init__
    Connection._handle_dbapi_exception_noconnection(
venv\Lib\site-packages\sqlalchemy\engine\base.py:2448: in _handle_dbapi_exception_noconnection
    raise sqlalchemy_exception.with_traceback(exc_info[2]) from e
venv\Lib\site-packages\sqlalchemy\engine\base.py:143: in __init__
    self._dbapi_connection = engine.raw_connection()
venv\Lib\site-packages\sqlalchemy\engine\base.py:3309: in raw_connection
    return self.pool.connect()
venv\Lib\site-packages\sqlalchemy\pool\base.py:447: in connect
    return _ConnectionFairy._checkout(self)
venv\Lib\site-packages\sqlalchemy\pool\base.py:1264: in _checkout
    fairy = _ConnectionRecord.checkout(pool)
venv\Lib\site-packages\sqlalchemy\pool\base.py:711: in checkout
    rec = pool._do_get()
venv\Lib\site-packages\sqlalchemy\pool\impl.py:177: in _do_get
    with util.safe_reraise():
venv\Lib\site-packages\sqlalchemy\util\langhelpers.py:224: in __exit__
    raise exc_value.with_traceback(exc_tb)
venv\Lib\site-packages\sqlalchemy\pool\impl.py:175: in _do_get
    return self._create_connection()
venv\Lib\site-packages\sqlalchemy\pool\base.py:388: in _create_connection
    return _ConnectionRecord(self)
venv\Lib\site-packages\sqlalchemy\pool\base.py:673: in __init__
    self.__connect()
venv\Lib\site-packages\sqlalchemy\pool\base.py:899: in __connect
    with util.safe_reraise():
venv\Lib\site-packages\sqlalchemy\util\langhelpers.py:224: in __exit__
    raise exc_value.with_traceback(exc_tb)
venv\Lib\site-packages\sqlalchemy\pool\base.py:895: in __connect
    self.dbapi_connection = connection = pool._invoke_creator(self)
venv\Lib\site-packages\sqlalchemy\engine\create.py:661: in connect
    return dialect.connect(*cargs, **cparams)
_ _ _ _ _ _ _ _ _ _ _ _ _ _ _ _ _ _ _ _ _ _ _ _ _ _ _ _ _ _ _ _ _ _ _ _ _ _ _ _ _ _ _ _ _ _ _ _ _ _ _ _ _ _ _ _ _ _ _ _

self = &lt;sqlalchemy.dialects.sqlite.pysqlite.SQLiteDialect_pysqlite object at 0x0000018E1100F450&gt;
cargs = ('C:\\Users\\LENOVO~1\\AppData\\Local\\Temp\\tmpqj5tk3s2',), cparams = {'check_same_thread': False}

    def connect(self, *cargs: Any, **cparams: Any) -&gt; DBAPIConnection:
        # inherits the docstring from interfaces.Dialect.connect
&gt;       return self.loaded_dbapi.connect(*cargs, **cparams)  # type: ignore[no-any-return]  # NOQA: E501
E       sqlalchemy.exc.OperationalError: (sqlite3.OperationalError) unable to open database file
E       (Background on this error at: https://sqlalche.me/e/20/e3q8)

venv\Lib\site-packages\sqlalchemy\engine\default.py:630: OperationalError</error></testcase><testcase classname="tests.test_user.TestModels" name="test_user_password" time="1.495"><error message="failed on setup with &quot;sqlalchemy.exc.OperationalError: (sqlite3.OperationalError) unable to open database file&#10;(Background on this error at: https://sqlalche.me/e/20/e3q8)&quot;">self = &lt;sqlalchemy.engine.base.Connection object at 0x0000018E15E9A1A0&gt;
engine = Engine(sqlite:///C:\Users\LENOVO~1\AppData\Local\Temp\tmpqj5tk3s2), connection = None, _has_events = None
_allow_revalidate = True, _allow_autobegin = True

    def __init__(
        self,
        engine: Engine,
        connection: Optional[PoolProxiedConnection] = None,
        _has_events: Optional[bool] = None,
        _allow_revalidate: bool = True,
        _allow_autobegin: bool = True,
    ):
        """Construct a new Connection."""
        self.engine = engine
        self.dialect = dialect = engine.dialect
    
        if connection is None:
            try:
&gt;               self._dbapi_connection = engine.raw_connection()

venv\Lib\site-packages\sqlalchemy\engine\base.py:143: 
_ _ _ _ _ _ _ _ _ _ _ _ _ _ _ _ _ _ _ _ _ _ _ _ _ _ _ _ _ _ _ _ _ _ _ _ _ _ _ _ _ _ _ _ _ _ _ _ _ _ _ _ _ _ _ _ _ _ _ _
venv\Lib\site-packages\sqlalchemy\engine\base.py:3309: in raw_connection
    return self.pool.connect()
venv\Lib\site-packages\sqlalchemy\pool\base.py:447: in connect
    return _ConnectionFairy._checkout(self)
venv\Lib\site-packages\sqlalchemy\pool\base.py:1264: in _checkout
    fairy = _ConnectionRecord.checkout(pool)
venv\Lib\site-packages\sqlalchemy\pool\base.py:711: in checkout
    rec = pool._do_get()
venv\Lib\site-packages\sqlalchemy\pool\impl.py:177: in _do_get
    with util.safe_reraise():
venv\Lib\site-packages\sqlalchemy\util\langhelpers.py:224: in __exit__
    raise exc_value.with_traceback(exc_tb)
venv\Lib\site-packages\sqlalchemy\pool\impl.py:175: in _do_get
    return self._create_connection()
venv\Lib\site-packages\sqlalchemy\pool\base.py:388: in _create_connection
    return _ConnectionRecord(self)
venv\Lib\site-packages\sqlalchemy\pool\base.py:673: in __init__
    self.__connect()
venv\Lib\site-packages\sqlalchemy\pool\base.py:899: in __connect
    with util.safe_reraise():
venv\Lib\site-packages\sqlalchemy\util\langhelpers.py:224: in __exit__
    raise exc_value.with_traceback(exc_tb)
venv\Lib\site-packages\sqlalchemy\pool\base.py:895: in __connect
    self.dbapi_connection = connection = pool._invoke_creator(self)
venv\Lib\site-packages\sqlalchemy\engine\create.py:661: in connect
    return dialect.connect(*cargs, **cparams)
_ _ _ _ _ _ _ _ _ _ _ _ _ _ _ _ _ _ _ _ _ _ _ _ _ _ _ _ _ _ _ _ _ _ _ _ _ _ _ _ _ _ _ _ _ _ _ _ _ _ _ _ _ _ _ _ _ _ _ _

self = &lt;sqlalchemy.dialects.sqlite.pysqlite.SQLiteDialect_pysqlite object at 0x0000018E13D81F50&gt;
cargs = ('C:\\Users\\LENOVO~1\\AppData\\Local\\Temp\\tmpqj5tk3s2',), cparams = {'check_same_thread': False}

    def connect(self, *cargs: Any, **cparams: Any) -&gt; DBAPIConnection:
        # inherits the docstring from interfaces.Dialect.connect
&gt;       return self.loaded_dbapi.connect(*cargs, **cparams)  # type: ignore[no-any-return]  # NOQA: E501
E       sqlite3.OperationalError: unable to open database file

venv\Lib\site-packages\sqlalchemy\engine\default.py:630: OperationalError

The above exception was the direct cause of the following exception:

request = &lt;SubRequest 'testapp' for &lt;Function test_user_password&gt;&gt;

    @pytest.fixture()
    def testapp(request):
        app = create_app('appname.settings.TestConfig')
        client = app.test_client()
    
        db.app = app
        app_ctx = app.app_context()
        app_ctx.push()
&gt;       db.create_all()

tests\conftest.py:19: 
_ _ _ _ _ _ _ _ _ _ _ _ _ _ _ _ _ _ _ _ _ _ _ _ _ _ _ _ _ _ _ _ _ _ _ _ _ _ _ _ _ _ _ _ _ _ _ _ _ _ _ _ _ _ _ _ _ _ _ _
venv\Lib\site-packages\flask_sqlalchemy\extension.py:900: in create_all
    self._call_for_binds(bind_key, "create_all")
venv\Lib\site-packages\flask_sqlalchemy\extension.py:881: in _call_for_binds
    getattr(metadata, op_name)(bind=engine)
venv\Lib\site-packages\sqlalchemy\sql\schema.py:5928: in create_all
    bind._run_ddl_visitor(
venv\Lib\site-packages\sqlalchemy\engine\base.py:3259: in _run_ddl_visitor
    with self.begin() as conn:
C:\Python314\Lib\contextlib.py:141: in __enter__
    return next(self.gen)
venv\Lib\site-packages\sqlalchemy\engine\base.py:3249: in begin
    with self.connect() as conn:
venv\Lib\site-packages\sqlalchemy\engine\base.py:3285: in connect
    return self._connection_cls(self)
venv\Lib\site-packages\sqlalchemy\engine\base.py:145: in __init__
    Connection._handle_dbapi_exception_noconnection(
venv\Lib\site-packages\sqlalchemy\engine\base.py:2448: in _handle_dbapi_exception_noconnection
    raise sqlalchemy_exception.with_traceback(exc_info[2]) from e
venv\Lib\site-packages\sqlalchemy\engine\base.py:143: in __init__
    self._dbapi_connection = engine.raw_connection()
venv\Lib\site-packages\sqlalchemy\engine\base.py:3309: in raw_connection
    return self.pool.connect()
venv\Lib\site-packages\sqlalchemy\pool\base.py:447: in connect
    return _ConnectionFairy._checkout(self)
venv\Lib\site-packages\sqlalchemy\pool\base.py:1264: in _checkout
    fairy = _ConnectionRecord.checkout(pool)
venv\Lib\site-packages\sqlalchemy\pool\base.py:711: in checkout
    rec = pool._do_get()
venv\Lib\site-packages\sqlalchemy\pool\impl.py:177: in _do_get
    with util.safe_reraise():
venv\Lib\site-packages\sqlalchemy\util\langhelpers.py:224: in __exit__
    raise exc_value.with_traceback(exc_tb)
venv\Lib\site-packages\sqlalchemy\pool\impl.py:175: in _do_get
    return self._create_connection()
venv\Lib\site-packages\sqlalchemy\pool\base.py:388: in _create_connection
    return _ConnectionRecord(self)
venv\Lib\site-packages\sqlalchemy\pool\base.py:673: in __init__
    self.__connect()
venv\Lib\site-packages\sqlalchemy\pool\base.py:899: in __connect
    with util.safe_reraise():
venv\Lib\site-packages\sqlalchemy\util\langhelpers.py:224: in __exit__
    raise exc_value.with_traceback(exc_tb)
venv\Lib\site-packages\sqlalchemy\pool\base.py:895: in __connect
    self.dbapi_connection = connection = pool._invoke_creator(self)
venv\Lib\site-packages\sqlalchemy\engine\create.py:661: in connect
    return dialect.connect(*cargs, **cparams)
_ _ _ _ _ _ _ _ _ _ _ _ _ _ _ _ _ _ _ _ _ _ _ _ _ _ _ _ _ _ _ _ _ _ _ _ _ _ _ _ _ _ _ _ _ _ _ _ _ _ _ _ _ _ _ _ _ _ _ _

self = &lt;sqlalchemy.dialects.sqlite.pysqlite.SQLiteDialect_pysqlite object at 0x0000018E13D81F50&gt;
cargs = ('C:\\Users\\LENOVO~1\\AppData\\Local\\Temp\\tmpqj5tk3s2',), cparams = {'check_same_thread': False}

    def connect(self, *cargs: Any, **cparams: Any) -&gt; DBAPIConnection:
        # inherits the docstring from interfaces.Dialect.connect
&gt;       return self.loaded_dbapi.connect(*cargs, **cparams)  # type: ignore[no-any-return]  # NOQA: E501
E       sqlalchemy.exc.OperationalError: (sqlite3.OperationalError) unable to open database file
E       (Background on this error at: https://sqlalche.me/e/20/e3q8)

venv\Lib\site-packages\sqlalchemy\engine\default.py:630: OperationalError</error></testcase><testcase classname="tests.test_user.TestModels" name="test_user_group_creation" time="1.486"><error message="failed on setup with &quot;sqlalchemy.exc.OperationalError: (sqlite3.OperationalError) unable to open database file&#10;(Background on this error at: https://sqlalche.me/e/20/e3q8)&quot;">self = &lt;sqlalchemy.engine.base.Connection object at 0x0000018E15E98FC0&gt;
engine = Engine(sqlite:///C:\Users\LENOVO~1\AppData\Local\Temp\tmpqj5tk3s2), connection = None, _has_events = None
_allow_revalidate = True, _allow_autobegin = True

    def __init__(
        self,
        engine: Engine,
        connection: Optional[PoolProxiedConnection] = None,
        _has_events: Optional[bool] = None,
        _allow_revalidate: bool = True,
        _allow_autobegin: bool = True,
    ):
        """Construct a new Connection."""
        self.engine = engine
        self.dialect = dialect = engine.dialect
    
        if connection is None:
            try:
&gt;               self._dbapi_connection = engine.raw_connection()

venv\Lib\site-packages\sqlalchemy\engine\base.py:143: 
_ _ _ _ _ _ _ _ _ _ _ _ _ _ _ _ _ _ _ _ _ _ _ _ _ _ _ _ _ _ _ _ _ _ _ _ _ _ _ _ _ _ _ _ _ _ _ _ _ _ _ _ _ _ _ _ _ _ _ _
venv\Lib\site-packages\sqlalchemy\engine\base.py:3309: in raw_connection
    return self.pool.connect()
venv\Lib\site-packages\sqlalchemy\pool\base.py:447: in connect
    return _ConnectionFairy._checkout(self)
venv\Lib\site-packages\sqlalchemy\pool\base.py:1264: in _checkout
    fairy = _ConnectionRecord.checkout(pool)
venv\Lib\site-packages\sqlalchemy\pool\base.py:711: in checkout
    rec = pool._do_get()
venv\Lib\site-packages\sqlalchemy\pool\impl.py:177: in _do_get
    with util.safe_reraise():
venv\Lib\site-packages\sqlalchemy\util\langhelpers.py:224: in __exit__
    raise exc_value.with_traceback(exc_tb)
venv\Lib\site-packages\sqlalchemy\pool\impl.py:175: in _do_get
    return self._create_connection()
venv\Lib\site-packages\sqlalchemy\pool\base.py:388: in _create_connection
    return _ConnectionRecord(self)
venv\Lib\site-packages\sqlalchemy\pool\base.py:673: in __init__
    self.__connect()
venv\Lib\site-packages\sqlalchemy\pool\base.py:899: in __connect
    with util.safe_reraise():
venv\Lib\site-packages\sqlalchemy\util\langhelpers.py:224: in __exit__
    raise exc_value.with_traceback(exc_tb)
venv\Lib\site-packages\sqlalchemy\pool\base.py:895: in __connect
    self.dbapi_connection = connection = pool._invoke_creator(self)
venv\Lib\site-packages\sqlalchemy\engine\create.py:661: in connect
    return dialect.connect(*cargs, **cparams)
_ _ _ _ _ _ _ _ _ _ _ _ _ _ _ _ _ _ _ _ _ _ _ _ _ _ _ _ _ _ _ _ _ _ _ _ _ _ _ _ _ _ _ _ _ _ _ _ _ _ _ _ _ _ _ _ _ _ _ _

self = &lt;sqlalchemy.dialects.sqlite.pysqlite.SQLiteDialect_pysqlite object at 0x0000018E13D82950&gt;
cargs = ('C:\\Users\\LENOVO~1\\AppData\\Local\\Temp\\tmpqj5tk3s2',), cparams = {'check_same_thread': False}

    def connect(self, *cargs: Any, **cparams: Any) -&gt; DBAPIConnection:
        # inherits the docstring from interfaces.Dialect.connect
&gt;       return self.loaded_dbapi.connect(*cargs, **cparams)  # type: ignore[no-any-return]  # NOQA: E501
E       sqlite3.OperationalError: unable to open database file

venv\Lib\site-packages\sqlalchemy\engine\default.py:630: OperationalError

The above exception was the direct cause of the following exception:

request = &lt;SubRequest 'testapp' for &lt;Function test_user_group_creation&gt;&gt;

    @pytest.fixture()
    def testapp(request):
        app = create_app('appname.settings.TestConfig')
        client = app.test_client()
    
        db.app = app
        app_ctx = app.app_context()
        app_ctx.push()
&gt;       db.create_all()

tests\conftest.py:19: 
_ _ _ _ _ _ _ _ _ _ _ _ _ _ _ _ _ _ _ _ _ _ _ _ _ _ _ _ _ _ _ _ _ _ _ _ _ _ _ _ _ _ _ _ _ _ _ _ _ _ _ _ _ _ _ _ _ _ _ _
venv\Lib\site-packages\flask_sqlalchemy\extension.py:900: in create_all
    self._call_for_binds(bind_key, "create_all")
venv\Lib\site-packages\flask_sqlalchemy\extension.py:881: in _call_for_binds
    getattr(metadata, op_name)(bind=engine)
venv\Lib\site-packages\sqlalchemy\sql\schema.py:5928: in create_all
    bind._run_ddl_visitor(
venv\Lib\site-packages\sqlalchemy\engine\base.py:3259: in _run_ddl_visitor
    with self.begin() as conn:
C:\Python314\Lib\contextlib.py:141: in __enter__
    return next(self.gen)
venv\Lib\site-packages\sqlalchemy\engine\base.py:3249: in begin
    with self.connect() as conn:
venv\Lib\site-packages\sqlalchemy\engine\base.py:3285: in connect
    return self._connection_cls(self)
venv\Lib\site-packages\sqlalchemy\engine\base.py:145: in __init__
    Connection._handle_dbapi_exception_noconnection(
venv\Lib\site-packages\sqlalchemy\engine\base.py:2448: in _handle_dbapi_exception_noconnection
    raise sqlalchemy_exception.with_traceback(exc_info[2]) from e
venv\Lib\site-packages\sqlalchemy\engine\base.py:143: in __init__
    self._dbapi_connection = engine.raw_connection()
venv\Lib\site-packages\sqlalchemy\engine\base.py:3309: in raw_connection
    return self.pool.connect()
venv\Lib\site-packages\sqlalchemy\pool\base.py:447: in connect
    return _ConnectionFairy._checkout(self)
venv\Lib\site-packages\sqlalchemy\pool\base.py:1264: in _checkout
    fairy = _ConnectionRecord.checkout(pool)
venv\Lib\site-packages\sqlalchemy\pool\base.py:711: in checkout
    rec = pool._do_get()
venv\Lib\site-packages\sqlalchemy\pool\impl.py:177: in _do_get
    with util.safe_reraise():
venv\Lib\site-packages\sqlalchemy\util\langhelpers.py:224: in __exit__
    raise exc_value.with_traceback(exc_tb)
venv\Lib\site-packages\sqlalchemy\pool\impl.py:175: in _do_get
    return self._create_connection()
venv\Lib\site-packages\sqlalchemy\pool\base.py:388: in _create_connection
    return _ConnectionRecord(self)
venv\Lib\site-packages\sqlalchemy\pool\base.py:673: in __init__
    self.__connect()
venv\Lib\site-packages\sqlalchemy\pool\base.py:899: in __connect
    with util.safe_reraise():
venv\Lib\site-packages\sqlalchemy\util\langhelpers.py:224: in __exit__
    raise exc_value.with_traceback(exc_tb)
venv\Lib\site-packages\sqlalchemy\pool\base.py:895: in __connect
    self.dbapi_connection = connection = pool._invoke_creator(self)
venv\Lib\site-packages\sqlalchemy\engine\create.py:661: in connect
    return dialect.connect(*cargs, **cparams)
_ _ _ _ _ _ _ _ _ _ _ _ _ _ _ _ _ _ _ _ _ _ _ _ _ _ _ _ _ _ _ _ _ _ _ _ _ _ _ _ _ _ _ _ _ _ _ _ _ _ _ _ _ _ _ _ _ _ _ _

self = &lt;sqlalchemy.dialects.sqlite.pysqlite.SQLiteDialect_pysqlite object at 0x0000018E13D82950&gt;
cargs = ('C:\\Users\\LENOVO~1\\AppData\\Local\\Temp\\tmpqj5tk3s2',), cparams = {'check_same_thread': False}

    def connect(self, *cargs: Any, **cparams: Any) -&gt; DBAPIConnection:
        # inherits the docstring from interfaces.Dialect.connect
&gt;       return self.loaded_dbapi.connect(*cargs, **cparams)  # type: ignore[no-any-return]  # NOQA: E501
E       sqlalchemy.exc.OperationalError: (sqlite3.OperationalError) unable to open database file
E       (Background on this error at: https://sqlalche.me/e/20/e3q8)

venv\Lib\site-packages\sqlalchemy\engine\default.py:630: OperationalError</error></testcase><testcase classname="tests.test_user.TestModels" name="test_user_encryption" time="1.488"><error message="failed on setup with &quot;sqlalchemy.exc.OperationalError: (sqlite3.OperationalError) unable to open database file&#10;(Background on this error at: https://sqlalche.me/e/20/e3q8)&quot;">self = &lt;sqlalchemy.engine.base.Connection object at 0x0000018E161817E0&gt;
engine = Engine(sqlite:///C:\Users\LENOVO~1\AppData\Local\Temp\tmpqj5tk3s2), connection = None, _has_events = None
_allow_revalidate = True, _allow_autobegin = True

    def __init__(
        self,
        engine: Engine,
        connection: Optional[PoolProxiedConnection] = None,
        _has_events: Optional[bool] = None,
        _allow_revalidate: bool = True,
        _allow_autobegin: bool = True,
    ):
        """Construct a new Connection."""
        self.engine = engine
        self.dialect = dialect = engine.dialect
    
        if connection is None:
            try:
&gt;               self._dbapi_connection = engine.raw_connection()

venv\Lib\site-packages\sqlalchemy\engine\base.py:143: 
_ _ _ _ _ _ _ _ _ _ _ _ _ _ _ _ _ _ _ _ _ _ _ _ _ _ _ _ _ _ _ _ _ _ _ _ _ _ _ _ _ _ _ _ _ _ _ _ _ _ _ _ _ _ _ _ _ _ _ _
venv\Lib\site-packages\sqlalchemy\engine\base.py:3309: in raw_connection
    return self.pool.connect()
venv\Lib\site-packages\sqlalchemy\pool\base.py:447: in connect
    return _ConnectionFairy._checkout(self)
venv\Lib\site-packages\sqlalchemy\pool\base.py:1264: in _checkout
    fairy = _ConnectionRecord.checkout(pool)
venv\Lib\site-packages\sqlalchemy\pool\base.py:711: in checkout
    rec = pool._do_get()
venv\Lib\site-packages\sqlalchemy\pool\impl.py:177: in _do_get
    with util.safe_reraise():
venv\Lib\site-packages\sqlalchemy\util\langhelpers.py:224: in __exit__
    raise exc_value.with_traceback(exc_tb)
venv\Lib\site-packages\sqlalchemy\pool\impl.py:175: in _do_get
    return self._create_connection()
venv\Lib\site-packages\sqlalchemy\pool\base.py:388: in _create_connection
    return _ConnectionRecord(self)
venv\Lib\site-packages\sqlalchemy\pool\base.py:673: in __init__
    self.__connect()
venv\Lib\site-packages\sqlalchemy\pool\base.py:899: in __connect
    with util.safe_reraise():
venv\Lib\site-packages\sqlalchemy\util\langhelpers.py:224: in __exit__
    raise exc_value.with_traceback(exc_tb)
venv\Lib\site-packages\sqlalchemy\pool\base.py:895: in __connect
    self.dbapi_connection = connection = pool._invoke_creator(self)
venv\Lib\site-packages\sqlalchemy\engine\create.py:661: in connect
    return dialect.connect(*cargs, **cparams)
_ _ _ _ _ _ _ _ _ _ _ _ _ _ _ _ _ _ _ _ _ _ _ _ _ _ _ _ _ _ _ _ _ _ _ _ _ _ _ _ _ _ _ _ _ _ _ _ _ _ _ _ _ _ _ _ _ _ _ _

self = &lt;sqlalchemy.dialects.sqlite.pysqlite.SQLiteDialect_pysqlite object at 0x0000018E13D83750&gt;
cargs = ('C:\\Users\\LENOVO~1\\AppData\\Local\\Temp\\tmpqj5tk3s2',), cparams = {'check_same_thread': False}

    def connect(self, *cargs: Any, **cparams: Any) -&gt; DBAPIConnection:
        # inherits the docstring from interfaces.Dialect.connect
&gt;       return self.loaded_dbapi.connect(*cargs, **cparams)  # type: ignore[no-any-return]  # NOQA: E501
E       sqlite3.OperationalError: unable to open database file

venv\Lib\site-packages\sqlalchemy\engine\default.py:630: OperationalError

The above exception was the direct cause of the following exception:

request = &lt;SubRequest 'testapp' for &lt;Function test_user_encryption&gt;&gt;

    @pytest.fixture()
    def testapp(request):
        app = create_app('appname.settings.TestConfig')
        client = app.test_client()
    
        db.app = app
        app_ctx = app.app_context()
        app_ctx.push()
&gt;       db.create_all()

tests\conftest.py:19: 
_ _ _ _ _ _ _ _ _ _ _ _ _ _ _ _ _ _ _ _ _ _ _ _ _ _ _ _ _ _ _ _ _ _ _ _ _ _ _ _ _ _ _ _ _ _ _ _ _ _ _ _ _ _ _ _ _ _ _ _
venv\Lib\site-packages\flask_sqlalchemy\extension.py:900: in create_all
    self._call_for_binds(bind_key, "create_all")
venv\Lib\site-packages\flask_sqlalchemy\extension.py:881: in _call_for_binds
    getattr(metadata, op_name)(bind=engine)
venv\Lib\site-packages\sqlalchemy\sql\schema.py:5928: in create_all
    bind._run_ddl_visitor(
venv\Lib\site-packages\sqlalchemy\engine\base.py:3259: in _run_ddl_visitor
    with self.begin() as conn:
C:\Python314\Lib\contextlib.py:141: in __enter__
    return next(self.gen)
venv\Lib\site-packages\sqlalchemy\engine\base.py:3249: in begin
    with self.connect() as conn:
venv\Lib\site-packages\sqlalchemy\engine\base.py:3285: in connect
    return self._connection_cls(self)
venv\Lib\site-packages\sqlalchemy\engine\base.py:145: in __init__
    Connection._handle_dbapi_exception_noconnection(
venv\Lib\site-packages\sqlalchemy\engine\base.py:2448: in _handle_dbapi_exception_noconnection
    raise sqlalchemy_exception.with_traceback(exc_info[2]) from e
venv\Lib\site-packages\sqlalchemy\engine\base.py:143: in __init__
    self._dbapi_connection = engine.raw_connection()
venv\Lib\site-packages\sqlalchemy\engine\base.py:3309: in raw_connection
    return self.pool.connect()
venv\Lib\site-packages\sqlalchemy\pool\base.py:447: in connect
    return _ConnectionFairy._checkout(self)
venv\Lib\site-packages\sqlalchemy\pool\base.py:1264: in _checkout
    fairy = _ConnectionRecord.checkout(pool)
venv\Lib\site-packages\sqlalchemy\pool\base.py:711: in checkout
    rec = pool._do_get()
venv\Lib\site-packages\sqlalchemy\pool\impl.py:177: in _do_get
    with util.safe_reraise():
venv\Lib\site-packages\sqlalchemy\util\langhelpers.py:224: in __exit__
    raise exc_value.with_traceback(exc_tb)
venv\Lib\site-packages\sqlalchemy\pool\impl.py:175: in _do_get
    return self._create_connection()
venv\Lib\site-packages\sqlalchemy\pool\base.py:388: in _create_connection
    return _ConnectionRecord(self)
venv\Lib\site-packages\sqlalchemy\pool\base.py:673: in __init__
    self.__connect()
venv\Lib\site-packages\sqlalchemy\pool\base.py:899: in __connect
    with util.safe_reraise():
venv\Lib\site-packages\sqlalchemy\util\langhelpers.py:224: in __exit__
    raise exc_value.with_traceback(exc_tb)
venv\Lib\site-packages\sqlalchemy\pool\base.py:895: in __connect
    self.dbapi_connection = connection = pool._invoke_creator(self)
venv\Lib\site-packages\sqlalchemy\engine\create.py:661: in connect
    return dialect.connect(*cargs, **cparams)
_ _ _ _ _ _ _ _ _ _ _ _ _ _ _ _ _ _ _ _ _ _ _ _ _ _ _ _ _ _ _ _ _ _ _ _ _ _ _ _ _ _ _ _ _ _ _ _ _ _ _ _ _ _ _ _ _ _ _ _

self = &lt;sqlalchemy.dialects.sqlite.pysqlite.SQLiteDialect_pysqlite object at 0x0000018E13D83750&gt;
cargs = ('C:\\Users\\LENOVO~1\\AppData\\Local\\Temp\\tmpqj5tk3s2',), cparams = {'check_same_thread': False}

    def connect(self, *cargs: Any, **cparams: Any) -&gt; DBAPIConnection:
        # inherits the docstring from interfaces.Dialect.connect
&gt;       return self.loaded_dbapi.connect(*cargs, **cparams)  # type: ignore[no-any-return]  # NOQA: E501
E       sqlalchemy.exc.OperationalError: (sqlite3.OperationalError) unable to open database file
E       (Background on this error at: https://sqlalche.me/e/20/e3q8)

venv\Lib\site-packages\sqlalchemy\engine\default.py:630: OperationalError</error></testcase><testcase classname="tests.test_user.TestModels" name="test_get_or_none_respects_soft_delete" time="1.491"><error message="failed on setup with &quot;sqlalchemy.exc.OperationalError: (sqlite3.OperationalError) unable to open database file&#10;(Background on this error at: https://sqlalche.me/e/20/e3q8)&quot;">self = &lt;sqlalchemy.engine.base.Connection object at 0x0000018E16182EA0&gt;
engine = Engine(sqlite:///C:\Users\LENOVO~1\AppData\Local\Temp\tmpqj5tk3s2), connection = None, _has_events = None
_allow_revalidate = True, _allow_autobegin = True

    def __init__(
        self,
        engine: Engine,
        connection: Optional[PoolProxiedConnection] = None,
        _has_events: Optional[bool] = None,
        _allow_revalidate: bool = True,
        _allow_autobegin: bool = True,
    ):
        """Construct a new Connection."""
        self.engine = engine
        self.dialect = dialect = engine.dialect
    
        if connection is None:
            try:
&gt;               self._dbapi_connection = engine.raw_connection()

venv\Lib\site-packages\sqlalchemy\engine\base.py:143: 
_ _ _ _ _ _ _ _ _ _ _ _ _ _ _ _ _ _ _ _ _ _ _ _ _ _ _ _ _ _ _ _ _ _ _ _ _ _ _ _ _ _ _ _ _ _ _ _ _ _ _ _ _ _ _ _ _ _ _ _
venv\Lib\site-packages\sqlalchemy\engine\base.py:3309: in raw_connection
    return self.pool.connect()
venv\Lib\site-packages\sqlalchemy\pool\base.py:447: in connect
    return _ConnectionFairy._checkout(self)
venv\Lib\site-packages\sqlalchemy\pool\base.py:1264: in _checkout
    fairy = _ConnectionRecord.checkout(pool)
venv\Lib\site-packages\sqlalchemy\pool\base.py:711: in checkout
    rec = pool._do_get()
venv\Lib\site-packages\sqlalchemy\pool\impl.py:177: in _do_get
    with util.safe_reraise():
venv\Lib\site-packages\sqlalchemy\util\langhelpers.py:224: in __exit__
    raise exc_value.with_traceback(exc_tb)
venv\Lib\site-packages\sqlalchemy\pool\impl.py:175: in _do_get
    return self._create_connection()
venv\Lib\site-packages\sqlalchemy\pool\base.py:388: in _create_connection
    return _ConnectionRecord(self)
venv\Lib\site-packages\sqlalchemy\pool\base.py:673: in __init__
    self.__connect()
venv\Lib\site-packages\sqlalchemy\pool\base.py:899: in __connect
    with util.safe_reraise():
venv\Lib\site-packages\sqlalchemy\util\langhelpers.py:224: in __exit__
    raise exc_value.with_traceback(exc_tb)
venv\Lib\site-packages\sqlalchemy\pool\base.py:895: in __connect
    self.dbapi_connection = connection = pool._invoke_creator(self)
venv\Lib\site-packages\sqlalchemy\engine\create.py:661: in connect
    return dialect.connect(*cargs, **cparams)
_ _ _ _ _ _ _ _ _ _ _ _ _ _ _ _ _ _ _ _ _ _ _ _ _ _ _ _ _ _ _ _ _ _ _ _ _ _ _ _ _ _ _ _ _ _ _ _ _ _ _ _ _ _ _ _ _ _ _ _

self = &lt;sqlalchemy.dialects.sqlite.pysqlite.SQLiteDialect_pysqlite object at 0x0000018E15B4CC50&gt;
cargs = ('C:\\Users\\LENOVO~1\\AppData\\Local\\Temp\\tmpqj5tk3s2',), cparams = {'check_same_thread': False}

    def connect(self, *cargs: Any, **cparams: Any) -&gt; DBAPIConnection:
        # inherits the docstring from interfaces.Dialect.connect
&gt;       return self.loaded_dbapi.connect(*cargs, **cparams)  # type: ignore[no-any-return]  # NOQA: E501
E       sqlite3.OperationalError: unable to open database file

venv\Lib\site-packages\sqlalchemy\engine\default.py:630: OperationalError

The above exception was the direct cause of the following exception:

request = &lt;SubRequest 'testapp' for &lt;Function test_get_or_none_respects_soft_delete&gt;&gt;

    @pytest.fixture()
    def testapp(request):
        app = create_app('appname.settings.TestConfig')
        client = app.test_client()
    
        db.app = app
        app_ctx = app.app_context()
        app_ctx.push()
&gt;       db.create_all()

tests\conftest.py:19: 
_ _ _ _ _ _ _ _ _ _ _ _ _ _ _ _ _ _ _ _ _ _ _ _ _ _ _ _ _ _ _ _ _ _ _ _ _ _ _ _ _ _ _ _ _ _ _ _ _ _ _ _ _ _ _ _ _ _ _ _
venv\Lib\site-packages\flask_sqlalchemy\extension.py:900: in create_all
    self._call_for_binds(bind_key, "create_all")
venv\Lib\site-packages\flask_sqlalchemy\extension.py:881: in _call_for_binds
    getattr(metadata, op_name)(bind=engine)
venv\Lib\site-packages\sqlalchemy\sql\schema.py:5928: in create_all
    bind._run_ddl_visitor(
venv\Lib\site-packages\sqlalchemy\engine\base.py:3259: in _run_ddl_visitor
    with self.begin() as conn:
C:\Python314\Lib\contextlib.py:141: in __enter__
    return next(self.gen)
venv\Lib\site-packages\sqlalchemy\engine\base.py:3249: in begin
    with self.connect() as conn:
venv\Lib\site-packages\sqlalchemy\engine\base.py:3285: in connect
    return self._connection_cls(self)
venv\Lib\site-packages\sqlalchemy\engine\base.py:145: in __init__
    Connection._handle_dbapi_exception_noconnection(
venv\Lib\site-packages\sqlalchemy\engine\base.py:2448: in _handle_dbapi_exception_noconnection
    raise sqlalchemy_exception.with_traceback(exc_info[2]) from e
venv\Lib\site-packages\sqlalchemy\engine\base.py:143: in __init__
    self._dbapi_connection = engine.raw_connection()
venv\Lib\site-packages\sqlalchemy\engine\base.py:3309: in raw_connection
    return self.pool.connect()
venv\Lib\site-packages\sqlalchemy\pool\base.py:447: in connect
    return _ConnectionFairy._checkout(self)
venv\Lib\site-packages\sqlalchemy\pool\base.py:1264: in _checkout
    fairy = _ConnectionRecord.checkout(pool)
venv\Lib\site-packages\sqlalchemy\pool\base.py:711: in checkout
    rec = pool._do_get()
venv\Lib\site-packages\sqlalchemy\pool\impl.py:177: in _do_get
    with util.safe_reraise():
venv\Lib\site-packages\sqlalchemy\util\langhelpers.py:224: in __exit__
    raise exc_value.with_traceback(exc_tb)
venv\Lib\site-packages\sqlalchemy\pool\impl.py:175: in _do_get
    return self._create_connection()
venv\Lib\site-packages\sqlalchemy\pool\base.py:388: in _create_connection
    return _ConnectionRecord(self)
venv\Lib\site-packages\sqlalchemy\pool\base.py:673: in __init__
    self.__connect()
venv\Lib\site-packages\sqlalchemy\pool\base.py:899: in __connect
    with util.safe_reraise():
venv\Lib\site-packages\sqlalchemy\util\langhelpers.py:224: in __exit__
    raise exc_value.with_traceback(exc_tb)
venv\Lib\site-packages\sqlalchemy\pool\base.py:895: in __connect
    self.dbapi_connection = connection = pool._invoke_creator(self)
venv\Lib\site-packages\sqlalchemy\engine\create.py:661: in connect
    return dialect.connect(*cargs, **cparams)
_ _ _ _ _ _ _ _ _ _ _ _ _ _ _ _ _ _ _ _ _ _ _ _ _ _ _ _ _ _ _ _ _ _ _ _ _ _ _ _ _ _ _ _ _ _ _ _ _ _ _ _ _ _ _ _ _ _ _ _

self = &lt;sqlalchemy.dialects.sqlite.pysqlite.SQLiteDialect_pysqlite object at 0x0000018E15B4CC50&gt;
cargs = ('C:\\Users\\LENOVO~1\\AppData\\Local\\Temp\\tmpqj5tk3s2',), cparams = {'check_same_thread': False}

    def connect(self, *cargs: Any, **cparams: Any) -&gt; DBAPIConnection:
        # inherits the docstring from interfaces.Dialect.connect
&gt;       return self.loaded_dbapi.connect(*cargs, **cparams)  # type: ignore[no-any-return]  # NOQA: E501
E       sqlalchemy.exc.OperationalError: (sqlite3.OperationalError) unable to open database file
E       (Background on this error at: https://sqlalche.me/e/20/e3q8)

venv\Lib\site-packages\sqlalchemy\engine\default.py:630: OperationalError</error></testcase><testcase classname="tests.test_user.TestModels" name="test_query_with_deleted_can_fetch_deleted_rows" time="1.494"><error message="failed on setup with &quot;sqlalchemy.exc.OperationalError: (sqlite3.OperationalError) unable to open database file&#10;(Background on this error at: https://sqlalche.me/e/20/e3q8)&quot;">self = &lt;sqlalchemy.engine.base.Connection object at 0x0000018E16182DD0&gt;
engine = Engine(sqlite:///C:\Users\LENOVO~1\AppData\Local\Temp\tmpqj5tk3s2), connection = None, _has_events = None
_allow_revalidate = True, _allow_autobegin = True

    def __init__(
        self,
        engine: Engine,
        connection: Optional[PoolProxiedConnection] = None,
        _has_events: Optional[bool] = None,
        _allow_revalidate: bool = True,
        _allow_autobegin: bool = True,
    ):
        """Construct a new Connection."""
        self.engine = engine
        self.dialect = dialect = engine.dialect
    
        if connection is None:
            try:
&gt;               self._dbapi_connection = engine.raw_connection()

venv\Lib\site-packages\sqlalchemy\engine\base.py:143: 
_ _ _ _ _ _ _ _ _ _ _ _ _ _ _ _ _ _ _ _ _ _ _ _ _ _ _ _ _ _ _ _ _ _ _ _ _ _ _ _ _ _ _ _ _ _ _ _ _ _ _ _ _ _ _ _ _ _ _ _
venv\Lib\site-packages\sqlalchemy\engine\base.py:3309: in raw_connection
    return self.pool.connect()
venv\Lib\site-packages\sqlalchemy\pool\base.py:447: in connect
    return _ConnectionFairy._checkout(self)
venv\Lib\site-packages\sqlalchemy\pool\base.py:1264: in _checkout
    fairy = _ConnectionRecord.checkout(pool)
venv\Lib\site-packages\sqlalchemy\pool\base.py:711: in checkout
    rec = pool._do_get()
venv\Lib\site-packages\sqlalchemy\pool\impl.py:177: in _do_get
    with util.safe_reraise():
venv\Lib\site-packages\sqlalchemy\util\langhelpers.py:224: in __exit__
    raise exc_value.with_traceback(exc_tb)
venv\Lib\site-packages\sqlalchemy\pool\impl.py:175: in _do_get
    return self._create_connection()
venv\Lib\site-packages\sqlalchemy\pool\base.py:388: in _create_connection
    return _ConnectionRecord(self)
venv\Lib\site-packages\sqlalchemy\pool\base.py:673: in __init__
    self.__connect()
venv\Lib\site-packages\sqlalchemy\pool\base.py:899: in __connect
    with util.safe_reraise():
venv\Lib\site-packages\sqlalchemy\util\langhelpers.py:224: in __exit__
    raise exc_value.with_traceback(exc_tb)
venv\Lib\site-packages\sqlalchemy\pool\base.py:895: in __connect
    self.dbapi_connection = connection = pool._invoke_creator(self)
venv\Lib\site-packages\sqlalchemy\engine\create.py:661: in connect
    return dialect.connect(*cargs, **cparams)
_ _ _ _ _ _ _ _ _ _ _ _ _ _ _ _ _ _ _ _ _ _ _ _ _ _ _ _ _ _ _ _ _ _ _ _ _ _ _ _ _ _ _ _ _ _ _ _ _ _ _ _ _ _ _ _ _ _ _ _

self = &lt;sqlalchemy.dialects.sqlite.pysqlite.SQLiteDialect_pysqlite object at 0x0000018E15B4D850&gt;
cargs = ('C:\\Users\\LENOVO~1\\AppData\\Local\\Temp\\tmpqj5tk3s2',), cparams = {'check_same_thread': False}

    def connect(self, *cargs: Any, **cparams: Any) -&gt; DBAPIConnection:
        # inherits the docstring from interfaces.Dialect.connect
&gt;       return self.loaded_dbapi.connect(*cargs, **cparams)  # type: ignore[no-any-return]  # NOQA: E501
E       sqlite3.OperationalError: unable to open database file

venv\Lib\site-packages\sqlalchemy\engine\default.py:630: OperationalError

The above exception was the direct cause of the following exception:

request = &lt;SubRequest 'testapp' for &lt;Function test_query_with_deleted_can_fetch_deleted_rows&gt;&gt;

    @pytest.fixture()
    def testapp(request):
        app = create_app('appname.settings.TestConfig')
        client = app.test_client()
    
        db.app = app
        app_ctx = app.app_context()
        app_ctx.push()
&gt;       db.create_all()

tests\conftest.py:19: 
_ _ _ _ _ _ _ _ _ _ _ _ _ _ _ _ _ _ _ _ _ _ _ _ _ _ _ _ _ _ _ _ _ _ _ _ _ _ _ _ _ _ _ _ _ _ _ _ _ _ _ _ _ _ _ _ _ _ _ _
venv\Lib\site-packages\flask_sqlalchemy\extension.py:900: in create_all
    self._call_for_binds(bind_key, "create_all")
venv\Lib\site-packages\flask_sqlalchemy\extension.py:881: in _call_for_binds
    getattr(metadata, op_name)(bind=engine)
venv\Lib\site-packages\sqlalchemy\sql\schema.py:5928: in create_all
    bind._run_ddl_visitor(
venv\Lib\site-packages\sqlalchemy\engine\base.py:3259: in _run_ddl_visitor
    with self.begin() as conn:
C:\Python314\Lib\contextlib.py:141: in __enter__
    return next(self.gen)
venv\Lib\site-packages\sqlalchemy\engine\base.py:3249: in begin
    with self.connect() as conn:
venv\Lib\site-packages\sqlalchemy\engine\base.py:3285: in connect
    return self._connection_cls(self)
venv\Lib\site-packages\sqlalchemy\engine\base.py:145: in __init__
    Connection._handle_dbapi_exception_noconnection(
venv\Lib\site-packages\sqlalchemy\engine\base.py:2448: in _handle_dbapi_exception_noconnection
    raise sqlalchemy_exception.with_traceback(exc_info[2]) from e
venv\Lib\site-packages\sqlalchemy\engine\base.py:143: in __init__
    self._dbapi_connection = engine.raw_connection()
venv\Lib\site-packages\sqlalchemy\engine\base.py:3309: in raw_connection
    return self.pool.connect()
venv\Lib\site-packages\sqlalchemy\pool\base.py:447: in connect
    return _ConnectionFairy._checkout(self)
venv\Lib\site-packages\sqlalchemy\pool\base.py:1264: in _checkout
    fairy = _ConnectionRecord.checkout(pool)
venv\Lib\site-packages\sqlalchemy\pool\base.py:711: in checkout
    rec = pool._do_get()
venv\Lib\site-packages\sqlalchemy\pool\impl.py:177: in _do_get
    with util.safe_reraise():
venv\Lib\site-packages\sqlalchemy\util\langhelpers.py:224: in __exit__
    raise exc_value.with_traceback(exc_tb)
venv\Lib\site-packages\sqlalchemy\pool\impl.py:175: in _do_get
    return self._create_connection()
venv\Lib\site-packages\sqlalchemy\pool\base.py:388: in _create_connection
    return _ConnectionRecord(self)
venv\Lib\site-packages\sqlalchemy\pool\base.py:673: in __init__
    self.__connect()
venv\Lib\site-packages\sqlalchemy\pool\base.py:899: in __connect
    with util.safe_reraise():
venv\Lib\site-packages\sqlalchemy\util\langhelpers.py:224: in __exit__
    raise exc_value.with_traceback(exc_tb)
venv\Lib\site-packages\sqlalchemy\pool\base.py:895: in __connect
    self.dbapi_connection = connection = pool._invoke_creator(self)
venv\Lib\site-packages\sqlalchemy\engine\create.py:661: in connect
    return dialect.connect(*cargs, **cparams)
_ _ _ _ _ _ _ _ _ _ _ _ _ _ _ _ _ _ _ _ _ _ _ _ _ _ _ _ _ _ _ _ _ _ _ _ _ _ _ _ _ _ _ _ _ _ _ _ _ _ _ _ _ _ _ _ _ _ _ _

self = &lt;sqlalchemy.dialects.sqlite.pysqlite.SQLiteDialect_pysqlite object at 0x0000018E15B4D850&gt;
cargs = ('C:\\Users\\LENOVO~1\\AppData\\Local\\Temp\\tmpqj5tk3s2',), cparams = {'check_same_thread': False}

    def connect(self, *cargs: Any, **cparams: Any) -&gt; DBAPIConnection:
        # inherits the docstring from interfaces.Dialect.connect
&gt;       return self.loaded_dbapi.connect(*cargs, **cparams)  # type: ignore[no-any-return]  # NOQA: E501
E       sqlalchemy.exc.OperationalError: (sqlite3.OperationalError) unable to open database file
E       (Background on this error at: https://sqlalche.me/e/20/e3q8)

venv\Lib\site-packages\sqlalchemy\engine\default.py:630: OperationalError</error></testcase><testcase classname="tests.test_user.TestModels" name="test_query_with_deleted_requires_identifier" time="1.494"><error message="failed on setup with &quot;sqlalchemy.exc.OperationalError: (sqlite3.OperationalError) unable to open database file&#10;(Background on this error at: https://sqlalche.me/e/20/e3q8)&quot;">self = &lt;sqlalchemy.engine.base.Connection object at 0x0000018E161821A0&gt;
engine = Engine(sqlite:///C:\Users\LENOVO~1\AppData\Local\Temp\tmpqj5tk3s2), connection = None, _has_events = None
_allow_revalidate = True, _allow_autobegin = True

    def __init__(
        self,
        engine: Engine,
        connection: Optional[PoolProxiedConnection] = None,
        _has_events: Optional[bool] = None,
        _allow_revalidate: bool = True,
        _allow_autobegin: bool = True,
    ):
        """Construct a new Connection."""
        self.engine = engine
        self.dialect = dialect = engine.dialect
    
        if connection is None:
            try:
&gt;               self._dbapi_connection = engine.raw_connection()

venv\Lib\site-packages\sqlalchemy\engine\base.py:143: 
_ _ _ _ _ _ _ _ _ _ _ _ _ _ _ _ _ _ _ _ _ _ _ _ _ _ _ _ _ _ _ _ _ _ _ _ _ _ _ _ _ _ _ _ _ _ _ _ _ _ _ _ _ _ _ _ _ _ _ _
venv\Lib\site-packages\sqlalchemy\engine\base.py:3309: in raw_connection
    return self.pool.connect()
venv\Lib\site-packages\sqlalchemy\pool\base.py:447: in connect
    return _ConnectionFairy._checkout(self)
venv\Lib\site-packages\sqlalchemy\pool\base.py:1264: in _checkout
    fairy = _ConnectionRecord.checkout(pool)
venv\Lib\site-packages\sqlalchemy\pool\base.py:711: in checkout
    rec = pool._do_get()
venv\Lib\site-packages\sqlalchemy\pool\impl.py:177: in _do_get
    with util.safe_reraise():
venv\Lib\site-packages\sqlalchemy\util\langhelpers.py:224: in __exit__
    raise exc_value.with_traceback(exc_tb)
venv\Lib\site-packages\sqlalchemy\pool\impl.py:175: in _do_get
    return self._create_connection()
venv\Lib\site-packages\sqlalchemy\pool\base.py:388: in _create_connection
    return _ConnectionRecord(self)
venv\Lib\site-packages\sqlalchemy\pool\base.py:673: in __init__
    self.__connect()
venv\Lib\site-packages\sqlalchemy\pool\base.py:899: in __connect
    with util.safe_reraise():
venv\Lib\site-packages\sqlalchemy\util\langhelpers.py:224: in __exit__
    raise exc_value.with_traceback(exc_tb)
venv\Lib\site-packages\sqlalchemy\pool\base.py:895: in __connect
    self.dbapi_connection = connection = pool._invoke_creator(self)
venv\Lib\site-packages\sqlalchemy\engine\create.py:661: in connect
    return dialect.connect(*cargs, **cparams)
_ _ _ _ _ _ _ _ _ _ _ _ _ _ _ _ _ _ _ _ _ _ _ _ _ _ _ _ _ _ _ _ _ _ _ _ _ _ _ _ _ _ _ _ _ _ _ _ _ _ _ _ _ _ _ _ _ _ _ _

self = &lt;sqlalchemy.dialects.sqlite.pysqlite.SQLiteDialect_pysqlite object at 0x0000018E15B4E850&gt;
cargs = ('C:\\Users\\LENOVO~1\\AppData\\Local\\Temp\\tmpqj5tk3s2',), cparams = {'check_same_thread': False}

    def connect(self, *cargs: Any, **cparams: Any) -&gt; DBAPIConnection:
        # inherits the docstring from interfaces.Dialect.connect
&gt;       return self.loaded_dbapi.connect(*cargs, **cparams)  # type: ignore[no-any-return]  # NOQA: E501
E       sqlite3.OperationalError: unable to open database file

venv\Lib\site-packages\sqlalchemy\engine\default.py:630: OperationalError

The above exception was the direct cause of the following exception:

request = &lt;SubRequest 'testapp' for &lt;Function test_query_with_deleted_requires_identifier&gt;&gt;

    @pytest.fixture()
    def testapp(request):
        app = create_app('appname.settings.TestConfig')
        client = app.test_client()
    
        db.app = app
        app_ctx = app.app_context()
        app_ctx.push()
&gt;       db.create_all()

tests\conftest.py:19: 
_ _ _ _ _ _ _ _ _ _ _ _ _ _ _ _ _ _ _ _ _ _ _ _ _ _ _ _ _ _ _ _ _ _ _ _ _ _ _ _ _ _ _ _ _ _ _ _ _ _ _ _ _ _ _ _ _ _ _ _
venv\Lib\site-packages\flask_sqlalchemy\extension.py:900: in create_all
    self._call_for_binds(bind_key, "create_all")
venv\Lib\site-packages\flask_sqlalchemy\extension.py:881: in _call_for_binds
    getattr(metadata, op_name)(bind=engine)
venv\Lib\site-packages\sqlalchemy\sql\schema.py:5928: in create_all
    bind._run_ddl_visitor(
venv\Lib\site-packages\sqlalchemy\engine\base.py:3259: in _run_ddl_visitor
    with self.begin() as conn:
C:\Python314\Lib\contextlib.py:141: in __enter__
    return next(self.gen)
venv\Lib\site-packages\sqlalchemy\engine\base.py:3249: in begin
    with self.connect() as conn:
venv\Lib\site-packages\sqlalchemy\engine\base.py:3285: in connect
    return self._connection_cls(self)
venv\Lib\site-packages\sqlalchemy\engine\base.py:145: in __init__
    Connection._handle_dbapi_exception_noconnection(
venv\Lib\site-packages\sqlalchemy\engine\base.py:2448: in _handle_dbapi_exception_noconnection
    raise sqlalchemy_exception.with_traceback(exc_info[2]) from e
venv\Lib\site-packages\sqlalchemy\engine\base.py:143: in __init__
    self._dbapi_connection = engine.raw_connection()
venv\Lib\site-packages\sqlalchemy\engine\base.py:3309: in raw_connection
    return self.pool.connect()
venv\Lib\site-packages\sqlalchemy\pool\base.py:447: in connect
    return _ConnectionFairy._checkout(self)
venv\Lib\site-packages\sqlalchemy\pool\base.py:1264: in _checkout
    fairy = _ConnectionRecord.checkout(pool)
venv\Lib\site-packages\sqlalchemy\pool\base.py:711: in checkout
    rec = pool._do_get()
venv\Lib\site-packages\sqlalchemy\pool\impl.py:177: in _do_get
    with util.safe_reraise():
venv\Lib\site-packages\sqlalchemy\util\langhelpers.py:224: in __exit__
    raise exc_value.with_traceback(exc_tb)
venv\Lib\site-packages\sqlalchemy\pool\impl.py:175: in _do_get
    return self._create_connection()
venv\Lib\site-packages\sqlalchemy\pool\base.py:388: in _create_connection
    return _ConnectionRecord(self)
venv\Lib\site-packages\sqlalchemy\pool\base.py:673: in __init__
    self.__connect()
venv\Lib\site-packages\sqlalchemy\pool\base.py:899: in __connect
    with util.safe_reraise():
venv\Lib\site-packages\sqlalchemy\util\langhelpers.py:224: in __exit__
    raise exc_value.with_traceback(exc_tb)
venv\Lib\site-packages\sqlalchemy\pool\base.py:895: in __connect
    self.dbapi_connection = connection = pool._invoke_creator(self)
venv\Lib\site-packages\sqlalchemy\engine\create.py:661: in connect
    return dialect.connect(*cargs, **cparams)
_ _ _ _ _ _ _ _ _ _ _ _ _ _ _ _ _ _ _ _ _ _ _ _ _ _ _ _ _ _ _ _ _ _ _ _ _ _ _ _ _ _ _ _ _ _ _ _ _ _ _ _ _ _ _ _ _ _ _ _

self = &lt;sqlalchemy.dialects.sqlite.pysqlite.SQLiteDialect_pysqlite object at 0x0000018E15B4E850&gt;
cargs = ('C:\\Users\\LENOVO~1\\AppData\\Local\\Temp\\tmpqj5tk3s2',), cparams = {'check_same_thread': False}

    def connect(self, *cargs: Any, **cparams: Any) -&gt; DBAPIConnection:
        # inherits the docstring from interfaces.Dialect.connect
&gt;       return self.loaded_dbapi.connect(*cargs, **cparams)  # type: ignore[no-any-return]  # NOQA: E501
E       sqlalchemy.exc.OperationalError: (sqlite3.OperationalError) unable to open database file
E       (Background on this error at: https://sqlalche.me/e/20/e3q8)

venv\Lib\site-packages\sqlalchemy\engine\default.py:630: OperationalError</error></testcase><testcase classname="tests.test_user.TestModels" name="test_model_serialization_and_delete_paths" time="1.486"><error message="failed on setup with &quot;sqlalchemy.exc.OperationalError: (sqlite3.OperationalError) unable to open database file&#10;(Background on this error at: https://sqlalche.me/e/20/e3q8)&quot;">self = &lt;sqlalchemy.engine.base.Connection object at 0x0000018E1506ED00&gt;
engine = Engine(sqlite:///C:\Users\LENOVO~1\AppData\Local\Temp\tmpqj5tk3s2), connection = None, _has_events = None
_allow_revalidate = True, _allow_autobegin = True

    def __init__(
        self,
        engine: Engine,
        connection: Optional[PoolProxiedConnection] = None,
        _has_events: Optional[bool] = None,
        _allow_revalidate: bool = True,
        _allow_autobegin: bool = True,
    ):
        """Construct a new Connection."""
        self.engine = engine
        self.dialect = dialect = engine.dialect
    
        if connection is None:
            try:
&gt;               self._dbapi_connection = engine.raw_connection()

venv\Lib\site-packages\sqlalchemy\engine\base.py:143: 
_ _ _ _ _ _ _ _ _ _ _ _ _ _ _ _ _ _ _ _ _ _ _ _ _ _ _ _ _ _ _ _ _ _ _ _ _ _ _ _ _ _ _ _ _ _ _ _ _ _ _ _ _ _ _ _ _ _ _ _
venv\Lib\site-packages\sqlalchemy\engine\base.py:3309: in raw_connection
    return self.pool.connect()
venv\Lib\site-packages\sqlalchemy\pool\base.py:447: in connect
    return _ConnectionFairy._checkout(self)
venv\Lib\site-packages\sqlalchemy\pool\base.py:1264: in _checkout
    fairy = _ConnectionRecord.checkout(pool)
venv\Lib\site-packages\sqlalchemy\pool\base.py:711: in checkout
    rec = pool._do_get()
venv\Lib\site-packages\sqlalchemy\pool\impl.py:177: in _do_get
    with util.safe_reraise():
venv\Lib\site-packages\sqlalchemy\util\langhelpers.py:224: in __exit__
    raise exc_value.with_traceback(exc_tb)
venv\Lib\site-packages\sqlalchemy\pool\impl.py:175: in _do_get
    return self._create_connection()
venv\Lib\site-packages\sqlalchemy\pool\base.py:388: in _create_connection
    return _ConnectionRecord(self)
venv\Lib\site-packages\sqlalchemy\pool\base.py:673: in __init__
    self.__connect()
venv\Lib\site-packages\sqlalchemy\pool\base.py:899: in __connect
    with util.safe_reraise():
venv\Lib\site-packages\sqlalchemy\util\langhelpers.py:224: in __exit__
    raise exc_value.with_traceback(exc_tb)
venv\Lib\site-packages\sqlalchemy\pool\base.py:895: in __connect
    self.dbapi_connection = connection = pool._invoke_creator(self)
venv\Lib\site-packages\sqlalchemy\engine\create.py:661: in connect
    return dialect.connect(*cargs, **cparams)
_ _ _ _ _ _ _ _ _ _ _ _ _ _ _ _ _ _ _ _ _ _ _ _ _ _ _ _ _ _ _ _ _ _ _ _ _ _ _ _ _ _ _ _ _ _ _ _ _ _ _ _ _ _ _ _ _ _ _ _

self = &lt;sqlalchemy.dialects.sqlite.pysqlite.SQLiteDialect_pysqlite object at 0x0000018E15B4F850&gt;
cargs = ('C:\\Users\\LENOVO~1\\AppData\\Local\\Temp\\tmpqj5tk3s2',), cparams = {'check_same_thread': False}

    def connect(self, *cargs: Any, **cparams: Any) -&gt; DBAPIConnection:
        # inherits the docstring from interfaces.Dialect.connect
&gt;       return self.loaded_dbapi.connect(*cargs, **cparams)  # type: ignore[no-any-return]  # NOQA: E501
E       sqlite3.OperationalError: unable to open database file

venv\Lib\site-packages\sqlalchemy\engine\default.py:630: OperationalError

The above exception was the direct cause of the following exception:

request = &lt;SubRequest 'testapp' for &lt;Function test_model_serialization_and_delete_paths&gt;&gt;

    @pytest.fixture()
    def testapp(request):
        app = create_app('appname.settings.TestConfig')
        client = app.test_client()
    
        db.app = app
        app_ctx = app.app_context()
        app_ctx.push()
&gt;       db.create_all()

tests\conftest.py:19: 
_ _ _ _ _ _ _ _ _ _ _ _ _ _ _ _ _ _ _ _ _ _ _ _ _ _ _ _ _ _ _ _ _ _ _ _ _ _ _ _ _ _ _ _ _ _ _ _ _ _ _ _ _ _ _ _ _ _ _ _
venv\Lib\site-packages\flask_sqlalchemy\extension.py:900: in create_all
    self._call_for_binds(bind_key, "create_all")
venv\Lib\site-packages\flask_sqlalchemy\extension.py:881: in _call_for_binds
    getattr(metadata, op_name)(bind=engine)
venv\Lib\site-packages\sqlalchemy\sql\schema.py:5928: in create_all
    bind._run_ddl_visitor(
venv\Lib\site-packages\sqlalchemy\engine\base.py:3259: in _run_ddl_visitor
    with self.begin() as conn:
C:\Python314\Lib\contextlib.py:141: in __enter__
    return next(self.gen)
venv\Lib\site-packages\sqlalchemy\engine\base.py:3249: in begin
    with self.connect() as conn:
venv\Lib\site-packages\sqlalchemy\engine\base.py:3285: in connect
    return self._connection_cls(self)
venv\Lib\site-packages\sqlalchemy\engine\base.py:145: in __init__
    Connection._handle_dbapi_exception_noconnection(
venv\Lib\site-packages\sqlalchemy\engine\base.py:2448: in _handle_dbapi_exception_noconnection
    raise sqlalchemy_exception.with_traceback(exc_info[2]) from e
venv\Lib\site-packages\sqlalchemy\engine\base.py:143: in __init__
    self._dbapi_connection = engine.raw_connection()
venv\Lib\site-packages\sqlalchemy\engine\base.py:3309: in raw_connection
    return self.pool.connect()
venv\Lib\site-packages\sqlalchemy\pool\base.py:447: in connect
    return _ConnectionFairy._checkout(self)
venv\Lib\site-packages\sqlalchemy\pool\base.py:1264: in _checkout
    fairy = _ConnectionRecord.checkout(pool)
venv\Lib\site-packages\sqlalchemy\pool\base.py:711: in checkout
    rec = pool._do_get()
venv\Lib\site-packages\sqlalchemy\pool\impl.py:177: in _do_get
    with util.safe_reraise():
venv\Lib\site-packages\sqlalchemy\util\langhelpers.py:224: in __exit__
    raise exc_value.with_traceback(exc_tb)
venv\Lib\site-packages\sqlalchemy\pool\impl.py:175: in _do_get
    return self._create_connection()
venv\Lib\site-packages\sqlalchemy\pool\base.py:388: in _create_connection
    return _ConnectionRecord(self)
venv\Lib\site-packages\sqlalchemy\pool\base.py:673: in __init__
    self.__connect()
venv\Lib\site-packages\sqlalchemy\pool\base.py:899: in __connect
    with util.safe_reraise():
venv\Lib\site-packages\sqlalchemy\util\langhelpers.py:224: in __exit__
    raise exc_value.with_traceback(exc_tb)
venv\Lib\site-packages\sqlalchemy\pool\base.py:895: in __connect
    self.dbapi_connection = connection = pool._invoke_creator(self)
venv\Lib\site-packages\sqlalchemy\engine\create.py:661: in connect
    return dialect.connect(*cargs, **cparams)
_ _ _ _ _ _ _ _ _ _ _ _ _ _ _ _ _ _ _ _ _ _ _ _ _ _ _ _ _ _ _ _ _ _ _ _ _ _ _ _ _ _ _ _ _ _ _ _ _ _ _ _ _ _ _ _ _ _ _ _

self = &lt;sqlalchemy.dialects.sqlite.pysqlite.SQLiteDialect_pysqlite object at 0x0000018E15B4F850&gt;
cargs = ('C:\\Users\\LENOVO~1\\AppData\\Local\\Temp\\tmpqj5tk3s2',), cparams = {'check_same_thread': False}

    def connect(self, *cargs: Any, **cparams: Any) -&gt; DBAPIConnection:
        # inherits the docstring from interfaces.Dialect.connect
&gt;       return self.loaded_dbapi.connect(*cargs, **cparams)  # type: ignore[no-any-return]  # NOQA: E501
E       sqlalchemy.exc.OperationalError: (sqlite3.OperationalError) unable to open database file
E       (Background on this error at: https://sqlalche.me/e/20/e3q8)

venv\Lib\site-packages\sqlalchemy\engine\default.py:630: OperationalError</error></testcase><testcase classname="tests.test_user.TestModels" name="test_transaction_rolls_back_on_exception" time="1.487"><error message="failed on setup with &quot;sqlalchemy.exc.OperationalError: (sqlite3.OperationalError) unable to open database file&#10;(Background on this error at: https://sqlalche.me/e/20/e3q8)&quot;">self = &lt;sqlalchemy.engine.base.Connection object at 0x0000018E15E9BE10&gt;
engine = Engine(sqlite:///C:\Users\LENOVO~1\AppData\Local\Temp\tmpqj5tk3s2), connection = None, _has_events = None
_allow_revalidate = True, _allow_autobegin = True

    def __init__(
        self,
        engine: Engine,
        connection: Optional[PoolProxiedConnection] = None,
        _has_events: Optional[bool] = None,
        _allow_revalidate: bool = True,
        _allow_autobegin: bool = True,
    ):
        """Construct a new Connection."""
        self.engine = engine
        self.dialect = dialect = engine.dialect
    
        if connection is None:
            try:
&gt;               self._dbapi_connection = engine.raw_connection()

venv\Lib\site-packages\sqlalchemy\engine\base.py:143: 
_ _ _ _ _ _ _ _ _ _ _ _ _ _ _ _ _ _ _ _ _ _ _ _ _ _ _ _ _ _ _ _ _ _ _ _ _ _ _ _ _ _ _ _ _ _ _ _ _ _ _ _ _ _ _ _ _ _ _ _
venv\Lib\site-packages\sqlalchemy\engine\base.py:3309: in raw_connection
    return self.pool.connect()
venv\Lib\site-packages\sqlalchemy\pool\base.py:447: in connect
    return _ConnectionFairy._checkout(self)
venv\Lib\site-packages\sqlalchemy\pool\base.py:1264: in _checkout
    fairy = _ConnectionRecord.checkout(pool)
venv\Lib\site-packages\sqlalchemy\pool\base.py:711: in checkout
    rec = pool._do_get()
venv\Lib\site-packages\sqlalchemy\pool\impl.py:177: in _do_get
    with util.safe_reraise():
venv\Lib\site-packages\sqlalchemy\util\langhelpers.py:224: in __exit__
    raise exc_value.with_traceback(exc_tb)
venv\Lib\site-packages\sqlalchemy\pool\impl.py:175: in _do_get
    return self._create_connection()
venv\Lib\site-packages\sqlalchemy\pool\base.py:388: in _create_connection
    return _ConnectionRecord(self)
venv\Lib\site-packages\sqlalchemy\pool\base.py:673: in __init__
    self.__connect()
venv\Lib\site-packages\sqlalchemy\pool\base.py:899: in __connect
    with util.safe_reraise():
venv\Lib\site-packages\sqlalchemy\util\langhelpers.py:224: in __exit__
    raise exc_value.with_traceback(exc_tb)
venv\Lib\site-packages\sqlalchemy\pool\base.py:895: in __connect
    self.dbapi_connection = connection = pool._invoke_creator(self)
venv\Lib\site-packages\sqlalchemy\engine\create.py:661: in connect
    return dialect.connect(*cargs, **cparams)
_ _ _ _ _ _ _ _ _ _ _ _ _ _ _ _ _ _ _ _ _ _ _ _ _ _ _ _ _ _ _ _ _ _ _ _ _ _ _ _ _ _ _ _ _ _ _ _ _ _ _ _ _ _ _ _ _ _ _ _

self = &lt;sqlalchemy.dialects.sqlite.pysqlite.SQLiteDialect_pysqlite object at 0x0000018E13D83350&gt;
cargs = ('C:\\Users\\LENOVO~1\\AppData\\Local\\Temp\\tmpqj5tk3s2',), cparams = {'check_same_thread': False}

    def connect(self, *cargs: Any, **cparams: Any) -&gt; DBAPIConnection:
        # inherits the docstring from interfaces.Dialect.connect
&gt;       return self.loaded_dbapi.connect(*cargs, **cparams)  # type: ignore[no-any-return]  # NOQA: E501
E       sqlite3.OperationalError: unable to open database file

venv\Lib\site-packages\sqlalchemy\engine\default.py:630: OperationalError

The above exception was the direct cause of the following exception:

request = &lt;SubRequest 'testapp' for &lt;Function test_transaction_rolls_back_on_exception&gt;&gt;

    @pytest.fixture()
    def testapp(request):
        app = create_app('appname.settings.TestConfig')
        client = app.test_client()
    
        db.app = app
        app_ctx = app.app_context()
        app_ctx.push()
&gt;       db.create_all()

tests\conftest.py:19: 
_ _ _ _ _ _ _ _ _ _ _ _ _ _ _ _ _ _ _ _ _ _ _ _ _ _ _ _ _ _ _ _ _ _ _ _ _ _ _ _ _ _ _ _ _ _ _ _ _ _ _ _ _ _ _ _ _ _ _ _
venv\Lib\site-packages\flask_sqlalchemy\extension.py:900: in create_all
    self._call_for_binds(bind_key, "create_all")
venv\Lib\site-packages\flask_sqlalchemy\extension.py:881: in _call_for_binds
    getattr(metadata, op_name)(bind=engine)
venv\Lib\site-packages\sqlalchemy\sql\schema.py:5928: in create_all
    bind._run_ddl_visitor(
venv\Lib\site-packages\sqlalchemy\engine\base.py:3259: in _run_ddl_visitor
    with self.begin() as conn:
C:\Python314\Lib\contextlib.py:141: in __enter__
    return next(self.gen)
venv\Lib\site-packages\sqlalchemy\engine\base.py:3249: in begin
    with self.connect() as conn:
venv\Lib\site-packages\sqlalchemy\engine\base.py:3285: in connect
    return self._connection_cls(self)
venv\Lib\site-packages\sqlalchemy\engine\base.py:145: in __init__
    Connection._handle_dbapi_exception_noconnection(
venv\Lib\site-packages\sqlalchemy\engine\base.py:2448: in _handle_dbapi_exception_noconnection
    raise sqlalchemy_exception.with_traceback(exc_info[2]) from e
venv\Lib\site-packages\sqlalchemy\engine\base.py:143: in __init__
    self._dbapi_connection = engine.raw_connection()
venv\Lib\site-packages\sqlalchemy\engine\base.py:3309: in raw_connection
    return self.pool.connect()
venv\Lib\site-packages\sqlalchemy\pool\base.py:447: in connect
    return _ConnectionFairy._checkout(self)
venv\Lib\site-packages\sqlalchemy\pool\base.py:1264: in _checkout
    fairy = _ConnectionRecord.checkout(pool)
venv\Lib\site-packages\sqlalchemy\pool\base.py:711: in checkout
    rec = pool._do_get()
venv\Lib\site-packages\sqlalchemy\pool\impl.py:177: in _do_get
    with util.safe_reraise():
venv\Lib\site-packages\sqlalchemy\util\langhelpers.py:224: in __exit__
    raise exc_value.with_traceback(exc_tb)
venv\Lib\site-packages\sqlalchemy\pool\impl.py:175: in _do_get
    return self._create_connection()
venv\Lib\site-packages\sqlalchemy\pool\base.py:388: in _create_connection
    return _ConnectionRecord(self)
venv\Lib\site-packages\sqlalchemy\pool\base.py:673: in __init__
    self.__connect()
venv\Lib\site-packages\sqlalchemy\pool\base.py:899: in __connect
    with util.safe_reraise():
venv\Lib\site-packages\sqlalchemy\util\langhelpers.py:224: in __exit__
    raise exc_value.with_traceback(exc_tb)
venv\Lib\site-packages\sqlalchemy\pool\base.py:895: in __connect
    self.dbapi_connection = connection = pool._invoke_creator(self)
venv\Lib\site-packages\sqlalchemy\engine\create.py:661: in connect
    return dialect.connect(*cargs, **cparams)
_ _ _ _ _ _ _ _ _ _ _ _ _ _ _ _ _ _ _ _ _ _ _ _ _ _ _ _ _ _ _ _ _ _ _ _ _ _ _ _ _ _ _ _ _ _ _ _ _ _ _ _ _ _ _ _ _ _ _ _

self = &lt;sqlalchemy.dialects.sqlite.pysqlite.SQLiteDialect_pysqlite object at 0x0000018E13D83350&gt;
cargs = ('C:\\Users\\LENOVO~1\\AppData\\Local\\Temp\\tmpqj5tk3s2',), cparams = {'check_same_thread': False}

    def connect(self, *cargs: Any, **cparams: Any) -&gt; DBAPIConnection:
        # inherits the docstring from interfaces.Dialect.connect
&gt;       return self.loaded_dbapi.connect(*cargs, **cparams)  # type: ignore[no-any-return]  # NOQA: E501
E       sqlalchemy.exc.OperationalError: (sqlite3.OperationalError) unable to open database file
E       (Background on this error at: https://sqlalche.me/e/20/e3q8)

venv\Lib\site-packages\sqlalchemy\engine\default.py:630: OperationalError</error></testcase></testsuite></testsuites>